HEAP DUMP BEGIN (2405 objects, 402640 bytes) Sat Dec 10 22:07:42 2016
ROOT 0 (kind=<thread>, id=200000, trace=300000)
ROOT 50000966 (kind=<thread>, id=200003, trace=300000)
ROOT 50000966 (kind=<thread block>, thread=200003)
ROOT 50000966 (kind=<JNI local ref>, thread=200000, frame=0)
ROOT 50000967 (kind=<thread>, id=200004, trace=300000)
ROOT 50000967 (kind=<thread block>, thread=200004)
ROOT 50000968 (kind=<thread>, id=200005, trace=300000)
ROOT 50000968 (kind=<thread block>, thread=200005)
ROOT 50000969 (kind=<thread>, id=200006, trace=300000)
ROOT 50000969 (kind=<thread block>, thread=200006)
ROOT 5000096a (kind=<Java stack>, thread=200000, frame=1)
ROOT 5000096b (kind=<Java stack>, thread=200000, frame=1)
ROOT 5000096a (kind=<Java stack>, thread=200000, frame=2)
ROOT 50000969 (kind=<Java stack>, thread=200000, frame=3)
ROOT 5000096c (kind=<Java stack>, thread=200000, frame=3)
ROOT 5000096d (kind=<thread>, id=200007, trace=300000)
ROOT 5000096d (kind=<thread block>, thread=200007)
ROOT 5000096e (kind=<Java stack>, thread=200000, frame=1)
ROOT 5000096d (kind=<Java stack>, thread=200000, frame=2)
ROOT 5000096e (kind=<Java stack>, thread=200000, frame=2)
ROOT 5000096f (kind=<thread>, id=200008, trace=300000)
ROOT 5000096f (kind=<thread block>, thread=200008)
ROOT 50000961 (kind=<Java stack>, thread=200000, frame=1)
ROOT 5000095d (kind=<Java stack>, thread=200000, frame=2)
ROOT 50000970 (kind=<Java stack>, thread=200000, frame=3)
ROOT 50000423 (kind=<Java stack>, thread=200000, frame=5)
ROOT 50000971 (kind=<Java stack>, thread=200000, frame=5)
ROOT 50000425 (kind=<Java stack>, thread=200000, frame=5)
ROOT 500001c8 (kind=<Java stack>, thread=200000, frame=6)
ROOT 500001c8 (kind=<Java stack>, thread=200000, frame=6)
ROOT 50000423 (kind=<Java stack>, thread=200000, frame=6)
ROOT 50000168 (kind=<JNI global ref>, id=1, trace=300000)
ROOT 50000001 (kind=<JNI global ref>, id=2, trace=300000)
ROOT 5000016c (kind=<JNI global ref>, id=3, trace=300000)
ROOT 50000002 (kind=<JNI global ref>, id=4, trace=300000)
ROOT 50000003 (kind=<JNI global ref>, id=5, trace=300000)
ROOT 50000053 (kind=<JNI global ref>, id=6, trace=300000)
ROOT 50000004 (kind=<JNI global ref>, id=7, trace=300000)
ROOT 50000011 (kind=<JNI global ref>, id=8, trace=300000)
ROOT 50000005 (kind=<JNI global ref>, id=9, trace=300000)
ROOT 50000006 (kind=<JNI global ref>, id=a, trace=300000)
ROOT 500000da (kind=<JNI global ref>, id=b, trace=300000)
ROOT 50000007 (kind=<JNI global ref>, id=c, trace=300000)
ROOT 50000008 (kind=<JNI global ref>, id=d, trace=300000)
ROOT 50000009 (kind=<JNI global ref>, id=e, trace=300000)
ROOT 5000000a (kind=<JNI global ref>, id=f, trace=300000)
ROOT 5000000b (kind=<JNI global ref>, id=10, trace=300000)
ROOT 5000000c (kind=<JNI global ref>, id=11, trace=300000)
ROOT 5000000d (kind=<JNI global ref>, id=12, trace=300000)
ROOT 5000000e (kind=<JNI global ref>, id=13, trace=300000)
ROOT 5000000f (kind=<JNI global ref>, id=14, trace=300000)
ROOT 50000010 (kind=<JNI global ref>, id=15, trace=300000)
ROOT 50000012 (kind=<JNI global ref>, id=16, trace=300000)
ROOT 50000013 (kind=<JNI global ref>, id=17, trace=300000)
ROOT 50000014 (kind=<JNI global ref>, id=18, trace=300000)
ROOT 50000015 (kind=<JNI global ref>, id=19, trace=300000)
ROOT 50000016 (kind=<JNI global ref>, id=1a, trace=300000)
ROOT 50000017 (kind=<JNI global ref>, id=1b, trace=300000)
ROOT 50000067 (kind=<JNI global ref>, id=1c, trace=300000)
ROOT 50000018 (kind=<JNI global ref>, id=1d, trace=300000)
ROOT 50000019 (kind=<JNI global ref>, id=1e, trace=300000)
ROOT 5000001a (kind=<JNI global ref>, id=1f, trace=300000)
ROOT 5000001b (kind=<JNI global ref>, id=20, trace=300000)
ROOT 5000001c (kind=<JNI global ref>, id=21, trace=300000)
ROOT 5000014d (kind=<JNI global ref>, id=22, trace=300000)
ROOT 5000001d (kind=<JNI global ref>, id=23, trace=300000)
ROOT 5000001e (kind=<JNI global ref>, id=24, trace=300000)
ROOT 50000031 (kind=<JNI global ref>, id=25, trace=300000)
ROOT 5000001f (kind=<JNI global ref>, id=26, trace=300000)
ROOT 50000020 (kind=<JNI global ref>, id=27, trace=300000)
ROOT 50000023 (kind=<JNI global ref>, id=28, trace=300000)
ROOT 50000021 (kind=<JNI global ref>, id=29, trace=300000)
ROOT 50000022 (kind=<JNI global ref>, id=2a, trace=300000)
ROOT 50000024 (kind=<JNI global ref>, id=2b, trace=300000)
ROOT 50000025 (kind=<JNI global ref>, id=2c, trace=300000)
ROOT 50000026 (kind=<JNI global ref>, id=2d, trace=300000)
ROOT 50000027 (kind=<JNI global ref>, id=2e, trace=300000)
ROOT 50000028 (kind=<JNI global ref>, id=2f, trace=300000)
ROOT 50000029 (kind=<JNI global ref>, id=30, trace=300000)
ROOT 5000002a (kind=<JNI global ref>, id=31, trace=300000)
ROOT 5000002b (kind=<JNI global ref>, id=32, trace=300000)
ROOT 5000002c (kind=<JNI global ref>, id=33, trace=300000)
ROOT 5000002d (kind=<JNI global ref>, id=34, trace=300000)
ROOT 5000002e (kind=<JNI global ref>, id=35, trace=300000)
ROOT 500000d5 (kind=<JNI global ref>, id=36, trace=300000)
ROOT 5000002f (kind=<JNI global ref>, id=37, trace=300000)
ROOT 50000030 (kind=<JNI global ref>, id=38, trace=300000)
ROOT 50000032 (kind=<JNI global ref>, id=39, trace=300000)
ROOT 50000033 (kind=<JNI global ref>, id=3a, trace=300000)
ROOT 50000034 (kind=<JNI global ref>, id=3b, trace=300000)
ROOT 50000036 (kind=<JNI global ref>, id=3c, trace=300000)
ROOT 50000035 (kind=<JNI global ref>, id=3d, trace=300000)
ROOT 50000037 (kind=<JNI global ref>, id=3e, trace=300000)
ROOT 50000038 (kind=<JNI global ref>, id=3f, trace=300000)
ROOT 50000039 (kind=<JNI global ref>, id=40, trace=300000)
ROOT 5000011b (kind=<JNI global ref>, id=41, trace=300000)
ROOT 5000003a (kind=<JNI global ref>, id=42, trace=300000)
ROOT 5000003b (kind=<JNI global ref>, id=43, trace=300000)
ROOT 5000003c (kind=<JNI global ref>, id=44, trace=300000)
ROOT 5000003d (kind=<JNI global ref>, id=45, trace=300000)
ROOT 5000009a (kind=<JNI global ref>, id=46, trace=300000)
ROOT 5000003e (kind=<JNI global ref>, id=47, trace=300000)
ROOT 50000042 (kind=<JNI global ref>, id=48, trace=300000)
ROOT 5000003f (kind=<JNI global ref>, id=49, trace=300000)
ROOT 50000040 (kind=<JNI global ref>, id=4a, trace=300000)
ROOT 50000041 (kind=<JNI global ref>, id=4b, trace=300000)
ROOT 50000043 (kind=<JNI global ref>, id=4c, trace=300000)
ROOT 50000044 (kind=<JNI global ref>, id=4d, trace=300000)
ROOT 50000045 (kind=<JNI global ref>, id=4e, trace=300000)
ROOT 50000046 (kind=<JNI global ref>, id=4f, trace=300000)
ROOT 50000047 (kind=<JNI global ref>, id=50, trace=300000)
ROOT 50000048 (kind=<JNI global ref>, id=51, trace=300000)
ROOT 50000049 (kind=<JNI global ref>, id=52, trace=300000)
ROOT 5000004a (kind=<JNI global ref>, id=53, trace=300000)
ROOT 5000004b (kind=<JNI global ref>, id=54, trace=300000)
ROOT 5000004c (kind=<JNI global ref>, id=55, trace=300000)
ROOT 5000004d (kind=<JNI global ref>, id=56, trace=300000)
ROOT 5000004e (kind=<JNI global ref>, id=57, trace=300000)
ROOT 5000004f (kind=<JNI global ref>, id=58, trace=300000)
ROOT 5000014c (kind=<JNI global ref>, id=59, trace=300000)
ROOT 50000050 (kind=<JNI global ref>, id=5a, trace=300000)
ROOT 50000051 (kind=<JNI global ref>, id=5b, trace=300000)
ROOT 50000052 (kind=<JNI global ref>, id=5c, trace=300000)
ROOT 50000054 (kind=<JNI global ref>, id=5d, trace=300000)
ROOT 50000162 (kind=<JNI global ref>, id=5e, trace=300000)
ROOT 50000055 (kind=<JNI global ref>, id=5f, trace=300000)
ROOT 50000056 (kind=<JNI global ref>, id=60, trace=300000)
ROOT 50000057 (kind=<JNI global ref>, id=61, trace=300000)
ROOT 50000058 (kind=<JNI global ref>, id=62, trace=300000)
ROOT 50000059 (kind=<JNI global ref>, id=63, trace=300000)
ROOT 5000005a (kind=<JNI global ref>, id=64, trace=300000)
ROOT 5000015c (kind=<JNI global ref>, id=65, trace=300000)
ROOT 5000005b (kind=<JNI global ref>, id=66, trace=300000)
ROOT 5000005c (kind=<JNI global ref>, id=67, trace=300000)
ROOT 5000005d (kind=<JNI global ref>, id=68, trace=300000)
ROOT 5000005e (kind=<JNI global ref>, id=69, trace=300000)
ROOT 5000005f (kind=<JNI global ref>, id=6a, trace=300000)
ROOT 50000060 (kind=<JNI global ref>, id=6b, trace=300000)
ROOT 50000061 (kind=<JNI global ref>, id=6c, trace=300000)
ROOT 50000062 (kind=<JNI global ref>, id=6d, trace=300000)
ROOT 50000063 (kind=<JNI global ref>, id=6e, trace=300000)
ROOT 50000064 (kind=<JNI global ref>, id=6f, trace=300000)
ROOT 50000065 (kind=<JNI global ref>, id=70, trace=300000)
ROOT 50000066 (kind=<JNI global ref>, id=71, trace=300000)
ROOT 500000b9 (kind=<JNI global ref>, id=72, trace=300000)
ROOT 50000068 (kind=<JNI global ref>, id=73, trace=300000)
ROOT 50000069 (kind=<JNI global ref>, id=74, trace=300000)
ROOT 5000006a (kind=<JNI global ref>, id=75, trace=300000)
ROOT 5000006b (kind=<JNI global ref>, id=76, trace=300000)
ROOT 5000006c (kind=<JNI global ref>, id=77, trace=300000)
ROOT 5000006d (kind=<JNI global ref>, id=78, trace=300000)
ROOT 5000006e (kind=<JNI global ref>, id=79, trace=300000)
ROOT 5000006f (kind=<JNI global ref>, id=7a, trace=300000)
ROOT 50000070 (kind=<JNI global ref>, id=7b, trace=300000)
ROOT 50000071 (kind=<JNI global ref>, id=7c, trace=300000)
ROOT 50000072 (kind=<JNI global ref>, id=7d, trace=300000)
ROOT 500000ba (kind=<JNI global ref>, id=7e, trace=300000)
ROOT 50000073 (kind=<JNI global ref>, id=7f, trace=300000)
ROOT 50000074 (kind=<JNI global ref>, id=80, trace=300000)
ROOT 50000075 (kind=<JNI global ref>, id=81, trace=300000)
ROOT 50000076 (kind=<JNI global ref>, id=82, trace=300000)
ROOT 50000077 (kind=<JNI global ref>, id=83, trace=300000)
ROOT 50000078 (kind=<JNI global ref>, id=84, trace=300000)
ROOT 50000079 (kind=<JNI global ref>, id=85, trace=300000)
ROOT 50000086 (kind=<JNI global ref>, id=86, trace=300000)
ROOT 5000007a (kind=<JNI global ref>, id=87, trace=300000)
ROOT 5000007b (kind=<JNI global ref>, id=88, trace=300000)
ROOT 5000007c (kind=<JNI global ref>, id=89, trace=300000)
ROOT 5000007d (kind=<JNI global ref>, id=8a, trace=300000)
ROOT 5000007e (kind=<JNI global ref>, id=8b, trace=300000)
ROOT 5000007f (kind=<JNI global ref>, id=8c, trace=300000)
ROOT 50000080 (kind=<JNI global ref>, id=8d, trace=300000)
ROOT 50000081 (kind=<JNI global ref>, id=8e, trace=300000)
ROOT 50000082 (kind=<JNI global ref>, id=8f, trace=300000)
ROOT 50000083 (kind=<JNI global ref>, id=90, trace=300000)
ROOT 50000084 (kind=<JNI global ref>, id=91, trace=300000)
ROOT 50000085 (kind=<JNI global ref>, id=92, trace=300000)
ROOT 50000087 (kind=<JNI global ref>, id=93, trace=300000)
ROOT 50000135 (kind=<JNI global ref>, id=94, trace=300000)
ROOT 50000088 (kind=<JNI global ref>, id=95, trace=300000)
ROOT 50000089 (kind=<JNI global ref>, id=96, trace=300000)
ROOT 5000008a (kind=<JNI global ref>, id=97, trace=300000)
ROOT 5000008b (kind=<JNI global ref>, id=98, trace=300000)
ROOT 5000008c (kind=<JNI global ref>, id=99, trace=300000)
ROOT 5000008d (kind=<JNI global ref>, id=9a, trace=300000)
ROOT 5000008e (kind=<JNI global ref>, id=9b, trace=300000)
ROOT 5000008f (kind=<JNI global ref>, id=9c, trace=300000)
ROOT 50000090 (kind=<JNI global ref>, id=9d, trace=300000)
ROOT 50000091 (kind=<JNI global ref>, id=9e, trace=300000)
ROOT 50000118 (kind=<JNI global ref>, id=9f, trace=300000)
ROOT 50000092 (kind=<JNI global ref>, id=a0, trace=300000)
ROOT 50000093 (kind=<JNI global ref>, id=a1, trace=300000)
ROOT 50000096 (kind=<JNI global ref>, id=a2, trace=300000)
ROOT 50000094 (kind=<JNI global ref>, id=a3, trace=300000)
ROOT 50000095 (kind=<JNI global ref>, id=a4, trace=300000)
ROOT 50000097 (kind=<JNI global ref>, id=a5, trace=300000)
ROOT 50000098 (kind=<JNI global ref>, id=a6, trace=300000)
ROOT 50000099 (kind=<JNI global ref>, id=a7, trace=300000)
ROOT 5000009b (kind=<JNI global ref>, id=a8, trace=300000)
ROOT 5000009d (kind=<JNI global ref>, id=a9, trace=300000)
ROOT 5000009c (kind=<JNI global ref>, id=aa, trace=300000)
ROOT 500000b6 (kind=<JNI global ref>, id=ab, trace=300000)
ROOT 5000009e (kind=<JNI global ref>, id=ac, trace=300000)
ROOT 5000009f (kind=<JNI global ref>, id=ad, trace=300000)
ROOT 500000a0 (kind=<JNI global ref>, id=ae, trace=300000)
ROOT 500000a1 (kind=<JNI global ref>, id=af, trace=300000)
ROOT 500000a2 (kind=<JNI global ref>, id=b0, trace=300000)
ROOT 500000a3 (kind=<JNI global ref>, id=b1, trace=300000)
ROOT 500000a4 (kind=<JNI global ref>, id=b2, trace=300000)
ROOT 500000a5 (kind=<JNI global ref>, id=b3, trace=300000)
ROOT 500000a6 (kind=<JNI global ref>, id=b4, trace=300000)
ROOT 500000a7 (kind=<JNI global ref>, id=b5, trace=300000)
ROOT 500000a8 (kind=<JNI global ref>, id=b6, trace=300000)
ROOT 500000a9 (kind=<JNI global ref>, id=b7, trace=300000)
ROOT 500000aa (kind=<JNI global ref>, id=b8, trace=300000)
ROOT 500000ab (kind=<JNI global ref>, id=b9, trace=300000)
ROOT 500000ac (kind=<JNI global ref>, id=ba, trace=300000)
ROOT 500000ad (kind=<JNI global ref>, id=bb, trace=300000)
ROOT 500000ae (kind=<JNI global ref>, id=bc, trace=300000)
ROOT 500000af (kind=<JNI global ref>, id=bd, trace=300000)
ROOT 500000b0 (kind=<JNI global ref>, id=be, trace=300000)
ROOT 500000b1 (kind=<JNI global ref>, id=bf, trace=300000)
ROOT 500000b2 (kind=<JNI global ref>, id=c0, trace=300000)
ROOT 500000b3 (kind=<JNI global ref>, id=c1, trace=300000)
ROOT 500000b4 (kind=<JNI global ref>, id=c2, trace=300000)
ROOT 500000c9 (kind=<JNI global ref>, id=c3, trace=300000)
ROOT 500000b5 (kind=<JNI global ref>, id=c4, trace=300000)
ROOT 500000b7 (kind=<JNI global ref>, id=c5, trace=300000)
ROOT 500000b8 (kind=<JNI global ref>, id=c6, trace=300000)
ROOT 500000bb (kind=<JNI global ref>, id=c7, trace=300000)
ROOT 500000bc (kind=<JNI global ref>, id=c8, trace=300000)
ROOT 500000bd (kind=<JNI global ref>, id=c9, trace=300000)
ROOT 500000be (kind=<JNI global ref>, id=ca, trace=300000)
ROOT 500000bf (kind=<JNI global ref>, id=cb, trace=300000)
ROOT 500000c0 (kind=<JNI global ref>, id=cc, trace=300000)
ROOT 500000c1 (kind=<JNI global ref>, id=cd, trace=300000)
ROOT 500000ed (kind=<JNI global ref>, id=ce, trace=300000)
ROOT 500000c2 (kind=<JNI global ref>, id=cf, trace=300000)
ROOT 500000c3 (kind=<JNI global ref>, id=d0, trace=300000)
ROOT 50000156 (kind=<JNI global ref>, id=d1, trace=300000)
ROOT 500000c4 (kind=<JNI global ref>, id=d2, trace=300000)
ROOT 500000c5 (kind=<JNI global ref>, id=d3, trace=300000)
ROOT 500000c6 (kind=<JNI global ref>, id=d4, trace=300000)
ROOT 500000c7 (kind=<JNI global ref>, id=d5, trace=300000)
ROOT 500000c8 (kind=<JNI global ref>, id=d6, trace=300000)
ROOT 500000ca (kind=<JNI global ref>, id=d7, trace=300000)
ROOT 500000cb (kind=<JNI global ref>, id=d8, trace=300000)
ROOT 500000cc (kind=<JNI global ref>, id=d9, trace=300000)
ROOT 500000cd (kind=<JNI global ref>, id=da, trace=300000)
ROOT 500000ce (kind=<JNI global ref>, id=db, trace=300000)
ROOT 500000cf (kind=<JNI global ref>, id=dc, trace=300000)
ROOT 500000d0 (kind=<JNI global ref>, id=dd, trace=300000)
ROOT 500000d1 (kind=<JNI global ref>, id=de, trace=300000)
ROOT 500000d2 (kind=<JNI global ref>, id=df, trace=300000)
ROOT 500000d3 (kind=<JNI global ref>, id=e0, trace=300000)
ROOT 500000d4 (kind=<JNI global ref>, id=e1, trace=300000)
ROOT 500000d6 (kind=<JNI global ref>, id=e2, trace=300000)
ROOT 500000d7 (kind=<JNI global ref>, id=e3, trace=300000)
ROOT 500000d8 (kind=<JNI global ref>, id=e4, trace=300000)
ROOT 500000d9 (kind=<JNI global ref>, id=e5, trace=300000)
ROOT 500000ee (kind=<JNI global ref>, id=e6, trace=300000)
ROOT 500000db (kind=<JNI global ref>, id=e7, trace=300000)
ROOT 500000dc (kind=<JNI global ref>, id=e8, trace=300000)
ROOT 500000dd (kind=<JNI global ref>, id=e9, trace=300000)
ROOT 500000de (kind=<JNI global ref>, id=ea, trace=300000)
ROOT 500000df (kind=<JNI global ref>, id=eb, trace=300000)
ROOT 500000e0 (kind=<JNI global ref>, id=ec, trace=300000)
ROOT 500000e1 (kind=<JNI global ref>, id=ed, trace=300000)
ROOT 500000e2 (kind=<JNI global ref>, id=ee, trace=300000)
ROOT 50000147 (kind=<JNI global ref>, id=ef, trace=300000)
ROOT 500000e3 (kind=<JNI global ref>, id=f0, trace=300000)
ROOT 500000e4 (kind=<JNI global ref>, id=f1, trace=300000)
ROOT 500000e5 (kind=<JNI global ref>, id=f2, trace=300000)
ROOT 500000e6 (kind=<JNI global ref>, id=f3, trace=300000)
ROOT 500000e7 (kind=<JNI global ref>, id=f4, trace=300000)
ROOT 500000e8 (kind=<JNI global ref>, id=f5, trace=300000)
ROOT 500000e9 (kind=<JNI global ref>, id=f6, trace=300000)
ROOT 500000ea (kind=<JNI global ref>, id=f7, trace=300000)
ROOT 500000eb (kind=<JNI global ref>, id=f8, trace=300000)
ROOT 500000ec (kind=<JNI global ref>, id=f9, trace=300000)
ROOT 500000ef (kind=<JNI global ref>, id=fa, trace=300000)
ROOT 500000f0 (kind=<JNI global ref>, id=fb, trace=300000)
ROOT 500000f1 (kind=<JNI global ref>, id=fc, trace=300000)
ROOT 500000f2 (kind=<JNI global ref>, id=fd, trace=300000)
ROOT 500000f3 (kind=<JNI global ref>, id=fe, trace=300000)
ROOT 500000f4 (kind=<JNI global ref>, id=ff, trace=300000)
ROOT 500000f5 (kind=<JNI global ref>, id=100, trace=300000)
ROOT 500000f6 (kind=<JNI global ref>, id=101, trace=300000)
ROOT 500000f7 (kind=<JNI global ref>, id=102, trace=300000)
ROOT 500000fa (kind=<JNI global ref>, id=103, trace=300000)
ROOT 500000f8 (kind=<JNI global ref>, id=104, trace=300000)
ROOT 500000f9 (kind=<JNI global ref>, id=105, trace=300000)
ROOT 500000fb (kind=<JNI global ref>, id=106, trace=300000)
ROOT 500000fc (kind=<JNI global ref>, id=107, trace=300000)
ROOT 500000fd (kind=<JNI global ref>, id=108, trace=300000)
ROOT 500000fe (kind=<JNI global ref>, id=109, trace=300000)
ROOT 500000ff (kind=<JNI global ref>, id=10a, trace=300000)
ROOT 50000100 (kind=<JNI global ref>, id=10b, trace=300000)
ROOT 50000101 (kind=<JNI global ref>, id=10c, trace=300000)
ROOT 50000102 (kind=<JNI global ref>, id=10d, trace=300000)
ROOT 50000103 (kind=<JNI global ref>, id=10e, trace=300000)
ROOT 50000104 (kind=<JNI global ref>, id=10f, trace=300000)
ROOT 50000105 (kind=<JNI global ref>, id=110, trace=300000)
ROOT 50000106 (kind=<JNI global ref>, id=111, trace=300000)
ROOT 50000107 (kind=<JNI global ref>, id=112, trace=300000)
ROOT 50000108 (kind=<JNI global ref>, id=113, trace=300000)
ROOT 50000109 (kind=<JNI global ref>, id=114, trace=300000)
ROOT 5000010a (kind=<JNI global ref>, id=115, trace=300000)
ROOT 5000010b (kind=<JNI global ref>, id=116, trace=300000)
ROOT 5000010c (kind=<JNI global ref>, id=117, trace=300000)
ROOT 5000010d (kind=<JNI global ref>, id=118, trace=300000)
ROOT 5000010e (kind=<JNI global ref>, id=119, trace=300000)
ROOT 5000010f (kind=<JNI global ref>, id=11a, trace=300000)
ROOT 50000110 (kind=<JNI global ref>, id=11b, trace=300000)
ROOT 50000111 (kind=<JNI global ref>, id=11c, trace=300000)
ROOT 50000112 (kind=<JNI global ref>, id=11d, trace=300000)
ROOT 50000113 (kind=<JNI global ref>, id=11e, trace=300000)
ROOT 50000114 (kind=<JNI global ref>, id=11f, trace=300000)
ROOT 50000115 (kind=<JNI global ref>, id=120, trace=300000)
ROOT 50000116 (kind=<JNI global ref>, id=121, trace=300000)
ROOT 50000117 (kind=<JNI global ref>, id=122, trace=300000)
ROOT 50000119 (kind=<JNI global ref>, id=123, trace=300000)
ROOT 5000011a (kind=<JNI global ref>, id=124, trace=300000)
ROOT 5000011c (kind=<JNI global ref>, id=125, trace=300000)
ROOT 5000011d (kind=<JNI global ref>, id=126, trace=300000)
ROOT 5000011e (kind=<JNI global ref>, id=127, trace=300000)
ROOT 50000120 (kind=<JNI global ref>, id=128, trace=300000)
ROOT 5000011f (kind=<JNI global ref>, id=129, trace=300000)
ROOT 50000121 (kind=<JNI global ref>, id=12a, trace=300000)
ROOT 50000122 (kind=<JNI global ref>, id=12b, trace=300000)
ROOT 50000125 (kind=<JNI global ref>, id=12c, trace=300000)
ROOT 50000123 (kind=<JNI global ref>, id=12d, trace=300000)
ROOT 50000124 (kind=<JNI global ref>, id=12e, trace=300000)
ROOT 50000126 (kind=<JNI global ref>, id=12f, trace=300000)
ROOT 50000127 (kind=<JNI global ref>, id=130, trace=300000)
ROOT 50000128 (kind=<JNI global ref>, id=131, trace=300000)
ROOT 50000129 (kind=<JNI global ref>, id=132, trace=300000)
ROOT 5000012a (kind=<JNI global ref>, id=133, trace=300000)
ROOT 5000012b (kind=<JNI global ref>, id=134, trace=300000)
ROOT 5000012c (kind=<JNI global ref>, id=135, trace=300000)
ROOT 5000012d (kind=<JNI global ref>, id=136, trace=300000)
ROOT 5000012e (kind=<JNI global ref>, id=137, trace=300000)
ROOT 5000012f (kind=<JNI global ref>, id=138, trace=300000)
ROOT 50000130 (kind=<JNI global ref>, id=139, trace=300000)
ROOT 50000131 (kind=<JNI global ref>, id=13a, trace=300000)
ROOT 50000139 (kind=<JNI global ref>, id=13b, trace=300000)
ROOT 50000132 (kind=<JNI global ref>, id=13c, trace=300000)
ROOT 50000133 (kind=<JNI global ref>, id=13d, trace=300000)
ROOT 50000134 (kind=<JNI global ref>, id=13e, trace=300000)
ROOT 50000136 (kind=<JNI global ref>, id=13f, trace=300000)
ROOT 50000137 (kind=<JNI global ref>, id=140, trace=300000)
ROOT 50000138 (kind=<JNI global ref>, id=141, trace=300000)
ROOT 5000013a (kind=<JNI global ref>, id=142, trace=300000)
ROOT 5000013c (kind=<JNI global ref>, id=143, trace=300000)
ROOT 5000013b (kind=<JNI global ref>, id=144, trace=300000)
ROOT 50000140 (kind=<JNI global ref>, id=145, trace=300000)
ROOT 5000013d (kind=<JNI global ref>, id=146, trace=300000)
ROOT 5000013e (kind=<JNI global ref>, id=147, trace=300000)
ROOT 5000013f (kind=<JNI global ref>, id=148, trace=300000)
ROOT 50000141 (kind=<JNI global ref>, id=149, trace=300000)
ROOT 50000142 (kind=<JNI global ref>, id=14a, trace=300000)
ROOT 50000143 (kind=<JNI global ref>, id=14b, trace=300000)
ROOT 50000144 (kind=<JNI global ref>, id=14c, trace=300000)
ROOT 50000145 (kind=<JNI global ref>, id=14d, trace=300000)
ROOT 50000146 (kind=<JNI global ref>, id=14e, trace=300000)
ROOT 50000148 (kind=<JNI global ref>, id=14f, trace=300000)
ROOT 50000149 (kind=<JNI global ref>, id=150, trace=300000)
ROOT 5000014b (kind=<JNI global ref>, id=151, trace=300000)
ROOT 5000014a (kind=<JNI global ref>, id=152, trace=300000)
ROOT 5000014e (kind=<JNI global ref>, id=153, trace=300000)
ROOT 5000014f (kind=<JNI global ref>, id=154, trace=300000)
ROOT 50000150 (kind=<JNI global ref>, id=155, trace=300000)
ROOT 50000152 (kind=<JNI global ref>, id=156, trace=300000)
ROOT 50000151 (kind=<JNI global ref>, id=157, trace=300000)
ROOT 5000015f (kind=<JNI global ref>, id=158, trace=300000)
ROOT 50000153 (kind=<JNI global ref>, id=159, trace=300000)
ROOT 50000154 (kind=<JNI global ref>, id=15a, trace=300000)
ROOT 50000155 (kind=<JNI global ref>, id=15b, trace=300000)
ROOT 50000157 (kind=<JNI global ref>, id=15c, trace=300000)
ROOT 50000158 (kind=<JNI global ref>, id=15d, trace=300000)
ROOT 5000015d (kind=<JNI global ref>, id=15e, trace=300000)
ROOT 50000159 (kind=<JNI global ref>, id=15f, trace=300000)
ROOT 5000015a (kind=<JNI global ref>, id=160, trace=300000)
ROOT 5000015b (kind=<JNI global ref>, id=161, trace=300000)
ROOT 50000160 (kind=<JNI global ref>, id=162, trace=300000)
ROOT 5000015e (kind=<JNI global ref>, id=163, trace=300000)
ROOT 50000161 (kind=<JNI global ref>, id=164, trace=300000)
ROOT 50000163 (kind=<JNI global ref>, id=165, trace=300000)
ROOT 50000164 (kind=<JNI global ref>, id=166, trace=300000)
ROOT 50000165 (kind=<JNI global ref>, id=167, trace=300000)
ROOT 50000166 (kind=<JNI global ref>, id=168, trace=300000)
ROOT 50000167 (kind=<JNI global ref>, id=169, trace=300000)
ROOT 50000168 (kind=<JNI global ref>, id=16a, trace=300000)
ROOT 50000169 (kind=<JNI global ref>, id=16b, trace=300000)
ROOT 5000016a (kind=<JNI global ref>, id=16c, trace=300000)
ROOT 5000016b (kind=<JNI global ref>, id=16d, trace=300000)
ROOT 5000016d (kind=<JNI global ref>, id=16e, trace=300000)
ROOT 5000016e (kind=<JNI global ref>, id=16f, trace=300000)
ROOT 5000016f (kind=<JNI global ref>, id=170, trace=300000)
ROOT 50000170 (kind=<JNI global ref>, id=171, trace=300000)
ROOT 50000171 (kind=<JNI global ref>, id=172, trace=300000)
ROOT 50000172 (kind=<JNI global ref>, id=173, trace=300000)
ROOT 50000173 (kind=<JNI global ref>, id=174, trace=300000)
ROOT 50000174 (kind=<JNI global ref>, id=175, trace=300000)
ROOT 5000017f (kind=<JNI global ref>, id=176, trace=300004)
ROOT 50000180 (kind=<JNI global ref>, id=177, trace=300005)
ROOT 50000182 (kind=<JNI global ref>, id=178, trace=300006)
ROOT 50000184 (kind=<JNI global ref>, id=179, trace=300008)
ROOT 50000186 (kind=<JNI global ref>, id=17a, trace=300010)
ROOT 5000018c (kind=<JNI global ref>, id=17b, trace=300016)
ROOT 5000018f (kind=<JNI global ref>, id=17c, trace=300018)
ROOT 50000191 (kind=<JNI global ref>, id=17d, trace=300020)
ROOT 50000195 (kind=<JNI global ref>, id=17e, trace=300024)
ROOT 50000196 (kind=<JNI global ref>, id=17f, trace=300024)
ROOT 5000019b (kind=<JNI global ref>, id=180, trace=300028)
ROOT 5000019e (kind=<JNI global ref>, id=181, trace=300031)
ROOT 500001a5 (kind=<JNI global ref>, id=182, trace=300037)
ROOT 500001af (kind=<JNI global ref>, id=183, trace=300043)
ROOT 500001b8 (kind=<JNI global ref>, id=184, trace=300000)
ROOT 500001c2 (kind=<JNI global ref>, id=185, trace=300000)
ROOT 500001c4 (kind=<JNI global ref>, id=186, trace=300055)
ROOT 500001c9 (kind=<JNI global ref>, id=187, trace=300059)
ROOT 500001cc (kind=<JNI global ref>, id=188, trace=300062)
ROOT 500001ce (kind=<JNI global ref>, id=189, trace=300064)
ROOT 500001cf (kind=<JNI global ref>, id=18a, trace=300065)
ROOT 500001d2 (kind=<JNI global ref>, id=18b, trace=300067)
ROOT 500001dd (kind=<JNI global ref>, id=18c, trace=300076)
ROOT 500001e1 (kind=<JNI global ref>, id=18d, trace=300080)
ROOT 500001e7 (kind=<JNI global ref>, id=18e, trace=300085)
ROOT 500001e9 (kind=<JNI global ref>, id=18f, trace=300087)
ROOT 500001ea (kind=<JNI global ref>, id=190, trace=300087)
ROOT 500001eb (kind=<JNI global ref>, id=191, trace=300088)
ROOT 500001ec (kind=<JNI global ref>, id=192, trace=300088)
ROOT 500001ed (kind=<JNI global ref>, id=193, trace=300089)
ROOT 500001ee (kind=<JNI global ref>, id=194, trace=300089)
ROOT 50000203 (kind=<JNI global ref>, id=195, trace=300108)
ROOT 50000204 (kind=<JNI global ref>, id=196, trace=300109)
ROOT 50000205 (kind=<JNI global ref>, id=197, trace=300109)
ROOT 50000208 (kind=<JNI global ref>, id=198, trace=300112)
ROOT 50000214 (kind=<JNI global ref>, id=199, trace=300123)
ROOT 50000215 (kind=<JNI global ref>, id=19a, trace=300123)
ROOT 5000021f (kind=<JNI global ref>, id=19b, trace=300132)
ROOT 500003ec (kind=<JNI global ref>, id=19c, trace=300153)
ROOT 500003f7 (kind=<JNI global ref>, id=19d, trace=300156)
ROOT 50000426 (kind=<JNI global ref>, id=19e, trace=300189)
ROOT 50000427 (kind=<JNI global ref>, id=19f, trace=300190)
ROOT 50000428 (kind=<JNI global ref>, id=1a0, trace=300191)
ROOT 5000042d (kind=<JNI global ref>, id=1a1, trace=300196)
ROOT 5000042e (kind=<JNI global ref>, id=1a2, trace=300197)
ROOT 50000431 (kind=<JNI global ref>, id=1a3, trace=300200)
ROOT 50000433 (kind=<JNI global ref>, id=1a4, trace=300202)
ROOT 50000435 (kind=<JNI global ref>, id=1a5, trace=300204)
ROOT 50000437 (kind=<JNI global ref>, id=1a6, trace=300206)
ROOT 50000438 (kind=<JNI global ref>, id=1a7, trace=300206)
ROOT 50000440 (kind=<JNI global ref>, id=1a8, trace=300212)
ROOT 50000442 (kind=<JNI global ref>, id=1a9, trace=300213)
ROOT 50000443 (kind=<JNI global ref>, id=1aa, trace=300214)
ROOT 500006a8 (kind=<JNI global ref>, id=1ab, trace=300302)
ROOT 500006aa (kind=<JNI global ref>, id=1ac, trace=300304)
ROOT 500006ac (kind=<JNI global ref>, id=1ad, trace=300306)
ROOT 500006ae (kind=<JNI global ref>, id=1ae, trace=300308)
ROOT 500006b0 (kind=<JNI global ref>, id=1af, trace=300310)
ROOT 5000072b (kind=<JNI global ref>, id=1b0, trace=300313)
ROOT 5000072d (kind=<JNI global ref>, id=1b1, trace=300315)
ROOT 50000742 (kind=<JNI global ref>, id=1b2, trace=300325)
ROOT 50000743 (kind=<JNI global ref>, id=1b3, trace=300325)
ROOT 50000826 (kind=<JNI global ref>, id=1b4, trace=300328)
ROOT 50000828 (kind=<JNI global ref>, id=1b5, trace=300330)
ROOT 50000829 (kind=<JNI global ref>, id=1b6, trace=300331)
ROOT 50000839 (kind=<JNI global ref>, id=1b7, trace=300345)
ROOT 5000083b (kind=<JNI global ref>, id=1b8, trace=300347)
ROOT 50000845 (kind=<JNI global ref>, id=1b9, trace=300353)
ROOT 5000084a (kind=<JNI global ref>, id=1ba, trace=300358)
ROOT 5000084c (kind=<JNI global ref>, id=1bb, trace=300360)
ROOT 5000084d (kind=<JNI global ref>, id=1bc, trace=300360)
ROOT 5000084f (kind=<JNI global ref>, id=1bd, trace=300362)
ROOT 50000850 (kind=<JNI global ref>, id=1be, trace=300362)
ROOT 50000851 (kind=<JNI global ref>, id=1bf, trace=300362)
ROOT 50000852 (kind=<JNI global ref>, id=1c0, trace=300362)
ROOT 5000085a (kind=<JNI global ref>, id=1c1, trace=300370)
ROOT 5000086e (kind=<JNI global ref>, id=1c2, trace=300380)
ROOT 5000086f (kind=<JNI global ref>, id=1c3, trace=300380)
ROOT 50000879 (kind=<JNI global ref>, id=1c4, trace=300384)
ROOT 50000886 (kind=<JNI global ref>, id=1c5, trace=300380)
ROOT 500008cd (kind=<JNI global ref>, id=1c6, trace=300404)
ROOT 500008cf (kind=<JNI global ref>, id=1c7, trace=300406)
ROOT 500008ef (kind=<JNI global ref>, id=1c8, trace=300418)
ROOT 50000919 (kind=<JNI global ref>, id=1c9, trace=300440)
ROOT 5000091a (kind=<JNI global ref>, id=1ca, trace=300440)
ROOT 50000920 (kind=<JNI global ref>, id=1cb, trace=300446)
ROOT 50000924 (kind=<JNI global ref>, id=1cc, trace=300449)
ROOT 50000927 (kind=<JNI global ref>, id=1cd, trace=300452)
ROOT 50000929 (kind=<JNI global ref>, id=1ce, trace=300453)
ROOT 50000935 (kind=<JNI global ref>, id=1cf, trace=300459)
ROOT 50000946 (kind=<JNI global ref>, id=1d0, trace=300471)
ROOT 50000949 (kind=<JNI global ref>, id=1d1, trace=300473)
ROOT 5000094b (kind=<JNI global ref>, id=1d2, trace=300474)
ROOT 5000094c (kind=<JNI global ref>, id=1d3, trace=300474)
ROOT 5000094d (kind=<JNI global ref>, id=1d4, trace=300474)
ROOT 5000095d (kind=<JNI global ref>, id=1d5, trace=300485)
ROOT 5000095f (kind=<JNI global ref>, id=1d6, trace=300487)
ROOT 50000962 (kind=<JNI global ref>, id=1d7, trace=300000)
ROOT 50000963 (kind=<JNI global ref>, id=1d8, trace=300000)
ROOT 50000964 (kind=<JNI global ref>, id=1d9, trace=300000)
ROOT 50000965 (kind=<JNI global ref>, id=1da, trace=300000)
ROOT 50000972 (kind=<unknown>)
ROOT 50000973 (kind=<unknown>)
ROOT 50000974 (kind=<unknown>)
ROOT 50000975 (kind=<unknown>)
ROOT 50000976 (kind=<unknown>)
ROOT 50000977 (kind=<unknown>)
ROOT 50000978 (kind=<unknown>)
ROOT 50000979 (kind=<unknown>)
ROOT 5000097a (kind=<unknown>)
ROOT 5000097b (kind=<unknown>)
ROOT 5000097c (kind=<unknown>)
ROOT 5000097d (kind=<unknown>)
ROOT 5000097e (kind=<unknown>)
ROOT 5000097f (kind=<unknown>)
ROOT 50000980 (kind=<unknown>)
ROOT 50000981 (kind=<unknown>)
ROOT 50000982 (kind=<unknown>)
ROOT 50000983 (kind=<unknown>)
ROOT 50000984 (kind=<unknown>)
ROOT 50000985 (kind=<unknown>)
ROOT 50000986 (kind=<unknown>)
ROOT 50000987 (kind=<unknown>)
ROOT 50000988 (kind=<unknown>)
ROOT 50000989 (kind=<unknown>)
ROOT 5000098a (kind=<unknown>)
ROOT 5000098b (kind=<unknown>)
ROOT 5000098c (kind=<unknown>)
ROOT 5000098d (kind=<unknown>)
ROOT 5000098e (kind=<unknown>)
ROOT 5000098f (kind=<unknown>)
ROOT 50000990 (kind=<unknown>)
ROOT 50000991 (kind=<unknown>)
ROOT 50000992 (kind=<unknown>)
ROOT 50000993 (kind=<unknown>)
ROOT 50000994 (kind=<unknown>)
ROOT 50000995 (kind=<unknown>)
ROOT 50000996 (kind=<unknown>)
ROOT 50000997 (kind=<unknown>)
ROOT 50000998 (kind=<unknown>)
ROOT 50000999 (kind=<unknown>)
ROOT 5000099a (kind=<unknown>)
ROOT 5000099b (kind=<unknown>)
ROOT 5000099c (kind=<unknown>)
ROOT 5000099d (kind=<unknown>)
ROOT 5000099e (kind=<unknown>)
ROOT 5000099f (kind=<unknown>)
ROOT 500009a0 (kind=<unknown>)
ROOT 500009a1 (kind=<unknown>)
ROOT 500009a2 (kind=<unknown>)
ROOT 500009a3 (kind=<unknown>)
ROOT 500009a4 (kind=<unknown>)
ROOT 500009a5 (kind=<unknown>)
ROOT 500009a6 (kind=<unknown>)
ROOT 500009a7 (kind=<unknown>)
ROOT 500009a8 (kind=<unknown>)
ROOT 500009a9 (kind=<unknown>)
ROOT 500009aa (kind=<unknown>)
ROOT 500009ab (kind=<unknown>)
ROOT 500009ac (kind=<unknown>)
ROOT 500009ad (kind=<unknown>)
ROOT 500009ae (kind=<unknown>)
ROOT 500009af (kind=<unknown>)
ROOT 500009b0 (kind=<unknown>)
ROOT 500009b1 (kind=<unknown>)
ROOT 500009b2 (kind=<unknown>)
ROOT 500009b3 (kind=<unknown>)
ROOT 500009b4 (kind=<unknown>)
ROOT 500009b5 (kind=<unknown>)
ROOT 500009b6 (kind=<unknown>)
ROOT 500009b7 (kind=<unknown>)
ROOT 500009b8 (kind=<unknown>)
ROOT 500009b9 (kind=<unknown>)
ROOT 500009ba (kind=<unknown>)
ROOT 500009bb (kind=<unknown>)
ROOT 500009bc (kind=<unknown>)
ROOT 500009bd (kind=<unknown>)
ROOT 500009be (kind=<unknown>)
ROOT 500009bf (kind=<unknown>)
ROOT 500009c0 (kind=<unknown>)
ROOT 500009c1 (kind=<unknown>)
ROOT 500009c2 (kind=<unknown>)
ROOT 500009c3 (kind=<unknown>)
ROOT 500009c4 (kind=<unknown>)
ROOT 500009c5 (kind=<unknown>)
ROOT 500009c6 (kind=<unknown>)
ROOT 500009c7 (kind=<unknown>)
ROOT 500009c8 (kind=<unknown>)
ROOT 500009c9 (kind=<unknown>)
ROOT 500009ca (kind=<unknown>)
ROOT 500009cb (kind=<unknown>)
ROOT 500009cc (kind=<unknown>)
ROOT 500009cd (kind=<unknown>)
ROOT 500009ce (kind=<unknown>)
ROOT 500009cf (kind=<unknown>)
ROOT 500009d0 (kind=<unknown>)
ROOT 500009d1 (kind=<unknown>)
ROOT 500009d2 (kind=<unknown>)
ROOT 500009d3 (kind=<unknown>)
ROOT 500009d4 (kind=<unknown>)
ROOT 500009d5 (kind=<unknown>)
ROOT 500009d6 (kind=<unknown>)
ROOT 500009d7 (kind=<unknown>)
ROOT 500009d8 (kind=<unknown>)
ROOT 500009d9 (kind=<unknown>)
ROOT 500009da (kind=<unknown>)
ROOT 500009db (kind=<unknown>)
ROOT 500009dc (kind=<unknown>)
ROOT 500009dd (kind=<unknown>)
ROOT 500009de (kind=<unknown>)
ROOT 500009df (kind=<unknown>)
ROOT 500009e0 (kind=<unknown>)
ROOT 500009e1 (kind=<unknown>)
ROOT 500009e2 (kind=<unknown>)
ROOT 500009e3 (kind=<unknown>)
ROOT 500009e4 (kind=<unknown>)
ROOT 500009e5 (kind=<unknown>)
ROOT 500009e6 (kind=<unknown>)
ROOT 500009e7 (kind=<unknown>)
ROOT 500009e8 (kind=<unknown>)
ROOT 500009e9 (kind=<unknown>)
ROOT 500009ea (kind=<unknown>)
ROOT 500009eb (kind=<unknown>)
ROOT 500009ec (kind=<unknown>)
ROOT 500009ed (kind=<unknown>)
ROOT 500009ee (kind=<unknown>)
ROOT 500009ef (kind=<unknown>)
ROOT 500009f0 (kind=<unknown>)
ROOT 500009f1 (kind=<unknown>)
ROOT 500009f2 (kind=<unknown>)
ROOT 500009f3 (kind=<unknown>)
ROOT 500009f4 (kind=<unknown>)
ROOT 500009f5 (kind=<unknown>)
ROOT 500009f6 (kind=<unknown>)
ROOT 500009f7 (kind=<unknown>)
ROOT 500009f8 (kind=<unknown>)
ROOT 500009f9 (kind=<unknown>)
ROOT 500009fa (kind=<unknown>)
ROOT 500009fb (kind=<unknown>)
ROOT 500009fc (kind=<unknown>)
ROOT 500009fd (kind=<unknown>)
ROOT 500009fe (kind=<unknown>)
ROOT 500009ff (kind=<unknown>)
ROOT 50000a00 (kind=<unknown>)
ROOT 50000a01 (kind=<unknown>)
ROOT 50000a02 (kind=<unknown>)
ROOT 50000a03 (kind=<unknown>)
ROOT 50000a04 (kind=<unknown>)
ROOT 50000a05 (kind=<unknown>)
ROOT 50000a06 (kind=<unknown>)
ROOT 50000a07 (kind=<unknown>)
ROOT 50000a08 (kind=<unknown>)
ROOT 50000a09 (kind=<unknown>)
ROOT 50000a0a (kind=<unknown>)
ROOT 50000a0b (kind=<unknown>)
ROOT 50000a0c (kind=<unknown>)
ROOT 50000a0d (kind=<unknown>)
ROOT 50000a0e (kind=<unknown>)
ROOT 50000a0f (kind=<unknown>)
ROOT 50000a10 (kind=<unknown>)
ROOT 50000a11 (kind=<unknown>)
ROOT 50000a12 (kind=<unknown>)
ROOT 50000a13 (kind=<unknown>)
ROOT 50000a14 (kind=<unknown>)
ROOT 50000a15 (kind=<unknown>)
ROOT 50000a16 (kind=<unknown>)
ROOT 50000a17 (kind=<unknown>)
ROOT 50000a18 (kind=<unknown>)
ROOT 50000a19 (kind=<unknown>)
ROOT 50000a1a (kind=<unknown>)
ROOT 50000a1b (kind=<unknown>)
ROOT 50000a1c (kind=<unknown>)
ROOT 50000a1d (kind=<unknown>)
ROOT 50000a1e (kind=<unknown>)
ROOT 50000a1f (kind=<unknown>)
ROOT 50000a20 (kind=<unknown>)
ROOT 50000a21 (kind=<unknown>)
ROOT 50000a22 (kind=<unknown>)
ROOT 50000a23 (kind=<unknown>)
ROOT 50000a24 (kind=<unknown>)
ROOT 50000a25 (kind=<unknown>)
ROOT 50000a26 (kind=<unknown>)
ROOT 50000a27 (kind=<unknown>)
ROOT 50000a28 (kind=<unknown>)
ROOT 50000a29 (kind=<unknown>)
ROOT 50000a2a (kind=<unknown>)
ROOT 50000a2b (kind=<unknown>)
ROOT 50000a2c (kind=<unknown>)
ROOT 50000a2d (kind=<unknown>)
ROOT 50000a2e (kind=<unknown>)
ROOT 50000a2f (kind=<unknown>)
ROOT 50000a30 (kind=<unknown>)
ROOT 5000095f (kind=<system class>, name=java.lang.Shutdown$Lock)
ROOT 5000095d (kind=<system class>, name=java.lang.Shutdown)
ROOT 5000094d (kind=<system class>, name=java.text.MessageFormat$Field)
ROOT 5000094c (kind=<system class>, name=java.text.Format$Field)
ROOT 5000094b (kind=<system class>, name=java.text.AttributedCharacterIterator$Attribute)
ROOT 50000949 (kind=<system class>, name=java.util.Date)
ROOT 50000946 (kind=<system class>, name=java.text.FieldPosition)
ROOT 50000935 (kind=<system class>, name=java.lang.StringBuilder[])
ROOT 5000011e (kind=<system class>, name=java.lang.StringBuilder)
ROOT 50000962 (kind=<system class>, name=java.lang.AbstractStringBuilder[])
ROOT 50000120 (kind=<system class>, name=java.lang.AbstractStringBuilder)
ROOT 50000963 (kind=<system class>, name=java.lang.Appendable[])
ROOT 50000121 (kind=<system class>, name=java.lang.Appendable)
ROOT 50000929 (kind=<system class>, name=java.util.Locale$1)
ROOT 50000927 (kind=<system class>, name=java.util.Locale$Category[])
ROOT 50000924 (kind=<system class>, name=java.util.Locale$Category)
ROOT 50000924 (kind=<system class>, name=java.util.Locale$Category)
ROOT 50000920 (kind=<system class>, name=java.text.Format[])
ROOT 50000919 (kind=<system class>, name=java.text.Format)
ROOT 5000091a (kind=<system class>, name=java.text.MessageFormat)
ROOT 50000919 (kind=<system class>, name=java.text.Format)
ROOT 500008ef (kind=<system class>, name=java.lang.Object[][])
ROOT 50000111 (kind=<system class>, name=java.lang.Object[])
ROOT 50000964 (kind=<system class>, name=java.lang.Cloneable[])
ROOT 50000163 (kind=<system class>, name=java.lang.Cloneable)
ROOT 500008cf (kind=<system class>, name=java.net.URLClassLoader$2)
ROOT 500008cd (kind=<system class>, name=java.util.ResourceBundle$Control$1)
ROOT 50000886 (kind=<system class>, name=sun.launcher.resources.launcher_fr)
ROOT 50000879 (kind=<system class>, name=java.util.ResourceBundle$BundleReference)
ROOT 5000086f (kind=<system class>, name=sun.launcher.resources.launcher)
ROOT 5000086e (kind=<system class>, name=java.util.ListResourceBundle)
ROOT 5000085a (kind=<system class>, name=java.util.LinkedList$Node)
ROOT 50000852 (kind=<system class>, name=java.util.LinkedList)
ROOT 50000851 (kind=<system class>, name=java.util.AbstractSequentialList)
ROOT 50000850 (kind=<system class>, name=java.util.Deque)
ROOT 5000084f (kind=<system class>, name=java.util.Queue)
ROOT 5000084d (kind=<system class>, name=java.util.ResourceBundle$LoaderReference)
ROOT 5000084c (kind=<system class>, name=java.util.ResourceBundle$CacheKeyReference)
ROOT 5000084a (kind=<system class>, name=java.util.ResourceBundle$CacheKey)
ROOT 50000845 (kind=<system class>, name=java.util.ResourceBundle$Control$CandidateListCache)
ROOT 5000083b (kind=<system class>, name=java.util.Arrays$ArrayList)
ROOT 50000839 (kind=<system class>, name=java.util.ResourceBundle$Control)
ROOT 50000829 (kind=<system class>, name=java.util.ResourceBundle$RBClassLoader$1)
ROOT 50000828 (kind=<system class>, name=java.util.ResourceBundle$RBClassLoader)
ROOT 50000826 (kind=<system class>, name=java.net.URLClassLoader$3$1)
ROOT 50000743 (kind=<system class>, name=java.io.FileNotFoundException)
ROOT 50000742 (kind=<system class>, name=java.io.IOException)
ROOT 5000072d (kind=<system class>, name=sun.misc.FileURLMapper)
ROOT 5000072b (kind=<system class>, name=sun.misc.URLClassPath$JarLoader$1)
ROOT 500006b0 (kind=<system class>, name=sun.misc.CompoundEnumeration)
ROOT 500006ae (kind=<system class>, name=java.net.URLClassLoader$3)
ROOT 500006ac (kind=<system class>, name=sun.misc.URLClassPath$1)
ROOT 500006aa (kind=<system class>, name=java.lang.ClassLoader$2)
ROOT 500006a8 (kind=<system class>, name=sun.misc.URLClassPath$2)
ROOT 50000443 (kind=<system class>, name=sun.misc.Launcher$BootClassPathHolder$1)
ROOT 50000442 (kind=<system class>, name=sun.misc.Launcher$BootClassPathHolder)
ROOT 50000440 (kind=<system class>, name=java.util.Enumeration[])
ROOT 500000d0 (kind=<system class>, name=java.util.Enumeration)
ROOT 50000438 (kind=<system class>, name=java.util.LinkedHashMap$LinkedEntryIterator)
ROOT 50000437 (kind=<system class>, name=java.util.LinkedHashMap$LinkedHashIterator)
ROOT 50000435 (kind=<system class>, name=java.util.LinkedHashMap$LinkedEntrySet)
ROOT 50000433 (kind=<system class>, name=java.util.ServiceLoader$1)
ROOT 50000431 (kind=<system class>, name=java.util.ServiceLoader$LazyIterator)
ROOT 5000042e (kind=<system class>, name=java.util.ServiceLoader)
ROOT 5000042d (kind=<system class>, name=java.util.spi.ResourceBundleControlProvider)
ROOT 50000428 (kind=<system class>, name=java.util.ResourceBundle$1)
ROOT 50000427 (kind=<system class>, name=java.util.ResourceBundle)
ROOT 50000426 (kind=<system class>, name=sun.launcher.LauncherHelper$ResourceBundleHolder)
ROOT 500003f7 (kind=<system class>, name=sun.misc.URLClassPath$FileLoader)
ROOT 500003ec (kind=<system class>, name=java.security.PrivilegedActionException)
ROOT 5000021f (kind=<system class>, name=sun.nio.cs.UTF_8$Decoder)
ROOT 50000215 (kind=<system class>, name=sun.nio.cs.UTF_8)
ROOT 50000214 (kind=<system class>, name=sun.nio.cs.Unicode)
ROOT 50000208 (kind=<system class>, name=sun.nio.cs.ThreadLocalCoders$2)
ROOT 50000205 (kind=<system class>, name=sun.nio.cs.ThreadLocalCoders$1)
ROOT 50000204 (kind=<system class>, name=sun.nio.cs.ThreadLocalCoders$Cache)
ROOT 50000203 (kind=<system class>, name=sun.nio.cs.ThreadLocalCoders)
ROOT 500001ee (kind=<system class>, name=java.util.zip.ZipFile$1)
ROOT 500001ed (kind=<system class>, name=sun.misc.JavaUtilZipFileAccess)
ROOT 500001ec (kind=<system class>, name=java.util.zip.ZipFile)
ROOT 500001eb (kind=<system class>, name=java.util.zip.ZipConstants)
ROOT 500001ea (kind=<system class>, name=sun.misc.URLClassPath$JarLoader)
ROOT 500001e9 (kind=<system class>, name=sun.misc.URLClassPath$Loader)
ROOT 500001e7 (kind=<system class>, name=sun.misc.URLClassPath$3)
ROOT 500001e1 (kind=<system class>, name=sun.net.util.URLUtil)
ROOT 500001dd (kind=<system class>, name=java.net.URLClassLoader$1)
ROOT 500001d2 (kind=<system class>, name=java.lang.StringCoding$StringDecoder)
ROOT 500001cf (kind=<system class>, name=java.lang.ThreadLocal$ThreadLocalMap$Entry[])
ROOT 500001ce (kind=<system class>, name=java.lang.ThreadLocal$ThreadLocalMap$Entry)
ROOT 500001ce (kind=<system class>, name=java.lang.ThreadLocal$ThreadLocalMap$Entry)
ROOT 500001cc (kind=<system class>, name=java.lang.ThreadLocal$ThreadLocalMap)
ROOT 500001c9 (kind=<system class>, name=java.lang.StringCoding)
ROOT 500001c4 (kind=<system class>, name=sun.launcher.LauncherHelper[])
ROOT 500001c2 (kind=<system class>, name=sun.launcher.LauncherHelper)
ROOT 500001c2 (kind=<system class>, name=sun.launcher.LauncherHelper)
ROOT 500001b8 (kind=<system class>, name=sun.misc.PostVMInitHook)
ROOT 500001af (kind=<system class>, name=java.lang.IllegalAccessException)
ROOT 50000965 (kind=<system class>, name=java.lang.reflect.Method[])
ROOT 5000013b (kind=<system class>, name=java.lang.reflect.Method)
ROOT 500001a5 (kind=<system class>, name=java.lang.invoke.LambdaForm[])
ROOT 50000128 (kind=<system class>, name=java.lang.invoke.LambdaForm)
ROOT 5000019e (kind=<system class>, name=java.lang.Void)
ROOT 5000019b (kind=<system class>, name=java.lang.invoke.MethodType$ConcurrentWeakInternSet$WeakEntry)
ROOT 50000196 (kind=<system class>, name=java.lang.invoke.Invokers)
ROOT 50000195 (kind=<system class>, name=java.lang.invoke.MethodTypeForm)
ROOT 50000191 (kind=<system class>, name=java.lang.invoke.MethodHandleStatics$1)
ROOT 5000018f (kind=<system class>, name=java.lang.invoke.MethodHandleStatics)
ROOT 5000018c (kind=<system class>, name=java.lang.invoke.MethodType[])
ROOT 50000127 (kind=<system class>, name=java.lang.invoke.MethodType)
ROOT 50000186 (kind=<system class>, name=java.lang.invoke.MethodType$ConcurrentWeakInternSet)
ROOT 50000184 (kind=<system class>, name=java.lang.invoke.LambdaForm$NamedFunction)
ROOT 50000182 (kind=<system class>, name=java.lang.invoke.MemberName$Factory)
ROOT 50000180 (kind=<system class>, name=java.lang.invoke.MethodHandle[])
ROOT 5000012c (kind=<system class>, name=java.lang.invoke.MethodHandle)
ROOT 5000017f (kind=<system class>, name=java.lang.invoke.MethodHandleImpl)
ROOT 50000001 (kind=<system class>, name=java.lang.SystemClassLoaderAction)
ROOT 50000002 (kind=<system class>, name=sun.misc.Launcher$AppClassLoader$1)
ROOT 50000003 (kind=<system class>, name=sun.misc.Launcher$AppClassLoader)
ROOT 50000004 (kind=<system class>, name=sun.net.www.protocol.jar.Handler)
ROOT 50000005 (kind=<system class>, name=sun.misc.URLClassPath)
ROOT 50000006 (kind=<system class>, name=java.util.HashSet)
ROOT 50000007 (kind=<system class>, name=java.security.Principal[])
ROOT 50000008 (kind=<system class>, name=java.security.Principal)
ROOT 50000008 (kind=<system class>, name=java.security.Principal)
ROOT 50000009 (kind=<system class>, name=java.security.ProtectionDomain$Key)
ROOT 5000000a (kind=<system class>, name=java.security.CodeSource)
ROOT 5000000b (kind=<system class>, name=java.security.ProtectionDomain$3)
ROOT 5000000c (kind=<system class>, name=sun.misc.JavaSecurityProtectionDomainAccess)
ROOT 5000000d (kind=<system class>, name=java.security.ProtectionDomain$1)
ROOT 5000000e (kind=<system class>, name=sun.misc.JavaSecurityAccess)
ROOT 5000000f (kind=<system class>, name=java.net.URL[])
ROOT 50000013 (kind=<system class>, name=java.net.URL)
ROOT 50000010 (kind=<system class>, name=sun.net.www.protocol.file.Handler)
ROOT 50000011 (kind=<system class>, name=java.net.URLStreamHandler)
ROOT 50000012 (kind=<system class>, name=java.net.Parts)
ROOT 50000013 (kind=<system class>, name=java.net.URL)
ROOT 50000014 (kind=<system class>, name=java.util.BitSet)
ROOT 50000015 (kind=<system class>, name=sun.net.www.ParseUtil)
ROOT 50000016 (kind=<system class>, name=java.io.FileInputStream$1)
ROOT 50000017 (kind=<system class>, name=java.util.HashMap$TreeNode)
ROOT 50000018 (kind=<system class>, name=java.lang.CharacterDataLatin1)
ROOT 50000019 (kind=<system class>, name=java.lang.CharacterData)
ROOT 5000001a (kind=<system class>, name=sun.util.locale.LocaleUtils)
ROOT 5000001b (kind=<system class>, name=java.util.Locale$LocaleKey)
ROOT 5000001c (kind=<system class>, name=sun.util.locale.LocaleObjectCache$CacheEntry)
ROOT 5000001d (kind=<system class>, name=sun.util.locale.BaseLocale$Key)
ROOT 5000001e (kind=<system class>, name=sun.util.locale.BaseLocale$Cache)
ROOT 5000001f (kind=<system class>, name=sun.util.locale.BaseLocale)
ROOT 50000020 (kind=<system class>, name=java.util.concurrent.ConcurrentHashMap$EntrySetView)
ROOT 50000021 (kind=<system class>, name=java.util.concurrent.ConcurrentHashMap$ValuesView)
ROOT 50000022 (kind=<system class>, name=java.util.concurrent.ConcurrentHashMap$KeySetView)
ROOT 50000023 (kind=<system class>, name=java.util.concurrent.ConcurrentHashMap$CollectionView)
ROOT 50000024 (kind=<system class>, name=java.util.concurrent.ConcurrentHashMap$CounterCell[])
ROOT 50000025 (kind=<system class>, name=java.util.concurrent.ConcurrentHashMap$CounterCell)
ROOT 50000025 (kind=<system class>, name=java.util.concurrent.ConcurrentHashMap$CounterCell)
ROOT 50000026 (kind=<system class>, name=java.util.concurrent.ConcurrentHashMap$Node[])
ROOT 50000027 (kind=<system class>, name=java.util.concurrent.ConcurrentHashMap$Node)
ROOT 50000027 (kind=<system class>, name=java.util.concurrent.ConcurrentHashMap$Node)
ROOT 50000028 (kind=<system class>, name=java.util.concurrent.ConcurrentHashMap$Segment[])
ROOT 5000002b (kind=<system class>, name=java.util.concurrent.ConcurrentHashMap$Segment)
ROOT 50000029 (kind=<system class>, name=java.util.concurrent.locks.ReentrantLock[])
ROOT 5000002c (kind=<system class>, name=java.util.concurrent.locks.ReentrantLock)
ROOT 5000002a (kind=<system class>, name=java.util.concurrent.locks.Lock[])
ROOT 5000002d (kind=<system class>, name=java.util.concurrent.locks.Lock)
ROOT 5000002b (kind=<system class>, name=java.util.concurrent.ConcurrentHashMap$Segment)
ROOT 5000002c (kind=<system class>, name=java.util.concurrent.locks.ReentrantLock)
ROOT 5000002d (kind=<system class>, name=java.util.concurrent.locks.Lock)
ROOT 5000002e (kind=<system class>, name=java.util.concurrent.ConcurrentHashMap)
ROOT 5000002f (kind=<system class>, name=java.util.concurrent.ConcurrentMap)
ROOT 50000030 (kind=<system class>, name=java.util.Locale$Cache)
ROOT 50000031 (kind=<system class>, name=sun.util.locale.LocaleObjectCache)
ROOT 50000032 (kind=<system class>, name=java.util.Locale)
ROOT 50000033 (kind=<system class>, name=java.lang.reflect.Array)
ROOT 50000034 (kind=<system class>, name=java.nio.charset.CoderResult$2)
ROOT 50000035 (kind=<system class>, name=java.nio.charset.CoderResult$1)
ROOT 50000036 (kind=<system class>, name=java.nio.charset.CoderResult$Cache)
ROOT 50000037 (kind=<system class>, name=java.nio.charset.CoderResult)
ROOT 50000038 (kind=<system class>, name=java.nio.HeapCharBuffer)
ROOT 50000039 (kind=<system class>, name=java.nio.CharBuffer)
ROOT 5000003a (kind=<system class>, name=sun.nio.cs.SingleByte$Decoder)
ROOT 5000003b (kind=<system class>, name=java.nio.charset.CharsetDecoder)
ROOT 5000003c (kind=<system class>, name=sun.nio.cs.ArrayDecoder)
ROOT 5000003d (kind=<system class>, name=sun.nio.cs.MS1252)
ROOT 5000003e (kind=<system class>, name=sun.nio.cs.StreamDecoder)
ROOT 5000003f (kind=<system class>, name=java.io.FileReader)
ROOT 50000040 (kind=<system class>, name=java.io.InputStreamReader)
ROOT 50000041 (kind=<system class>, name=java.io.BufferedReader)
ROOT 50000042 (kind=<system class>, name=java.io.Reader)
ROOT 50000043 (kind=<system class>, name=java.lang.Readable)
ROOT 50000044 (kind=<system class>, name=sun.misc.MetaIndex)
ROOT 50000045 (kind=<system class>, name=sun.misc.Launcher$ExtClassLoader$1)
ROOT 50000046 (kind=<system class>, name=java.io.File[])
ROOT 50000077 (kind=<system class>, name=java.io.File)
ROOT 50000047 (kind=<system class>, name=java.util.StringTokenizer)
ROOT 50000048 (kind=<system class>, name=java.net.URLClassLoader$7)
ROOT 50000049 (kind=<system class>, name=sun.misc.JavaNetAccess)
ROOT 5000004a (kind=<system class>, name=java.util.WeakHashMap$KeySet)
ROOT 5000004b (kind=<system class>, name=java.util.Collections$SetFromMap)
ROOT 5000004c (kind=<system class>, name=java.util.WeakHashMap$Entry[])
ROOT 5000004f (kind=<system class>, name=java.util.WeakHashMap$Entry)
ROOT 5000004d (kind=<system class>, name=java.lang.ref.WeakReference[])
ROOT 5000014c (kind=<system class>, name=java.lang.ref.WeakReference)
ROOT 5000004e (kind=<system class>, name=java.lang.ref.Reference[])
ROOT 5000014e (kind=<system class>, name=java.lang.ref.Reference)
ROOT 5000004f (kind=<system class>, name=java.util.WeakHashMap$Entry)
ROOT 50000050 (kind=<system class>, name=java.lang.ClassLoader$ParallelLoaders)
ROOT 50000051 (kind=<system class>, name=sun.security.util.Debug)
ROOT 50000052 (kind=<system class>, name=sun.misc.Launcher$ExtClassLoader)
ROOT 50000053 (kind=<system class>, name=java.net.URLClassLoader)
ROOT 50000054 (kind=<system class>, name=java.security.SecureClassLoader)
ROOT 50000055 (kind=<system class>, name=sun.misc.Launcher$Factory)
ROOT 50000056 (kind=<system class>, name=java.net.URLStreamHandlerFactory)
ROOT 50000057 (kind=<system class>, name=sun.misc.Launcher)
ROOT 50000058 (kind=<system class>, name=java.lang.Compiler$1)
ROOT 50000059 (kind=<system class>, name=java.lang.Compiler)
ROOT 5000005a (kind=<system class>, name=java.lang.IllegalArgumentException)
ROOT 5000005b (kind=<system class>, name=java.lang.System$2)
ROOT 5000005c (kind=<system class>, name=sun.misc.JavaLangAccess)
ROOT 5000005d (kind=<system class>, name=sun.io.Win32ErrorMode)
ROOT 5000005e (kind=<system class>, name=sun.misc.OSEnvironment)
ROOT 5000005f (kind=<system class>, name=java.lang.Integer[])
ROOT 50000113 (kind=<system class>, name=java.lang.Integer)
ROOT 50000060 (kind=<system class>, name=java.lang.Number[])
ROOT 50000118 (kind=<system class>, name=java.lang.Number)
ROOT 50000061 (kind=<system class>, name=java.lang.Integer$IntegerCache)
ROOT 50000062 (kind=<system class>, name=sun.misc.NativeSignalHandler)
ROOT 50000063 (kind=<system class>, name=sun.misc.Signal)
ROOT 50000064 (kind=<system class>, name=java.lang.Terminator$1)
ROOT 50000065 (kind=<system class>, name=sun.misc.SignalHandler)
ROOT 50000066 (kind=<system class>, name=java.lang.Terminator)
ROOT 50000067 (kind=<system class>, name=java.util.LinkedHashMap$Entry)
ROOT 50000068 (kind=<system class>, name=java.io.ExpiringCache$Entry)
ROOT 50000069 (kind=<system class>, name=java.io.File$PathStatus[])
ROOT 5000006f (kind=<system class>, name=java.io.File$PathStatus)
ROOT 5000006a (kind=<system class>, name=java.lang.Enum[])
ROOT 50000070 (kind=<system class>, name=java.lang.Enum)
ROOT 5000006b (kind=<system class>, name=java.lang.ClassLoader$3)
ROOT 5000006c (kind=<system class>, name=java.lang.ClassLoader$NativeLibrary)
ROOT 5000006d (kind=<system class>, name=java.nio.file.Path)
ROOT 5000006e (kind=<system class>, name=java.nio.file.Watchable)
ROOT 5000006f (kind=<system class>, name=java.io.File$PathStatus)
ROOT 50000070 (kind=<system class>, name=java.lang.Enum)
ROOT 50000071 (kind=<system class>, name=java.io.ExpiringCache$1)
ROOT 50000072 (kind=<system class>, name=java.util.LinkedHashMap)
ROOT 50000073 (kind=<system class>, name=java.io.ExpiringCache)
ROOT 50000074 (kind=<system class>, name=java.io.WinNTFileSystem)
ROOT 50000075 (kind=<system class>, name=java.io.FileSystem)
ROOT 50000076 (kind=<system class>, name=java.io.DefaultFileSystem)
ROOT 50000077 (kind=<system class>, name=java.io.File)
ROOT 50000078 (kind=<system class>, name=sun.security.action.GetPropertyAction)
ROOT 50000079 (kind=<system class>, name=java.io.BufferedWriter)
ROOT 5000007a (kind=<system class>, name=java.nio.Bits$1)
ROOT 5000007b (kind=<system class>, name=sun.misc.JavaNioAccess)
ROOT 5000007c (kind=<system class>, name=java.nio.ByteOrder)
ROOT 5000007d (kind=<system class>, name=java.nio.Bits)
ROOT 5000007e (kind=<system class>, name=java.nio.HeapByteBuffer)
ROOT 5000007f (kind=<system class>, name=java.nio.ByteBuffer)
ROOT 50000080 (kind=<system class>, name=java.nio.charset.CodingErrorAction)
ROOT 50000081 (kind=<system class>, name=sun.nio.cs.SingleByte$Encoder)
ROOT 50000082 (kind=<system class>, name=java.nio.charset.CharsetEncoder)
ROOT 50000083 (kind=<system class>, name=sun.nio.cs.ArrayEncoder)
ROOT 50000084 (kind=<system class>, name=sun.nio.cs.StreamEncoder)
ROOT 50000085 (kind=<system class>, name=java.io.OutputStreamWriter)
ROOT 50000086 (kind=<system class>, name=java.io.Writer)
ROOT 50000087 (kind=<system class>, name=sun.reflect.DelegatingConstructorAccessorImpl)
ROOT 50000088 (kind=<system class>, name=sun.reflect.NativeConstructorAccessorImpl)
ROOT 50000089 (kind=<system class>, name=sun.reflect.ReflectionFactory$1)
ROOT 5000008a (kind=<system class>, name=java.lang.Class$1)
ROOT 5000008b (kind=<system class>, name=java.lang.reflect.Constructor[])
ROOT 5000013a (kind=<system class>, name=java.lang.reflect.Constructor)
ROOT 5000008c (kind=<system class>, name=java.lang.reflect.Executable[])
ROOT 5000013c (kind=<system class>, name=java.lang.reflect.Executable)
ROOT 5000008d (kind=<system class>, name=sun.nio.cs.SingleByte)
ROOT 5000008e (kind=<system class>, name=sun.nio.cs.IBM850)
ROOT 5000008f (kind=<system class>, name=sun.nio.cs.HistoricallyNamedCharset)
ROOT 50000090 (kind=<system class>, name=java.util.Arrays)
ROOT 50000091 (kind=<system class>, name=java.util.concurrent.atomic.AtomicInteger)
ROOT 50000092 (kind=<system class>, name=java.lang.ThreadLocal)
ROOT 50000093 (kind=<system class>, name=sun.nio.cs.StandardCharsets$Cache)
ROOT 50000094 (kind=<system class>, name=sun.nio.cs.StandardCharsets$Classes)
ROOT 50000095 (kind=<system class>, name=sun.nio.cs.StandardCharsets$Aliases)
ROOT 50000096 (kind=<system class>, name=sun.util.PreHashedMap)
ROOT 50000097 (kind=<system class>, name=sun.nio.cs.StandardCharsets)
ROOT 50000098 (kind=<system class>, name=sun.nio.cs.FastCharsetProvider)
ROOT 50000099 (kind=<system class>, name=java.nio.charset.spi.CharsetProvider)
ROOT 5000009a (kind=<system class>, name=java.nio.charset.Charset)
ROOT 5000009b (kind=<system class>, name=java.io.BufferedOutputStream)
ROOT 5000009c (kind=<system class>, name=java.io.PrintStream)
ROOT 5000009d (kind=<system class>, name=java.io.FilterOutputStream)
ROOT 5000009e (kind=<system class>, name=sun.reflect.misc.ReflectUtil)
ROOT 5000009f (kind=<system class>, name=java.lang.reflect.ReflectAccess)
ROOT 500000a0 (kind=<system class>, name=sun.reflect.LangReflectAccess)
ROOT 500000a1 (kind=<system class>, name=java.lang.reflect.Modifier)
ROOT 500000a2 (kind=<system class>, name=java.lang.ClassValue$ClassValueMap)
ROOT 500000a3 (kind=<system class>, name=java.util.WeakHashMap)
ROOT 500000a4 (kind=<system class>, name=sun.reflect.annotation.AnnotationType)
ROOT 500000a5 (kind=<system class>, name=java.lang.Class$AnnotationData)
ROOT 500000a6 (kind=<system class>, name=sun.reflect.generics.repository.ClassRepository)
ROOT 500000a7 (kind=<system class>, name=sun.reflect.generics.repository.GenericDeclRepository)
ROOT 500000a8 (kind=<system class>, name=sun.reflect.generics.repository.AbstractRepository)
ROOT 500000a9 (kind=<system class>, name=java.lang.reflect.Field[])
ROOT 5000013e (kind=<system class>, name=java.lang.reflect.Field)
ROOT 500000aa (kind=<system class>, name=java.lang.reflect.Member[])
ROOT 5000013f (kind=<system class>, name=java.lang.reflect.Member)
ROOT 500000ab (kind=<system class>, name=java.lang.reflect.AccessibleObject[])
ROOT 50000140 (kind=<system class>, name=java.lang.reflect.AccessibleObject)
ROOT 500000ac (kind=<system class>, name=java.lang.Class$Atomic)
ROOT 500000ad (kind=<system class>, name=java.lang.Class$ReflectionData)
ROOT 500000ae (kind=<system class>, name=java.lang.Class$3)
ROOT 500000af (kind=<system class>, name=java.util.concurrent.atomic.AtomicReferenceFieldUpdater$AtomicReferenceFieldUpdaterImpl$1)
ROOT 500000b0 (kind=<system class>, name=java.security.PrivilegedExceptionAction)
ROOT 500000b1 (kind=<system class>, name=java.util.concurrent.atomic.AtomicReferenceFieldUpdater$AtomicReferenceFieldUpdaterImpl)
ROOT 500000b2 (kind=<system class>, name=java.util.concurrent.atomic.AtomicReferenceFieldUpdater)
ROOT 500000b3 (kind=<system class>, name=java.io.BufferedInputStream)
ROOT 500000b4 (kind=<system class>, name=java.io.FilterInputStream)
ROOT 500000b5 (kind=<system class>, name=java.io.FileOutputStream)
ROOT 500000b6 (kind=<system class>, name=java.io.OutputStream)
ROOT 500000b7 (kind=<system class>, name=java.io.Flushable)
ROOT 500000b8 (kind=<system class>, name=java.util.HashMap$Node[])
ROOT 500000b9 (kind=<system class>, name=java.util.HashMap$Node)
ROOT 500000b9 (kind=<system class>, name=java.util.HashMap$Node)
ROOT 500000ba (kind=<system class>, name=java.util.HashMap)
ROOT 500000bb (kind=<system class>, name=sun.reflect.Reflection)
ROOT 500000bc (kind=<system class>, name=java.lang.String[])
ROOT 50000168 (kind=<system class>, name=java.lang.String)
ROOT 500000bd (kind=<system class>, name=java.lang.CharSequence[])
ROOT 50000169 (kind=<system class>, name=java.lang.CharSequence)
ROOT 500000be (kind=<system class>, name=java.util.Collections$UnmodifiableRandomAccessList)
ROOT 500000bf (kind=<system class>, name=java.util.Collections$UnmodifiableList)
ROOT 500000c0 (kind=<system class>, name=java.util.Collections$UnmodifiableCollection)
ROOT 500000c1 (kind=<system class>, name=java.util.ArrayList)
ROOT 500000c2 (kind=<system class>, name=java.lang.NoSuchMethodError)
ROOT 500000c3 (kind=<system class>, name=java.lang.IncompatibleClassChangeError)
ROOT 500000c4 (kind=<system class>, name=sun.misc.SharedSecrets)
ROOT 500000c5 (kind=<system class>, name=java.io.FileDescriptor$1)
ROOT 500000c6 (kind=<system class>, name=sun.misc.JavaIOFileDescriptorAccess)
ROOT 500000c7 (kind=<system class>, name=java.io.FileDescriptor)
ROOT 500000c8 (kind=<system class>, name=java.io.FileInputStream)
ROOT 500000c9 (kind=<system class>, name=java.io.InputStream)
ROOT 500000ca (kind=<system class>, name=java.io.Closeable)
ROOT 500000cb (kind=<system class>, name=java.lang.AutoCloseable)
ROOT 500000cc (kind=<system class>, name=sun.misc.Version)
ROOT 500000cd (kind=<system class>, name=java.lang.Runtime)
ROOT 500000ce (kind=<system class>, name=java.util.Hashtable$Enumerator)
ROOT 500000cf (kind=<system class>, name=java.util.Iterator)
ROOT 500000d0 (kind=<system class>, name=java.util.Enumeration)
ROOT 500000d1 (kind=<system class>, name=java.util.Objects)
ROOT 500000d2 (kind=<system class>, name=java.util.Collections$SynchronizedSet)
ROOT 500000d3 (kind=<system class>, name=java.util.Collections$SynchronizedCollection)
ROOT 500000d4 (kind=<system class>, name=java.util.Collections$EmptyMap)
ROOT 500000d5 (kind=<system class>, name=java.util.AbstractMap)
ROOT 500000d6 (kind=<system class>, name=java.util.Collections$EmptyList)
ROOT 500000d7 (kind=<system class>, name=java.util.Collections$EmptySet)
ROOT 500000d8 (kind=<system class>, name=java.util.Collections)
ROOT 500000d9 (kind=<system class>, name=java.util.Hashtable$EntrySet)
ROOT 500000da (kind=<system class>, name=java.util.AbstractSet)
ROOT 500000db (kind=<system class>, name=java.util.Set)
ROOT 500000dc (kind=<system class>, name=java.lang.Math)
ROOT 500000dd (kind=<system class>, name=java.util.Hashtable$Entry[])
ROOT 500000df (kind=<system class>, name=java.util.Hashtable$Entry)
ROOT 500000de (kind=<system class>, name=java.util.Map$Entry[])
ROOT 500000e0 (kind=<system class>, name=java.util.Map$Entry)
ROOT 500000df (kind=<system class>, name=java.util.Hashtable$Entry)
ROOT 500000e0 (kind=<system class>, name=java.util.Map$Entry)
ROOT 500000e1 (kind=<system class>, name=sun.misc.VM)
ROOT 500000e2 (kind=<system class>, name=java.lang.ref.Finalizer$FinalizerThread)
ROOT 500000e3 (kind=<system class>, name=java.lang.ref.ReferenceQueue$Lock)
ROOT 500000e4 (kind=<system class>, name=java.lang.ref.ReferenceQueue$Null)
ROOT 500000e5 (kind=<system class>, name=java.lang.ref.ReferenceQueue)
ROOT 500000e6 (kind=<system class>, name=java.lang.Thread[])
ROOT 50000147 (kind=<system class>, name=java.lang.Thread)
ROOT 500000e7 (kind=<system class>, name=java.lang.Runnable[])
ROOT 50000148 (kind=<system class>, name=java.lang.Runnable)
ROOT 500000e8 (kind=<system class>, name=java.lang.ref.Reference$ReferenceHandler)
ROOT 500000e9 (kind=<system class>, name=java.lang.ref.Reference$Lock)
ROOT 500000ea (kind=<system class>, name=sun.reflect.ReflectionFactory)
ROOT 500000eb (kind=<system class>, name=java.util.Stack)
ROOT 500000ec (kind=<system class>, name=java.util.Vector)
ROOT 500000ed (kind=<system class>, name=java.util.AbstractList)
ROOT 500000ee (kind=<system class>, name=java.util.AbstractCollection)
ROOT 500000ef (kind=<system class>, name=java.util.RandomAccess)
ROOT 500000f0 (kind=<system class>, name=java.util.List)
ROOT 500000f1 (kind=<system class>, name=java.util.Collection)
ROOT 500000f2 (kind=<system class>, name=java.lang.Iterable)
ROOT 500000f3 (kind=<system class>, name=java.security.cert.Certificate[])
ROOT 500000f4 (kind=<system class>, name=java.security.cert.Certificate)
ROOT 500000f4 (kind=<system class>, name=java.security.cert.Certificate)
ROOT 500000f5 (kind=<system class>, name=sun.reflect.ReflectionFactory$GetReflectionFactoryAction)
ROOT 500000f6 (kind=<system class>, name=java.security.PrivilegedAction)
ROOT 500000f7 (kind=<system class>, name=java.lang.reflect.ReflectPermission)
ROOT 500000f8 (kind=<system class>, name=java.security.AccessController)
ROOT 500000f9 (kind=<system class>, name=java.lang.RuntimePermission)
ROOT 500000fa (kind=<system class>, name=java.security.BasicPermission)
ROOT 500000fb (kind=<system class>, name=java.security.Permission)
ROOT 500000fc (kind=<system class>, name=java.security.Guard)
ROOT 500000fd (kind=<system class>, name=java.lang.StackTraceElement[])
ROOT 5000011c (kind=<system class>, name=java.lang.StackTraceElement)
ROOT 500000fe (kind=<system class>, name=java.lang.ThreadGroup[])
ROOT 50000145 (kind=<system class>, name=java.lang.ThreadGroup)
ROOT 500000ff (kind=<system class>, name=java.lang.Thread$UncaughtExceptionHandler[])
ROOT 50000146 (kind=<system class>, name=java.lang.Thread$UncaughtExceptionHandler)
ROOT 50000100 (kind=<system class>, name=com.sun.demo.jvmti.hprof.Tracker)
ROOT 50000101 (kind=<system class>, name=java.lang.String$CaseInsensitiveComparator)
ROOT 50000102 (kind=<system class>, name=java.util.Comparator)
ROOT 50000103 (kind=<system class>, name=java.io.ObjectStreamField[])
ROOT 50000105 (kind=<system class>, name=java.io.ObjectStreamField)
ROOT 50000104 (kind=<system class>, name=java.lang.Comparable[])
ROOT 5000016a (kind=<system class>, name=java.lang.Comparable)
ROOT 50000105 (kind=<system class>, name=java.io.ObjectStreamField)
ROOT 50000106 (kind=<system class>, name=java.lang.OutOfMemoryError[])
ROOT 50000151 (kind=<system class>, name=java.lang.OutOfMemoryError)
ROOT 50000107 (kind=<system class>, name=java.lang.VirtualMachineError[])
ROOT 50000152 (kind=<system class>, name=java.lang.VirtualMachineError)
ROOT 50000108 (kind=<system class>, name=java.lang.Error[])
ROOT 5000015f (kind=<system class>, name=java.lang.Error)
ROOT 50000109 (kind=<system class>, name=java.lang.Throwable[])
ROOT 50000160 (kind=<system class>, name=java.lang.Throwable)
ROOT 5000010a (kind=<system class>, name=java.lang.ArithmeticException)
ROOT 5000010b (kind=<system class>, name=java.lang.NullPointerException)
ROOT 5000010c (kind=<system class>, name=java.lang.Class[])
ROOT 50000164 (kind=<system class>, name=java.lang.Class)
ROOT 5000010d (kind=<system class>, name=java.io.Serializable[])
ROOT 5000016b (kind=<system class>, name=java.io.Serializable)
ROOT 5000010e (kind=<system class>, name=java.lang.reflect.GenericDeclaration[])
ROOT 50000166 (kind=<system class>, name=java.lang.reflect.GenericDeclaration)
ROOT 5000010f (kind=<system class>, name=java.lang.reflect.AnnotatedElement[])
ROOT 50000167 (kind=<system class>, name=java.lang.reflect.AnnotatedElement)
ROOT 50000110 (kind=<system class>, name=java.lang.reflect.Type[])
ROOT 50000165 (kind=<system class>, name=java.lang.reflect.Type)
ROOT 50000111 (kind=<system class>, name=java.lang.Object[])
ROOT 5000016c (kind=<system class>, name=java.lang.Object)
ROOT 50000112 (kind=<system class>, name=java.lang.Long)
ROOT 50000113 (kind=<system class>, name=java.lang.Integer)
ROOT 50000114 (kind=<system class>, name=java.lang.Short)
ROOT 50000115 (kind=<system class>, name=java.lang.Byte)
ROOT 50000116 (kind=<system class>, name=java.lang.Double)
ROOT 50000117 (kind=<system class>, name=java.lang.Float)
ROOT 50000118 (kind=<system class>, name=java.lang.Number)
ROOT 50000119 (kind=<system class>, name=java.lang.Character)
ROOT 5000011a (kind=<system class>, name=java.lang.Boolean)
ROOT 5000011b (kind=<system class>, name=java.nio.Buffer)
ROOT 5000011c (kind=<system class>, name=java.lang.StackTraceElement)
ROOT 5000011d (kind=<system class>, name=sun.misc.Unsafe)
ROOT 5000011e (kind=<system class>, name=java.lang.StringBuilder)
ROOT 5000011f (kind=<system class>, name=java.lang.StringBuffer)
ROOT 50000120 (kind=<system class>, name=java.lang.AbstractStringBuilder)
ROOT 50000121 (kind=<system class>, name=java.lang.Appendable)
ROOT 50000122 (kind=<system class>, name=java.lang.invoke.VolatileCallSite)
ROOT 50000123 (kind=<system class>, name=java.lang.invoke.MutableCallSite)
ROOT 50000124 (kind=<system class>, name=java.lang.invoke.ConstantCallSite)
ROOT 50000125 (kind=<system class>, name=java.lang.invoke.CallSite)
ROOT 50000126 (kind=<system class>, name=java.lang.BootstrapMethodError)
ROOT 50000127 (kind=<system class>, name=java.lang.invoke.MethodType)
ROOT 50000128 (kind=<system class>, name=java.lang.invoke.LambdaForm)
ROOT 50000129 (kind=<system class>, name=java.lang.invoke.MethodHandleNatives)
ROOT 5000012a (kind=<system class>, name=java.lang.invoke.MemberName)
ROOT 5000012b (kind=<system class>, name=java.lang.invoke.DirectMethodHandle)
ROOT 5000012c (kind=<system class>, name=java.lang.invoke.MethodHandle)
ROOT 5000012d (kind=<system class>, name=sun.reflect.CallerSensitive)
ROOT 5000012e (kind=<system class>, name=java.lang.annotation.Annotation)
ROOT 5000012f (kind=<system class>, name=sun.reflect.UnsafeStaticFieldAccessorImpl)
ROOT 50000130 (kind=<system class>, name=sun.reflect.UnsafeFieldAccessorImpl)
ROOT 50000131 (kind=<system class>, name=sun.reflect.FieldAccessorImpl)
ROOT 50000132 (kind=<system class>, name=sun.reflect.FieldAccessor)
ROOT 50000133 (kind=<system class>, name=sun.reflect.ConstantPool)
ROOT 50000134 (kind=<system class>, name=sun.reflect.DelegatingClassLoader)
ROOT 50000135 (kind=<system class>, name=sun.reflect.ConstructorAccessorImpl)
ROOT 50000136 (kind=<system class>, name=sun.reflect.ConstructorAccessor)
ROOT 50000137 (kind=<system class>, name=sun.reflect.MethodAccessorImpl)
ROOT 50000138 (kind=<system class>, name=sun.reflect.MethodAccessor)
ROOT 50000139 (kind=<system class>, name=sun.reflect.MagicAccessorImpl)
ROOT 5000013a (kind=<system class>, name=java.lang.reflect.Constructor)
ROOT 5000013b (kind=<system class>, name=java.lang.reflect.Method)
ROOT 5000013c (kind=<system class>, name=java.lang.reflect.Executable)
ROOT 5000013d (kind=<system class>, name=java.lang.reflect.Parameter)
ROOT 5000013e (kind=<system class>, name=java.lang.reflect.Field)
ROOT 5000013f (kind=<system class>, name=java.lang.reflect.Member)
ROOT 50000140 (kind=<system class>, name=java.lang.reflect.AccessibleObject)
ROOT 50000141 (kind=<system class>, name=java.util.Properties)
ROOT 50000142 (kind=<system class>, name=java.util.Hashtable)
ROOT 50000143 (kind=<system class>, name=java.util.Dictionary)
ROOT 50000144 (kind=<system class>, name=java.util.Map)
ROOT 50000145 (kind=<system class>, name=java.lang.ThreadGroup)
ROOT 50000146 (kind=<system class>, name=java.lang.Thread$UncaughtExceptionHandler)
ROOT 50000147 (kind=<system class>, name=java.lang.Thread)
ROOT 50000148 (kind=<system class>, name=java.lang.Runnable)
ROOT 50000149 (kind=<system class>, name=java.lang.ref.Finalizer)
ROOT 5000014a (kind=<system class>, name=java.lang.ref.PhantomReference)
ROOT 5000014b (kind=<system class>, name=java.lang.ref.FinalReference)
ROOT 5000014c (kind=<system class>, name=java.lang.ref.WeakReference)
ROOT 5000014d (kind=<system class>, name=java.lang.ref.SoftReference)
ROOT 5000014e (kind=<system class>, name=java.lang.ref.Reference)
ROOT 5000014f (kind=<system class>, name=java.lang.IllegalMonitorStateException)
ROOT 50000150 (kind=<system class>, name=java.lang.StackOverflowError)
ROOT 50000151 (kind=<system class>, name=java.lang.OutOfMemoryError)
ROOT 50000152 (kind=<system class>, name=java.lang.VirtualMachineError)
ROOT 50000153 (kind=<system class>, name=java.lang.ArrayStoreException)
ROOT 50000154 (kind=<system class>, name=java.lang.ClassCastException)
ROOT 50000155 (kind=<system class>, name=java.lang.NoClassDefFoundError)
ROOT 50000156 (kind=<system class>, name=java.lang.LinkageError)
ROOT 50000157 (kind=<system class>, name=java.lang.ClassNotFoundException)
ROOT 50000158 (kind=<system class>, name=java.lang.ReflectiveOperationException)
ROOT 50000159 (kind=<system class>, name=java.security.AccessControlContext)
ROOT 5000015a (kind=<system class>, name=java.security.ProtectionDomain)
ROOT 5000015b (kind=<system class>, name=java.lang.SecurityManager)
ROOT 5000015c (kind=<system class>, name=java.lang.RuntimeException)
ROOT 5000015d (kind=<system class>, name=java.lang.Exception)
ROOT 5000015e (kind=<system class>, name=java.lang.ThreadDeath)
ROOT 5000015f (kind=<system class>, name=java.lang.Error)
ROOT 50000160 (kind=<system class>, name=java.lang.Throwable)
ROOT 50000161 (kind=<system class>, name=java.lang.System)
ROOT 50000162 (kind=<system class>, name=java.lang.ClassLoader)
ROOT 50000163 (kind=<system class>, name=java.lang.Cloneable)
ROOT 50000164 (kind=<system class>, name=java.lang.Class)
ROOT 50000165 (kind=<system class>, name=java.lang.reflect.Type)
ROOT 50000166 (kind=<system class>, name=java.lang.reflect.GenericDeclaration)
ROOT 50000167 (kind=<system class>, name=java.lang.reflect.AnnotatedElement)
ROOT 50000168 (kind=<system class>, name=java.lang.String)
ROOT 50000169 (kind=<system class>, name=java.lang.CharSequence)
ROOT 5000016a (kind=<system class>, name=java.lang.Comparable)
ROOT 5000016b (kind=<system class>, name=java.io.Serializable)
ROOT 5000016c (kind=<system class>, name=java.lang.Object)
ROOT 5000016d (kind=<system class>, name=long[])
ROOT 50000a31 (kind=<system class>, name=java.lang.Class)
ROOT 5000016e (kind=<system class>, name=int[])
ROOT 50000a32 (kind=<system class>, name=java.lang.Class)
ROOT 5000016f (kind=<system class>, name=short[])
ROOT 50000a33 (kind=<system class>, name=java.lang.Class)
ROOT 50000170 (kind=<system class>, name=byte[])
ROOT 50000a34 (kind=<system class>, name=java.lang.Class)
ROOT 50000171 (kind=<system class>, name=double[])
ROOT 50000a35 (kind=<system class>, name=java.lang.Class)
ROOT 50000172 (kind=<system class>, name=float[])
ROOT 50000a36 (kind=<system class>, name=java.lang.Class)
ROOT 50000173 (kind=<system class>, name=char[])
ROOT 50000a37 (kind=<system class>, name=java.lang.Class)
ROOT 50000174 (kind=<system class>, name=boolean[])
ROOT 50000a38 (kind=<system class>, name=java.lang.Class)
ROOT 5000096e (kind=<busy monitor>)
ROOT 5000096b (kind=<busy monitor>)
ROOT 50000a32 (kind=<unknown>)
ROOT 50000a36 (kind=<unknown>)
ROOT 50000a35 (kind=<unknown>)
ROOT 50000a34 (kind=<unknown>)
ROOT 50000a38 (kind=<unknown>)
ROOT 50000a37 (kind=<unknown>)
ROOT 50000a31 (kind=<unknown>)
ROOT 50000a33 (kind=<unknown>)
ROOT 50000a39 (kind=<unknown>)
ROOT 50000a38 (kind=<unknown>)
ROOT 50000a37 (kind=<unknown>)
ROOT 50000a36 (kind=<unknown>)
ROOT 50000a35 (kind=<unknown>)
ROOT 50000a34 (kind=<unknown>)
ROOT 50000a33 (kind=<unknown>)
ROOT 50000a32 (kind=<unknown>)
ROOT 50000a31 (kind=<unknown>)
ROOT 50000a39 (kind=<unknown>)
ROOT 50000a3a (kind=<unknown>)
ROOT 50000a3b (kind=<unknown>)
ROOT 50000a3c (kind=<unknown>)
ROOT 50000a3d (kind=<unknown>)
ROOT 50000a3e (kind=<unknown>)
ROOT 50000a3f (kind=<unknown>)
ROOT 50000a40 (kind=<unknown>)
ROOT 50000a41 (kind=<unknown>)
ROOT 50000a42 (kind=<unknown>)
ROOT 50000a43 (kind=<unknown>)
ROOT 50000a44 (kind=<unknown>)
ROOT 50000a45 (kind=<unknown>)
ROOT 50000a46 (kind=<unknown>)
ROOT 50000a47 (kind=<unknown>)
ROOT 50000a48 (kind=<unknown>)
ROOT 50000161 (kind=<unknown>)
ROOT 50000100 (kind=<unknown>)
ROOT 50000a49 (kind=<unknown>)
ROOT 50000a4a (kind=<unknown>)
ROOT 50000a4b (kind=<unknown>)
ROOT 50000100 (kind=<unknown>)
ROOT 50000100 (kind=<unknown>)
ROOT 50000a4c (kind=<unknown>)
ROOT 50000041 (kind=<unknown>)
ROOT 50000a4d (kind=<unknown>)
ROOT 50000100 (kind=<unknown>)
ROOT 50000100 (kind=<unknown>)
ROOT 50000100 (kind=<unknown>)
ROOT 50000a4e (kind=<unknown>)
ROOT 50000a4e (kind=<unknown>)
ROOT 50000100 (kind=<unknown>)
ROOT 50000a4c (kind=<unknown>)
ROOT 50000161 (kind=<unknown>)
ROOT 50000a4f (kind=<unknown>)
ROOT 50000a4f (kind=<unknown>)
ROOT 50000a50 (kind=<unknown>)
ROOT 50000100 (kind=<unknown>)
ROOT 50000a4c (kind=<unknown>)
ROOT 50000100 (kind=<unknown>)
ROOT 50000a4c (kind=<unknown>)
OBJ 50000175 (sz=376, trace=300001, class=java.lang.Thread@50000147)
OBJ 50000176 (sz=16, trace=300002, class=java.lang.Object@5000016c)
ARR 50000177 (sz=56, trace=300003, nelems=0, elem type=char[])
OBJ 50000178 (sz=376, trace=300000, class=java.lang.Thread@50000147)
OBJ 50000179 (sz=376, trace=300001, class=java.lang.Thread@50000147)
OBJ 5000017a (sz=16, trace=300002, class=java.lang.Object@5000016c)
ARR 5000017b (sz=56, trace=300003, nelems=0, elem type=char[])
OBJ 5000017c (sz=376, trace=300001, class=java.lang.Thread@50000147)
OBJ 5000017d (sz=16, trace=300002, class=java.lang.Object@5000016c)
ARR 5000017e (sz=56, trace=300003, nelems=0, elem type=char[])
ARR 50000181 (sz=24, trace=300005, nelems=0, elem type=java.lang.invoke.MethodHandle[]@50000180)
OBJ 50000183 (sz=16, trace=300007, class=java.lang.invoke.MemberName$Factory@50000182)
ARR 50000185 (sz=24, trace=300009, nelems=0, elem type=java.lang.Class[]@5000010c)
OBJ 50000187 (sz=24, trace=300011, class=java.lang.invoke.MethodType$ConcurrentWeakInternSet@50000186)
	map		50000188
	stale		50000189
OBJ 50000188 (sz=64, trace=300012, class=java.util.concurrent.ConcurrentHashMap@5000002e)
	table		500001a8
OBJ 50000189 (sz=32, trace=300013, class=java.lang.ref.ReferenceQueue@500000e5)
	lock		5000018a
OBJ 5000018a (sz=16, trace=300014, class=java.lang.ref.ReferenceQueue$Lock@500000e3)
ARR 5000018b (sz=16, trace=300015, nelems=0, elem type=java.lang.Class[]@5000010c)
ARR 5000018d (sz=96, trace=300016, nelems=0, elem type=java.lang.invoke.MethodType[]@5000018c)
ARR 5000018e (sz=16, trace=300017, nelems=0, elem type=java.io.ObjectStreamField[]@50000103)
ARR 50000190 (sz=40, trace=300019, nelems=0, elem type=java.lang.Object[]@50000111)
OBJ 50000192 (sz=16, trace=300021, class=java.lang.invoke.MethodHandleStatics$1@50000191)
OBJ 50000193 (sz=56, trace=300022, class=java.lang.Class$ReflectionData@500000ad)
OBJ 50000194 (sz=40, trace=300023, class=java.lang.ref.SoftReference@5000014d)
OBJ 50000197 (sz=72, trace=300025, class=java.lang.reflect.Field@5000013e)
OBJ 50000198 (sz=72, trace=300025, class=java.lang.reflect.Field@5000013e)
ARR 50000199 (sz=24, trace=300026, nelems=2, elem type=java.lang.Class[]@5000010c)
	[0]		5000012c
	[1]		50000111
OBJ 5000019a (sz=40, trace=300027, class=java.lang.invoke.MethodType@50000127)
OBJ 5000019c (sz=32, trace=300029, class=java.lang.invoke.MethodType$ConcurrentWeakInternSet$WeakEntry@5000019b)
OBJ 5000019d (sz=40, trace=300030, class=java.lang.invoke.MethodType@50000127)
	rtype		5000016c
	ptypes		50000199
	form		500001a2
OBJ 5000019f (sz=40, trace=300032, class=java.lang.invoke.MethodType@50000127)
OBJ 500001a0 (sz=32, trace=300029, class=java.lang.invoke.MethodType$ConcurrentWeakInternSet$WeakEntry@5000019b)
OBJ 500001a1 (sz=40, trace=300033, class=java.lang.invoke.MethodType@50000127)
	rtype		5000016c
	ptypes		500015d0
	form		500001a2
OBJ 500001a2 (sz=72, trace=300034, class=java.lang.invoke.MethodTypeForm@50000195)
	argToSlotTable	500001a4
	slotToArgTable	500001a3
	erasedType	500001a1
	basicType	500001a1
	lambdaForms	500001a6
ARR 500001a3 (sz=12, trace=300035, nelems=3, elem type=int[])
ARR 500001a4 (sz=12, trace=300036, nelems=3, elem type=int[])
ARR 500001a6 (sz=80, trace=300037, nelems=0, elem type=java.lang.invoke.LambdaForm[]@500001a5)
OBJ 500001a7 (sz=32, trace=300038, class=java.lang.invoke.MethodType$ConcurrentWeakInternSet$WeakEntry@5000019b)
	referent	500001a1
	queue		50000189
ARR 500001a8 (sz=80, trace=300039, nelems=13, elem type=java.util.concurrent.ConcurrentHashMap$Node[]@50000026)
	[5]		500001ab
	[12]		500001a9
OBJ 500001a9 (sz=32, trace=300040, class=java.util.concurrent.ConcurrentHashMap$Node@50000027)
	key		500001a7
	val		500001a7
OBJ 500001aa (sz=32, trace=300038, class=java.lang.invoke.MethodType$ConcurrentWeakInternSet$WeakEntry@5000019b)
	referent	5000019d
	queue		50000189
OBJ 500001ab (sz=32, trace=300040, class=java.util.concurrent.ConcurrentHashMap$Node@50000027)
	key		500001aa
	val		500001aa
ARR 500001ac (sz=16, trace=300041, nelems=0, elem type=java.lang.Class[]@5000010c)
OBJ 500001ad (sz=56, trace=300042, class=java.lang.Class$ReflectionData@500000ad)
OBJ 500001ae (sz=40, trace=300023, class=java.lang.ref.SoftReference@5000014d)
OBJ 500001b0 (sz=88, trace=300044, class=java.lang.reflect.Method@5000013b)
OBJ 500001b1 (sz=56, trace=300045, class=java.lang.invoke.MemberName@5000012a)
	clazz		5000012c
	name		500015cb
	type		500001b2
ARR 500001b2 (sz=24, trace=300046, nelems=2, elem type=java.lang.Object[]@50000111)
	[0]		5000012c
	[1]		500015cd
OBJ 500001b3 (sz=24, trace=300047, class=java.lang.invoke.LambdaForm$NamedFunction@50000184)
	member		500001b1
OBJ 500001b4 (sz=72, trace=300025, class=java.lang.reflect.Field@5000013e)
OBJ 500001b5 (sz=376, trace=300001, class=java.lang.Thread@50000147)
OBJ 500001b6 (sz=16, trace=300002, class=java.lang.Object@5000016c)
ARR 500001b7 (sz=48, trace=300003, nelems=0, elem type=char[])
OBJ 500001b9 (sz=24, trace=300048, class=java.lang.StringBuilder@5000011e)
ARR 500001ba (sz=48, trace=300049, nelems=0, elem type=char[])
ARR 500001bb (sz=88, trace=300050, nelems=0, elem type=char[])
ARR 500001bc (sz=160, trace=300050, nelems=0, elem type=char[])
ARR 500001bd (sz=304, trace=300050, nelems=0, elem type=char[])
OBJ 500001be (sz=24, trace=300051, class=java.lang.String@50000168)
ARR 500001bf (sz=160, trace=300052, nelems=0, elem type=char[])
OBJ 500001c0 (sz=32, trace=300053, class=java.io.File@50000077)
OBJ 500001c1 (sz=376, trace=300000, class=java.lang.Thread@50000147)
OBJ 500001c3 (sz=24, trace=300054, class=sun.launcher.LauncherHelper@500001c2)
	name		500015f2
ARR 500001c5 (sz=24, trace=300055, nelems=1, elem type=sun.launcher.LauncherHelper[]@500001c4)
	[0]		500001c3
OBJ 500001c6 (sz=24, trace=300056, class=java.lang.StringBuilder@5000011e)
	value		500001c7
ARR 500001c7 (sz=32, trace=300057, nelems=16, elem type=char[])
OBJ 500001c8 (sz=24, trace=300058, class=java.lang.String@50000168)
	value		500001d6
OBJ 500001ca (sz=16, trace=300060, class=java.lang.ThreadLocal@50000092)
OBJ 500001cb (sz=16, trace=300061, class=java.lang.ThreadLocal@50000092)
OBJ 500001cd (sz=24, trace=300063, class=java.lang.ThreadLocal$ThreadLocalMap@500001cc)
	table		500001d0
ARR 500001d0 (sz=80, trace=300065, nelems=8, elem type=java.lang.ThreadLocal$ThreadLocalMap$Entry[]@500001cf)
	[5]		5000020b
	[7]		500001d1
OBJ 500001d1 (sz=32, trace=300066, class=java.lang.ThreadLocal$ThreadLocalMap$Entry@500001ce)
	referent	500001ca
	queue		50000a98
	value		500001d5
OBJ 500001d3 (sz=32, trace=300068, class=java.lang.StringCoding$StringDecoder@500001d2)
	requestedCharsetName	50000c66
	cs		50001053
	cd		500001d4
OBJ 500001d4 (sz=48, trace=300069, class=sun.nio.cs.SingleByte$Decoder@5000003a)
	charset		50001053
	replacement	5000104b
	malformedInputAction	50001034
	unmappableCharacterAction	50001034
	b2c		5000146c
OBJ 500001d5 (sz=40, trace=300070, class=java.lang.ref.SoftReference@5000014d)
	referent	500001d3
	queue		50000a98
ARR 500001d6 (sz=4, trace=300071, nelems=2, elem type=char[])
OBJ 500001d7 (sz=16, trace=300072, class=java.lang.Object@5000016c)
ARR 500001d8 (sz=80, trace=300073, nelems=11, elem type=java.util.concurrent.ConcurrentHashMap$Node[]@50000026)
	[0]		5000086b
	[1]		500001d9
	[10]		50000898
OBJ 500001d9 (sz=32, trace=300074, class=java.util.concurrent.ConcurrentHashMap$Node@50000027)
	key		500001c8
	val		500001d7
OBJ 500001da (sz=16, trace=300075, class=java.lang.Object@5000016c)
ARR 500001db (sz=80, trace=300073, nelems=11, elem type=java.util.concurrent.ConcurrentHashMap$Node[]@50000026)
	[0]		5000086d
	[1]		500001dc
	[10]		5000089a
OBJ 500001dc (sz=32, trace=300074, class=java.util.concurrent.ConcurrentHashMap$Node@50000027)
	key		500001c8
	val		500001da
OBJ 500001de (sz=24, trace=300077, class=java.net.URLClassLoader$1@500001dd)
ARR 500001df (sz=32, trace=300078, nelems=0, elem type=char[])
OBJ 500001e0 (sz=24, trace=300079, class=java.lang.String@50000168)
OBJ 500001e2 (sz=24, trace=300081, class=java.lang.StringBuilder@5000011e)
ARR 500001e3 (sz=48, trace=300082, nelems=0, elem type=char[])
ARR 500001e4 (sz=160, trace=300050, nelems=0, elem type=char[])
OBJ 500001e5 (sz=24, trace=300083, class=java.lang.String@50000168)
	value		500001e6
ARR 500001e6 (sz=144, trace=300084, nelems=72, elem type=char[])
OBJ 500001e8 (sz=24, trace=300086, class=sun.misc.URLClassPath$3@500001e7)
OBJ 500001ef (sz=16, trace=300090, class=java.util.zip.ZipFile$1@500001ee)
OBJ 500001f0 (sz=24, trace=300091, class=java.lang.StringBuilder@5000011e)
ARR 500001f1 (sz=48, trace=300092, nelems=0, elem type=char[])
OBJ 500001f2 (sz=24, trace=300093, class=java.lang.StringBuffer@5000011f)
ARR 500001f3 (sz=160, trace=300094, nelems=0, elem type=char[])
ARR 500001f4 (sz=160, trace=300095, nelems=0, elem type=char[])
OBJ 500001f5 (sz=24, trace=300096, class=java.lang.String@50000168)
ARR 500001f6 (sz=160, trace=300050, nelems=0, elem type=char[])
ARR 500001f7 (sz=304, trace=300050, nelems=0, elem type=char[])
OBJ 500001f8 (sz=24, trace=300097, class=java.lang.String@50000168)
	value		500001f9
ARR 500001f9 (sz=144, trace=300098, nelems=72, elem type=char[])
OBJ 500001fa (sz=64, trace=300099, class=java.net.URL@50000013)
	protocol	50000f71
	host		50000a60
	file		500001f8
	authority	50000a60
	path		500001f8
	handler		50000f22
OBJ 500001fb (sz=24, trace=300100, class=java.net.Parts@50000012)
OBJ 500001fc (sz=48, trace=300101, class=sun.misc.URLClassPath$JarLoader@500001ea)
	base		500001fa
	csu		50000f28
	metaIndex	5000100b
	handler		50000f22
	lmap		50000f23
OBJ 500001fd (sz=24, trace=300102, class=java.lang.StringBuilder@5000011e)
ARR 500001fe (sz=152, trace=300103, nelems=0, elem type=char[])
ARR 500001ff (sz=88, trace=300104, nelems=0, elem type=byte[])
OBJ 50000200 (sz=48, trace=300105, class=java.nio.HeapByteBuffer@5000007e)
ARR 50000201 (sz=152, trace=300106, nelems=0, elem type=char[])
OBJ 50000202 (sz=48, trace=300107, class=java.nio.HeapCharBuffer@50000038)
OBJ 50000206 (sz=24, trace=300110, class=sun.nio.cs.ThreadLocalCoders$1@50000205)
	cache		50000207
OBJ 50000207 (sz=16, trace=300111, class=java.lang.ThreadLocal@50000092)
OBJ 50000209 (sz=24, trace=300113, class=sun.nio.cs.ThreadLocalCoders$2@50000208)
	cache		5000020a
OBJ 5000020a (sz=16, trace=300114, class=java.lang.ThreadLocal@50000092)
OBJ 5000020b (sz=32, trace=300066, class=java.lang.ThreadLocal$ThreadLocalMap$Entry@500001ce)
	referent	50000207
	queue		50000a98
	value		5000020c
ARR 5000020c (sz=32, trace=300115, nelems=1, elem type=java.lang.Object[]@50000111)
	[0]		50000220
ARR 5000020d (sz=32, trace=300116, nelems=0, elem type=char[])
OBJ 5000020e (sz=24, trace=300117, class=java.lang.String@50000168)
ARR 5000020f (sz=32, trace=300118, nelems=0, elem type=char[])
OBJ 50000210 (sz=24, trace=300119, class=java.lang.StringBuilder@5000011e)
ARR 50000211 (sz=48, trace=300120, nelems=0, elem type=char[])
OBJ 50000212 (sz=24, trace=300121, class=java.lang.String@50000168)
ARR 50000213 (sz=48, trace=300122, nelems=0, elem type=char[])
ARR 50000216 (sz=16, trace=300124, nelems=0, elem type=java.lang.Class[]@5000010c)
OBJ 50000217 (sz=56, trace=300125, class=java.lang.Class$ReflectionData@500000ad)
OBJ 50000218 (sz=40, trace=300023, class=java.lang.ref.SoftReference@5000014d)
OBJ 50000219 (sz=80, trace=300126, class=java.lang.reflect.Constructor@5000013a)
OBJ 5000021a (sz=24, trace=300127, class=java.lang.Class$1@5000008a)
OBJ 5000021b (sz=24, trace=300128, class=sun.reflect.NativeConstructorAccessorImpl@50000088)
OBJ 5000021c (sz=16, trace=300129, class=sun.reflect.DelegatingConstructorAccessorImpl@50000087)
OBJ 5000021d (sz=24, trace=300130, class=sun.nio.cs.UTF_8@50000215)
	name		50001463
	aliases		50001413
ARR 5000021e (sz=24, trace=300131, nelems=2, elem type=java.lang.Object[]@50000111)
	[0]		50001463
	[1]		5000021d
OBJ 50000220 (sz=40, trace=300133, class=sun.nio.cs.UTF_8$Decoder@5000021f)
	charset		5000021d
	replacement	5000104b
	malformedInputAction	50001033
	unmappableCharacterAction	50001033
OBJ 50000221 (sz=24, trace=300134, class=java.lang.String@50000168)
ARR 50000222 (sz=24, trace=300135, nelems=0, elem type=char[])
OBJ 50000223 (sz=24, trace=300136, class=java.lang.String@50000168)
ARR 50000224 (sz=24, trace=300137, nelems=0, elem type=char[])
OBJ 50000225 (sz=24, trace=300138, class=java.lang.String@50000168)
ARR 50000226 (sz=144, trace=300139, nelems=0, elem type=char[])
OBJ 50000227 (sz=32, trace=300140, class=java.io.File@50000077)
OBJ 50000228 (sz=24, trace=300141, class=java.lang.StringBuffer@5000011f)
ARR 50000229 (sz=144, trace=300142, nelems=0, elem type=char[])
ARR 5000022a (sz=144, trace=300143, nelems=0, elem type=char[])
OBJ 5000022b (sz=24, trace=300144, class=java.lang.String@50000168)
ARR 5000022c (sz=144, trace=300145, nelems=0, elem type=char[])
OBJ 5000022d (sz=24, trace=300146, class=java.lang.String@50000168)
ARR 5000022e (sz=144, trace=300147, nelems=0, elem type=char[])
ARR 5000022f (sz=56, trace=300148, nelems=0, elem type=java.lang.Object[]@50000111)
ARR 50000230 (sz=80, trace=300149, nelems=15, elem type=java.util.HashMap$Node[]@500000b8)
	[0]		50000321
	[2]		500002d1
	[4]		50000281
	[7]		500002f9
	[11]		50000259
	[12]		50000371
	[13]		50000231
	[14]		500002a9
OBJ 50000231 (sz=32, trace=300150, class=java.util.HashMap$Node@500000b9)
	key		500001e5
	value		500001fc
OBJ 50000232 (sz=24, trace=300081, class=java.lang.StringBuilder@5000011e)
ARR 50000233 (sz=48, trace=300082, nelems=0, elem type=char[])
ARR 50000234 (sz=144, trace=300050, nelems=0, elem type=char[])
OBJ 50000235 (sz=24, trace=300083, class=java.lang.String@50000168)
	value		50000236
ARR 50000236 (sz=128, trace=300084, nelems=64, elem type=char[])
OBJ 50000237 (sz=24, trace=300086, class=sun.misc.URLClassPath$3@500001e7)
OBJ 50000238 (sz=24, trace=300091, class=java.lang.StringBuilder@5000011e)
ARR 50000239 (sz=48, trace=300092, nelems=0, elem type=char[])
OBJ 5000023a (sz=24, trace=300093, class=java.lang.StringBuffer@5000011f)
ARR 5000023b (sz=144, trace=300094, nelems=0, elem type=char[])
ARR 5000023c (sz=144, trace=300095, nelems=0, elem type=char[])
OBJ 5000023d (sz=24, trace=300096, class=java.lang.String@50000168)
ARR 5000023e (sz=144, trace=300050, nelems=0, elem type=char[])
ARR 5000023f (sz=272, trace=300050, nelems=0, elem type=char[])
OBJ 50000240 (sz=24, trace=300097, class=java.lang.String@50000168)
	value		50000241
ARR 50000241 (sz=128, trace=300098, nelems=64, elem type=char[])
OBJ 50000242 (sz=64, trace=300099, class=java.net.URL@50000013)
	protocol	50000f71
	host		50000a60
	file		50000240
	authority	50000a60
	path		50000240
	handler		50000f22
OBJ 50000243 (sz=24, trace=300100, class=java.net.Parts@50000012)
OBJ 50000244 (sz=48, trace=300101, class=sun.misc.URLClassPath$JarLoader@500001ea)
	base		50000242
	csu		50000f29
	metaIndex	50001012
	handler		50000f22
	lmap		50000f23
OBJ 50000245 (sz=24, trace=300102, class=java.lang.StringBuilder@5000011e)
ARR 50000246 (sz=136, trace=300103, nelems=0, elem type=char[])
ARR 50000247 (sz=80, trace=300104, nelems=0, elem type=byte[])
OBJ 50000248 (sz=48, trace=300105, class=java.nio.HeapByteBuffer@5000007e)
ARR 50000249 (sz=136, trace=300106, nelems=0, elem type=char[])
OBJ 5000024a (sz=48, trace=300107, class=java.nio.HeapCharBuffer@50000038)
OBJ 5000024b (sz=24, trace=300134, class=java.lang.String@50000168)
ARR 5000024c (sz=24, trace=300135, nelems=0, elem type=char[])
OBJ 5000024d (sz=24, trace=300136, class=java.lang.String@50000168)
ARR 5000024e (sz=24, trace=300137, nelems=0, elem type=char[])
OBJ 5000024f (sz=24, trace=300138, class=java.lang.String@50000168)
ARR 50000250 (sz=128, trace=300139, nelems=0, elem type=char[])
OBJ 50000251 (sz=32, trace=300140, class=java.io.File@50000077)
OBJ 50000252 (sz=24, trace=300141, class=java.lang.StringBuffer@5000011f)
ARR 50000253 (sz=128, trace=300142, nelems=0, elem type=char[])
ARR 50000254 (sz=128, trace=300143, nelems=0, elem type=char[])
OBJ 50000255 (sz=24, trace=300144, class=java.lang.String@50000168)
ARR 50000256 (sz=128, trace=300145, nelems=0, elem type=char[])
OBJ 50000257 (sz=24, trace=300146, class=java.lang.String@50000168)
ARR 50000258 (sz=128, trace=300147, nelems=0, elem type=char[])
OBJ 50000259 (sz=32, trace=300150, class=java.util.HashMap$Node@500000b9)
	key		50000235
	value		50000244
OBJ 5000025a (sz=24, trace=300081, class=java.lang.StringBuilder@5000011e)
ARR 5000025b (sz=48, trace=300082, nelems=0, elem type=char[])
ARR 5000025c (sz=144, trace=300050, nelems=0, elem type=char[])
OBJ 5000025d (sz=24, trace=300083, class=java.lang.String@50000168)
	value		5000025e
ARR 5000025e (sz=122, trace=300084, nelems=61, elem type=char[])
OBJ 5000025f (sz=24, trace=300086, class=sun.misc.URLClassPath$3@500001e7)
OBJ 50000260 (sz=24, trace=300091, class=java.lang.StringBuilder@5000011e)
ARR 50000261 (sz=48, trace=300092, nelems=0, elem type=char[])
OBJ 50000262 (sz=24, trace=300093, class=java.lang.StringBuffer@5000011f)
ARR 50000263 (sz=136, trace=300094, nelems=0, elem type=char[])
ARR 50000264 (sz=136, trace=300095, nelems=0, elem type=char[])
OBJ 50000265 (sz=24, trace=300096, class=java.lang.String@50000168)
ARR 50000266 (sz=136, trace=300050, nelems=0, elem type=char[])
ARR 50000267 (sz=256, trace=300050, nelems=0, elem type=char[])
OBJ 50000268 (sz=24, trace=300097, class=java.lang.String@50000168)
	value		50000269
ARR 50000269 (sz=122, trace=300098, nelems=61, elem type=char[])
OBJ 5000026a (sz=64, trace=300099, class=java.net.URL@50000013)
	protocol	50000f71
	host		50000a60
	file		50000268
	authority	50000a60
	path		50000268
	handler		50000f22
OBJ 5000026b (sz=24, trace=300100, class=java.net.Parts@50000012)
OBJ 5000026c (sz=48, trace=300101, class=sun.misc.URLClassPath$JarLoader@500001ea)
	base		5000026a
	csu		50000f2a
	metaIndex	50000fe1
	handler		50000f22
	lmap		50000f23
OBJ 5000026d (sz=24, trace=300102, class=java.lang.StringBuilder@5000011e)
ARR 5000026e (sz=128, trace=300103, nelems=0, elem type=char[])
ARR 5000026f (sz=72, trace=300104, nelems=0, elem type=byte[])
OBJ 50000270 (sz=48, trace=300105, class=java.nio.HeapByteBuffer@5000007e)
ARR 50000271 (sz=128, trace=300106, nelems=0, elem type=char[])
OBJ 50000272 (sz=48, trace=300107, class=java.nio.HeapCharBuffer@50000038)
OBJ 50000273 (sz=24, trace=300134, class=java.lang.String@50000168)
ARR 50000274 (sz=24, trace=300135, nelems=0, elem type=char[])
OBJ 50000275 (sz=24, trace=300136, class=java.lang.String@50000168)
ARR 50000276 (sz=24, trace=300137, nelems=0, elem type=char[])
OBJ 50000277 (sz=24, trace=300138, class=java.lang.String@50000168)
ARR 50000278 (sz=120, trace=300139, nelems=0, elem type=char[])
OBJ 50000279 (sz=32, trace=300140, class=java.io.File@50000077)
OBJ 5000027a (sz=24, trace=300141, class=java.lang.StringBuffer@5000011f)
ARR 5000027b (sz=120, trace=300142, nelems=0, elem type=char[])
ARR 5000027c (sz=120, trace=300143, nelems=0, elem type=char[])
OBJ 5000027d (sz=24, trace=300144, class=java.lang.String@50000168)
ARR 5000027e (sz=120, trace=300145, nelems=0, elem type=char[])
OBJ 5000027f (sz=24, trace=300146, class=java.lang.String@50000168)
ARR 50000280 (sz=120, trace=300147, nelems=0, elem type=char[])
OBJ 50000281 (sz=32, trace=300150, class=java.util.HashMap$Node@500000b9)
	key		5000025d
	value		5000026c
	next		500003c2
OBJ 50000282 (sz=24, trace=300081, class=java.lang.StringBuilder@5000011e)
ARR 50000283 (sz=48, trace=300082, nelems=0, elem type=char[])
ARR 50000284 (sz=144, trace=300050, nelems=0, elem type=char[])
OBJ 50000285 (sz=24, trace=300083, class=java.lang.String@50000168)
	value		50000286
ARR 50000286 (sz=126, trace=300084, nelems=63, elem type=char[])
OBJ 50000287 (sz=24, trace=300086, class=sun.misc.URLClassPath$3@500001e7)
OBJ 50000288 (sz=24, trace=300091, class=java.lang.StringBuilder@5000011e)
ARR 50000289 (sz=48, trace=300092, nelems=0, elem type=char[])
OBJ 5000028a (sz=24, trace=300093, class=java.lang.StringBuffer@5000011f)
ARR 5000028b (sz=144, trace=300094, nelems=0, elem type=char[])
ARR 5000028c (sz=144, trace=300095, nelems=0, elem type=char[])
OBJ 5000028d (sz=24, trace=300096, class=java.lang.String@50000168)
ARR 5000028e (sz=144, trace=300050, nelems=0, elem type=char[])
ARR 5000028f (sz=264, trace=300050, nelems=0, elem type=char[])
OBJ 50000290 (sz=24, trace=300097, class=java.lang.String@50000168)
	value		50000291
ARR 50000291 (sz=126, trace=300098, nelems=63, elem type=char[])
OBJ 50000292 (sz=64, trace=300099, class=java.net.URL@50000013)
	protocol	50000f71
	host		50000a60
	file		50000290
	authority	50000a60
	path		50000290
	handler		50000f22
OBJ 50000293 (sz=24, trace=300100, class=java.net.Parts@50000012)
OBJ 50000294 (sz=48, trace=300101, class=sun.misc.URLClassPath$JarLoader@500001ea)
	base		50000292
	csu		50000f2b
	metaIndex	50001003
	handler		50000f22
	lmap		50000f23
OBJ 50000295 (sz=24, trace=300102, class=java.lang.StringBuilder@5000011e)
ARR 50000296 (sz=128, trace=300103, nelems=0, elem type=char[])
ARR 50000297 (sz=72, trace=300104, nelems=0, elem type=byte[])
OBJ 50000298 (sz=48, trace=300105, class=java.nio.HeapByteBuffer@5000007e)
ARR 50000299 (sz=128, trace=300106, nelems=0, elem type=char[])
OBJ 5000029a (sz=48, trace=300107, class=java.nio.HeapCharBuffer@50000038)
OBJ 5000029b (sz=24, trace=300134, class=java.lang.String@50000168)
ARR 5000029c (sz=24, trace=300135, nelems=0, elem type=char[])
OBJ 5000029d (sz=24, trace=300136, class=java.lang.String@50000168)
ARR 5000029e (sz=24, trace=300137, nelems=0, elem type=char[])
OBJ 5000029f (sz=24, trace=300138, class=java.lang.String@50000168)
ARR 500002a0 (sz=128, trace=300139, nelems=0, elem type=char[])
OBJ 500002a1 (sz=32, trace=300140, class=java.io.File@50000077)
OBJ 500002a2 (sz=24, trace=300141, class=java.lang.StringBuffer@5000011f)
ARR 500002a3 (sz=128, trace=300142, nelems=0, elem type=char[])
ARR 500002a4 (sz=128, trace=300143, nelems=0, elem type=char[])
OBJ 500002a5 (sz=24, trace=300144, class=java.lang.String@50000168)
ARR 500002a6 (sz=128, trace=300145, nelems=0, elem type=char[])
OBJ 500002a7 (sz=24, trace=300146, class=java.lang.String@50000168)
ARR 500002a8 (sz=128, trace=300147, nelems=0, elem type=char[])
OBJ 500002a9 (sz=32, trace=300150, class=java.util.HashMap$Node@500000b9)
	key		50000285
	value		50000294
OBJ 500002aa (sz=24, trace=300081, class=java.lang.StringBuilder@5000011e)
ARR 500002ab (sz=48, trace=300082, nelems=0, elem type=char[])
ARR 500002ac (sz=144, trace=300050, nelems=0, elem type=char[])
OBJ 500002ad (sz=24, trace=300083, class=java.lang.String@50000168)
	value		500002ae
ARR 500002ae (sz=122, trace=300084, nelems=61, elem type=char[])
OBJ 500002af (sz=24, trace=300086, class=sun.misc.URLClassPath$3@500001e7)
OBJ 500002b0 (sz=24, trace=300091, class=java.lang.StringBuilder@5000011e)
ARR 500002b1 (sz=48, trace=300092, nelems=0, elem type=char[])
OBJ 500002b2 (sz=24, trace=300093, class=java.lang.StringBuffer@5000011f)
ARR 500002b3 (sz=136, trace=300094, nelems=0, elem type=char[])
ARR 500002b4 (sz=136, trace=300095, nelems=0, elem type=char[])
OBJ 500002b5 (sz=24, trace=300096, class=java.lang.String@50000168)
ARR 500002b6 (sz=136, trace=300050, nelems=0, elem type=char[])
ARR 500002b7 (sz=256, trace=300050, nelems=0, elem type=char[])
OBJ 500002b8 (sz=24, trace=300097, class=java.lang.String@50000168)
	value		500002b9
ARR 500002b9 (sz=122, trace=300098, nelems=61, elem type=char[])
OBJ 500002ba (sz=64, trace=300099, class=java.net.URL@50000013)
	protocol	50000f71
	host		50000a60
	file		500002b8
	authority	50000a60
	path		500002b8
	handler		50000f22
OBJ 500002bb (sz=24, trace=300100, class=java.net.Parts@50000012)
OBJ 500002bc (sz=48, trace=300101, class=sun.misc.URLClassPath$JarLoader@500001ea)
	base		500002ba
	csu		50000f2c
	metaIndex	50000fa4
	handler		50000f22
	lmap		50000f23
OBJ 500002bd (sz=24, trace=300102, class=java.lang.StringBuilder@5000011e)
ARR 500002be (sz=128, trace=300103, nelems=0, elem type=char[])
ARR 500002bf (sz=72, trace=300104, nelems=0, elem type=byte[])
OBJ 500002c0 (sz=48, trace=300105, class=java.nio.HeapByteBuffer@5000007e)
ARR 500002c1 (sz=128, trace=300106, nelems=0, elem type=char[])
OBJ 500002c2 (sz=48, trace=300107, class=java.nio.HeapCharBuffer@50000038)
OBJ 500002c3 (sz=24, trace=300134, class=java.lang.String@50000168)
ARR 500002c4 (sz=24, trace=300135, nelems=0, elem type=char[])
OBJ 500002c5 (sz=24, trace=300136, class=java.lang.String@50000168)
ARR 500002c6 (sz=24, trace=300137, nelems=0, elem type=char[])
OBJ 500002c7 (sz=24, trace=300138, class=java.lang.String@50000168)
ARR 500002c8 (sz=120, trace=300139, nelems=0, elem type=char[])
OBJ 500002c9 (sz=32, trace=300140, class=java.io.File@50000077)
OBJ 500002ca (sz=24, trace=300141, class=java.lang.StringBuffer@5000011f)
ARR 500002cb (sz=120, trace=300142, nelems=0, elem type=char[])
ARR 500002cc (sz=120, trace=300143, nelems=0, elem type=char[])
OBJ 500002cd (sz=24, trace=300144, class=java.lang.String@50000168)
ARR 500002ce (sz=120, trace=300145, nelems=0, elem type=char[])
OBJ 500002cf (sz=24, trace=300146, class=java.lang.String@50000168)
ARR 500002d0 (sz=120, trace=300147, nelems=0, elem type=char[])
OBJ 500002d1 (sz=32, trace=300150, class=java.util.HashMap$Node@500000b9)
	key		500002ad
	value		500002bc
	next		50000349
OBJ 500002d2 (sz=24, trace=300081, class=java.lang.StringBuilder@5000011e)
ARR 500002d3 (sz=48, trace=300082, nelems=0, elem type=char[])
ARR 500002d4 (sz=152, trace=300050, nelems=0, elem type=char[])
OBJ 500002d5 (sz=24, trace=300083, class=java.lang.String@50000168)
	value		500002d6
ARR 500002d6 (sz=132, trace=300084, nelems=66, elem type=char[])
OBJ 500002d7 (sz=24, trace=300086, class=sun.misc.URLClassPath$3@500001e7)
OBJ 500002d8 (sz=24, trace=300091, class=java.lang.StringBuilder@5000011e)
ARR 500002d9 (sz=48, trace=300092, nelems=0, elem type=char[])
OBJ 500002da (sz=24, trace=300093, class=java.lang.StringBuffer@5000011f)
ARR 500002db (sz=144, trace=300094, nelems=0, elem type=char[])
ARR 500002dc (sz=144, trace=300095, nelems=0, elem type=char[])
OBJ 500002dd (sz=24, trace=300096, class=java.lang.String@50000168)
ARR 500002de (sz=144, trace=300050, nelems=0, elem type=char[])
ARR 500002df (sz=280, trace=300050, nelems=0, elem type=char[])
OBJ 500002e0 (sz=24, trace=300097, class=java.lang.String@50000168)
	value		500002e1
ARR 500002e1 (sz=132, trace=300098, nelems=66, elem type=char[])
OBJ 500002e2 (sz=64, trace=300099, class=java.net.URL@50000013)
	protocol	50000f71
	host		50000a60
	file		500002e0
	authority	50000a60
	path		500002e0
	handler		50000f22
OBJ 500002e3 (sz=24, trace=300100, class=java.net.Parts@50000012)
OBJ 500002e4 (sz=48, trace=300101, class=sun.misc.URLClassPath$JarLoader@500001ea)
	base		500002e2
	csu		50000f2d
	metaIndex	50001026
	handler		50000f22
	lmap		50000f23
OBJ 500002e5 (sz=24, trace=300102, class=java.lang.StringBuilder@5000011e)
ARR 500002e6 (sz=136, trace=300103, nelems=0, elem type=char[])
ARR 500002e7 (sz=80, trace=300104, nelems=0, elem type=byte[])
OBJ 500002e8 (sz=48, trace=300105, class=java.nio.HeapByteBuffer@5000007e)
ARR 500002e9 (sz=136, trace=300106, nelems=0, elem type=char[])
OBJ 500002ea (sz=48, trace=300107, class=java.nio.HeapCharBuffer@50000038)
OBJ 500002eb (sz=24, trace=300134, class=java.lang.String@50000168)
ARR 500002ec (sz=24, trace=300135, nelems=0, elem type=char[])
OBJ 500002ed (sz=24, trace=300136, class=java.lang.String@50000168)
ARR 500002ee (sz=24, trace=300137, nelems=0, elem type=char[])
OBJ 500002ef (sz=24, trace=300138, class=java.lang.String@50000168)
ARR 500002f0 (sz=136, trace=300139, nelems=0, elem type=char[])
OBJ 500002f1 (sz=32, trace=300140, class=java.io.File@50000077)
OBJ 500002f2 (sz=24, trace=300141, class=java.lang.StringBuffer@5000011f)
ARR 500002f3 (sz=136, trace=300142, nelems=0, elem type=char[])
ARR 500002f4 (sz=128, trace=300143, nelems=0, elem type=char[])
OBJ 500002f5 (sz=24, trace=300144, class=java.lang.String@50000168)
ARR 500002f6 (sz=128, trace=300145, nelems=0, elem type=char[])
OBJ 500002f7 (sz=24, trace=300146, class=java.lang.String@50000168)
ARR 500002f8 (sz=128, trace=300147, nelems=0, elem type=char[])
OBJ 500002f9 (sz=32, trace=300150, class=java.util.HashMap$Node@500000b9)
	key		500002d5
	value		500002e4
OBJ 500002fa (sz=24, trace=300081, class=java.lang.StringBuilder@5000011e)
ARR 500002fb (sz=48, trace=300082, nelems=0, elem type=char[])
ARR 500002fc (sz=144, trace=300050, nelems=0, elem type=char[])
OBJ 500002fd (sz=24, trace=300083, class=java.lang.String@50000168)
	value		500002fe
ARR 500002fe (sz=126, trace=300084, nelems=63, elem type=char[])
OBJ 500002ff (sz=24, trace=300086, class=sun.misc.URLClassPath$3@500001e7)
OBJ 50000300 (sz=24, trace=300091, class=java.lang.StringBuilder@5000011e)
ARR 50000301 (sz=48, trace=300092, nelems=0, elem type=char[])
OBJ 50000302 (sz=24, trace=300093, class=java.lang.StringBuffer@5000011f)
ARR 50000303 (sz=144, trace=300094, nelems=0, elem type=char[])
ARR 50000304 (sz=144, trace=300095, nelems=0, elem type=char[])
OBJ 50000305 (sz=24, trace=300096, class=java.lang.String@50000168)
ARR 50000306 (sz=144, trace=300050, nelems=0, elem type=char[])
ARR 50000307 (sz=264, trace=300050, nelems=0, elem type=char[])
OBJ 50000308 (sz=24, trace=300097, class=java.lang.String@50000168)
	value		50000309
ARR 50000309 (sz=126, trace=300098, nelems=63, elem type=char[])
OBJ 5000030a (sz=64, trace=300099, class=java.net.URL@50000013)
	protocol	50000f71
	host		50000a60
	file		50000308
	authority	50000a60
	path		50000308
	handler		50000f22
OBJ 5000030b (sz=24, trace=300100, class=java.net.Parts@50000012)
OBJ 5000030c (sz=48, trace=300101, class=sun.misc.URLClassPath$JarLoader@500001ea)
	base		5000030a
	csu		50000f2e
	metaIndex	5000101b
	handler		50000f22
	lmap		50000f23
OBJ 5000030d (sz=24, trace=300102, class=java.lang.StringBuilder@5000011e)
ARR 5000030e (sz=128, trace=300103, nelems=0, elem type=char[])
ARR 5000030f (sz=72, trace=300104, nelems=0, elem type=byte[])
OBJ 50000310 (sz=48, trace=300105, class=java.nio.HeapByteBuffer@5000007e)
ARR 50000311 (sz=128, trace=300106, nelems=0, elem type=char[])
OBJ 50000312 (sz=48, trace=300107, class=java.nio.HeapCharBuffer@50000038)
OBJ 50000313 (sz=24, trace=300134, class=java.lang.String@50000168)
ARR 50000314 (sz=24, trace=300135, nelems=0, elem type=char[])
OBJ 50000315 (sz=24, trace=300136, class=java.lang.String@50000168)
ARR 50000316 (sz=24, trace=300137, nelems=0, elem type=char[])
OBJ 50000317 (sz=24, trace=300138, class=java.lang.String@50000168)
ARR 50000318 (sz=128, trace=300139, nelems=0, elem type=char[])
OBJ 50000319 (sz=32, trace=300140, class=java.io.File@50000077)
OBJ 5000031a (sz=24, trace=300141, class=java.lang.StringBuffer@5000011f)
ARR 5000031b (sz=128, trace=300142, nelems=0, elem type=char[])
ARR 5000031c (sz=128, trace=300143, nelems=0, elem type=char[])
OBJ 5000031d (sz=24, trace=300144, class=java.lang.String@50000168)
ARR 5000031e (sz=128, trace=300145, nelems=0, elem type=char[])
OBJ 5000031f (sz=24, trace=300146, class=java.lang.String@50000168)
ARR 50000320 (sz=128, trace=300147, nelems=0, elem type=char[])
OBJ 50000321 (sz=32, trace=300150, class=java.util.HashMap$Node@500000b9)
	key		500002fd
	value		5000030c
	next		50000399
OBJ 50000322 (sz=24, trace=300081, class=java.lang.StringBuilder@5000011e)
ARR 50000323 (sz=48, trace=300082, nelems=0, elem type=char[])
ARR 50000324 (sz=144, trace=300050, nelems=0, elem type=char[])
OBJ 50000325 (sz=24, trace=300083, class=java.lang.String@50000168)
	value		50000326
ARR 50000326 (sz=122, trace=300084, nelems=61, elem type=char[])
OBJ 50000327 (sz=24, trace=300086, class=sun.misc.URLClassPath$3@500001e7)
OBJ 50000328 (sz=24, trace=300091, class=java.lang.StringBuilder@5000011e)
ARR 50000329 (sz=48, trace=300092, nelems=0, elem type=char[])
OBJ 5000032a (sz=24, trace=300093, class=java.lang.StringBuffer@5000011f)
ARR 5000032b (sz=136, trace=300094, nelems=0, elem type=char[])
ARR 5000032c (sz=136, trace=300095, nelems=0, elem type=char[])
OBJ 5000032d (sz=24, trace=300096, class=java.lang.String@50000168)
ARR 5000032e (sz=136, trace=300050, nelems=0, elem type=char[])
ARR 5000032f (sz=256, trace=300050, nelems=0, elem type=char[])
OBJ 50000330 (sz=24, trace=300097, class=java.lang.String@50000168)
	value		50000331
ARR 50000331 (sz=122, trace=300098, nelems=61, elem type=char[])
OBJ 50000332 (sz=64, trace=300099, class=java.net.URL@50000013)
	protocol	50000f71
	host		50000a60
	file		50000330
	authority	50000a60
	path		50000330
	handler		50000f22
OBJ 50000333 (sz=24, trace=300100, class=java.net.Parts@50000012)
OBJ 50000334 (sz=48, trace=300101, class=sun.misc.URLClassPath$JarLoader@500001ea)
	base		50000332
	csu		50000f2f
	metaIndex	50000ff6
	handler		50000f22
	lmap		50000f23
OBJ 50000335 (sz=24, trace=300102, class=java.lang.StringBuilder@5000011e)
ARR 50000336 (sz=128, trace=300103, nelems=0, elem type=char[])
ARR 50000337 (sz=72, trace=300104, nelems=0, elem type=byte[])
OBJ 50000338 (sz=48, trace=300105, class=java.nio.HeapByteBuffer@5000007e)
ARR 50000339 (sz=128, trace=300106, nelems=0, elem type=char[])
OBJ 5000033a (sz=48, trace=300107, class=java.nio.HeapCharBuffer@50000038)
OBJ 5000033b (sz=24, trace=300134, class=java.lang.String@50000168)
ARR 5000033c (sz=24, trace=300135, nelems=0, elem type=char[])
OBJ 5000033d (sz=24, trace=300136, class=java.lang.String@50000168)
ARR 5000033e (sz=24, trace=300137, nelems=0, elem type=char[])
OBJ 5000033f (sz=24, trace=300138, class=java.lang.String@50000168)
ARR 50000340 (sz=120, trace=300139, nelems=0, elem type=char[])
OBJ 50000341 (sz=32, trace=300140, class=java.io.File@50000077)
OBJ 50000342 (sz=24, trace=300141, class=java.lang.StringBuffer@5000011f)
ARR 50000343 (sz=120, trace=300142, nelems=0, elem type=char[])
ARR 50000344 (sz=120, trace=300143, nelems=0, elem type=char[])
OBJ 50000345 (sz=24, trace=300144, class=java.lang.String@50000168)
ARR 50000346 (sz=120, trace=300145, nelems=0, elem type=char[])
OBJ 50000347 (sz=24, trace=300146, class=java.lang.String@50000168)
ARR 50000348 (sz=120, trace=300147, nelems=0, elem type=char[])
OBJ 50000349 (sz=32, trace=300151, class=java.util.HashMap$Node@500000b9)
	key		50000325
	value		50000334
	next		500003ea
OBJ 5000034a (sz=24, trace=300081, class=java.lang.StringBuilder@5000011e)
ARR 5000034b (sz=48, trace=300082, nelems=0, elem type=char[])
ARR 5000034c (sz=160, trace=300050, nelems=0, elem type=char[])
OBJ 5000034d (sz=24, trace=300083, class=java.lang.String@50000168)
	value		5000034e
ARR 5000034e (sz=142, trace=300084, nelems=71, elem type=char[])
OBJ 5000034f (sz=24, trace=300086, class=sun.misc.URLClassPath$3@500001e7)
OBJ 50000350 (sz=24, trace=300091, class=java.lang.StringBuilder@5000011e)
ARR 50000351 (sz=48, trace=300092, nelems=0, elem type=char[])
OBJ 50000352 (sz=24, trace=300093, class=java.lang.StringBuffer@5000011f)
ARR 50000353 (sz=160, trace=300094, nelems=0, elem type=char[])
ARR 50000354 (sz=160, trace=300095, nelems=0, elem type=char[])
OBJ 50000355 (sz=24, trace=300096, class=java.lang.String@50000168)
ARR 50000356 (sz=160, trace=300050, nelems=0, elem type=char[])
ARR 50000357 (sz=296, trace=300050, nelems=0, elem type=char[])
OBJ 50000358 (sz=24, trace=300097, class=java.lang.String@50000168)
	value		50000359
ARR 50000359 (sz=142, trace=300098, nelems=71, elem type=char[])
OBJ 5000035a (sz=64, trace=300099, class=java.net.URL@50000013)
	protocol	50000f71
	host		50000a60
	file		50000358
	authority	50000a60
	path		50000358
	handler		50000f22
OBJ 5000035b (sz=24, trace=300100, class=java.net.Parts@50000012)
OBJ 5000035c (sz=48, trace=300101, class=sun.misc.URLClassPath$JarLoader@500001ea)
	base		5000035a
	csu		50000f30
	metaIndex	50000f89
	handler		50000f22
	lmap		50000f23
OBJ 5000035d (sz=24, trace=300102, class=java.lang.StringBuilder@5000011e)
ARR 5000035e (sz=144, trace=300103, nelems=0, elem type=char[])
ARR 5000035f (sz=80, trace=300104, nelems=0, elem type=byte[])
OBJ 50000360 (sz=48, trace=300105, class=java.nio.HeapByteBuffer@5000007e)
ARR 50000361 (sz=144, trace=300106, nelems=0, elem type=char[])
OBJ 50000362 (sz=48, trace=300107, class=java.nio.HeapCharBuffer@50000038)
OBJ 50000363 (sz=24, trace=300134, class=java.lang.String@50000168)
ARR 50000364 (sz=24, trace=300135, nelems=0, elem type=char[])
OBJ 50000365 (sz=24, trace=300136, class=java.lang.String@50000168)
ARR 50000366 (sz=24, trace=300137, nelems=0, elem type=char[])
OBJ 50000367 (sz=24, trace=300138, class=java.lang.String@50000168)
ARR 50000368 (sz=144, trace=300139, nelems=0, elem type=char[])
OBJ 50000369 (sz=32, trace=300140, class=java.io.File@50000077)
OBJ 5000036a (sz=24, trace=300141, class=java.lang.StringBuffer@5000011f)
ARR 5000036b (sz=144, trace=300142, nelems=0, elem type=char[])
ARR 5000036c (sz=144, trace=300143, nelems=0, elem type=char[])
OBJ 5000036d (sz=24, trace=300144, class=java.lang.String@50000168)
ARR 5000036e (sz=144, trace=300145, nelems=0, elem type=char[])
OBJ 5000036f (sz=24, trace=300146, class=java.lang.String@50000168)
ARR 50000370 (sz=144, trace=300147, nelems=0, elem type=char[])
OBJ 50000371 (sz=32, trace=300150, class=java.util.HashMap$Node@500000b9)
	key		5000034d
	value		5000035c
OBJ 50000372 (sz=24, trace=300081, class=java.lang.StringBuilder@5000011e)
ARR 50000373 (sz=48, trace=300082, nelems=0, elem type=char[])
ARR 50000374 (sz=152, trace=300050, nelems=0, elem type=char[])
OBJ 50000375 (sz=24, trace=300083, class=java.lang.String@50000168)
	value		50000376
ARR 50000376 (sz=130, trace=300084, nelems=65, elem type=char[])
OBJ 50000377 (sz=24, trace=300086, class=sun.misc.URLClassPath$3@500001e7)
OBJ 50000378 (sz=24, trace=300091, class=java.lang.StringBuilder@5000011e)
ARR 50000379 (sz=48, trace=300092, nelems=0, elem type=char[])
OBJ 5000037a (sz=24, trace=300093, class=java.lang.StringBuffer@5000011f)
ARR 5000037b (sz=144, trace=300094, nelems=0, elem type=char[])
ARR 5000037c (sz=144, trace=300095, nelems=0, elem type=char[])
OBJ 5000037d (sz=24, trace=300096, class=java.lang.String@50000168)
ARR 5000037e (sz=144, trace=300050, nelems=0, elem type=char[])
ARR 5000037f (sz=272, trace=300050, nelems=0, elem type=char[])
OBJ 50000380 (sz=24, trace=300097, class=java.lang.String@50000168)
	value		50000381
ARR 50000381 (sz=130, trace=300098, nelems=65, elem type=char[])
OBJ 50000382 (sz=64, trace=300099, class=java.net.URL@50000013)
	protocol	50000f71
	host		50000a60
	file		50000380
	authority	50000a60
	path		50000380
	handler		50000f22
OBJ 50000383 (sz=24, trace=300100, class=java.net.Parts@50000012)
OBJ 50000384 (sz=48, trace=300101, class=sun.misc.URLClassPath$JarLoader@500001ea)
	base		50000382
	csu		50000f31
	metaIndex	50000feb
	handler		50000f22
	lmap		50000f23
OBJ 50000385 (sz=24, trace=300102, class=java.lang.StringBuilder@5000011e)
ARR 50000386 (sz=136, trace=300103, nelems=0, elem type=char[])
ARR 50000387 (sz=80, trace=300104, nelems=0, elem type=byte[])
OBJ 50000388 (sz=48, trace=300105, class=java.nio.HeapByteBuffer@5000007e)
ARR 50000389 (sz=136, trace=300106, nelems=0, elem type=char[])
OBJ 5000038a (sz=48, trace=300107, class=java.nio.HeapCharBuffer@50000038)
OBJ 5000038b (sz=24, trace=300134, class=java.lang.String@50000168)
ARR 5000038c (sz=24, trace=300135, nelems=0, elem type=char[])
OBJ 5000038d (sz=24, trace=300136, class=java.lang.String@50000168)
ARR 5000038e (sz=24, trace=300137, nelems=0, elem type=char[])
OBJ 5000038f (sz=24, trace=300138, class=java.lang.String@50000168)
ARR 50000390 (sz=128, trace=300139, nelems=0, elem type=char[])
OBJ 50000391 (sz=32, trace=300140, class=java.io.File@50000077)
OBJ 50000392 (sz=24, trace=300141, class=java.lang.StringBuffer@5000011f)
ARR 50000393 (sz=128, trace=300142, nelems=0, elem type=char[])
ARR 50000394 (sz=128, trace=300143, nelems=0, elem type=char[])
OBJ 50000395 (sz=24, trace=300144, class=java.lang.String@50000168)
ARR 50000396 (sz=128, trace=300145, nelems=0, elem type=char[])
OBJ 50000397 (sz=24, trace=300146, class=java.lang.String@50000168)
ARR 50000398 (sz=128, trace=300147, nelems=0, elem type=char[])
OBJ 50000399 (sz=32, trace=300151, class=java.util.HashMap$Node@500000b9)
	key		50000375
	value		50000384
OBJ 5000039a (sz=24, trace=300081, class=java.lang.StringBuilder@5000011e)
ARR 5000039b (sz=48, trace=300082, nelems=0, elem type=char[])
ARR 5000039c (sz=152, trace=300050, nelems=0, elem type=char[])
OBJ 5000039d (sz=24, trace=300083, class=java.lang.String@50000168)
	value		5000039e
ARR 5000039e (sz=130, trace=300084, nelems=65, elem type=char[])
OBJ 5000039f (sz=24, trace=300086, class=sun.misc.URLClassPath$3@500001e7)
OBJ 500003a0 (sz=24, trace=300091, class=java.lang.StringBuilder@5000011e)
ARR 500003a1 (sz=48, trace=300092, nelems=0, elem type=char[])
OBJ 500003a2 (sz=24, trace=300093, class=java.lang.StringBuffer@5000011f)
ARR 500003a3 (sz=144, trace=300094, nelems=0, elem type=char[])
ARR 500003a4 (sz=144, trace=300095, nelems=0, elem type=char[])
OBJ 500003a5 (sz=24, trace=300096, class=java.lang.String@50000168)
ARR 500003a6 (sz=144, trace=300050, nelems=0, elem type=char[])
ARR 500003a7 (sz=272, trace=300050, nelems=0, elem type=char[])
OBJ 500003a8 (sz=24, trace=300097, class=java.lang.String@50000168)
	value		500003a9
ARR 500003a9 (sz=130, trace=300098, nelems=65, elem type=char[])
OBJ 500003aa (sz=64, trace=300099, class=java.net.URL@50000013)
	protocol	50000f71
	host		50000a60
	file		500003a8
	authority	50000a60
	path		500003a8
	handler		50000f22
OBJ 500003ab (sz=24, trace=300100, class=java.net.Parts@50000012)
OBJ 500003ac (sz=48, trace=300101, class=sun.misc.URLClassPath$JarLoader@500001ea)
	base		500003aa
	csu		50000f32
	metaIndex	50000f94
	handler		50000f22
	lmap		50000f23
OBJ 500003ad (sz=24, trace=300102, class=java.lang.StringBuilder@5000011e)
ARR 500003ae (sz=136, trace=300103, nelems=0, elem type=char[])
ARR 500003af (sz=80, trace=300104, nelems=0, elem type=byte[])
OBJ 500003b0 (sz=48, trace=300105, class=java.nio.HeapByteBuffer@5000007e)
ARR 500003b1 (sz=136, trace=300106, nelems=0, elem type=char[])
OBJ 500003b2 (sz=48, trace=300107, class=java.nio.HeapCharBuffer@50000038)
OBJ 500003b3 (sz=24, trace=300134, class=java.lang.String@50000168)
ARR 500003b4 (sz=24, trace=300135, nelems=0, elem type=char[])
OBJ 500003b5 (sz=24, trace=300136, class=java.lang.String@50000168)
ARR 500003b6 (sz=24, trace=300137, nelems=0, elem type=char[])
OBJ 500003b7 (sz=24, trace=300138, class=java.lang.String@50000168)
ARR 500003b8 (sz=128, trace=300139, nelems=0, elem type=char[])
OBJ 500003b9 (sz=32, trace=300140, class=java.io.File@50000077)
OBJ 500003ba (sz=24, trace=300141, class=java.lang.StringBuffer@5000011f)
ARR 500003bb (sz=128, trace=300142, nelems=0, elem type=char[])
ARR 500003bc (sz=128, trace=300143, nelems=0, elem type=char[])
OBJ 500003bd (sz=24, trace=300144, class=java.lang.String@50000168)
ARR 500003be (sz=128, trace=300145, nelems=0, elem type=char[])
OBJ 500003bf (sz=24, trace=300146, class=java.lang.String@50000168)
ARR 500003c0 (sz=128, trace=300147, nelems=0, elem type=char[])
ARR 500003c1 (sz=80, trace=300148, nelems=12, elem type=java.lang.Object[]@50000111)
	[0]		500001fc
	[1]		50000244
	[2]		5000026c
	[3]		50000294
	[4]		500002bc
	[5]		500002e4
	[6]		5000030c
	[7]		50000334
	[8]		5000035c
	[9]		50000384
	[10]		500003ac
	[11]		500003d5
OBJ 500003c2 (sz=32, trace=300151, class=java.util.HashMap$Node@500000b9)
	key		5000039d
	value		500003ac
OBJ 500003c3 (sz=24, trace=300081, class=java.lang.StringBuilder@5000011e)
ARR 500003c4 (sz=48, trace=300082, nelems=0, elem type=char[])
ARR 500003c5 (sz=144, trace=300050, nelems=0, elem type=char[])
OBJ 500003c6 (sz=24, trace=300083, class=java.lang.String@50000168)
	value		500003c7
ARR 500003c7 (sz=122, trace=300084, nelems=61, elem type=char[])
OBJ 500003c8 (sz=24, trace=300086, class=sun.misc.URLClassPath$3@500001e7)
OBJ 500003c9 (sz=24, trace=300091, class=java.lang.StringBuilder@5000011e)
ARR 500003ca (sz=48, trace=300092, nelems=0, elem type=char[])
OBJ 500003cb (sz=24, trace=300093, class=java.lang.StringBuffer@5000011f)
ARR 500003cc (sz=136, trace=300094, nelems=0, elem type=char[])
ARR 500003cd (sz=136, trace=300095, nelems=0, elem type=char[])
OBJ 500003ce (sz=24, trace=300096, class=java.lang.String@50000168)
ARR 500003cf (sz=136, trace=300050, nelems=0, elem type=char[])
ARR 500003d0 (sz=256, trace=300050, nelems=0, elem type=char[])
OBJ 500003d1 (sz=24, trace=300097, class=java.lang.String@50000168)
	value		500003d2
ARR 500003d2 (sz=122, trace=300098, nelems=61, elem type=char[])
OBJ 500003d3 (sz=64, trace=300099, class=java.net.URL@50000013)
	protocol	50000f71
	host		50000a60
	file		500003d1
	authority	50000a60
	path		500003d1
	handler		50000f22
OBJ 500003d4 (sz=24, trace=300100, class=java.net.Parts@50000012)
OBJ 500003d5 (sz=48, trace=300101, class=sun.misc.URLClassPath$JarLoader@500001ea)
	base		500003d3
	csu		50000f33
	metaIndex	50000f70
	handler		50000f22
	lmap		50000f23
OBJ 500003d6 (sz=24, trace=300102, class=java.lang.StringBuilder@5000011e)
ARR 500003d7 (sz=128, trace=300103, nelems=0, elem type=char[])
ARR 500003d8 (sz=72, trace=300104, nelems=0, elem type=byte[])
OBJ 500003d9 (sz=48, trace=300105, class=java.nio.HeapByteBuffer@5000007e)
ARR 500003da (sz=128, trace=300106, nelems=0, elem type=char[])
OBJ 500003db (sz=48, trace=300107, class=java.nio.HeapCharBuffer@50000038)
OBJ 500003dc (sz=24, trace=300134, class=java.lang.String@50000168)
ARR 500003dd (sz=24, trace=300135, nelems=0, elem type=char[])
OBJ 500003de (sz=24, trace=300136, class=java.lang.String@50000168)
ARR 500003df (sz=24, trace=300137, nelems=0, elem type=char[])
OBJ 500003e0 (sz=24, trace=300138, class=java.lang.String@50000168)
ARR 500003e1 (sz=120, trace=300139, nelems=0, elem type=char[])
OBJ 500003e2 (sz=32, trace=300140, class=java.io.File@50000077)
OBJ 500003e3 (sz=24, trace=300141, class=java.lang.StringBuffer@5000011f)
ARR 500003e4 (sz=120, trace=300142, nelems=0, elem type=char[])
ARR 500003e5 (sz=120, trace=300143, nelems=0, elem type=char[])
OBJ 500003e6 (sz=24, trace=300144, class=java.lang.String@50000168)
ARR 500003e7 (sz=120, trace=300145, nelems=0, elem type=char[])
OBJ 500003e8 (sz=24, trace=300146, class=java.lang.String@50000168)
ARR 500003e9 (sz=120, trace=300147, nelems=0, elem type=char[])
OBJ 500003ea (sz=32, trace=300151, class=java.util.HashMap$Node@500000b9)
	key		500003c6
	value		500003d5
OBJ 500003eb (sz=40, trace=300152, class=java.lang.ClassNotFoundException@50000157)
OBJ 500003ed (sz=40, trace=300154, class=java.security.PrivilegedActionException@500003ec)
OBJ 500003ee (sz=24, trace=300155, class=java.net.URLClassLoader$1@500001dd)
ARR 500003ef (sz=32, trace=300078, nelems=0, elem type=char[])
OBJ 500003f0 (sz=24, trace=300079, class=java.lang.String@50000168)
OBJ 500003f1 (sz=24, trace=300081, class=java.lang.StringBuilder@5000011e)
ARR 500003f2 (sz=48, trace=300082, nelems=0, elem type=char[])
ARR 500003f3 (sz=152, trace=300050, nelems=0, elem type=char[])
OBJ 500003f4 (sz=24, trace=300083, class=java.lang.String@50000168)
	value		500003f5
ARR 500003f5 (sz=132, trace=300084, nelems=66, elem type=char[])
OBJ 500003f6 (sz=24, trace=300086, class=sun.misc.URLClassPath$3@500001e7)
OBJ 500003f8 (sz=24, trace=300157, class=sun.misc.URLClassPath$FileLoader@500003f7)
	base		500014c9
	dir		50000407
ARR 500003f9 (sz=136, trace=300158, nelems=0, elem type=char[])
OBJ 500003fa (sz=24, trace=300159, class=java.lang.String@50000168)
OBJ 500003fb (sz=32, trace=300160, class=java.io.File@50000077)
OBJ 500003fc (sz=24, trace=300161, class=java.lang.StringBuffer@5000011f)
ARR 500003fd (sz=136, trace=300162, nelems=0, elem type=char[])
ARR 500003fe (sz=114, trace=300163, nelems=57, elem type=char[])
OBJ 500003ff (sz=24, trace=300164, class=java.lang.String@50000168)
	value		500003fe
OBJ 50000400 (sz=24, trace=300165, class=java.lang.String@50000168)
ARR 50000401 (sz=128, trace=300166, nelems=0, elem type=char[])
OBJ 50000402 (sz=24, trace=300167, class=java.io.ExpiringCache$Entry@50000068)
	val		50000d25
OBJ 50000403 (sz=40, trace=300168, class=java.util.LinkedHashMap$Entry@50000067)
	key		500003ff
	value		50000402
	before		50000d24
	after		5000047c
OBJ 50000404 (sz=24, trace=300169, class=java.lang.String@50000168)
ARR 50000405 (sz=128, trace=300166, nelems=0, elem type=char[])
OBJ 50000406 (sz=32, trace=300170, class=java.io.File@50000077)
OBJ 50000407 (sz=32, trace=300171, class=java.io.File@50000077)
	path		50000d25
ARR 50000408 (sz=56, trace=300148, nelems=1, elem type=java.lang.Object[]@50000111)
	[0]		500003f8
ARR 50000409 (sz=80, trace=300149, nelems=11, elem type=java.util.HashMap$Node[]@500000b8)
	[10]		5000040a
OBJ 5000040a (sz=32, trace=300150, class=java.util.HashMap$Node@500000b9)
	key		500003f4
	value		500003f8
OBJ 5000040b (sz=64, trace=300172, class=java.net.URL@50000013)
OBJ 5000040c (sz=24, trace=300173, class=java.lang.StringBuilder@5000011e)
ARR 5000040d (sz=48, trace=300174, nelems=0, elem type=char[])
ARR 5000040e (sz=136, trace=300050, nelems=0, elem type=char[])
ARR 5000040f (sz=256, trace=300050, nelems=0, elem type=char[])
OBJ 50000410 (sz=24, trace=300175, class=java.lang.String@50000168)
ARR 50000411 (sz=136, trace=300176, nelems=0, elem type=char[])
OBJ 50000412 (sz=24, trace=300177, class=java.lang.String@50000168)
ARR 50000413 (sz=136, trace=300178, nelems=0, elem type=char[])
ARR 50000414 (sz=80, trace=300179, nelems=0, elem type=char[])
ARR 50000415 (sz=32, trace=300180, nelems=0, elem type=char[])
OBJ 50000416 (sz=24, trace=300181, class=java.lang.String@50000168)
ARR 50000417 (sz=32, trace=300182, nelems=0, elem type=char[])
OBJ 50000418 (sz=64, trace=300183, class=java.net.URL@50000013)
OBJ 50000419 (sz=24, trace=300173, class=java.lang.StringBuilder@5000011e)
ARR 5000041a (sz=48, trace=300174, nelems=0, elem type=char[])
ARR 5000041b (sz=136, trace=300050, nelems=0, elem type=char[])
ARR 5000041c (sz=256, trace=300050, nelems=0, elem type=char[])
OBJ 5000041d (sz=24, trace=300175, class=java.lang.String@50000168)
ARR 5000041e (sz=152, trace=300176, nelems=0, elem type=char[])
OBJ 5000041f (sz=32, trace=300184, class=java.io.File@50000077)
ARR 50000420 (sz=152, trace=300185, nelems=0, elem type=char[])
OBJ 50000421 (sz=24, trace=300186, class=java.lang.String@50000168)
ARR 50000422 (sz=152, trace=300187, nelems=0, elem type=char[])
OBJ 50000423 (sz=40, trace=300152, class=java.lang.ClassNotFoundException@50000157)
	detailMessage	500001c8
	stackTrace	500014a3
	suppressedExceptions	500014a2
OBJ 50000424 (sz=40, trace=300154, class=java.security.PrivilegedActionException@500003ec)
ARR 50000425 (sz=24, trace=300188, nelems=1, elem type=java.lang.Object[]@50000111)
	[0]		500001c8
OBJ 50000429 (sz=40, trace=300192, class=java.util.ResourceBundle$1@50000428)
	cacheKey	50001606
OBJ 5000042a (sz=64, trace=300193, class=java.util.concurrent.ConcurrentHashMap@5000002e)
	table		5000087b
OBJ 5000042b (sz=32, trace=300194, class=java.lang.ref.ReferenceQueue@500000e5)
	lock		5000042c
OBJ 5000042c (sz=16, trace=300195, class=java.lang.ref.ReferenceQueue$Lock@500000e3)
OBJ 5000042f (sz=32, trace=300198, class=java.util.ServiceLoader@5000042e)
OBJ 50000430 (sz=56, trace=300199, class=java.util.LinkedHashMap@50000072)
OBJ 50000432 (sz=40, trace=300201, class=java.util.ServiceLoader$LazyIterator@50000431)
OBJ 50000434 (sz=24, trace=300203, class=java.util.ServiceLoader$1@50000433)
OBJ 50000436 (sz=16, trace=300205, class=java.util.LinkedHashMap$LinkedEntrySet@50000435)
OBJ 50000439 (sz=32, trace=300207, class=java.util.LinkedHashMap$LinkedEntryIterator@50000438)
OBJ 5000043a (sz=24, trace=300208, class=java.lang.StringBuilder@5000011e)
ARR 5000043b (sz=48, trace=300209, nelems=0, elem type=char[])
ARR 5000043c (sz=88, trace=300050, nelems=0, elem type=char[])
ARR 5000043d (sz=160, trace=300050, nelems=0, elem type=char[])
OBJ 5000043e (sz=24, trace=300210, class=java.lang.String@50000168)
ARR 5000043f (sz=144, trace=300211, nelems=0, elem type=char[])
ARR 50000441 (sz=24, trace=300212, nelems=0, elem type=java.util.Enumeration[]@50000440)
OBJ 50000444 (sz=16, trace=300215, class=sun.misc.Launcher$BootClassPathHolder$1@50000443)
ARR 50000445 (sz=48, trace=300216, nelems=0, elem type=java.io.File[]@50000046)
OBJ 50000446 (sz=24, trace=300217, class=java.lang.String@50000168)
	value		50000447
ARR 50000447 (sz=102, trace=300218, nelems=51, elem type=char[])
OBJ 50000448 (sz=32, trace=300219, class=java.io.File@50000077)
OBJ 50000449 (sz=24, trace=300217, class=java.lang.String@50000168)
ARR 5000044a (sz=104, trace=300218, nelems=0, elem type=char[])
OBJ 5000044b (sz=32, trace=300219, class=java.io.File@50000077)
OBJ 5000044c (sz=24, trace=300217, class=java.lang.String@50000168)
ARR 5000044d (sz=120, trace=300218, nelems=0, elem type=char[])
OBJ 5000044e (sz=32, trace=300219, class=java.io.File@50000077)
OBJ 5000044f (sz=24, trace=300217, class=java.lang.String@50000168)
ARR 50000450 (sz=112, trace=300218, nelems=0, elem type=char[])
OBJ 50000451 (sz=32, trace=300219, class=java.io.File@50000077)
OBJ 50000452 (sz=24, trace=300217, class=java.lang.String@50000168)
ARR 50000453 (sz=112, trace=300218, nelems=0, elem type=char[])
OBJ 50000454 (sz=32, trace=300219, class=java.io.File@50000077)
OBJ 50000455 (sz=24, trace=300217, class=java.lang.String@50000168)
ARR 50000456 (sz=120, trace=300218, nelems=0, elem type=char[])
OBJ 50000457 (sz=32, trace=300219, class=java.io.File@50000077)
OBJ 50000458 (sz=24, trace=300217, class=java.lang.String@50000168)
ARR 50000459 (sz=112, trace=300218, nelems=0, elem type=char[])
OBJ 5000045a (sz=32, trace=300219, class=java.io.File@50000077)
OBJ 5000045b (sz=24, trace=300220, class=java.lang.String@50000168)
	value		5000045c
ARR 5000045c (sz=82, trace=300221, nelems=41, elem type=char[])
OBJ 5000045d (sz=32, trace=300222, class=java.io.File@50000077)
OBJ 5000045e (sz=16, trace=300223, class=java.util.HashSet@50000006)
OBJ 5000045f (sz=48, trace=300224, class=java.util.HashMap@500000ba)
OBJ 50000460 (sz=24, trace=300225, class=java.lang.String@50000168)
	value		50000461
ARR 50000461 (sz=74, trace=300226, nelems=37, elem type=char[])
OBJ 50000462 (sz=32, trace=300227, class=java.io.File@50000077)
ARR 50000463 (sz=96, trace=300145, nelems=0, elem type=char[])
OBJ 50000464 (sz=24, trace=300146, class=java.lang.String@50000168)
ARR 50000465 (sz=96, trace=300147, nelems=0, elem type=char[])
ARR 50000466 (sz=80, trace=300228, nelems=0, elem type=java.util.HashMap$Node[]@500000b8)
OBJ 50000467 (sz=32, trace=300150, class=java.util.HashMap$Node@500000b9)
OBJ 50000468 (sz=32, trace=300229, class=java.io.File@50000077)
ARR 50000469 (sz=112, trace=300230, nelems=0, elem type=char[])
OBJ 5000046a (sz=24, trace=300231, class=java.lang.String@50000168)
	value		5000046b
ARR 5000046b (sz=96, trace=300187, nelems=48, elem type=char[])
OBJ 5000046c (sz=32, trace=300232, class=java.io.FileInputStream@500000c8)
	fd		5000046f
	path		5000046a
	closeLock	5000046e
OBJ 5000046d (sz=40, trace=300233, class=java.lang.ref.Finalizer@50000149)
	referent	5000046c
	queue		5000096a
	next		500015a5
OBJ 5000046e (sz=16, trace=300234, class=java.lang.Object@5000016c)
OBJ 5000046f (sz=40, trace=300235, class=java.io.FileDescriptor@500000c7)
	parent		5000046c
OBJ 50000470 (sz=24, trace=300236, class=java.io.FileReader@5000003f)
ARR 50000471 (sz=24, trace=300237, nelems=2, elem type=java.lang.Object[]@50000111)
	[0]		500010f8
	[1]		50001053
OBJ 50000472 (sz=48, trace=300069, class=sun.nio.cs.SingleByte$Decoder@5000003a)
OBJ 50000473 (sz=48, trace=300238, class=sun.nio.cs.StreamDecoder@5000003e)
ARR 50000474 (sz=8208, trace=300239, nelems=0, elem type=byte[])
OBJ 50000475 (sz=48, trace=300105, class=java.nio.HeapByteBuffer@5000007e)
OBJ 50000476 (sz=48, trace=300240, class=java.io.BufferedReader@50000041)
ARR 50000477 (sz=16400, trace=300241, nelems=0, elem type=char[])
OBJ 50000478 (sz=24, trace=300242, class=java.util.ArrayList@500000c1)
OBJ 50000479 (sz=24, trace=300165, class=java.lang.String@50000168)
ARR 5000047a (sz=88, trace=300166, nelems=0, elem type=char[])
OBJ 5000047b (sz=24, trace=300167, class=java.io.ExpiringCache$Entry@50000068)
	val		50000d22
OBJ 5000047c (sz=40, trace=300243, class=java.util.LinkedHashMap$Entry@50000067)
	key		50000460
	value		5000047b
	before		50000403
	after		500005c1
OBJ 5000047d (sz=24, trace=300169, class=java.lang.String@50000168)
ARR 5000047e (sz=88, trace=300166, nelems=0, elem type=char[])
OBJ 5000047f (sz=32, trace=300170, class=java.io.File@50000077)
OBJ 50000480 (sz=32, trace=300244, class=java.io.File@50000077)
OBJ 50000481 (sz=48, trace=300245, class=java.nio.HeapCharBuffer@50000038)
OBJ 50000482 (sz=24, trace=300246, class=java.lang.String@50000168)
ARR 50000483 (sz=40, trace=300247, nelems=0, elem type=char[])
OBJ 50000484 (sz=24, trace=300248, class=java.lang.String@50000168)
ARR 50000485 (sz=120, trace=300247, nelems=0, elem type=char[])
OBJ 50000486 (sz=24, trace=300248, class=java.lang.String@50000168)
ARR 50000487 (sz=136, trace=300247, nelems=0, elem type=char[])
OBJ 50000488 (sz=24, trace=300248, class=java.lang.String@50000168)
ARR 50000489 (sz=96, trace=300247, nelems=0, elem type=char[])
OBJ 5000048a (sz=24, trace=300248, class=java.lang.String@50000168)
ARR 5000048b (sz=48, trace=300247, nelems=0, elem type=char[])
OBJ 5000048c (sz=24, trace=300249, class=java.lang.String@50000168)
ARR 5000048d (sz=40, trace=300250, nelems=0, elem type=char[])
OBJ 5000048e (sz=24, trace=300248, class=java.lang.String@50000168)
	value		5000048f
ARR 5000048f (sz=14, trace=300247, nelems=7, elem type=char[])
ARR 50000490 (sz=56, trace=300148, nelems=0, elem type=java.lang.Object[]@50000111)
OBJ 50000491 (sz=24, trace=300248, class=java.lang.String@50000168)
	value		50000492
ARR 50000492 (sz=14, trace=300247, nelems=7, elem type=char[])
OBJ 50000493 (sz=24, trace=300248, class=java.lang.String@50000168)
ARR 50000494 (sz=40, trace=300247, nelems=0, elem type=char[])
OBJ 50000495 (sz=32, trace=300251, class=java.io.File@50000077)
	path		50000497
ARR 50000496 (sz=120, trace=300252, nelems=0, elem type=char[])
OBJ 50000497 (sz=24, trace=300253, class=java.lang.String@50000168)
	value		50000498
ARR 50000498 (sz=100, trace=300187, nelems=50, elem type=char[])
OBJ 50000499 (sz=24, trace=300254, class=sun.misc.MetaIndex@50000044)
	contents	50001002
ARR 5000049a (sz=16, trace=300255, nelems=0, elem type=java.lang.String[]@500000bc)
ARR 5000049b (sz=120, trace=300145, nelems=0, elem type=char[])
OBJ 5000049c (sz=24, trace=300146, class=java.lang.String@50000168)
ARR 5000049d (sz=120, trace=300147, nelems=0, elem type=char[])
OBJ 5000049e (sz=32, trace=300150, class=java.util.HashMap$Node@500000b9)
	key		50000495
	value		50000499
ARR 5000049f (sz=144, trace=300256, nelems=31, elem type=java.util.HashMap$Node[]@500000b8)
	[1]		5000058c
	[3]		50000f7e
	[7]		50000f7f
	[8]		50000f80
	[9]		50000f81
	[12]		5000049e
	[13]		50000532
	[14]		50000f82
	[18]		50000f83
	[19]		50000f84
	[21]		50000f85
	[22]		50000f86
	[24]		500004b5
	[29]		50000f87
	[30]		50000f88
OBJ 500004a0 (sz=24, trace=300249, class=java.lang.String@50000168)
ARR 500004a1 (sz=32, trace=300250, nelems=0, elem type=char[])
OBJ 500004a2 (sz=24, trace=300248, class=java.lang.String@50000168)
	value		500004a3
ARR 500004a3 (sz=24, trace=300247, nelems=12, elem type=char[])
OBJ 500004a4 (sz=24, trace=300248, class=java.lang.String@50000168)
	value		500004a5
ARR 500004a5 (sz=24, trace=300247, nelems=12, elem type=char[])
OBJ 500004a6 (sz=24, trace=300248, class=java.lang.String@50000168)
	value		500004a7
ARR 500004a7 (sz=42, trace=300247, nelems=21, elem type=char[])
OBJ 500004a8 (sz=24, trace=300248, class=java.lang.String@50000168)
	value		500004a9
ARR 500004a9 (sz=40, trace=300247, nelems=20, elem type=char[])
OBJ 500004aa (sz=24, trace=300248, class=java.lang.String@50000168)
ARR 500004ab (sz=40, trace=300247, nelems=0, elem type=char[])
OBJ 500004ac (sz=32, trace=300251, class=java.io.File@50000077)
	path		500004ae
ARR 500004ad (sz=112, trace=300252, nelems=0, elem type=char[])
OBJ 500004ae (sz=24, trace=300253, class=java.lang.String@50000168)
	value		500004af
ARR 500004af (sz=90, trace=300187, nelems=45, elem type=char[])
OBJ 500004b0 (sz=24, trace=300254, class=sun.misc.MetaIndex@50000044)
	contents	50000f9f
ARR 500004b1 (sz=16, trace=300255, nelems=0, elem type=java.lang.String[]@500000bc)
ARR 500004b2 (sz=112, trace=300145, nelems=0, elem type=char[])
OBJ 500004b3 (sz=24, trace=300146, class=java.lang.String@50000168)
ARR 500004b4 (sz=112, trace=300147, nelems=0, elem type=char[])
OBJ 500004b5 (sz=32, trace=300150, class=java.util.HashMap$Node@500000b9)
	key		500004ac
	value		500004b0
	next		500004c9
OBJ 500004b6 (sz=24, trace=300249, class=java.lang.String@50000168)
ARR 500004b7 (sz=32, trace=300250, nelems=0, elem type=char[])
OBJ 500004b8 (sz=24, trace=300248, class=java.lang.String@50000168)
	value		500004b9
ARR 500004b9 (sz=30, trace=300247, nelems=15, elem type=char[])
OBJ 500004ba (sz=24, trace=300248, class=java.lang.String@50000168)
	value		500004bb
ARR 500004bb (sz=14, trace=300247, nelems=7, elem type=char[])
OBJ 500004bc (sz=24, trace=300248, class=java.lang.String@50000168)
	value		500004bd
ARR 500004bd (sz=38, trace=300247, nelems=19, elem type=char[])
OBJ 500004be (sz=24, trace=300248, class=java.lang.String@50000168)
ARR 500004bf (sz=40, trace=300247, nelems=0, elem type=char[])
OBJ 500004c0 (sz=32, trace=300251, class=java.io.File@50000077)
	path		500004c2
ARR 500004c1 (sz=112, trace=300252, nelems=0, elem type=char[])
OBJ 500004c2 (sz=24, trace=300253, class=java.lang.String@50000168)
	value		500004c3
ARR 500004c3 (sz=90, trace=300187, nelems=45, elem type=char[])
OBJ 500004c4 (sz=24, trace=300254, class=sun.misc.MetaIndex@50000044)
	contents	50000fa0
ARR 500004c5 (sz=16, trace=300255, nelems=0, elem type=java.lang.String[]@500000bc)
ARR 500004c6 (sz=112, trace=300145, nelems=0, elem type=char[])
OBJ 500004c7 (sz=24, trace=300146, class=java.lang.String@50000168)
ARR 500004c8 (sz=112, trace=300147, nelems=0, elem type=char[])
OBJ 500004c9 (sz=32, trace=300151, class=java.util.HashMap$Node@500000b9)
	key		500004c0
	value		500004c4
OBJ 500004ca (sz=24, trace=300249, class=java.lang.String@50000168)
ARR 500004cb (sz=32, trace=300250, nelems=0, elem type=char[])
OBJ 500004cc (sz=24, trace=300248, class=java.lang.String@50000168)
	value		500004cd
ARR 500004cd (sz=24, trace=300247, nelems=12, elem type=char[])
OBJ 500004ce (sz=24, trace=300248, class=java.lang.String@50000168)
	value		500004cf
ARR 500004cf (sz=24, trace=300247, nelems=12, elem type=char[])
OBJ 500004d0 (sz=24, trace=300248, class=java.lang.String@50000168)
ARR 500004d1 (sz=64, trace=300247, nelems=0, elem type=char[])
OBJ 500004d2 (sz=32, trace=300251, class=java.io.File@50000077)
	path		500004d4
ARR 500004d3 (sz=112, trace=300252, nelems=0, elem type=char[])
OBJ 500004d4 (sz=24, trace=300253, class=java.lang.String@50000168)
	value		500004d5
ARR 500004d5 (sz=92, trace=300187, nelems=46, elem type=char[])
OBJ 500004d6 (sz=24, trace=300254, class=sun.misc.MetaIndex@50000044)
	contents	50000fea
ARR 500004d7 (sz=16, trace=300255, nelems=0, elem type=java.lang.String[]@500000bc)
ARR 500004d8 (sz=112, trace=300145, nelems=0, elem type=char[])
OBJ 500004d9 (sz=24, trace=300146, class=java.lang.String@50000168)
ARR 500004da (sz=112, trace=300147, nelems=0, elem type=char[])
OBJ 500004db (sz=32, trace=300151, class=java.util.HashMap$Node@500000b9)
	key		500004d2
	value		500004d6
OBJ 500004dc (sz=24, trace=300249, class=java.lang.String@50000168)
ARR 500004dd (sz=56, trace=300250, nelems=0, elem type=char[])
OBJ 500004de (sz=24, trace=300248, class=java.lang.String@50000168)
ARR 500004df (sz=48, trace=300247, nelems=0, elem type=char[])
OBJ 500004e0 (sz=24, trace=300249, class=java.lang.String@50000168)
ARR 500004e1 (sz=48, trace=300250, nelems=0, elem type=char[])
OBJ 500004e2 (sz=24, trace=300248, class=java.lang.String@50000168)
	value		500004e3
ARR 500004e3 (sz=54, trace=300247, nelems=27, elem type=char[])
OBJ 500004e4 (sz=24, trace=300248, class=java.lang.String@50000168)
	value		500004e5
ARR 500004e5 (sz=104, trace=300247, nelems=52, elem type=char[])
OBJ 500004e6 (sz=24, trace=300248, class=java.lang.String@50000168)
	value		500004e7
ARR 500004e7 (sz=96, trace=300247, nelems=48, elem type=char[])
OBJ 500004e8 (sz=24, trace=300248, class=java.lang.String@50000168)
	value		500004e9
ARR 500004e9 (sz=28, trace=300247, nelems=14, elem type=char[])
OBJ 500004ea (sz=24, trace=300248, class=java.lang.String@50000168)
	value		500004eb
ARR 500004eb (sz=108, trace=300247, nelems=54, elem type=char[])
OBJ 500004ec (sz=24, trace=300248, class=java.lang.String@50000168)
	value		500004ed
ARR 500004ed (sz=18, trace=300247, nelems=9, elem type=char[])
OBJ 500004ee (sz=24, trace=300248, class=java.lang.String@50000168)
	value		500004ef
ARR 500004ef (sz=106, trace=300247, nelems=53, elem type=char[])
OBJ 500004f0 (sz=24, trace=300248, class=java.lang.String@50000168)
	value		500004f1
ARR 500004f1 (sz=102, trace=300247, nelems=51, elem type=char[])
OBJ 500004f2 (sz=24, trace=300248, class=java.lang.String@50000168)
	value		500004f3
ARR 500004f3 (sz=22, trace=300247, nelems=11, elem type=char[])
OBJ 500004f4 (sz=24, trace=300248, class=java.lang.String@50000168)
	value		500004f5
ARR 500004f5 (sz=114, trace=300247, nelems=57, elem type=char[])
OBJ 500004f6 (sz=24, trace=300248, class=java.lang.String@50000168)
	value		500004f7
ARR 500004f7 (sz=114, trace=300247, nelems=57, elem type=char[])
ARR 500004f8 (sz=80, trace=300148, nelems=0, elem type=java.lang.Object[]@50000111)
OBJ 500004f9 (sz=24, trace=300248, class=java.lang.String@50000168)
	value		500004fa
ARR 500004fa (sz=14, trace=300247, nelems=7, elem type=char[])
OBJ 500004fb (sz=24, trace=300248, class=java.lang.String@50000168)
	value		500004fc
ARR 500004fc (sz=114, trace=300247, nelems=57, elem type=char[])
OBJ 500004fd (sz=24, trace=300248, class=java.lang.String@50000168)
	value		500004fe
ARR 500004fe (sz=32, trace=300247, nelems=16, elem type=char[])
OBJ 500004ff (sz=24, trace=300248, class=java.lang.String@50000168)
	value		50000500
ARR 50000500 (sz=98, trace=300247, nelems=49, elem type=char[])
OBJ 50000501 (sz=24, trace=300248, class=java.lang.String@50000168)
	value		50000502
ARR 50000502 (sz=52, trace=300247, nelems=26, elem type=char[])
ARR 50000503 (sz=104, trace=300148, nelems=0, elem type=java.lang.Object[]@50000111)
OBJ 50000504 (sz=24, trace=300248, class=java.lang.String@50000168)
	value		50000505
ARR 50000505 (sz=106, trace=300247, nelems=53, elem type=char[])
OBJ 50000506 (sz=24, trace=300248, class=java.lang.String@50000168)
	value		50000507
ARR 50000507 (sz=14, trace=300247, nelems=7, elem type=char[])
OBJ 50000508 (sz=24, trace=300248, class=java.lang.String@50000168)
	value		50000509
ARR 50000509 (sz=18, trace=300247, nelems=9, elem type=char[])
OBJ 5000050a (sz=24, trace=300248, class=java.lang.String@50000168)
	value		5000050b
ARR 5000050b (sz=120, trace=300247, nelems=60, elem type=char[])
OBJ 5000050c (sz=24, trace=300248, class=java.lang.String@50000168)
	value		5000050d
ARR 5000050d (sz=30, trace=300247, nelems=15, elem type=char[])
OBJ 5000050e (sz=24, trace=300248, class=java.lang.String@50000168)
	value		5000050f
ARR 5000050f (sz=110, trace=300247, nelems=55, elem type=char[])
OBJ 50000510 (sz=24, trace=300248, class=java.lang.String@50000168)
	value		50000511
ARR 50000511 (sz=48, trace=300247, nelems=24, elem type=char[])
ARR 50000512 (sz=152, trace=300148, nelems=0, elem type=java.lang.Object[]@50000111)
OBJ 50000513 (sz=24, trace=300248, class=java.lang.String@50000168)
	value		50000514
ARR 50000514 (sz=18, trace=300247, nelems=9, elem type=char[])
OBJ 50000515 (sz=24, trace=300248, class=java.lang.String@50000168)
	value		50000516
ARR 50000516 (sz=16, trace=300247, nelems=8, elem type=char[])
OBJ 50000517 (sz=24, trace=300248, class=java.lang.String@50000168)
	value		50000518
ARR 50000518 (sz=18, trace=300247, nelems=9, elem type=char[])
OBJ 50000519 (sz=24, trace=300248, class=java.lang.String@50000168)
	value		5000051a
ARR 5000051a (sz=110, trace=300247, nelems=55, elem type=char[])
OBJ 5000051b (sz=24, trace=300248, class=java.lang.String@50000168)
	value		5000051c
ARR 5000051c (sz=24, trace=300247, nelems=12, elem type=char[])
OBJ 5000051d (sz=24, trace=300248, class=java.lang.String@50000168)
	value		5000051e
ARR 5000051e (sz=102, trace=300247, nelems=51, elem type=char[])
OBJ 5000051f (sz=24, trace=300248, class=java.lang.String@50000168)
	value		50000520
ARR 50000520 (sz=38, trace=300247, nelems=19, elem type=char[])
OBJ 50000521 (sz=24, trace=300248, class=java.lang.String@50000168)
	value		50000522
ARR 50000522 (sz=26, trace=300247, nelems=13, elem type=char[])
OBJ 50000523 (sz=24, trace=300248, class=java.lang.String@50000168)
	value		50000524
ARR 50000524 (sz=24, trace=300247, nelems=12, elem type=char[])
OBJ 50000525 (sz=24, trace=300248, class=java.lang.String@50000168)
	value		50000526
ARR 50000526 (sz=132, trace=300247, nelems=66, elem type=char[])
OBJ 50000527 (sz=24, trace=300248, class=java.lang.String@50000168)
ARR 50000528 (sz=32, trace=300247, nelems=0, elem type=char[])
OBJ 50000529 (sz=32, trace=300251, class=java.io.File@50000077)
	path		5000052b
ARR 5000052a (sz=120, trace=300252, nelems=0, elem type=char[])
OBJ 5000052b (sz=24, trace=300253, class=java.lang.String@50000168)
	value		5000052c
ARR 5000052c (sz=102, trace=300187, nelems=51, elem type=char[])
OBJ 5000052d (sz=24, trace=300254, class=sun.misc.MetaIndex@50000044)
	contents	50001001
ARR 5000052e (sz=16, trace=300255, nelems=0, elem type=java.lang.String[]@500000bc)
ARR 5000052f (sz=120, trace=300145, nelems=0, elem type=char[])
OBJ 50000530 (sz=24, trace=300146, class=java.lang.String@50000168)
ARR 50000531 (sz=120, trace=300147, nelems=0, elem type=char[])
OBJ 50000532 (sz=32, trace=300150, class=java.util.HashMap$Node@500000b9)
	key		50000529
	value		5000052d
OBJ 50000533 (sz=24, trace=300249, class=java.lang.String@50000168)
ARR 50000534 (sz=32, trace=300250, nelems=0, elem type=char[])
OBJ 50000535 (sz=24, trace=300248, class=java.lang.String@50000168)
	value		50000536
ARR 50000536 (sz=54, trace=300247, nelems=27, elem type=char[])
OBJ 50000537 (sz=24, trace=300248, class=java.lang.String@50000168)
	value		50000538
ARR 50000538 (sz=10, trace=300247, nelems=5, elem type=char[])
OBJ 50000539 (sz=24, trace=300248, class=java.lang.String@50000168)
	value		5000053a
ARR 5000053a (sz=18, trace=300247, nelems=9, elem type=char[])
OBJ 5000053b (sz=24, trace=300248, class=java.lang.String@50000168)
	value		5000053c
ARR 5000053c (sz=28, trace=300247, nelems=14, elem type=char[])
OBJ 5000053d (sz=24, trace=300248, class=java.lang.String@50000168)
	value		5000053e
ARR 5000053e (sz=32, trace=300247, nelems=16, elem type=char[])
OBJ 5000053f (sz=24, trace=300248, class=java.lang.String@50000168)
	value		50000540
ARR 50000540 (sz=42, trace=300247, nelems=21, elem type=char[])
OBJ 50000541 (sz=24, trace=300248, class=java.lang.String@50000168)
	value		50000542
ARR 50000542 (sz=28, trace=300247, nelems=14, elem type=char[])
OBJ 50000543 (sz=24, trace=300248, class=java.lang.String@50000168)
	value		50000544
ARR 50000544 (sz=28, trace=300247, nelems=14, elem type=char[])
OBJ 50000545 (sz=24, trace=300248, class=java.lang.String@50000168)
	value		50000546
ARR 50000546 (sz=24, trace=300247, nelems=12, elem type=char[])
OBJ 50000547 (sz=24, trace=300248, class=java.lang.String@50000168)
	value		50000548
ARR 50000548 (sz=38, trace=300247, nelems=19, elem type=char[])
OBJ 50000549 (sz=24, trace=300248, class=java.lang.String@50000168)
	value		5000054a
ARR 5000054a (sz=8, trace=300247, nelems=4, elem type=char[])
OBJ 5000054b (sz=24, trace=300248, class=java.lang.String@50000168)
	value		5000054c
ARR 5000054c (sz=24, trace=300247, nelems=12, elem type=char[])
OBJ 5000054d (sz=24, trace=300248, class=java.lang.String@50000168)
	value		5000054e
ARR 5000054e (sz=26, trace=300247, nelems=13, elem type=char[])
OBJ 5000054f (sz=24, trace=300248, class=java.lang.String@50000168)
	value		50000550
ARR 50000550 (sz=32, trace=300247, nelems=16, elem type=char[])
OBJ 50000551 (sz=24, trace=300248, class=java.lang.String@50000168)
	value		50000552
ARR 50000552 (sz=24, trace=300247, nelems=12, elem type=char[])
OBJ 50000553 (sz=24, trace=300248, class=java.lang.String@50000168)
	value		50000554
ARR 50000554 (sz=24, trace=300247, nelems=12, elem type=char[])
OBJ 50000555 (sz=24, trace=300248, class=java.lang.String@50000168)
	value		50000556
ARR 50000556 (sz=16, trace=300247, nelems=8, elem type=char[])
OBJ 50000557 (sz=24, trace=300248, class=java.lang.String@50000168)
	value		50000558
ARR 50000558 (sz=28, trace=300247, nelems=14, elem type=char[])
OBJ 50000559 (sz=24, trace=300248, class=java.lang.String@50000168)
	value		5000055a
ARR 5000055a (sz=38, trace=300247, nelems=19, elem type=char[])
OBJ 5000055b (sz=24, trace=300248, class=java.lang.String@50000168)
	value		5000055c
ARR 5000055c (sz=24, trace=300247, nelems=12, elem type=char[])
OBJ 5000055d (sz=24, trace=300248, class=java.lang.String@50000168)
	value		5000055e
ARR 5000055e (sz=30, trace=300247, nelems=15, elem type=char[])
OBJ 5000055f (sz=24, trace=300248, class=java.lang.String@50000168)
	value		50000560
ARR 50000560 (sz=16, trace=300247, nelems=8, elem type=char[])
OBJ 50000561 (sz=24, trace=300248, class=java.lang.String@50000168)
	value		50000562
ARR 50000562 (sz=30, trace=300247, nelems=15, elem type=char[])
OBJ 50000563 (sz=24, trace=300248, class=java.lang.String@50000168)
	value		50000564
ARR 50000564 (sz=8, trace=300247, nelems=4, elem type=char[])
OBJ 50000565 (sz=24, trace=300248, class=java.lang.String@50000168)
	value		50000566
ARR 50000566 (sz=30, trace=300247, nelems=15, elem type=char[])
OBJ 50000567 (sz=24, trace=300248, class=java.lang.String@50000168)
	value		50000568
ARR 50000568 (sz=16, trace=300247, nelems=8, elem type=char[])
OBJ 50000569 (sz=24, trace=300248, class=java.lang.String@50000168)
	value		5000056a
ARR 5000056a (sz=16, trace=300247, nelems=8, elem type=char[])
OBJ 5000056b (sz=24, trace=300248, class=java.lang.String@50000168)
	value		5000056c
ARR 5000056c (sz=34, trace=300247, nelems=17, elem type=char[])
OBJ 5000056d (sz=24, trace=300248, class=java.lang.String@50000168)
	value		5000056e
ARR 5000056e (sz=28, trace=300247, nelems=14, elem type=char[])
OBJ 5000056f (sz=24, trace=300248, class=java.lang.String@50000168)
	value		50000570
ARR 50000570 (sz=24, trace=300247, nelems=12, elem type=char[])
OBJ 50000571 (sz=24, trace=300248, class=java.lang.String@50000168)
	value		50000572
ARR 50000572 (sz=38, trace=300247, nelems=19, elem type=char[])
OBJ 50000573 (sz=24, trace=300248, class=java.lang.String@50000168)
	value		50000574
ARR 50000574 (sz=22, trace=300247, nelems=11, elem type=char[])
OBJ 50000575 (sz=24, trace=300248, class=java.lang.String@50000168)
	value		50000576
ARR 50000576 (sz=34, trace=300247, nelems=17, elem type=char[])
OBJ 50000577 (sz=24, trace=300248, class=java.lang.String@50000168)
	value		50000578
ARR 50000578 (sz=26, trace=300247, nelems=13, elem type=char[])
ARR 50000579 (sz=216, trace=300148, nelems=0, elem type=java.lang.Object[]@50000111)
OBJ 5000057a (sz=24, trace=300248, class=java.lang.String@50000168)
	value		5000057b
ARR 5000057b (sz=44, trace=300247, nelems=22, elem type=char[])
OBJ 5000057c (sz=24, trace=300248, class=java.lang.String@50000168)
	value		5000057d
ARR 5000057d (sz=24, trace=300247, nelems=12, elem type=char[])
OBJ 5000057e (sz=24, trace=300248, class=java.lang.String@50000168)
	value		5000057f
ARR 5000057f (sz=12, trace=300247, nelems=6, elem type=char[])
OBJ 50000580 (sz=24, trace=300257, class=java.lang.StringBuffer@5000011f)
ARR 50000581 (sz=176, trace=300258, nelems=0, elem type=char[])
OBJ 50000582 (sz=48, trace=300245, class=java.nio.HeapCharBuffer@50000038)
OBJ 50000583 (sz=32, trace=300259, class=java.io.File@50000077)
	path		50000585
ARR 50000584 (sz=104, trace=300260, nelems=0, elem type=char[])
OBJ 50000585 (sz=24, trace=300261, class=java.lang.String@50000168)
	value		50000586
ARR 50000586 (sz=88, trace=300187, nelems=44, elem type=char[])
OBJ 50000587 (sz=24, trace=300262, class=sun.misc.MetaIndex@50000044)
	contents	5000102f
ARR 50000588 (sz=16, trace=300263, nelems=0, elem type=java.lang.String[]@500000bc)
ARR 50000589 (sz=104, trace=300145, nelems=0, elem type=char[])
OBJ 5000058a (sz=24, trace=300146, class=java.lang.String@50000168)
ARR 5000058b (sz=104, trace=300147, nelems=0, elem type=char[])
OBJ 5000058c (sz=32, trace=300150, class=java.util.HashMap$Node@500000b9)
	key		50000583
	value		50000587
OBJ 5000058d (sz=16, trace=300264, class=java.io.FileInputStream$1@50000016)
OBJ 5000058e (sz=24, trace=300225, class=java.lang.String@50000168)
ARR 5000058f (sz=96, trace=300226, nelems=0, elem type=char[])
OBJ 50000590 (sz=32, trace=300227, class=java.io.File@50000077)
ARR 50000591 (sz=96, trace=300145, nelems=0, elem type=char[])
OBJ 50000592 (sz=24, trace=300146, class=java.lang.String@50000168)
ARR 50000593 (sz=96, trace=300147, nelems=0, elem type=char[])
OBJ 50000594 (sz=24, trace=300225, class=java.lang.String@50000168)
ARR 50000595 (sz=96, trace=300226, nelems=0, elem type=char[])
OBJ 50000596 (sz=32, trace=300227, class=java.io.File@50000077)
ARR 50000597 (sz=96, trace=300145, nelems=0, elem type=char[])
OBJ 50000598 (sz=24, trace=300146, class=java.lang.String@50000168)
ARR 50000599 (sz=96, trace=300147, nelems=0, elem type=char[])
OBJ 5000059a (sz=24, trace=300225, class=java.lang.String@50000168)
ARR 5000059b (sz=96, trace=300226, nelems=0, elem type=char[])
OBJ 5000059c (sz=32, trace=300227, class=java.io.File@50000077)
ARR 5000059d (sz=96, trace=300145, nelems=0, elem type=char[])
OBJ 5000059e (sz=24, trace=300146, class=java.lang.String@50000168)
ARR 5000059f (sz=96, trace=300147, nelems=0, elem type=char[])
OBJ 500005a0 (sz=24, trace=300225, class=java.lang.String@50000168)
ARR 500005a1 (sz=96, trace=300226, nelems=0, elem type=char[])
OBJ 500005a2 (sz=32, trace=300227, class=java.io.File@50000077)
ARR 500005a3 (sz=96, trace=300145, nelems=0, elem type=char[])
OBJ 500005a4 (sz=24, trace=300146, class=java.lang.String@50000168)
ARR 500005a5 (sz=96, trace=300147, nelems=0, elem type=char[])
OBJ 500005a6 (sz=24, trace=300225, class=java.lang.String@50000168)
ARR 500005a7 (sz=96, trace=300226, nelems=0, elem type=char[])
OBJ 500005a8 (sz=32, trace=300227, class=java.io.File@50000077)
ARR 500005a9 (sz=96, trace=300145, nelems=0, elem type=char[])
OBJ 500005aa (sz=24, trace=300146, class=java.lang.String@50000168)
ARR 500005ab (sz=96, trace=300147, nelems=0, elem type=char[])
OBJ 500005ac (sz=24, trace=300225, class=java.lang.String@50000168)
ARR 500005ad (sz=96, trace=300226, nelems=0, elem type=char[])
OBJ 500005ae (sz=32, trace=300227, class=java.io.File@50000077)
ARR 500005af (sz=96, trace=300145, nelems=0, elem type=char[])
OBJ 500005b0 (sz=24, trace=300146, class=java.lang.String@50000168)
ARR 500005b1 (sz=96, trace=300147, nelems=0, elem type=char[])
OBJ 500005b2 (sz=24, trace=300225, class=java.lang.String@50000168)
ARR 500005b3 (sz=88, trace=300226, nelems=0, elem type=char[])
OBJ 500005b4 (sz=32, trace=300227, class=java.io.File@50000077)
ARR 500005b5 (sz=88, trace=300145, nelems=0, elem type=char[])
OBJ 500005b6 (sz=24, trace=300146, class=java.lang.String@50000168)
ARR 500005b7 (sz=88, trace=300147, nelems=0, elem type=char[])
OBJ 500005b8 (sz=32, trace=300150, class=java.util.HashMap$Node@500000b9)
OBJ 500005b9 (sz=32, trace=300229, class=java.io.File@50000077)
ARR 500005ba (sz=104, trace=300230, nelems=0, elem type=char[])
OBJ 500005bb (sz=24, trace=300231, class=java.lang.String@50000168)
ARR 500005bc (sz=104, trace=300187, nelems=0, elem type=char[])
ARR 500005bd (sz=48, trace=300265, nelems=0, elem type=java.net.URL[]@5000000f)
OBJ 500005be (sz=24, trace=300165, class=java.lang.String@50000168)
	value		500005bf
ARR 500005bf (sz=74, trace=300166, nelems=37, elem type=char[])
OBJ 500005c0 (sz=24, trace=300167, class=java.io.ExpiringCache$Entry@50000068)
	val		50000d20
OBJ 500005c1 (sz=40, trace=300168, class=java.util.LinkedHashMap$Entry@50000067)
	key		50000446
	value		500005c0
	before		5000047c
	after		500005e4
OBJ 500005c2 (sz=24, trace=300169, class=java.lang.String@50000168)
	value		500005c3
ARR 500005c3 (sz=74, trace=300166, nelems=37, elem type=char[])
OBJ 500005c4 (sz=32, trace=300170, class=java.io.File@50000077)
OBJ 500005c5 (sz=24, trace=300266, class=java.io.ExpiringCache$Entry@50000068)
	val		500005c2
OBJ 500005c6 (sz=40, trace=300168, class=java.util.LinkedHashMap$Entry@50000067)
	key		500005be
	value		500005c5
	before		50000d7a
OBJ 500005c7 (sz=32, trace=300267, class=java.io.File@50000077)
ARR 500005c8 (sz=256, trace=300268, nelems=0, elem type=char[])
ARR 500005c9 (sz=120, trace=300269, nelems=0, elem type=char[])
OBJ 500005ca (sz=24, trace=300270, class=java.lang.String@50000168)
ARR 500005cb (sz=128, trace=300271, nelems=0, elem type=char[])
OBJ 500005cc (sz=24, trace=300272, class=java.lang.StringBuilder@5000011e)
ARR 500005cd (sz=48, trace=300273, nelems=0, elem type=char[])
ARR 500005ce (sz=128, trace=300050, nelems=0, elem type=char[])
OBJ 500005cf (sz=24, trace=300274, class=java.lang.String@50000168)
	value		500005d0
ARR 500005d0 (sz=108, trace=300275, nelems=54, elem type=char[])
OBJ 500005d1 (sz=64, trace=300276, class=java.net.URL@50000013)
	protocol	50000f36
	host		50000a60
	file		500005cf
	authority	50000a60
	path		500005cf
	handler		50000f34
OBJ 500005d2 (sz=24, trace=300277, class=java.net.Parts@50000012)
OBJ 500005d3 (sz=24, trace=300165, class=java.lang.String@50000168)
ARR 500005d4 (sz=96, trace=300166, nelems=0, elem type=char[])
OBJ 500005d5 (sz=24, trace=300278, class=java.lang.String@50000168)
ARR 500005d6 (sz=32, trace=300279, nelems=0, elem type=char[])
OBJ 500005d7 (sz=24, trace=300280, class=java.lang.StringBuilder@5000011e)
ARR 500005d8 (sz=48, trace=300281, nelems=0, elem type=char[])
ARR 500005d9 (sz=96, trace=300050, nelems=0, elem type=char[])
ARR 500005da (sz=168, trace=300282, nelems=0, elem type=char[])
OBJ 500005db (sz=24, trace=300283, class=java.lang.String@50000168)
ARR 500005dc (sz=104, trace=300284, nelems=0, elem type=char[])
OBJ 500005dd (sz=24, trace=300285, class=java.lang.StringBuilder@5000011e)
ARR 500005de (sz=48, trace=300286, nelems=0, elem type=char[])
ARR 500005df (sz=96, trace=300050, nelems=0, elem type=char[])
ARR 500005e0 (sz=168, trace=300282, nelems=0, elem type=char[])
OBJ 500005e1 (sz=24, trace=300287, class=java.lang.String@50000168)
	value		500005e2
ARR 500005e2 (sz=88, trace=300288, nelems=44, elem type=char[])
OBJ 500005e3 (sz=24, trace=300289, class=java.io.ExpiringCache$Entry@50000068)
	val		50000d1e
OBJ 500005e4 (sz=40, trace=300243, class=java.util.LinkedHashMap$Entry@50000067)
	key		500005e1
	value		500005e3
	before		500005c1
	after		50000602
OBJ 500005e5 (sz=32, trace=300267, class=java.io.File@50000077)
ARR 500005e6 (sz=224, trace=300268, nelems=0, elem type=char[])
ARR 500005e7 (sz=104, trace=300269, nelems=0, elem type=char[])
OBJ 500005e8 (sz=24, trace=300270, class=java.lang.String@50000168)
ARR 500005e9 (sz=112, trace=300271, nelems=0, elem type=char[])
OBJ 500005ea (sz=24, trace=300272, class=java.lang.StringBuilder@5000011e)
ARR 500005eb (sz=48, trace=300273, nelems=0, elem type=char[])
ARR 500005ec (sz=112, trace=300050, nelems=0, elem type=char[])
OBJ 500005ed (sz=24, trace=300274, class=java.lang.String@50000168)
	value		500005ee
ARR 500005ee (sz=94, trace=300275, nelems=47, elem type=char[])
OBJ 500005ef (sz=64, trace=300276, class=java.net.URL@50000013)
	protocol	50000f36
	host		50000a60
	file		500005ed
	authority	50000a60
	path		500005ed
	handler		50000f34
OBJ 500005f0 (sz=24, trace=300277, class=java.net.Parts@50000012)
OBJ 500005f1 (sz=24, trace=300165, class=java.lang.String@50000168)
ARR 500005f2 (sz=96, trace=300166, nelems=0, elem type=char[])
OBJ 500005f3 (sz=24, trace=300278, class=java.lang.String@50000168)
ARR 500005f4 (sz=48, trace=300279, nelems=0, elem type=char[])
OBJ 500005f5 (sz=24, trace=300280, class=java.lang.StringBuilder@5000011e)
ARR 500005f6 (sz=48, trace=300281, nelems=0, elem type=char[])
ARR 500005f7 (sz=96, trace=300050, nelems=0, elem type=char[])
ARR 500005f8 (sz=168, trace=300282, nelems=0, elem type=char[])
OBJ 500005f9 (sz=24, trace=300283, class=java.lang.String@50000168)
ARR 500005fa (sz=120, trace=300284, nelems=0, elem type=char[])
OBJ 500005fb (sz=24, trace=300285, class=java.lang.StringBuilder@5000011e)
ARR 500005fc (sz=48, trace=300286, nelems=0, elem type=char[])
ARR 500005fd (sz=96, trace=300050, nelems=0, elem type=char[])
ARR 500005fe (sz=168, trace=300282, nelems=0, elem type=char[])
OBJ 500005ff (sz=24, trace=300287, class=java.lang.String@50000168)
	value		50000600
ARR 50000600 (sz=104, trace=300288, nelems=52, elem type=char[])
OBJ 50000601 (sz=24, trace=300289, class=java.io.ExpiringCache$Entry@50000068)
	val		50000d1c
OBJ 50000602 (sz=40, trace=300243, class=java.util.LinkedHashMap$Entry@50000067)
	key		500005ff
	value		50000601
	before		500005e4
	after		50000620
OBJ 50000603 (sz=32, trace=300267, class=java.io.File@50000077)
ARR 50000604 (sz=256, trace=300268, nelems=0, elem type=char[])
ARR 50000605 (sz=120, trace=300269, nelems=0, elem type=char[])
OBJ 50000606 (sz=24, trace=300270, class=java.lang.String@50000168)
ARR 50000607 (sz=128, trace=300271, nelems=0, elem type=char[])
OBJ 50000608 (sz=24, trace=300272, class=java.lang.StringBuilder@5000011e)
ARR 50000609 (sz=48, trace=300273, nelems=0, elem type=char[])
ARR 5000060a (sz=128, trace=300050, nelems=0, elem type=char[])
OBJ 5000060b (sz=24, trace=300274, class=java.lang.String@50000168)
	value		5000060c
ARR 5000060c (sz=110, trace=300275, nelems=55, elem type=char[])
OBJ 5000060d (sz=64, trace=300276, class=java.net.URL@50000013)
	protocol	50000f36
	host		50000a60
	file		5000060b
	authority	50000a60
	path		5000060b
	handler		50000f34
OBJ 5000060e (sz=24, trace=300277, class=java.net.Parts@50000012)
OBJ 5000060f (sz=24, trace=300165, class=java.lang.String@50000168)
ARR 50000610 (sz=96, trace=300166, nelems=0, elem type=char[])
OBJ 50000611 (sz=24, trace=300278, class=java.lang.String@50000168)
ARR 50000612 (sz=32, trace=300279, nelems=0, elem type=char[])
OBJ 50000613 (sz=24, trace=300280, class=java.lang.StringBuilder@5000011e)
ARR 50000614 (sz=48, trace=300281, nelems=0, elem type=char[])
ARR 50000615 (sz=96, trace=300050, nelems=0, elem type=char[])
ARR 50000616 (sz=168, trace=300282, nelems=0, elem type=char[])
OBJ 50000617 (sz=24, trace=300283, class=java.lang.String@50000168)
ARR 50000618 (sz=112, trace=300284, nelems=0, elem type=char[])
OBJ 50000619 (sz=24, trace=300285, class=java.lang.StringBuilder@5000011e)
ARR 5000061a (sz=48, trace=300286, nelems=0, elem type=char[])
ARR 5000061b (sz=96, trace=300050, nelems=0, elem type=char[])
ARR 5000061c (sz=168, trace=300282, nelems=0, elem type=char[])
OBJ 5000061d (sz=24, trace=300287, class=java.lang.String@50000168)
	value		5000061e
ARR 5000061e (sz=92, trace=300288, nelems=46, elem type=char[])
OBJ 5000061f (sz=24, trace=300289, class=java.io.ExpiringCache$Entry@50000068)
	val		50000d1a
OBJ 50000620 (sz=40, trace=300243, class=java.util.LinkedHashMap$Entry@50000067)
	key		5000061d
	value		5000061f
	before		50000602
	after		5000063e
OBJ 50000621 (sz=32, trace=300267, class=java.io.File@50000077)
ARR 50000622 (sz=232, trace=300268, nelems=0, elem type=char[])
ARR 50000623 (sz=112, trace=300269, nelems=0, elem type=char[])
OBJ 50000624 (sz=24, trace=300270, class=java.lang.String@50000168)
ARR 50000625 (sz=112, trace=300271, nelems=0, elem type=char[])
OBJ 50000626 (sz=24, trace=300272, class=java.lang.StringBuilder@5000011e)
ARR 50000627 (sz=48, trace=300273, nelems=0, elem type=char[])
ARR 50000628 (sz=120, trace=300050, nelems=0, elem type=char[])
OBJ 50000629 (sz=24, trace=300274, class=java.lang.String@50000168)
	value		5000062a
ARR 5000062a (sz=98, trace=300275, nelems=49, elem type=char[])
OBJ 5000062b (sz=64, trace=300276, class=java.net.URL@50000013)
	protocol	50000f36
	host		50000a60
	file		50000629
	authority	50000a60
	path		50000629
	handler		50000f34
OBJ 5000062c (sz=24, trace=300277, class=java.net.Parts@50000012)
OBJ 5000062d (sz=24, trace=300165, class=java.lang.String@50000168)
ARR 5000062e (sz=96, trace=300166, nelems=0, elem type=char[])
OBJ 5000062f (sz=24, trace=300278, class=java.lang.String@50000168)
ARR 50000630 (sz=32, trace=300279, nelems=0, elem type=char[])
OBJ 50000631 (sz=24, trace=300280, class=java.lang.StringBuilder@5000011e)
ARR 50000632 (sz=48, trace=300281, nelems=0, elem type=char[])
ARR 50000633 (sz=96, trace=300050, nelems=0, elem type=char[])
ARR 50000634 (sz=168, trace=300282, nelems=0, elem type=char[])
OBJ 50000635 (sz=24, trace=300283, class=java.lang.String@50000168)
ARR 50000636 (sz=112, trace=300284, nelems=0, elem type=char[])
OBJ 50000637 (sz=24, trace=300285, class=java.lang.StringBuilder@5000011e)
ARR 50000638 (sz=48, trace=300286, nelems=0, elem type=char[])
ARR 50000639 (sz=96, trace=300050, nelems=0, elem type=char[])
ARR 5000063a (sz=168, trace=300282, nelems=0, elem type=char[])
OBJ 5000063b (sz=24, trace=300287, class=java.lang.String@50000168)
	value		5000063c
ARR 5000063c (sz=90, trace=300288, nelems=45, elem type=char[])
OBJ 5000063d (sz=24, trace=300289, class=java.io.ExpiringCache$Entry@50000068)
	val		50000d18
OBJ 5000063e (sz=40, trace=300168, class=java.util.LinkedHashMap$Entry@50000067)
	key		5000063b
	value		5000063d
	before		50000620
	after		5000065c
OBJ 5000063f (sz=32, trace=300267, class=java.io.File@50000077)
ARR 50000640 (sz=232, trace=300268, nelems=0, elem type=char[])
ARR 50000641 (sz=112, trace=300269, nelems=0, elem type=char[])
OBJ 50000642 (sz=24, trace=300270, class=java.lang.String@50000168)
ARR 50000643 (sz=112, trace=300271, nelems=0, elem type=char[])
OBJ 50000644 (sz=24, trace=300272, class=java.lang.StringBuilder@5000011e)
ARR 50000645 (sz=48, trace=300273, nelems=0, elem type=char[])
ARR 50000646 (sz=112, trace=300050, nelems=0, elem type=char[])
OBJ 50000647 (sz=24, trace=300274, class=java.lang.String@50000168)
	value		50000648
ARR 50000648 (sz=96, trace=300275, nelems=48, elem type=char[])
OBJ 50000649 (sz=64, trace=300276, class=java.net.URL@50000013)
	protocol	50000f36
	host		50000a60
	file		50000647
	authority	50000a60
	path		50000647
	handler		50000f34
OBJ 5000064a (sz=24, trace=300277, class=java.net.Parts@50000012)
OBJ 5000064b (sz=24, trace=300165, class=java.lang.String@50000168)
ARR 5000064c (sz=96, trace=300166, nelems=0, elem type=char[])
OBJ 5000064d (sz=24, trace=300278, class=java.lang.String@50000168)
ARR 5000064e (sz=40, trace=300279, nelems=0, elem type=char[])
OBJ 5000064f (sz=24, trace=300280, class=java.lang.StringBuilder@5000011e)
ARR 50000650 (sz=48, trace=300281, nelems=0, elem type=char[])
ARR 50000651 (sz=96, trace=300050, nelems=0, elem type=char[])
ARR 50000652 (sz=168, trace=300282, nelems=0, elem type=char[])
OBJ 50000653 (sz=24, trace=300283, class=java.lang.String@50000168)
ARR 50000654 (sz=120, trace=300284, nelems=0, elem type=char[])
OBJ 50000655 (sz=24, trace=300285, class=java.lang.StringBuilder@5000011e)
ARR 50000656 (sz=48, trace=300286, nelems=0, elem type=char[])
ARR 50000657 (sz=96, trace=300050, nelems=0, elem type=char[])
ARR 50000658 (sz=168, trace=300282, nelems=0, elem type=char[])
OBJ 50000659 (sz=24, trace=300287, class=java.lang.String@50000168)
	value		5000065a
ARR 5000065a (sz=100, trace=300288, nelems=50, elem type=char[])
OBJ 5000065b (sz=24, trace=300289, class=java.io.ExpiringCache$Entry@50000068)
	val		50000d16
OBJ 5000065c (sz=40, trace=300243, class=java.util.LinkedHashMap$Entry@50000067)
	key		50000659
	value		5000065b
	before		5000063e
	after		5000067a
OBJ 5000065d (sz=32, trace=300267, class=java.io.File@50000077)
ARR 5000065e (sz=248, trace=300268, nelems=0, elem type=char[])
ARR 5000065f (sz=120, trace=300269, nelems=0, elem type=char[])
OBJ 50000660 (sz=24, trace=300270, class=java.lang.String@50000168)
ARR 50000661 (sz=120, trace=300271, nelems=0, elem type=char[])
OBJ 50000662 (sz=24, trace=300272, class=java.lang.StringBuilder@5000011e)
ARR 50000663 (sz=48, trace=300273, nelems=0, elem type=char[])
ARR 50000664 (sz=128, trace=300050, nelems=0, elem type=char[])
OBJ 50000665 (sz=24, trace=300274, class=java.lang.String@50000168)
	value		50000666
ARR 50000666 (sz=106, trace=300275, nelems=53, elem type=char[])
OBJ 50000667 (sz=64, trace=300276, class=java.net.URL@50000013)
	protocol	50000f36
	host		50000a60
	file		50000665
	authority	50000a60
	path		50000665
	handler		50000f34
OBJ 50000668 (sz=24, trace=300277, class=java.net.Parts@50000012)
OBJ 50000669 (sz=24, trace=300165, class=java.lang.String@50000168)
ARR 5000066a (sz=96, trace=300166, nelems=0, elem type=char[])
OBJ 5000066b (sz=24, trace=300278, class=java.lang.String@50000168)
ARR 5000066c (sz=32, trace=300279, nelems=0, elem type=char[])
OBJ 5000066d (sz=24, trace=300280, class=java.lang.StringBuilder@5000011e)
ARR 5000066e (sz=48, trace=300281, nelems=0, elem type=char[])
ARR 5000066f (sz=96, trace=300050, nelems=0, elem type=char[])
ARR 50000670 (sz=168, trace=300282, nelems=0, elem type=char[])
OBJ 50000671 (sz=24, trace=300283, class=java.lang.String@50000168)
ARR 50000672 (sz=112, trace=300284, nelems=0, elem type=char[])
OBJ 50000673 (sz=24, trace=300285, class=java.lang.StringBuilder@5000011e)
ARR 50000674 (sz=48, trace=300286, nelems=0, elem type=char[])
ARR 50000675 (sz=96, trace=300050, nelems=0, elem type=char[])
ARR 50000676 (sz=168, trace=300282, nelems=0, elem type=char[])
OBJ 50000677 (sz=24, trace=300287, class=java.lang.String@50000168)
	value		50000678
ARR 50000678 (sz=90, trace=300288, nelems=45, elem type=char[])
OBJ 50000679 (sz=24, trace=300289, class=java.io.ExpiringCache$Entry@50000068)
	val		50000d52
OBJ 5000067a (sz=40, trace=300168, class=java.util.LinkedHashMap$Entry@50000067)
	key		50000677
	value		50000679
	before		5000065c
	after		5000068a
OBJ 5000067b (sz=32, trace=300267, class=java.io.File@50000077)
ARR 5000067c (sz=232, trace=300268, nelems=0, elem type=char[])
ARR 5000067d (sz=112, trace=300269, nelems=0, elem type=char[])
OBJ 5000067e (sz=24, trace=300270, class=java.lang.String@50000168)
ARR 5000067f (sz=112, trace=300271, nelems=0, elem type=char[])
OBJ 50000680 (sz=24, trace=300272, class=java.lang.StringBuilder@5000011e)
ARR 50000681 (sz=48, trace=300273, nelems=0, elem type=char[])
ARR 50000682 (sz=112, trace=300050, nelems=0, elem type=char[])
OBJ 50000683 (sz=24, trace=300274, class=java.lang.String@50000168)
	value		50000684
ARR 50000684 (sz=96, trace=300275, nelems=48, elem type=char[])
OBJ 50000685 (sz=64, trace=300276, class=java.net.URL@50000013)
	protocol	50000f36
	host		50000a60
	file		50000683
	authority	50000a60
	path		50000683
	handler		50000f34
OBJ 50000686 (sz=24, trace=300277, class=java.net.Parts@50000012)
OBJ 50000687 (sz=24, trace=300165, class=java.lang.String@50000168)
ARR 50000688 (sz=88, trace=300166, nelems=0, elem type=char[])
OBJ 50000689 (sz=24, trace=300167, class=java.io.ExpiringCache$Entry@50000068)
	val		50000d50
OBJ 5000068a (sz=40, trace=300243, class=java.util.LinkedHashMap$Entry@50000067)
	key		5000045b
	value		50000689
	before		5000067a
ARR 5000068b (sz=272, trace=300290, nelems=64, elem type=java.util.HashMap$Node[]@500000b8)
	[2]		50000d0a
	[3]		5000063e
	[4]		50000d0b
	[7]		50000d0c
	[8]		50000d0d
	[11]		50000602
	[15]		5000047c
	[19]		5000067a
	[25]		500005c1
	[30]		500005e4
	[31]		50000d0e
	[38]		50000d0f
	[43]		50000d10
	[45]		50000d09
	[47]		50000d11
	[49]		50000d12
	[52]		50000403
	[58]		50000d13
	[60]		50000d14
	[62]		50000d15
	[63]		5000065c
OBJ 5000068c (sz=24, trace=300169, class=java.lang.String@50000168)
ARR 5000068d (sz=88, trace=300166, nelems=0, elem type=char[])
OBJ 5000068e (sz=32, trace=300170, class=java.io.File@50000077)
OBJ 5000068f (sz=32, trace=300267, class=java.io.File@50000077)
ARR 50000690 (sz=216, trace=300268, nelems=0, elem type=char[])
ARR 50000691 (sz=104, trace=300269, nelems=0, elem type=char[])
OBJ 50000692 (sz=24, trace=300270, class=java.lang.String@50000168)
ARR 50000693 (sz=104, trace=300271, nelems=0, elem type=char[])
OBJ 50000694 (sz=24, trace=300272, class=java.lang.StringBuilder@5000011e)
ARR 50000695 (sz=48, trace=300273, nelems=0, elem type=char[])
ARR 50000696 (sz=104, trace=300050, nelems=0, elem type=char[])
OBJ 50000697 (sz=24, trace=300274, class=java.lang.String@50000168)
	value		50000698
ARR 50000698 (sz=88, trace=300275, nelems=44, elem type=char[])
OBJ 50000699 (sz=64, trace=300276, class=java.net.URL@50000013)
	protocol	50000f36
	host		50000a60
	file		50000697
	authority	50000a60
	path		50000697
	handler		50000f34
OBJ 5000069a (sz=24, trace=300277, class=java.net.Parts@50000012)
OBJ 5000069b (sz=40, trace=300291, class=sun.misc.URLClassPath@50000005)
	path		5000069c
	urls		5000069d
	loaders		5000069f
	lmap		500006a0
	jarHandler	500006a7
OBJ 5000069c (sz=24, trace=300292, class=java.util.ArrayList@500000c1)
	elementData	500006a1
OBJ 5000069d (sz=32, trace=300293, class=java.util.Stack@500000eb)
	elementData	5000069e
ARR 5000069e (sz=56, trace=300294, nelems=0, elem type=java.lang.Object[]@50000111)
OBJ 5000069f (sz=24, trace=300295, class=java.util.ArrayList@500000c1)
	elementData	500006d9
OBJ 500006a0 (sz=48, trace=300296, class=java.util.HashMap@500000ba)
	table		500006da
ARR 500006a1 (sz=56, trace=300148, nelems=8, elem type=java.lang.Object[]@50000111)
	[0]		500005d1
	[1]		500005ef
	[2]		5000060d
	[3]		5000062b
	[4]		50000649
	[5]		50000667
	[6]		50000685
	[7]		50000699
OBJ 500006a2 (sz=24, trace=300297, class=java.lang.StringBuilder@5000011e)
ARR 500006a3 (sz=48, trace=300298, nelems=0, elem type=char[])
ARR 500006a4 (sz=88, trace=300050, nelems=0, elem type=char[])
OBJ 500006a5 (sz=24, trace=300299, class=java.lang.String@50000168)
ARR 500006a6 (sz=80, trace=300300, nelems=0, elem type=char[])
OBJ 500006a7 (sz=16, trace=300301, class=sun.net.www.protocol.jar.Handler@50000004)
OBJ 500006a9 (sz=32, trace=300303, class=sun.misc.URLClassPath$2@500006a8)
OBJ 500006ab (sz=16, trace=300305, class=java.lang.ClassLoader$2@500006aa)
OBJ 500006ad (sz=32, trace=300307, class=sun.misc.URLClassPath$1@500006ac)
OBJ 500006af (sz=24, trace=300309, class=java.net.URLClassLoader$3@500006ae)
OBJ 500006b1 (sz=24, trace=300311, class=sun.misc.CompoundEnumeration@500006b0)
OBJ 500006b2 (sz=24, trace=300081, class=java.lang.StringBuilder@5000011e)
ARR 500006b3 (sz=48, trace=300082, nelems=0, elem type=char[])
ARR 500006b4 (sz=144, trace=300050, nelems=0, elem type=char[])
OBJ 500006b5 (sz=24, trace=300083, class=java.lang.String@50000168)
	value		500006b6
ARR 500006b6 (sz=122, trace=300084, nelems=61, elem type=char[])
OBJ 500006b7 (sz=24, trace=300312, class=sun.misc.URLClassPath$3@500001e7)
OBJ 500006b8 (sz=24, trace=300091, class=java.lang.StringBuilder@5000011e)
ARR 500006b9 (sz=48, trace=300092, nelems=0, elem type=char[])
OBJ 500006ba (sz=24, trace=300093, class=java.lang.StringBuffer@5000011f)
ARR 500006bb (sz=136, trace=300094, nelems=0, elem type=char[])
ARR 500006bc (sz=136, trace=300095, nelems=0, elem type=char[])
OBJ 500006bd (sz=24, trace=300096, class=java.lang.String@50000168)
ARR 500006be (sz=136, trace=300050, nelems=0, elem type=char[])
ARR 500006bf (sz=256, trace=300050, nelems=0, elem type=char[])
OBJ 500006c0 (sz=24, trace=300097, class=java.lang.String@50000168)
	value		500006c1
ARR 500006c1 (sz=122, trace=300098, nelems=61, elem type=char[])
OBJ 500006c2 (sz=64, trace=300099, class=java.net.URL@50000013)
	protocol	50000f71
	host		50000a60
	file		500006c0
	authority	50000a60
	path		500006c0
	handler		500006a7
OBJ 500006c3 (sz=24, trace=300100, class=java.net.Parts@50000012)
OBJ 500006c4 (sz=48, trace=300101, class=sun.misc.URLClassPath$JarLoader@500001ea)
	base		500006c2
	csu		500005d1
	metaIndex	5000052d
	handler		500006a7
	lmap		500006a0
OBJ 500006c5 (sz=24, trace=300102, class=java.lang.StringBuilder@5000011e)
ARR 500006c6 (sz=128, trace=300103, nelems=0, elem type=char[])
ARR 500006c7 (sz=72, trace=300104, nelems=0, elem type=byte[])
OBJ 500006c8 (sz=48, trace=300105, class=java.nio.HeapByteBuffer@5000007e)
ARR 500006c9 (sz=128, trace=300106, nelems=0, elem type=char[])
OBJ 500006ca (sz=48, trace=300107, class=java.nio.HeapCharBuffer@50000038)
OBJ 500006cb (sz=24, trace=300134, class=java.lang.String@50000168)
ARR 500006cc (sz=24, trace=300135, nelems=0, elem type=char[])
OBJ 500006cd (sz=24, trace=300136, class=java.lang.String@50000168)
ARR 500006ce (sz=24, trace=300137, nelems=0, elem type=char[])
OBJ 500006cf (sz=24, trace=300138, class=java.lang.String@50000168)
ARR 500006d0 (sz=120, trace=300139, nelems=0, elem type=char[])
OBJ 500006d1 (sz=32, trace=300140, class=java.io.File@50000077)
OBJ 500006d2 (sz=24, trace=300141, class=java.lang.StringBuffer@5000011f)
ARR 500006d3 (sz=120, trace=300142, nelems=0, elem type=char[])
ARR 500006d4 (sz=120, trace=300143, nelems=0, elem type=char[])
OBJ 500006d5 (sz=24, trace=300144, class=java.lang.String@50000168)
ARR 500006d6 (sz=120, trace=300145, nelems=0, elem type=char[])
OBJ 500006d7 (sz=24, trace=300146, class=java.lang.String@50000168)
ARR 500006d8 (sz=120, trace=300147, nelems=0, elem type=char[])
ARR 500006d9 (sz=56, trace=300148, nelems=6, elem type=java.lang.Object[]@50000111)
	[0]		500006c4
	[1]		500006ee
	[2]		50000759
	[3]		50000781
	[4]		500007a9
	[5]		500007d1
ARR 500006da (sz=80, trace=300149, nelems=16, elem type=java.util.HashMap$Node[]@500000b8)
	[0]		50000703
	[7]		5000076e
	[8]		50000796
	[12]		500007be
	[15]		500006db
OBJ 500006db (sz=32, trace=300150, class=java.util.HashMap$Node@500000b9)
	key		500006b5
	value		500006c4
OBJ 500006dc (sz=24, trace=300081, class=java.lang.StringBuilder@5000011e)
ARR 500006dd (sz=48, trace=300082, nelems=0, elem type=char[])
ARR 500006de (sz=128, trace=300050, nelems=0, elem type=char[])
OBJ 500006df (sz=24, trace=300083, class=java.lang.String@50000168)
	value		500006e0
ARR 500006e0 (sz=108, trace=300084, nelems=54, elem type=char[])
OBJ 500006e1 (sz=24, trace=300312, class=sun.misc.URLClassPath$3@500001e7)
OBJ 500006e2 (sz=24, trace=300091, class=java.lang.StringBuilder@5000011e)
ARR 500006e3 (sz=48, trace=300092, nelems=0, elem type=char[])
OBJ 500006e4 (sz=24, trace=300093, class=java.lang.StringBuffer@5000011f)
ARR 500006e5 (sz=120, trace=300094, nelems=0, elem type=char[])
ARR 500006e6 (sz=120, trace=300095, nelems=0, elem type=char[])
OBJ 500006e7 (sz=24, trace=300096, class=java.lang.String@50000168)
ARR 500006e8 (sz=120, trace=300050, nelems=0, elem type=char[])
ARR 500006e9 (sz=232, trace=300050, nelems=0, elem type=char[])
OBJ 500006ea (sz=24, trace=300097, class=java.lang.String@50000168)
	value		500006eb
ARR 500006eb (sz=108, trace=300098, nelems=54, elem type=char[])
OBJ 500006ec (sz=64, trace=300099, class=java.net.URL@50000013)
	protocol	50000f71
	host		50000a60
	file		500006ea
	authority	50000a60
	path		500006ea
	handler		500006a7
OBJ 500006ed (sz=24, trace=300100, class=java.net.Parts@50000012)
OBJ 500006ee (sz=48, trace=300101, class=sun.misc.URLClassPath$JarLoader@500001ea)
	base		500006ec
	csu		500005ef
	metaIndex	50000587
	handler		500006a7
	lmap		500006a0
OBJ 500006ef (sz=24, trace=300102, class=java.lang.StringBuilder@5000011e)
ARR 500006f0 (sz=112, trace=300103, nelems=0, elem type=char[])
ARR 500006f1 (sz=64, trace=300104, nelems=0, elem type=byte[])
OBJ 500006f2 (sz=48, trace=300105, class=java.nio.HeapByteBuffer@5000007e)
ARR 500006f3 (sz=112, trace=300106, nelems=0, elem type=char[])
OBJ 500006f4 (sz=48, trace=300107, class=java.nio.HeapCharBuffer@50000038)
OBJ 500006f5 (sz=24, trace=300134, class=java.lang.String@50000168)
ARR 500006f6 (sz=24, trace=300135, nelems=0, elem type=char[])
OBJ 500006f7 (sz=24, trace=300136, class=java.lang.String@50000168)
ARR 500006f8 (sz=24, trace=300137, nelems=0, elem type=char[])
OBJ 500006f9 (sz=24, trace=300138, class=java.lang.String@50000168)
ARR 500006fa (sz=112, trace=300139, nelems=0, elem type=char[])
OBJ 500006fb (sz=32, trace=300140, class=java.io.File@50000077)
OBJ 500006fc (sz=24, trace=300141, class=java.lang.StringBuffer@5000011f)
ARR 500006fd (sz=112, trace=300142, nelems=0, elem type=char[])
ARR 500006fe (sz=104, trace=300143, nelems=0, elem type=char[])
OBJ 500006ff (sz=24, trace=300144, class=java.lang.String@50000168)
ARR 50000700 (sz=104, trace=300145, nelems=0, elem type=char[])
OBJ 50000701 (sz=24, trace=300146, class=java.lang.String@50000168)
ARR 50000702 (sz=104, trace=300147, nelems=0, elem type=char[])
OBJ 50000703 (sz=32, trace=300150, class=java.util.HashMap$Node@500000b9)
	key		500006df
	value		500006ee
OBJ 50000704 (sz=24, trace=300081, class=java.lang.StringBuilder@5000011e)
ARR 50000705 (sz=48, trace=300082, nelems=0, elem type=char[])
ARR 50000706 (sz=144, trace=300050, nelems=0, elem type=char[])
OBJ 50000707 (sz=24, trace=300083, class=java.lang.String@50000168)
ARR 50000708 (sz=144, trace=300084, nelems=0, elem type=char[])
OBJ 50000709 (sz=24, trace=300312, class=sun.misc.URLClassPath$3@500001e7)
OBJ 5000070a (sz=24, trace=300091, class=java.lang.StringBuilder@5000011e)
ARR 5000070b (sz=48, trace=300092, nelems=0, elem type=char[])
OBJ 5000070c (sz=24, trace=300093, class=java.lang.StringBuffer@5000011f)
ARR 5000070d (sz=136, trace=300094, nelems=0, elem type=char[])
ARR 5000070e (sz=136, trace=300095, nelems=0, elem type=char[])
OBJ 5000070f (sz=24, trace=300096, class=java.lang.String@50000168)
ARR 50000710 (sz=136, trace=300050, nelems=0, elem type=char[])
ARR 50000711 (sz=264, trace=300050, nelems=0, elem type=char[])
OBJ 50000712 (sz=24, trace=300097, class=java.lang.String@50000168)
ARR 50000713 (sz=144, trace=300098, nelems=0, elem type=char[])
OBJ 50000714 (sz=64, trace=300099, class=java.net.URL@50000013)
OBJ 50000715 (sz=24, trace=300100, class=java.net.Parts@50000012)
OBJ 50000716 (sz=48, trace=300101, class=sun.misc.URLClassPath$JarLoader@500001ea)
OBJ 50000717 (sz=24, trace=300102, class=java.lang.StringBuilder@5000011e)
ARR 50000718 (sz=128, trace=300103, nelems=0, elem type=char[])
ARR 50000719 (sz=72, trace=300104, nelems=0, elem type=byte[])
OBJ 5000071a (sz=48, trace=300105, class=java.nio.HeapByteBuffer@5000007e)
ARR 5000071b (sz=128, trace=300106, nelems=0, elem type=char[])
OBJ 5000071c (sz=48, trace=300107, class=java.nio.HeapCharBuffer@50000038)
OBJ 5000071d (sz=24, trace=300134, class=java.lang.String@50000168)
ARR 5000071e (sz=24, trace=300135, nelems=0, elem type=char[])
OBJ 5000071f (sz=24, trace=300136, class=java.lang.String@50000168)
ARR 50000720 (sz=24, trace=300137, nelems=0, elem type=char[])
OBJ 50000721 (sz=24, trace=300138, class=java.lang.String@50000168)
ARR 50000722 (sz=128, trace=300139, nelems=0, elem type=char[])
OBJ 50000723 (sz=32, trace=300140, class=java.io.File@50000077)
OBJ 50000724 (sz=24, trace=300141, class=java.lang.StringBuffer@5000011f)
ARR 50000725 (sz=128, trace=300142, nelems=0, elem type=char[])
ARR 50000726 (sz=120, trace=300143, nelems=0, elem type=char[])
OBJ 50000727 (sz=24, trace=300144, class=java.lang.String@50000168)
ARR 50000728 (sz=120, trace=300145, nelems=0, elem type=char[])
OBJ 50000729 (sz=24, trace=300146, class=java.lang.String@50000168)
ARR 5000072a (sz=120, trace=300147, nelems=0, elem type=char[])
OBJ 5000072c (sz=16, trace=300314, class=sun.misc.URLClassPath$JarLoader$1@5000072b)
OBJ 5000072e (sz=24, trace=300316, class=sun.misc.FileURLMapper@5000072d)
ARR 5000072f (sz=128, trace=300317, nelems=0, elem type=char[])
OBJ 50000730 (sz=24, trace=300318, class=java.lang.String@50000168)
OBJ 50000731 (sz=24, trace=300319, class=java.lang.StringBuilder@5000011e)
ARR 50000732 (sz=128, trace=300320, nelems=0, elem type=char[])
ARR 50000733 (sz=72, trace=300321, nelems=0, elem type=byte[])
OBJ 50000734 (sz=48, trace=300105, class=java.nio.HeapByteBuffer@5000007e)
ARR 50000735 (sz=128, trace=300322, nelems=0, elem type=char[])
OBJ 50000736 (sz=48, trace=300107, class=java.nio.HeapCharBuffer@50000038)
OBJ 50000737 (sz=24, trace=300134, class=java.lang.String@50000168)
ARR 50000738 (sz=24, trace=300135, nelems=0, elem type=char[])
OBJ 50000739 (sz=24, trace=300136, class=java.lang.String@50000168)
ARR 5000073a (sz=24, trace=300137, nelems=0, elem type=char[])
OBJ 5000073b (sz=24, trace=300323, class=java.lang.String@50000168)
ARR 5000073c (sz=128, trace=300139, nelems=0, elem type=char[])
OBJ 5000073d (sz=32, trace=300324, class=java.io.File@50000077)
OBJ 5000073e (sz=24, trace=300161, class=java.lang.StringBuffer@5000011f)
ARR 5000073f (sz=128, trace=300162, nelems=0, elem type=char[])
ARR 50000740 (sz=120, trace=300163, nelems=0, elem type=char[])
OBJ 50000741 (sz=24, trace=300164, class=java.lang.String@50000168)
OBJ 50000744 (sz=32, trace=300326, class=java.io.FileNotFoundException@50000743)
OBJ 50000745 (sz=40, trace=300327, class=java.security.PrivilegedActionException@500003ec)
OBJ 50000746 (sz=40, trace=300327, class=java.security.PrivilegedActionException@500003ec)
OBJ 50000747 (sz=24, trace=300081, class=java.lang.StringBuilder@5000011e)
ARR 50000748 (sz=48, trace=300082, nelems=0, elem type=char[])
ARR 50000749 (sz=128, trace=300050, nelems=0, elem type=char[])
OBJ 5000074a (sz=24, trace=300083, class=java.lang.String@50000168)
	value		5000074b
ARR 5000074b (sz=112, trace=300084, nelems=56, elem type=char[])
OBJ 5000074c (sz=24, trace=300312, class=sun.misc.URLClassPath$3@500001e7)
OBJ 5000074d (sz=24, trace=300091, class=java.lang.StringBuilder@5000011e)
ARR 5000074e (sz=48, trace=300092, nelems=0, elem type=char[])
OBJ 5000074f (sz=24, trace=300093, class=java.lang.StringBuffer@5000011f)
ARR 50000750 (sz=128, trace=300094, nelems=0, elem type=char[])
ARR 50000751 (sz=128, trace=300095, nelems=0, elem type=char[])
OBJ 50000752 (sz=24, trace=300096, class=java.lang.String@50000168)
ARR 50000753 (sz=128, trace=300050, nelems=0, elem type=char[])
ARR 50000754 (sz=240, trace=300050, nelems=0, elem type=char[])
OBJ 50000755 (sz=24, trace=300097, class=java.lang.String@50000168)
	value		50000756
ARR 50000756 (sz=112, trace=300098, nelems=56, elem type=char[])
OBJ 50000757 (sz=64, trace=300099, class=java.net.URL@50000013)
	protocol	50000f71
	host		50000a60
	file		50000755
	authority	50000a60
	path		50000755
	handler		500006a7
OBJ 50000758 (sz=24, trace=300100, class=java.net.Parts@50000012)
OBJ 50000759 (sz=48, trace=300101, class=sun.misc.URLClassPath$JarLoader@500001ea)
	base		50000757
	csu		5000062b
	metaIndex	500004d6
	handler		500006a7
	lmap		500006a0
OBJ 5000075a (sz=24, trace=300102, class=java.lang.StringBuilder@5000011e)
ARR 5000075b (sz=120, trace=300103, nelems=0, elem type=char[])
ARR 5000075c (sz=72, trace=300104, nelems=0, elem type=byte[])
OBJ 5000075d (sz=48, trace=300105, class=java.nio.HeapByteBuffer@5000007e)
ARR 5000075e (sz=120, trace=300106, nelems=0, elem type=char[])
OBJ 5000075f (sz=48, trace=300107, class=java.nio.HeapCharBuffer@50000038)
OBJ 50000760 (sz=24, trace=300134, class=java.lang.String@50000168)
ARR 50000761 (sz=24, trace=300135, nelems=0, elem type=char[])
OBJ 50000762 (sz=24, trace=300136, class=java.lang.String@50000168)
ARR 50000763 (sz=24, trace=300137, nelems=0, elem type=char[])
OBJ 50000764 (sz=24, trace=300138, class=java.lang.String@50000168)
ARR 50000765 (sz=112, trace=300139, nelems=0, elem type=char[])
OBJ 50000766 (sz=32, trace=300140, class=java.io.File@50000077)
OBJ 50000767 (sz=24, trace=300141, class=java.lang.StringBuffer@5000011f)
ARR 50000768 (sz=112, trace=300142, nelems=0, elem type=char[])
ARR 50000769 (sz=112, trace=300143, nelems=0, elem type=char[])
OBJ 5000076a (sz=24, trace=300144, class=java.lang.String@50000168)
ARR 5000076b (sz=112, trace=300145, nelems=0, elem type=char[])
OBJ 5000076c (sz=24, trace=300146, class=java.lang.String@50000168)
ARR 5000076d (sz=112, trace=300147, nelems=0, elem type=char[])
OBJ 5000076e (sz=32, trace=300150, class=java.util.HashMap$Node@500000b9)
	key		5000074a
	value		50000759
OBJ 5000076f (sz=24, trace=300081, class=java.lang.StringBuilder@5000011e)
ARR 50000770 (sz=48, trace=300082, nelems=0, elem type=char[])
ARR 50000771 (sz=128, trace=300050, nelems=0, elem type=char[])
OBJ 50000772 (sz=24, trace=300083, class=java.lang.String@50000168)
	value		50000773
ARR 50000773 (sz=110, trace=300084, nelems=55, elem type=char[])
OBJ 50000774 (sz=24, trace=300312, class=sun.misc.URLClassPath$3@500001e7)
OBJ 50000775 (sz=24, trace=300091, class=java.lang.StringBuilder@5000011e)
ARR 50000776 (sz=48, trace=300092, nelems=0, elem type=char[])
OBJ 50000777 (sz=24, trace=300093, class=java.lang.StringBuffer@5000011f)
ARR 50000778 (sz=128, trace=300094, nelems=0, elem type=char[])
ARR 50000779 (sz=128, trace=300095, nelems=0, elem type=char[])
OBJ 5000077a (sz=24, trace=300096, class=java.lang.String@50000168)
ARR 5000077b (sz=128, trace=300050, nelems=0, elem type=char[])
ARR 5000077c (sz=232, trace=300050, nelems=0, elem type=char[])
OBJ 5000077d (sz=24, trace=300097, class=java.lang.String@50000168)
	value		5000077e
ARR 5000077e (sz=110, trace=300098, nelems=55, elem type=char[])
OBJ 5000077f (sz=64, trace=300099, class=java.net.URL@50000013)
	protocol	50000f71
	host		50000a60
	file		5000077d
	authority	50000a60
	path		5000077d
	handler		500006a7
OBJ 50000780 (sz=24, trace=300100, class=java.net.Parts@50000012)
OBJ 50000781 (sz=48, trace=300101, class=sun.misc.URLClassPath$JarLoader@500001ea)
	base		5000077f
	csu		50000649
	metaIndex	500004b0
	handler		500006a7
	lmap		500006a0
OBJ 50000782 (sz=24, trace=300102, class=java.lang.StringBuilder@5000011e)
ARR 50000783 (sz=112, trace=300103, nelems=0, elem type=char[])
ARR 50000784 (sz=64, trace=300104, nelems=0, elem type=byte[])
OBJ 50000785 (sz=48, trace=300105, class=java.nio.HeapByteBuffer@5000007e)
ARR 50000786 (sz=112, trace=300106, nelems=0, elem type=char[])
OBJ 50000787 (sz=48, trace=300107, class=java.nio.HeapCharBuffer@50000038)
OBJ 50000788 (sz=24, trace=300134, class=java.lang.String@50000168)
ARR 50000789 (sz=24, trace=300135, nelems=0, elem type=char[])
OBJ 5000078a (sz=24, trace=300136, class=java.lang.String@50000168)
ARR 5000078b (sz=24, trace=300137, nelems=0, elem type=char[])
OBJ 5000078c (sz=24, trace=300138, class=java.lang.String@50000168)
ARR 5000078d (sz=112, trace=300139, nelems=0, elem type=char[])
OBJ 5000078e (sz=32, trace=300140, class=java.io.File@50000077)
OBJ 5000078f (sz=24, trace=300141, class=java.lang.StringBuffer@5000011f)
ARR 50000790 (sz=112, trace=300142, nelems=0, elem type=char[])
ARR 50000791 (sz=112, trace=300143, nelems=0, elem type=char[])
OBJ 50000792 (sz=24, trace=300144, class=java.lang.String@50000168)
ARR 50000793 (sz=112, trace=300145, nelems=0, elem type=char[])
OBJ 50000794 (sz=24, trace=300146, class=java.lang.String@50000168)
ARR 50000795 (sz=112, trace=300147, nelems=0, elem type=char[])
OBJ 50000796 (sz=32, trace=300150, class=java.util.HashMap$Node@500000b9)
	key		50000772
	value		50000781
OBJ 50000797 (sz=24, trace=300081, class=java.lang.StringBuilder@5000011e)
ARR 50000798 (sz=48, trace=300082, nelems=0, elem type=char[])
ARR 50000799 (sz=136, trace=300050, nelems=0, elem type=char[])
OBJ 5000079a (sz=24, trace=300083, class=java.lang.String@50000168)
	value		5000079b
ARR 5000079b (sz=120, trace=300084, nelems=60, elem type=char[])
OBJ 5000079c (sz=24, trace=300312, class=sun.misc.URLClassPath$3@500001e7)
OBJ 5000079d (sz=24, trace=300091, class=java.lang.StringBuilder@5000011e)
ARR 5000079e (sz=48, trace=300092, nelems=0, elem type=char[])
OBJ 5000079f (sz=24, trace=300093, class=java.lang.StringBuffer@5000011f)
ARR 500007a0 (sz=136, trace=300094, nelems=0, elem type=char[])
ARR 500007a1 (sz=136, trace=300095, nelems=0, elem type=char[])
OBJ 500007a2 (sz=24, trace=300096, class=java.lang.String@50000168)
ARR 500007a3 (sz=136, trace=300050, nelems=0, elem type=char[])
ARR 500007a4 (sz=256, trace=300050, nelems=0, elem type=char[])
OBJ 500007a5 (sz=24, trace=300097, class=java.lang.String@50000168)
	value		500007a6
ARR 500007a6 (sz=120, trace=300098, nelems=60, elem type=char[])
OBJ 500007a7 (sz=64, trace=300099, class=java.net.URL@50000013)
	protocol	50000f71
	host		50000a60
	file		500007a5
	authority	50000a60
	path		500007a5
	handler		500006a7
OBJ 500007a8 (sz=24, trace=300100, class=java.net.Parts@50000012)
OBJ 500007a9 (sz=48, trace=300101, class=sun.misc.URLClassPath$JarLoader@500001ea)
	base		500007a7
	csu		50000667
	metaIndex	50000499
	handler		500006a7
	lmap		500006a0
OBJ 500007aa (sz=24, trace=300102, class=java.lang.StringBuilder@5000011e)
ARR 500007ab (sz=128, trace=300103, nelems=0, elem type=char[])
ARR 500007ac (sz=72, trace=300104, nelems=0, elem type=byte[])
OBJ 500007ad (sz=48, trace=300105, class=java.nio.HeapByteBuffer@5000007e)
ARR 500007ae (sz=128, trace=300106, nelems=0, elem type=char[])
OBJ 500007af (sz=48, trace=300107, class=java.nio.HeapCharBuffer@50000038)
OBJ 500007b0 (sz=24, trace=300134, class=java.lang.String@50000168)
ARR 500007b1 (sz=24, trace=300135, nelems=0, elem type=char[])
OBJ 500007b2 (sz=24, trace=300136, class=java.lang.String@50000168)
ARR 500007b3 (sz=24, trace=300137, nelems=0, elem type=char[])
OBJ 500007b4 (sz=24, trace=300138, class=java.lang.String@50000168)
ARR 500007b5 (sz=120, trace=300139, nelems=0, elem type=char[])
OBJ 500007b6 (sz=32, trace=300140, class=java.io.File@50000077)
OBJ 500007b7 (sz=24, trace=300141, class=java.lang.StringBuffer@5000011f)
ARR 500007b8 (sz=120, trace=300142, nelems=0, elem type=char[])
ARR 500007b9 (sz=120, trace=300143, nelems=0, elem type=char[])
OBJ 500007ba (sz=24, trace=300144, class=java.lang.String@50000168)
ARR 500007bb (sz=120, trace=300145, nelems=0, elem type=char[])
OBJ 500007bc (sz=24, trace=300146, class=java.lang.String@50000168)
ARR 500007bd (sz=120, trace=300147, nelems=0, elem type=char[])
OBJ 500007be (sz=32, trace=300150, class=java.util.HashMap$Node@500000b9)
	key		5000079a
	value		500007a9
	next		500007e6
OBJ 500007bf (sz=24, trace=300081, class=java.lang.StringBuilder@5000011e)
ARR 500007c0 (sz=48, trace=300082, nelems=0, elem type=char[])
ARR 500007c1 (sz=128, trace=300050, nelems=0, elem type=char[])
OBJ 500007c2 (sz=24, trace=300083, class=java.lang.String@50000168)
	value		500007c3
ARR 500007c3 (sz=110, trace=300084, nelems=55, elem type=char[])
OBJ 500007c4 (sz=24, trace=300312, class=sun.misc.URLClassPath$3@500001e7)
OBJ 500007c5 (sz=24, trace=300091, class=java.lang.StringBuilder@5000011e)
ARR 500007c6 (sz=48, trace=300092, nelems=0, elem type=char[])
OBJ 500007c7 (sz=24, trace=300093, class=java.lang.StringBuffer@5000011f)
ARR 500007c8 (sz=128, trace=300094, nelems=0, elem type=char[])
ARR 500007c9 (sz=128, trace=300095, nelems=0, elem type=char[])
OBJ 500007ca (sz=24, trace=300096, class=java.lang.String@50000168)
ARR 500007cb (sz=128, trace=300050, nelems=0, elem type=char[])
ARR 500007cc (sz=232, trace=300050, nelems=0, elem type=char[])
OBJ 500007cd (sz=24, trace=300097, class=java.lang.String@50000168)
	value		500007ce
ARR 500007ce (sz=110, trace=300098, nelems=55, elem type=char[])
OBJ 500007cf (sz=64, trace=300099, class=java.net.URL@50000013)
	protocol	50000f71
	host		50000a60
	file		500007cd
	authority	50000a60
	path		500007cd
	handler		500006a7
OBJ 500007d0 (sz=24, trace=300100, class=java.net.Parts@50000012)
OBJ 500007d1 (sz=48, trace=300101, class=sun.misc.URLClassPath$JarLoader@500001ea)
	base		500007cf
	csu		50000685
	metaIndex	500004c4
	handler		500006a7
	lmap		500006a0
OBJ 500007d2 (sz=24, trace=300102, class=java.lang.StringBuilder@5000011e)
ARR 500007d3 (sz=112, trace=300103, nelems=0, elem type=char[])
ARR 500007d4 (sz=64, trace=300104, nelems=0, elem type=byte[])
OBJ 500007d5 (sz=48, trace=300105, class=java.nio.HeapByteBuffer@5000007e)
ARR 500007d6 (sz=112, trace=300106, nelems=0, elem type=char[])
OBJ 500007d7 (sz=48, trace=300107, class=java.nio.HeapCharBuffer@50000038)
OBJ 500007d8 (sz=24, trace=300134, class=java.lang.String@50000168)
ARR 500007d9 (sz=24, trace=300135, nelems=0, elem type=char[])
OBJ 500007da (sz=24, trace=300136, class=java.lang.String@50000168)
ARR 500007db (sz=24, trace=300137, nelems=0, elem type=char[])
OBJ 500007dc (sz=24, trace=300138, class=java.lang.String@50000168)
ARR 500007dd (sz=112, trace=300139, nelems=0, elem type=char[])
OBJ 500007de (sz=32, trace=300140, class=java.io.File@50000077)
OBJ 500007df (sz=24, trace=300141, class=java.lang.StringBuffer@5000011f)
ARR 500007e0 (sz=112, trace=300142, nelems=0, elem type=char[])
ARR 500007e1 (sz=112, trace=300143, nelems=0, elem type=char[])
OBJ 500007e2 (sz=24, trace=300144, class=java.lang.String@50000168)
ARR 500007e3 (sz=112, trace=300145, nelems=0, elem type=char[])
OBJ 500007e4 (sz=24, trace=300146, class=java.lang.String@50000168)
ARR 500007e5 (sz=112, trace=300147, nelems=0, elem type=char[])
OBJ 500007e6 (sz=32, trace=300151, class=java.util.HashMap$Node@500000b9)
	key		500007c2
	value		500007d1
OBJ 500007e7 (sz=24, trace=300081, class=java.lang.StringBuilder@5000011e)
ARR 500007e8 (sz=48, trace=300082, nelems=0, elem type=char[])
ARR 500007e9 (sz=120, trace=300050, nelems=0, elem type=char[])
OBJ 500007ea (sz=24, trace=300083, class=java.lang.String@50000168)
ARR 500007eb (sz=120, trace=300084, nelems=0, elem type=char[])
OBJ 500007ec (sz=24, trace=300312, class=sun.misc.URLClassPath$3@500001e7)
OBJ 500007ed (sz=24, trace=300091, class=java.lang.StringBuilder@5000011e)
ARR 500007ee (sz=48, trace=300092, nelems=0, elem type=char[])
OBJ 500007ef (sz=24, trace=300093, class=java.lang.StringBuffer@5000011f)
ARR 500007f0 (sz=120, trace=300094, nelems=0, elem type=char[])
ARR 500007f1 (sz=120, trace=300095, nelems=0, elem type=char[])
OBJ 500007f2 (sz=24, trace=300096, class=java.lang.String@50000168)
ARR 500007f3 (sz=120, trace=300050, nelems=0, elem type=char[])
ARR 500007f4 (sz=216, trace=300050, nelems=0, elem type=char[])
OBJ 500007f5 (sz=24, trace=300097, class=java.lang.String@50000168)
ARR 500007f6 (sz=120, trace=300098, nelems=0, elem type=char[])
OBJ 500007f7 (sz=64, trace=300099, class=java.net.URL@50000013)
OBJ 500007f8 (sz=24, trace=300100, class=java.net.Parts@50000012)
OBJ 500007f9 (sz=48, trace=300101, class=sun.misc.URLClassPath$JarLoader@500001ea)
OBJ 500007fa (sz=24, trace=300102, class=java.lang.StringBuilder@5000011e)
ARR 500007fb (sz=104, trace=300103, nelems=0, elem type=char[])
ARR 500007fc (sz=64, trace=300104, nelems=0, elem type=byte[])
OBJ 500007fd (sz=48, trace=300105, class=java.nio.HeapByteBuffer@5000007e)
ARR 500007fe (sz=104, trace=300106, nelems=0, elem type=char[])
OBJ 500007ff (sz=48, trace=300107, class=java.nio.HeapCharBuffer@50000038)
OBJ 50000800 (sz=24, trace=300134, class=java.lang.String@50000168)
ARR 50000801 (sz=24, trace=300135, nelems=0, elem type=char[])
OBJ 50000802 (sz=24, trace=300136, class=java.lang.String@50000168)
ARR 50000803 (sz=24, trace=300137, nelems=0, elem type=char[])
OBJ 50000804 (sz=24, trace=300138, class=java.lang.String@50000168)
ARR 50000805 (sz=104, trace=300139, nelems=0, elem type=char[])
OBJ 50000806 (sz=32, trace=300140, class=java.io.File@50000077)
OBJ 50000807 (sz=24, trace=300141, class=java.lang.StringBuffer@5000011f)
ARR 50000808 (sz=104, trace=300142, nelems=0, elem type=char[])
ARR 50000809 (sz=104, trace=300143, nelems=0, elem type=char[])
OBJ 5000080a (sz=24, trace=300144, class=java.lang.String@50000168)
ARR 5000080b (sz=104, trace=300145, nelems=0, elem type=char[])
OBJ 5000080c (sz=24, trace=300146, class=java.lang.String@50000168)
ARR 5000080d (sz=104, trace=300147, nelems=0, elem type=char[])
OBJ 5000080e (sz=16, trace=300314, class=sun.misc.URLClassPath$JarLoader$1@5000072b)
OBJ 5000080f (sz=24, trace=300316, class=sun.misc.FileURLMapper@5000072d)
ARR 50000810 (sz=104, trace=300317, nelems=0, elem type=char[])
OBJ 50000811 (sz=24, trace=300318, class=java.lang.String@50000168)
OBJ 50000812 (sz=24, trace=300319, class=java.lang.StringBuilder@5000011e)
ARR 50000813 (sz=104, trace=300320, nelems=0, elem type=char[])
ARR 50000814 (sz=64, trace=300321, nelems=0, elem type=byte[])
OBJ 50000815 (sz=48, trace=300105, class=java.nio.HeapByteBuffer@5000007e)
ARR 50000816 (sz=104, trace=300322, nelems=0, elem type=char[])
OBJ 50000817 (sz=48, trace=300107, class=java.nio.HeapCharBuffer@50000038)
OBJ 50000818 (sz=24, trace=300134, class=java.lang.String@50000168)
ARR 50000819 (sz=24, trace=300135, nelems=0, elem type=char[])
OBJ 5000081a (sz=24, trace=300136, class=java.lang.String@50000168)
ARR 5000081b (sz=24, trace=300137, nelems=0, elem type=char[])
OBJ 5000081c (sz=24, trace=300323, class=java.lang.String@50000168)
ARR 5000081d (sz=104, trace=300139, nelems=0, elem type=char[])
OBJ 5000081e (sz=32, trace=300324, class=java.io.File@50000077)
OBJ 5000081f (sz=24, trace=300161, class=java.lang.StringBuffer@5000011f)
ARR 50000820 (sz=104, trace=300162, nelems=0, elem type=char[])
ARR 50000821 (sz=104, trace=300163, nelems=0, elem type=char[])
OBJ 50000822 (sz=24, trace=300164, class=java.lang.String@50000168)
OBJ 50000823 (sz=32, trace=300326, class=java.io.FileNotFoundException@50000743)
OBJ 50000824 (sz=40, trace=300327, class=java.security.PrivilegedActionException@500003ec)
OBJ 50000825 (sz=40, trace=300327, class=java.security.PrivilegedActionException@500003ec)
OBJ 50000827 (sz=16, trace=300329, class=java.net.URLClassLoader$3$1@50000826)
OBJ 5000082a (sz=16, trace=300332, class=java.util.ResourceBundle$RBClassLoader$1@50000829)
OBJ 5000082b (sz=72, trace=300333, class=java.util.ResourceBundle$RBClassLoader@50000828)
	parent		50000972
	package2certs	50000835
	classes		5000082c
	defaultDomain	5000082f
	domains		50000837
	packages	50000832
	nativeLibraries	50000833
	assertionLock	5000082b
OBJ 5000082c (sz=32, trace=300293, class=java.util.Vector@500000ec)
	elementData	5000082d
ARR 5000082d (sz=56, trace=300334, nelems=0, elem type=java.lang.Object[]@50000111)
OBJ 5000082e (sz=32, trace=300335, class=java.security.CodeSource@5000000a)
OBJ 5000082f (sz=40, trace=300336, class=java.security.ProtectionDomain@5000015a)
	codesource	5000082e
	classloader	5000082b
	principals	50000831
	key		50000830
OBJ 50000830 (sz=16, trace=300337, class=java.security.ProtectionDomain$Key@50000009)
	this$0		5000082f
ARR 50000831 (sz=16, trace=300338, nelems=0, elem type=java.security.Principal[]@50000007)
OBJ 50000832 (sz=48, trace=300339, class=java.util.HashMap@500000ba)
OBJ 50000833 (sz=32, trace=300293, class=java.util.Vector@500000ec)
	elementData	50000834
ARR 50000834 (sz=56, trace=300340, nelems=0, elem type=java.lang.Object[]@50000111)
OBJ 50000835 (sz=48, trace=300341, class=java.util.Hashtable@50000142)
	table		50000836
ARR 50000836 (sz=64, trace=300342, nelems=0, elem type=java.util.Hashtable$Entry[]@500000dd)
OBJ 50000837 (sz=16, trace=300343, class=java.util.HashSet@50000006)
	map		50000838
OBJ 50000838 (sz=48, trace=300344, class=java.util.HashMap@500000ba)
ARR 5000083a (sz=24, trace=300346, nelems=2, elem type=java.lang.String[]@500000bc)
	[0]		50001604
	[1]		5000160b
OBJ 5000083c (sz=24, trace=300348, class=java.util.Arrays$ArrayList@5000083b)
	a		5000083a
OBJ 5000083d (sz=24, trace=300349, class=java.util.Collections$UnmodifiableRandomAccessList@500000be)
	c		5000083c
	list		5000083c
ARR 5000083e (sz=24, trace=300350, nelems=1, elem type=java.lang.String[]@500000bc)
	[0]		50001604
OBJ 5000083f (sz=24, trace=300348, class=java.util.Arrays$ArrayList@5000083b)
	a		5000083e
OBJ 50000840 (sz=24, trace=300349, class=java.util.Collections$UnmodifiableRandomAccessList@500000be)
	c		5000083f
	list		5000083f
ARR 50000841 (sz=24, trace=300351, nelems=1, elem type=java.lang.String[]@500000bc)
	[0]		5000160b
OBJ 50000842 (sz=24, trace=300348, class=java.util.Arrays$ArrayList@5000083b)
	a		50000841
OBJ 50000843 (sz=24, trace=300349, class=java.util.Collections$UnmodifiableRandomAccessList@500000be)
	c		50000842
	list		50000842
OBJ 50000844 (sz=16, trace=300352, class=java.util.ResourceBundle$Control@50000839)
OBJ 50000846 (sz=24, trace=300354, class=java.util.ResourceBundle$Control$CandidateListCache@50000845)
	map		50000849
	queue		50000847
OBJ 50000847 (sz=32, trace=300355, class=java.lang.ref.ReferenceQueue@500000e5)
	lock		50000848
OBJ 50000848 (sz=16, trace=300356, class=java.lang.ref.ReferenceQueue$Lock@500000e3)
OBJ 50000849 (sz=64, trace=300357, class=java.util.concurrent.ConcurrentHashMap@5000002e)
	table		50000865
OBJ 5000084b (sz=56, trace=300359, class=java.util.ResourceBundle$CacheKey@5000084a)
OBJ 5000084e (sz=32, trace=300361, class=java.util.ResourceBundle$LoaderReference@5000084d)
OBJ 50000853 (sz=32, trace=300363, class=java.util.LinkedList@50000852)
	first		5000085b
	last		50000863
OBJ 50000854 (sz=40, trace=300364, class=sun.util.locale.BaseLocale$Key@5000001d)
OBJ 50000855 (sz=40, trace=300365, class=java.lang.ref.SoftReference@5000014d)
OBJ 50000856 (sz=40, trace=300366, class=java.lang.ref.SoftReference@5000014d)
OBJ 50000857 (sz=40, trace=300367, class=java.lang.ref.SoftReference@5000014d)
OBJ 50000858 (sz=40, trace=300368, class=java.lang.ref.SoftReference@5000014d)
OBJ 50000859 (sz=24, trace=300369, class=java.util.Locale$LocaleKey@5000001b)
OBJ 5000085b (sz=24, trace=300371, class=java.util.LinkedList$Node@5000085a)
	item		50000da7
	next		50000862
OBJ 5000085c (sz=40, trace=300364, class=sun.util.locale.BaseLocale$Key@5000001d)
OBJ 5000085d (sz=40, trace=300365, class=java.lang.ref.SoftReference@5000014d)
OBJ 5000085e (sz=40, trace=300366, class=java.lang.ref.SoftReference@5000014d)
OBJ 5000085f (sz=40, trace=300367, class=java.lang.ref.SoftReference@5000014d)
OBJ 50000860 (sz=40, trace=300368, class=java.lang.ref.SoftReference@5000014d)
OBJ 50000861 (sz=24, trace=300369, class=java.util.Locale$LocaleKey@5000001b)
OBJ 50000862 (sz=24, trace=300372, class=java.util.LinkedList$Node@5000085a)
	item		50000db8
	next		50000863
	prev		5000085b
OBJ 50000863 (sz=24, trace=300373, class=java.util.LinkedList$Node@5000085a)
	item		50000da8
	prev		50000862
OBJ 50000864 (sz=48, trace=300374, class=sun.util.locale.LocaleObjectCache$CacheEntry@5000001c)
	referent	50000853
	queue		50000847
	key		50000e4d
ARR 50000865 (sz=144, trace=300375, nelems=27, elem type=java.util.concurrent.ConcurrentHashMap$Node[]@50000026)
	[26]		50000866
OBJ 50000866 (sz=32, trace=300376, class=java.util.concurrent.ConcurrentHashMap$Node@50000027)
	key		50000e4d
	val		50000864
OBJ 50000867 (sz=24, trace=300377, class=java.util.ArrayList@500000c1)
ARR 50000868 (sz=32, trace=300378, nelems=0, elem type=java.lang.Object[]@50000111)
OBJ 50000869 (sz=32, trace=300379, class=java.util.ResourceBundle$LoaderReference@5000084d)
OBJ 5000086a (sz=16, trace=300072, class=java.lang.Object@5000016c)
OBJ 5000086b (sz=32, trace=300074, class=java.util.concurrent.ConcurrentHashMap$Node@50000027)
	key		50000abd
	val		5000086a
	next		50000883
OBJ 5000086c (sz=16, trace=300075, class=java.lang.Object@5000016c)
OBJ 5000086d (sz=32, trace=300074, class=java.util.concurrent.ConcurrentHashMap$Node@50000027)
	key		50000abd
	val		5000086c
	next		50000885
ARR 50000870 (sz=16, trace=300381, nelems=0, elem type=java.lang.Class[]@5000010c)
OBJ 50000871 (sz=56, trace=300125, class=java.lang.Class$ReflectionData@500000ad)
OBJ 50000872 (sz=40, trace=300023, class=java.lang.ref.SoftReference@5000014d)
OBJ 50000873 (sz=80, trace=300126, class=java.lang.reflect.Constructor@5000013a)
OBJ 50000874 (sz=24, trace=300382, class=java.lang.Class$1@5000008a)
OBJ 50000875 (sz=24, trace=300128, class=sun.reflect.NativeConstructorAccessorImpl@50000088)
OBJ 50000876 (sz=16, trace=300129, class=sun.reflect.DelegatingConstructorAccessorImpl@50000087)
OBJ 50000877 (sz=40, trace=300383, class=sun.launcher.resources.launcher@5000086f)
	locale		50000da8
	name		50000abd
	cacheKey	50001603
OBJ 50000878 (sz=32, trace=300379, class=java.util.ResourceBundle$LoaderReference@5000084d)
	referent	5000082b
	queue		5000042b
	cacheKey	50001603
OBJ 5000087a (sz=48, trace=300385, class=java.util.ResourceBundle$BundleReference@50000879)
	referent	50000877
	queue		5000042b
	cacheKey	50001603
ARR 5000087b (sz=272, trace=300386, nelems=40, elem type=java.util.concurrent.ConcurrentHashMap$Node[]@50000026)
	[2]		50000891
	[29]		500008ee
	[39]		5000087c
OBJ 5000087c (sz=32, trace=300387, class=java.util.concurrent.ConcurrentHashMap$Node@50000027)
	key		50001603
	val		5000087a
OBJ 5000087d (sz=32, trace=300379, class=java.util.ResourceBundle$LoaderReference@5000084d)
OBJ 5000087e (sz=24, trace=300388, class=java.lang.StringBuilder@5000011e)
ARR 5000087f (sz=112, trace=300389, nelems=0, elem type=char[])
OBJ 50000880 (sz=24, trace=300390, class=java.lang.String@50000168)
	value		50000881
ARR 50000881 (sz=68, trace=300391, nelems=34, elem type=char[])
OBJ 50000882 (sz=16, trace=300072, class=java.lang.Object@5000016c)
OBJ 50000883 (sz=32, trace=300392, class=java.util.concurrent.ConcurrentHashMap$Node@50000027)
	key		50000880
	val		50000882
OBJ 50000884 (sz=16, trace=300075, class=java.lang.Object@5000016c)
OBJ 50000885 (sz=32, trace=300392, class=java.util.concurrent.ConcurrentHashMap$Node@50000027)
	key		50000880
	val		50000884
ARR 50000887 (sz=16, trace=300381, nelems=0, elem type=java.lang.Class[]@5000010c)
OBJ 50000888 (sz=56, trace=300125, class=java.lang.Class$ReflectionData@500000ad)
OBJ 50000889 (sz=40, trace=300023, class=java.lang.ref.SoftReference@5000014d)
OBJ 5000088a (sz=80, trace=300126, class=java.lang.reflect.Constructor@5000013a)
OBJ 5000088b (sz=24, trace=300382, class=java.lang.Class$1@5000008a)
OBJ 5000088c (sz=24, trace=300128, class=sun.reflect.NativeConstructorAccessorImpl@50000088)
OBJ 5000088d (sz=16, trace=300129, class=sun.reflect.DelegatingConstructorAccessorImpl@50000087)
OBJ 5000088e (sz=40, trace=300393, class=sun.launcher.resources.launcher_fr@50000886)
	parent		50000877
	locale		50000db8
	name		50000abd
	cacheKey	50001602
	lookup		50000904
OBJ 5000088f (sz=32, trace=300379, class=java.util.ResourceBundle$LoaderReference@5000084d)
	referent	5000082b
	queue		5000042b
	cacheKey	50001602
OBJ 50000890 (sz=48, trace=300385, class=java.util.ResourceBundle$BundleReference@50000879)
	referent	5000088e
	queue		5000042b
	cacheKey	50001602
OBJ 50000891 (sz=32, trace=300387, class=java.util.concurrent.ConcurrentHashMap$Node@50000027)
	key		50001602
	val		50000890
OBJ 50000892 (sz=32, trace=300379, class=java.util.ResourceBundle$LoaderReference@5000084d)
OBJ 50000893 (sz=24, trace=300388, class=java.lang.StringBuilder@5000011e)
ARR 50000894 (sz=112, trace=300389, nelems=0, elem type=char[])
OBJ 50000895 (sz=24, trace=300390, class=java.lang.String@50000168)
	value		50000896
ARR 50000896 (sz=74, trace=300391, nelems=37, elem type=char[])
OBJ 50000897 (sz=16, trace=300072, class=java.lang.Object@5000016c)
OBJ 50000898 (sz=32, trace=300074, class=java.util.concurrent.ConcurrentHashMap$Node@50000027)
	key		50000895
	val		50000897
OBJ 50000899 (sz=16, trace=300075, class=java.lang.Object@5000016c)
OBJ 5000089a (sz=32, trace=300074, class=java.util.concurrent.ConcurrentHashMap$Node@50000027)
	key		50000895
	val		50000899
OBJ 5000089b (sz=24, trace=300077, class=java.net.URLClassLoader$1@500001dd)
ARR 5000089c (sz=96, trace=300394, nelems=0, elem type=char[])
OBJ 5000089d (sz=24, trace=300395, class=java.lang.String@50000168)
ARR 5000089e (sz=104, trace=300078, nelems=0, elem type=char[])
OBJ 5000089f (sz=24, trace=300079, class=java.lang.String@50000168)
OBJ 500008a0 (sz=40, trace=300152, class=java.lang.ClassNotFoundException@50000157)
OBJ 500008a1 (sz=40, trace=300154, class=java.security.PrivilegedActionException@500003ec)
OBJ 500008a2 (sz=24, trace=300155, class=java.net.URLClassLoader$1@500001dd)
ARR 500008a3 (sz=96, trace=300394, nelems=0, elem type=char[])
OBJ 500008a4 (sz=24, trace=300395, class=java.lang.String@50000168)
ARR 500008a5 (sz=104, trace=300078, nelems=0, elem type=char[])
OBJ 500008a6 (sz=24, trace=300079, class=java.lang.String@50000168)
OBJ 500008a7 (sz=64, trace=300172, class=java.net.URL@50000013)
OBJ 500008a8 (sz=24, trace=300173, class=java.lang.StringBuilder@5000011e)
ARR 500008a9 (sz=48, trace=300174, nelems=0, elem type=char[])
ARR 500008aa (sz=136, trace=300050, nelems=0, elem type=char[])
ARR 500008ab (sz=256, trace=300050, nelems=0, elem type=char[])
OBJ 500008ac (sz=24, trace=300175, class=java.lang.String@50000168)
ARR 500008ad (sz=136, trace=300176, nelems=0, elem type=char[])
OBJ 500008ae (sz=24, trace=300177, class=java.lang.String@50000168)
ARR 500008af (sz=136, trace=300178, nelems=0, elem type=char[])
ARR 500008b0 (sz=224, trace=300179, nelems=0, elem type=char[])
ARR 500008b1 (sz=104, trace=300180, nelems=0, elem type=char[])
OBJ 500008b2 (sz=24, trace=300181, class=java.lang.String@50000168)
ARR 500008b3 (sz=104, trace=300182, nelems=0, elem type=char[])
OBJ 500008b4 (sz=64, trace=300183, class=java.net.URL@50000013)
OBJ 500008b5 (sz=24, trace=300173, class=java.lang.StringBuilder@5000011e)
ARR 500008b6 (sz=48, trace=300174, nelems=0, elem type=char[])
ARR 500008b7 (sz=136, trace=300050, nelems=0, elem type=char[])
ARR 500008b8 (sz=256, trace=300050, nelems=0, elem type=char[])
OBJ 500008b9 (sz=24, trace=300175, class=java.lang.String@50000168)
ARR 500008ba (sz=224, trace=300176, nelems=0, elem type=char[])
ARR 500008bb (sz=104, trace=300396, nelems=0, elem type=char[])
OBJ 500008bc (sz=24, trace=300397, class=java.lang.String@50000168)
OBJ 500008bd (sz=32, trace=300184, class=java.io.File@50000077)
ARR 500008be (sz=224, trace=300185, nelems=0, elem type=char[])
OBJ 500008bf (sz=24, trace=300186, class=java.lang.String@50000168)
ARR 500008c0 (sz=224, trace=300187, nelems=0, elem type=char[])
OBJ 500008c1 (sz=40, trace=300152, class=java.lang.ClassNotFoundException@50000157)
OBJ 500008c2 (sz=40, trace=300154, class=java.security.PrivilegedActionException@500003ec)
OBJ 500008c3 (sz=24, trace=300388, class=java.lang.StringBuilder@5000011e)
ARR 500008c4 (sz=112, trace=300389, nelems=0, elem type=char[])
OBJ 500008c5 (sz=24, trace=300390, class=java.lang.String@50000168)
ARR 500008c6 (sz=96, trace=300391, nelems=0, elem type=char[])
OBJ 500008c7 (sz=24, trace=300398, class=java.lang.StringBuilder@5000011e)
ARR 500008c8 (sz=112, trace=300399, nelems=0, elem type=char[])
ARR 500008c9 (sz=96, trace=300400, nelems=0, elem type=char[])
OBJ 500008ca (sz=24, trace=300401, class=java.lang.String@50000168)
OBJ 500008cb (sz=24, trace=300402, class=java.lang.String@50000168)
ARR 500008cc (sz=112, trace=300403, nelems=0, elem type=char[])
OBJ 500008ce (sz=32, trace=300405, class=java.util.ResourceBundle$Control$1@500008cd)
OBJ 500008d0 (sz=24, trace=300407, class=java.net.URLClassLoader$2@500008cf)
OBJ 500008d1 (sz=24, trace=300408, class=java.net.URLClassLoader$2@500008cf)
OBJ 500008d2 (sz=64, trace=300409, class=java.net.URL@50000013)
OBJ 500008d3 (sz=24, trace=300173, class=java.lang.StringBuilder@5000011e)
ARR 500008d4 (sz=48, trace=300174, nelems=0, elem type=char[])
ARR 500008d5 (sz=136, trace=300050, nelems=0, elem type=char[])
ARR 500008d6 (sz=256, trace=300050, nelems=0, elem type=char[])
OBJ 500008d7 (sz=24, trace=300175, class=java.lang.String@50000168)
ARR 500008d8 (sz=136, trace=300176, nelems=0, elem type=char[])
OBJ 500008d9 (sz=24, trace=300177, class=java.lang.String@50000168)
ARR 500008da (sz=136, trace=300178, nelems=0, elem type=char[])
ARR 500008db (sz=240, trace=300410, nelems=0, elem type=char[])
ARR 500008dc (sz=112, trace=300411, nelems=0, elem type=char[])
OBJ 500008dd (sz=24, trace=300412, class=java.lang.String@50000168)
ARR 500008de (sz=112, trace=300182, nelems=0, elem type=char[])
OBJ 500008df (sz=64, trace=300413, class=java.net.URL@50000013)
OBJ 500008e0 (sz=24, trace=300173, class=java.lang.StringBuilder@5000011e)
ARR 500008e1 (sz=48, trace=300174, nelems=0, elem type=char[])
ARR 500008e2 (sz=136, trace=300050, nelems=0, elem type=char[])
ARR 500008e3 (sz=256, trace=300050, nelems=0, elem type=char[])
OBJ 500008e4 (sz=24, trace=300175, class=java.lang.String@50000168)
ARR 500008e5 (sz=232, trace=300176, nelems=0, elem type=char[])
ARR 500008e6 (sz=112, trace=300414, nelems=0, elem type=char[])
OBJ 500008e7 (sz=24, trace=300415, class=java.lang.String@50000168)
OBJ 500008e8 (sz=32, trace=300416, class=java.io.File@50000077)
ARR 500008e9 (sz=232, trace=300417, nelems=0, elem type=char[])
OBJ 500008ea (sz=24, trace=300186, class=java.lang.String@50000168)
ARR 500008eb (sz=232, trace=300187, nelems=0, elem type=char[])
OBJ 500008ec (sz=32, trace=300379, class=java.util.ResourceBundle$LoaderReference@5000084d)
	referent	5000082b
	queue		5000042b
	cacheKey	50001606
OBJ 500008ed (sz=48, trace=300385, class=java.util.ResourceBundle$BundleReference@50000879)
	referent	50000429
	queue		5000042b
	cacheKey	50001606
OBJ 500008ee (sz=32, trace=300387, class=java.util.concurrent.ConcurrentHashMap$Node@50000027)
	key		50001606
	val		500008ed
ARR 500008f0 (sz=96, trace=300418, nelems=0, elem type=java.lang.Object[][]@500008ef)
ARR 500008f1 (sz=24, trace=300419, nelems=0, elem type=java.lang.Object[]@50000111)
ARR 500008f2 (sz=24, trace=300420, nelems=0, elem type=java.lang.Object[]@50000111)
ARR 500008f3 (sz=24, trace=300421, nelems=0, elem type=java.lang.Object[]@50000111)
ARR 500008f4 (sz=24, trace=300422, nelems=0, elem type=java.lang.Object[]@50000111)
ARR 500008f5 (sz=24, trace=300423, nelems=0, elem type=java.lang.Object[]@50000111)
ARR 500008f6 (sz=24, trace=300424, nelems=0, elem type=java.lang.Object[]@50000111)
ARR 500008f7 (sz=24, trace=300425, nelems=0, elem type=java.lang.Object[]@50000111)
ARR 500008f8 (sz=24, trace=300426, nelems=0, elem type=java.lang.Object[]@50000111)
ARR 500008f9 (sz=24, trace=300427, nelems=0, elem type=java.lang.Object[]@50000111)
ARR 500008fa (sz=24, trace=300428, nelems=0, elem type=java.lang.Object[]@50000111)
ARR 500008fb (sz=24, trace=300429, nelems=0, elem type=java.lang.Object[]@50000111)
ARR 500008fc (sz=24, trace=300430, nelems=0, elem type=java.lang.Object[]@50000111)
ARR 500008fd (sz=24, trace=300431, nelems=0, elem type=java.lang.Object[]@50000111)
ARR 500008fe (sz=24, trace=300432, nelems=0, elem type=java.lang.Object[]@50000111)
ARR 500008ff (sz=24, trace=300433, nelems=0, elem type=java.lang.Object[]@50000111)
ARR 50000900 (sz=24, trace=300434, nelems=0, elem type=java.lang.Object[]@50000111)
ARR 50000901 (sz=24, trace=300435, nelems=0, elem type=java.lang.Object[]@50000111)
ARR 50000902 (sz=24, trace=300436, nelems=0, elem type=java.lang.Object[]@50000111)
ARR 50000903 (sz=24, trace=300437, nelems=0, elem type=java.lang.Object[]@50000111)
OBJ 50000904 (sz=48, trace=300438, class=java.util.HashMap@500000ba)
	table		50000905
ARR 50000905 (sz=144, trace=300439, nelems=32, elem type=java.util.HashMap$Node[]@500000b8)
	[0]		50000908
	[1]		50000910
	[5]		50000915
	[11]		50000907
	[12]		5000090d
	[13]		50000906
	[15]		5000090e
	[23]		50000913
	[25]		50000916
	[26]		50000914
	[28]		5000090c
	[29]		5000090b
	[30]		5000090a
	[31]		50000909
OBJ 50000906 (sz=32, trace=300150, class=java.util.HashMap$Node@500000b9)
	key		5000163e
	value		5000163d
OBJ 50000907 (sz=32, trace=300150, class=java.util.HashMap$Node@500000b9)
	key		50001646
	value		50001645
	next		5000090f
OBJ 50000908 (sz=32, trace=300150, class=java.util.HashMap$Node@500000b9)
	key		50000971
	value		50001659
	next		50000911
OBJ 50000909 (sz=32, trace=300150, class=java.util.HashMap$Node@500000b9)
	key		50001616
	value		50001615
	next		50000912
OBJ 5000090a (sz=32, trace=300150, class=java.util.HashMap$Node@500000b9)
	key		5000161e
	value		5000161d
OBJ 5000090b (sz=32, trace=300150, class=java.util.HashMap$Node@500000b9)
	key		50001622
	value		50001621
OBJ 5000090c (sz=32, trace=300150, class=java.util.HashMap$Node@500000b9)
	key		50001626
	value		50001625
OBJ 5000090d (sz=32, trace=300150, class=java.util.HashMap$Node@500000b9)
	key		50001642
	value		50001641
OBJ 5000090e (sz=32, trace=300150, class=java.util.HashMap$Node@500000b9)
	key		5000163a
	value		50001639
OBJ 5000090f (sz=32, trace=300151, class=java.util.HashMap$Node@500000b9)
	key		5000164a
	value		50001649
	next		50000917
OBJ 50000910 (sz=32, trace=300150, class=java.util.HashMap$Node@500000b9)
	key		50001656
	value		50001655
OBJ 50000911 (sz=32, trace=300151, class=java.util.HashMap$Node@500000b9)
	key		5000165d
	value		5000165c
OBJ 50000912 (sz=32, trace=300151, class=java.util.HashMap$Node@500000b9)
	key		5000161a
	value		50001619
OBJ 50000913 (sz=32, trace=300150, class=java.util.HashMap$Node@500000b9)
	key		50001632
	value		50001631
	next		50000918
OBJ 50000914 (sz=32, trace=300150, class=java.util.HashMap$Node@500000b9)
	key		5000162a
	value		50001629
OBJ 50000915 (sz=32, trace=300150, class=java.util.HashMap$Node@500000b9)
	key		50001652
	value		50001651
OBJ 50000916 (sz=32, trace=300150, class=java.util.HashMap$Node@500000b9)
	key		5000162e
	value		5000162d
OBJ 50000917 (sz=32, trace=300151, class=java.util.HashMap$Node@500000b9)
	key		5000164e
	value		5000164d
OBJ 50000918 (sz=32, trace=300151, class=java.util.HashMap$Node@500000b9)
	key		50001636
	value		50001635
ARR 5000091b (sz=40, trace=300441, nelems=5, elem type=java.lang.String[]@500000bc)
	[0]		50000a60
	[1]		50001666
	[2]		50001662
	[3]		50001668
	[4]		50001660
ARR 5000091c (sz=32, trace=300442, nelems=4, elem type=java.lang.String[]@500000bc)
	[0]		50000a60
	[1]		50001661
	[2]		50001667
	[3]		50001664
ARR 5000091d (sz=40, trace=300443, nelems=5, elem type=java.lang.String[]@500000bc)
	[0]		50000a60
	[1]		50000ad1
	[2]		50001665
	[3]		50000ad3
	[4]		50001663
ARR 5000091e (sz=20, trace=300444, nelems=5, elem type=int[])
OBJ 5000091f (sz=40, trace=300445, class=java.text.MessageFormat@5000091a)
ARR 50000921 (sz=56, trace=300446, nelems=0, elem type=java.text.Format[]@50000920)
ARR 50000922 (sz=56, trace=300447, nelems=0, elem type=int[])
ARR 50000923 (sz=56, trace=300448, nelems=0, elem type=int[])
OBJ 50000925 (sz=40, trace=300450, class=java.util.Locale$Category@50000924)
	name		50000ebd
	languageKey	50000ec1
	scriptKey	50000ec3
	countryKey	50000ebf
	variantKey	50000ec5
OBJ 50000926 (sz=40, trace=300451, class=java.util.Locale$Category@50000924)
	name		50000ebe
	languageKey	50000ec2
	scriptKey	50000ec4
	countryKey	50000ec0
	variantKey	50000ec6
ARR 50000928 (sz=24, trace=300452, nelems=2, elem type=java.util.Locale$Category[]@50000927)
	[0]		50000925
	[1]		50000926
ARR 5000092a (sz=8, trace=300454, nelems=2, elem type=int[])
OBJ 5000092b (sz=24, trace=300455, class=sun.security.action.GetPropertyAction@50000078)
OBJ 5000092c (sz=24, trace=300456, class=sun.security.action.GetPropertyAction@50000078)
OBJ 5000092d (sz=24, trace=300457, class=sun.security.action.GetPropertyAction@50000078)
OBJ 5000092e (sz=24, trace=300458, class=sun.security.action.GetPropertyAction@50000078)
OBJ 5000092f (sz=40, trace=300364, class=sun.util.locale.BaseLocale$Key@5000001d)
OBJ 50000930 (sz=40, trace=300365, class=java.lang.ref.SoftReference@5000014d)
OBJ 50000931 (sz=40, trace=300366, class=java.lang.ref.SoftReference@5000014d)
OBJ 50000932 (sz=40, trace=300367, class=java.lang.ref.SoftReference@5000014d)
OBJ 50000933 (sz=40, trace=300368, class=java.lang.ref.SoftReference@5000014d)
OBJ 50000934 (sz=24, trace=300369, class=java.util.Locale$LocaleKey@5000001b)
ARR 50000936 (sz=32, trace=300459, nelems=0, elem type=java.lang.StringBuilder[]@50000935)
OBJ 50000937 (sz=24, trace=300460, class=java.lang.StringBuilder@5000011e)
ARR 50000938 (sz=48, trace=300461, nelems=0, elem type=char[])
ARR 50000939 (sz=88, trace=300282, nelems=0, elem type=char[])
ARR 5000093a (sz=160, trace=300282, nelems=0, elem type=char[])
OBJ 5000093b (sz=24, trace=300462, class=java.lang.StringBuilder@5000011e)
ARR 5000093c (sz=48, trace=300463, nelems=0, elem type=char[])
ARR 5000093d (sz=32, trace=300464, nelems=0, elem type=java.lang.String[]@500000bc)
OBJ 5000093e (sz=24, trace=300465, class=java.lang.String@50000168)
ARR 5000093f (sz=144, trace=300466, nelems=0, elem type=char[])
OBJ 50000940 (sz=24, trace=300465, class=java.lang.String@50000168)
ARR 50000941 (sz=24, trace=300466, nelems=0, elem type=char[])
OBJ 50000942 (sz=24, trace=300467, class=java.lang.String@50000168)
ARR 50000943 (sz=144, trace=300468, nelems=0, elem type=char[])
OBJ 50000944 (sz=24, trace=300469, class=java.lang.StringBuffer@5000011f)
ARR 50000945 (sz=48, trace=300470, nelems=0, elem type=char[])
OBJ 50000947 (sz=32, trace=300472, class=java.text.FieldPosition@50000946)
ARR 50000948 (sz=144, trace=300050, nelems=0, elem type=char[])
ARR 5000094a (sz=272, trace=300050, nelems=0, elem type=char[])
OBJ 5000094e (sz=48, trace=300475, class=java.util.HashMap@500000ba)
	table		50000950
OBJ 5000094f (sz=16, trace=300476, class=java.text.AttributedCharacterIterator$Attribute@5000094b)
	name		50000d98
ARR 50000950 (sz=48, trace=300477, nelems=3, elem type=java.util.HashMap$Node[]@500000b8)
	[1]		50000953
	[2]		50000951
OBJ 50000951 (sz=32, trace=300150, class=java.util.HashMap$Node@500000b9)
	key		50000d98
	value		5000094f
	next		50000955
OBJ 50000952 (sz=16, trace=300478, class=java.text.AttributedCharacterIterator$Attribute@5000094b)
	name		50001675
OBJ 50000953 (sz=32, trace=300150, class=java.util.HashMap$Node@500000b9)
	key		50001675
	value		50000952
OBJ 50000954 (sz=16, trace=300479, class=java.text.AttributedCharacterIterator$Attribute@5000094b)
	name		50001674
OBJ 50000955 (sz=32, trace=300151, class=java.util.HashMap$Node@500000b9)
	key		50001674
	value		50000954
OBJ 50000956 (sz=16, trace=300480, class=java.text.MessageFormat$Field@5000094d)
	name		50001672
OBJ 50000957 (sz=24, trace=300481, class=java.lang.String@50000168)
ARR 50000958 (sz=16, trace=300482, nelems=0, elem type=char[])
ARR 50000959 (sz=152, trace=300483, nelems=0, elem type=char[])
OBJ 5000095a (sz=24, trace=300484, class=java.lang.String@50000168)
OBJ 5000095b (sz=48, trace=300245, class=java.nio.HeapCharBuffer@50000038)
OBJ 5000095c (sz=48, trace=300245, class=java.nio.HeapCharBuffer@50000038)
ARR 5000095e (sz=56, trace=300486, nelems=0, elem type=java.lang.Runnable[]@500000e7)
OBJ 50000960 (sz=16, trace=300488, class=java.lang.Shutdown$Lock@5000095f)
OBJ 50000961 (sz=16, trace=300489, class=java.lang.Shutdown$Lock@5000095f)
OBJ 50000966 (sz=376, trace=300000, class=java.lang.Thread@50000147)
	name		5000167b
	contextClassLoader	50000972
	blockerLock	5000167a
OBJ 50000967 (sz=376, trace=300000, class=java.lang.Thread@50000147)
	name		5000159c
	group		50000a47
	contextClassLoader	50000972
	inheritedAccessControlContext	5000159b
	blockerLock	5000159a
OBJ 50000968 (sz=376, trace=300000, class=java.lang.Thread@50000147)
	name		5000159f
	group		50000a47
	contextClassLoader	50000972
	inheritedAccessControlContext	5000159e
	blockerLock	5000159d
OBJ 50000969 (sz=384, trace=300000, class=java.lang.ref.Finalizer$FinalizerThread@500000e2)
	name		500015a2
	group		50000a47
	inheritedAccessControlContext	500015a1
	blockerLock	500015a0
OBJ 5000096a (sz=32, trace=300000, class=java.lang.ref.ReferenceQueue@500000e5)
	lock		5000096b
OBJ 5000096b (sz=16, trace=300000, class=java.lang.ref.ReferenceQueue$Lock@500000e3)
OBJ 5000096c (sz=16, trace=300000, class=java.lang.System$2@5000005b)
OBJ 5000096d (sz=376, trace=300000, class=java.lang.ref.Reference$ReferenceHandler@500000e8)
	name		500015b2
	group		50000a47
	inheritedAccessControlContext	500015b1
	blockerLock	500015b0
OBJ 5000096e (sz=16, trace=300000, class=java.lang.ref.Reference$Lock@500000e9)
OBJ 5000096f (sz=376, trace=300000, class=java.lang.Thread@50000147)
	name		500015b8
	group		50000a46
	contextClassLoader	50000972
	inheritedAccessControlContext	500015b7
	threadLocals	500001cd
	blockerLock	500015b6
OBJ 50000970 (sz=16, trace=300000, class=java.lang.Runtime@500000cd)
OBJ 50000971 (sz=24, trace=300000, class=java.lang.String@50000168)
	value		5000165a
OBJ 50000972 (sz=88, trace=300000, class=sun.misc.Launcher$AppClassLoader@50000003)
	parent		50000ab0
	parallelLockMap	50000aaf
	package2certs	50000aae
	classes		50000aad
	defaultDomain	50000aac
	domains		50000aab
	packages	50000aaa
	nativeLibraries	50000aa9
	assertionLock	50000aa8
	pdcache		50000aa7
	ucp		50000aa6
	acc		50000aa5
	closeables	50000aa4
ARR 50000973 (sz=0, trace=300000, nelems=0, elem type=int[])
ARR 50000974 (sz=24, trace=300000, nelems=0, elem type=java.lang.Object[]@50000111)
ARR 50000975 (sz=32, trace=300000, nelems=0, elem type=java.lang.Object[]@50000111)
ARR 50000976 (sz=88, trace=300000, nelems=0, elem type=java.lang.Object[]@50000111)
ARR 50000977 (sz=24, trace=300000, nelems=1, elem type=java.lang.Object[]@50000111)
	[0]		50000a96
ARR 50000978 (sz=24, trace=300000, nelems=2, elem type=java.lang.Object[]@50000111)
	[1]		50000a7a
ARR 50000979 (sz=88, trace=300000, nelems=18, elem type=java.lang.Object[]@50000111)
	[0]		50000a60
	[14]		50000a9c
	[17]		50000a9d
ARR 5000097a (sz=56, trace=300000, nelems=10, elem type=java.lang.Object[]@50000111)
	[9]		50000f15
ARR 5000097b (sz=56, trace=300000, nelems=0, elem type=java.lang.Object[]@50000111)
ARR 5000097c (sz=56, trace=300000, nelems=9, elem type=java.lang.Object[]@50000111)
	[0]		50000a52
	[1]		50000a4a
	[2]		50000a53
	[3]		50000a54
	[4]		50000a55
	[5]		50000a4b
	[6]		50000a3b
	[7]		50000a49
	[8]		50000a56
ARR 5000097d (sz=208, trace=300000, nelems=0, elem type=java.lang.Object[]@50000111)
ARR 5000097e (sz=32, trace=300000, nelems=3, elem type=java.lang.Object[]@50000111)
	[2]		50000a4c
ARR 5000097f (sz=72, trace=300000, nelems=13, elem type=java.lang.Object[]@50000111)
	[0]		50000a60
	[6]		50000a61
	[9]		50000a62
	[10]		50000a63
	[12]		50000a64
ARR 50000980 (sz=48, trace=300000, nelems=7, elem type=java.lang.Object[]@50000111)
	[6]		50000a5f
ARR 50000981 (sz=64, trace=300000, nelems=7, elem type=java.lang.Object[]@50000111)
	[6]		50000a59
ARR 50000982 (sz=32, trace=300000, nelems=0, elem type=java.lang.Object[]@50000111)
ARR 50000983 (sz=40, trace=300000, nelems=2, elem type=java.lang.Object[]@50000111)
	[1]		50000a5d
ARR 50000984 (sz=48, trace=300000, nelems=0, elem type=java.lang.Object[]@50000111)
ARR 50000985 (sz=72, trace=300000, nelems=0, elem type=java.lang.Object[]@50000111)
ARR 50000986 (sz=80, trace=300000, nelems=0, elem type=java.lang.Object[]@50000111)
ARR 50000987 (sz=32, trace=300000, nelems=0, elem type=java.lang.Object[]@50000111)
ARR 50000988 (sz=112, trace=300000, nelems=0, elem type=java.lang.Object[]@50000111)
ARR 50000989 (sz=32, trace=300000, nelems=3, elem type=java.lang.Object[]@50000111)
	[2]		50000a8f
ARR 5000098a (sz=72, trace=300000, nelems=0, elem type=java.lang.Object[]@50000111)
ARR 5000098b (sz=24, trace=300000, nelems=0, elem type=java.lang.Object[]@50000111)
ARR 5000098c (sz=32, trace=300000, nelems=0, elem type=java.lang.Object[]@50000111)
ARR 5000098d (sz=24, trace=300000, nelems=0, elem type=java.lang.Object[]@50000111)
ARR 5000098e (sz=48, trace=300000, nelems=0, elem type=java.lang.Object[]@50000111)
ARR 5000098f (sz=24, trace=300000, nelems=2, elem type=java.lang.Object[]@50000111)
	[1]		50000a8b
ARR 50000990 (sz=24, trace=300000, nelems=0, elem type=java.lang.Object[]@50000111)
ARR 50000991 (sz=24, trace=300000, nelems=1, elem type=java.lang.Object[]@50000111)
	[0]		500015a3
ARR 50000992 (sz=40, trace=300000, nelems=0, elem type=java.lang.Object[]@50000111)
ARR 50000993 (sz=48, trace=300000, nelems=0, elem type=java.lang.Object[]@50000111)
ARR 50000994 (sz=32, trace=300000, nelems=1, elem type=java.lang.Object[]@50000111)
	[0]		50000a88
ARR 50000995 (sz=56, trace=300000, nelems=10, elem type=java.lang.Object[]@50000111)
	[0]		50000bdc
	[3]		50000ada
	[4]		50000bdd
	[5]		50000bde
	[6]		50000bdf
	[7]		50000be0
	[8]		50000be1
	[9]		50000a56
ARR 50000996 (sz=24, trace=300000, nelems=0, elem type=java.lang.Object[]@50000111)
ARR 50000997 (sz=56, trace=300000, nelems=10, elem type=java.lang.Object[]@50000111)
	[9]		50000ace
ARR 50000998 (sz=152, trace=300000, nelems=0, elem type=java.lang.Object[]@50000111)
ARR 50000999 (sz=24, trace=300000, nelems=0, elem type=java.lang.Object[]@50000111)
ARR 5000099a (sz=24, trace=300000, nelems=0, elem type=java.lang.Object[]@50000111)
ARR 5000099b (sz=24, trace=300000, nelems=0, elem type=java.lang.Object[]@50000111)
ARR 5000099c (sz=24, trace=300000, nelems=0, elem type=java.lang.Object[]@50000111)
ARR 5000099d (sz=24, trace=300000, nelems=0, elem type=java.lang.Object[]@50000111)
ARR 5000099e (sz=24, trace=300000, nelems=0, elem type=java.lang.Object[]@50000111)
ARR 5000099f (sz=24, trace=300000, nelems=0, elem type=java.lang.Object[]@50000111)
ARR 500009a0 (sz=40, trace=300000, nelems=0, elem type=java.lang.Object[]@50000111)
ARR 500009a1 (sz=104, trace=300000, nelems=17, elem type=java.lang.Object[]@50000111)
	[7]		50001495
	[8]		50001569
	[10]		5000155e
	[14]		5000155f
	[15]		5000156a
	[16]		50001492
ARR 500009a2 (sz=24, trace=300000, nelems=0, elem type=java.lang.Object[]@50000111)
ARR 500009a3 (sz=24, trace=300000, nelems=0, elem type=java.lang.Object[]@50000111)
ARR 500009a4 (sz=48, trace=300000, nelems=0, elem type=java.lang.Object[]@50000111)
ARR 500009a5 (sz=56, trace=300000, nelems=9, elem type=java.lang.Object[]@50000111)
	[6]		50000a7b
	[7]		50000a7c
	[8]		50000a7d
ARR 500009a6 (sz=32, trace=300000, nelems=0, elem type=java.lang.Object[]@50000111)
ARR 500009a7 (sz=24, trace=300000, nelems=0, elem type=java.lang.Object[]@50000111)
ARR 500009a8 (sz=24, trace=300000, nelems=0, elem type=java.lang.Object[]@50000111)
ARR 500009a9 (sz=40, trace=300000, nelems=5, elem type=java.lang.Object[]@50000111)
	[4]		50001518
ARR 500009aa (sz=40, trace=300000, nelems=0, elem type=java.lang.Object[]@50000111)
ARR 500009ab (sz=24, trace=300000, nelems=1, elem type=java.lang.Object[]@50000111)
	[0]		50001511
ARR 500009ac (sz=40, trace=300000, nelems=5, elem type=java.lang.Object[]@50000111)
	[2]		5000150b
	[3]		5000150c
	[4]		5000150d
ARR 500009ad (sz=32, trace=300000, nelems=0, elem type=java.lang.Object[]@50000111)
ARR 500009ae (sz=72, trace=300000, nelems=0, elem type=java.lang.Object[]@50000111)
ARR 500009af (sz=56, trace=300000, nelems=0, elem type=java.lang.Object[]@50000111)
ARR 500009b0 (sz=40, trace=300000, nelems=3, elem type=java.lang.Object[]@50000111)
	[0]		50001528
	[2]		50000a54
ARR 500009b1 (sz=24, trace=300000, nelems=0, elem type=java.lang.Object[]@50000111)
ARR 500009b2 (sz=48, trace=300000, nelems=7, elem type=java.lang.Object[]@50000111)
	[0]		50000a60
	[1]		50001046
	[5]		50001051
	[6]		50001052
ARR 500009b3 (sz=24, trace=300000, nelems=0, elem type=java.lang.Object[]@50000111)
ARR 500009b4 (sz=24, trace=300000, nelems=2, elem type=java.lang.Object[]@50000111)
	[0]		50000f3f
	[1]		500010ab
ARR 500009b5 (sz=864, trace=300000, nelems=212, elem type=java.lang.Object[]@50000111)
	[0]		500012ab
	[1]		500012f7
	[2]		50001324
	[3]		500012c7
	[4]		5000135c
	[5]		50001354
	[6]		50001330
	[7]		5000132e
	[8]		5000132c
	[9]		50001327
	[10]		50001322
	[11]		5000131e
	[12]		5000131c
	[13]		50001367
	[14]		50001242
	[15]		5000123e
	[16]		50001363
	[17]		50001361
	[18]		5000135e
	[19]		5000135a
	[20]		50001358
	[21]		50001372
	[22]		50001370
	[23]		5000136e
	[24]		5000136c
	[25]		5000136a
	[26]		500013ac
	[27]		500013ad
	[28]		500013ae
	[29]		500013af
	[30]		500013b0
	[31]		500013b1
	[32]		500013b2
	[33]		500013b3
	[34]		500013b4
	[35]		500013b5
	[36]		500013b6
	[37]		500013b7
	[38]		500013b8
	[39]		500013b9
	[40]		500013ba
	[41]		500013bb
	[42]		500013bc
	[43]		500013bd
	[44]		500013be
	[45]		500013bf
	[46]		500013c0
	[47]		500013c1
	[48]		500013c2
	[49]		500013c3
	[50]		500013c4
	[51]		500013c5
	[52]		500013c6
	[53]		500013c7
	[54]		500013c8
	[55]		500013c9
	[56]		500013ca
	[57]		500013cb
	[58]		500013cc
	[59]		500013cd
	[60]		500013ce
	[61]		500013cf
	[62]		500013d0
	[63]		500010df
	[64]		500013d1
	[65]		500013d2
	[66]		500013d3
	[67]		500013d4
	[68]		500013d5
	[69]		500013d6
	[70]		500013d7
	[71]		500013d8
	[72]		500010f0
	[73]		500010e5
	[74]		50001113
	[75]		50001110
	[76]		500010fc
	[77]		50001080
	[78]		50001074
	[79]		50001092
	[80]		500013d9
	[81]		500013da
	[82]		500013db
	[83]		500013dc
	[84]		500013dd
	[85]		500013de
	[86]		500013df
	[87]		500013e0
	[88]		50001339
	[89]		5000122c
	[90]		5000121c
	[91]		50001244
	[92]		50001263
	[93]		50001261
	[94]		5000125f
	[95]		5000125d
	[96]		5000125b
	[97]		50001258
	[98]		5000123c
	[99]		50001283
	[100]		500011f6
	[101]		500011f4
	[102]		500011f2
	[103]		500011f0
	[104]		500011ec
	[105]		500011ea
	[106]		500012cf
	[107]		50001297
	[108]		50001335
	[109]		50001332
	[110]		500012e2
	[111]		500012db
	[112]		500012d7
	[113]		500012d2
	[114]		500012cd
	[115]		500012bd
	[116]		500012bb
	[117]		500012b1
	[118]		50001348
	[119]		50001346
	[120]		50001344
	[121]		50001342
	[122]		50001340
	[123]		500013e1
	[124]		500013e2
	[125]		500013e3
	[126]		500013e4
	[127]		500013e5
	[128]		500013e6
	[129]		500013e7
	[130]		500013e8
	[131]		500013e9
	[132]		500013ea
	[133]		500013eb
	[134]		500013ec
	[135]		500013ed
	[136]		500013ee
	[137]		50001226
	[138]		500011e4
	[139]		5000121a
	[140]		50001337
	[141]		50001202
	[142]		500012e0
	[143]		5000126f
	[144]		5000122e
	[145]		500012f5
	[146]		50001238
	[147]		50001287
	[148]		50001246
	[149]		500012b5
	[150]		5000128f
	[151]		5000128d
	[152]		5000128b
	[153]		50001289
	[154]		5000127b
	[155]		50001279
	[156]		500012f3
	[157]		500012f0
	[158]		500012ec
	[159]		500012c3
	[160]		5000109c
	[161]		50001293
	[162]		500010b3
	[163]		500012bf
	[164]		500010b9
	[165]		500010b0
	[166]		50001099
	[167]		5000108e
	[168]		5000111a
	[169]		5000110c
	[170]		50001302
	[171]		50001300
	[172]		500012fe
	[173]		500012ee
	[174]		500012af
	[175]		500012ad
	[176]		5000129f
	[177]		50001295
	[178]		5000127f
	[179]		5000127d
	[180]		50001329
	[181]		50001224
	[182]		50001220
	[183]		5000124f
	[184]		5000130c
	[185]		5000130a
	[186]		50001308
	[187]		50001306
	[188]		50001304
	[189]		500011f8
	[190]		500012fc
	[191]		500012c9
	[192]		5000134c
	[193]		5000134a
	[194]		500012ea
	[195]		500012e6
	[196]		500012dd
	[197]		500012d9
	[198]		500012a7
	[199]		500012a5
	[200]		500012a3
	[201]		500012a1
	[202]		50001056
	[203]		5000120f
	[204]		50001230
	[205]		50001352
	[206]		50001240
	[207]		50001281
	[208]		50001200
	[209]		50001312
	[210]		50001273
	[211]		50001277
ARR 500009b6 (sz=984, trace=300000, nelems=241, elem type=java.lang.Object[]@50000111)
	[0]		500012ab
	[1]		500012f7
	[2]		50001324
	[3]		500012c7
	[4]		5000135c
	[5]		50001354
	[6]		50001330
	[7]		5000132e
	[8]		5000132c
	[9]		50001327
	[10]		50001322
	[11]		5000131e
	[12]		5000131c
	[13]		50001312
	[14]		50001367
	[15]		50001242
	[16]		5000123e
	[17]		50001363
	[18]		50001361
	[19]		5000135e
	[20]		5000135a
	[21]		50001358
	[22]		50001372
	[23]		50001370
	[24]		5000136e
	[25]		5000136c
	[26]		5000136a
	[27]		50001339
	[28]		500012b7
	[29]		5000129b
	[30]		500011fe
	[31]		5000122c
	[32]		5000121c
	[33]		50001083
	[34]		50001253
	[35]		50001244
	[36]		50001263
	[37]		50001261
	[38]		5000125f
	[39]		5000125d
	[40]		5000125b
	[41]		50001258
	[42]		5000123c
	[43]		50001283
	[44]		500011f6
	[45]		500011f4
	[46]		500011f2
	[47]		500011f0
	[48]		500011ec
	[49]		500011ea
	[50]		500012cf
	[51]		50001297
	[52]		50001335
	[53]		50001332
	[54]		500012e2
	[55]		500012db
	[56]		500012d7
	[57]		500012d2
	[58]		500012cd
	[59]		500012bd
	[60]		500012bb
	[61]		500012b1
	[62]		50001348
	[63]		50001346
	[64]		50001344
	[65]		50001342
	[66]		50001340
	[67]		50001320
	[68]		500011fc
	[69]		50001265
	[70]		50001256
	[71]		50001251
	[72]		50001384
	[73]		50001382
	[74]		50001380
	[75]		5000137e
	[76]		5000137c
	[77]		5000137a
	[78]		50001365
	[79]		50001267
	[80]		50001226
	[81]		500011e4
	[82]		5000121a
	[83]		50001337
	[84]		50001206
	[85]		50001202
	[86]		500012e0
	[87]		5000126f
	[88]		5000134e
	[89]		50001269
	[90]		5000122e
	[91]		500012f5
	[92]		50001238
	[93]		50001287
	[94]		50001246
	[95]		500012b5
	[96]		500012b3
	[97]		5000128f
	[98]		5000128d
	[99]		5000128b
	[100]		50001289
	[101]		5000127b
	[102]		50001279
	[103]		50001273
	[104]		500012f3
	[105]		500012f0
	[106]		500012ec
	[107]		500012c3
	[108]		500012c1
	[109]		5000108b
	[110]		50001218
	[111]		5000109c
	[112]		50001293
	[113]		500010b3
	[114]		500012bf
	[115]		500012b9
	[116]		500010b9
	[117]		500010b0
	[118]		50001099
	[119]		5000108e
	[120]		5000111a
	[121]		5000110c
	[122]		50001277
	[123]		50001302
	[124]		50001300
	[125]		500012fe
	[126]		500012ee
	[127]		500012e4
	[128]		5000123a
	[129]		500010de
	[130]		500010a7
	[131]		5000109f
	[132]		500010db
	[133]		500010d2
	[134]		500010ce
	[135]		500010c8
	[136]		500010c1
	[137]		500012af
	[138]		500012ad
	[139]		5000129f
	[140]		50001295
	[141]		5000127f
	[142]		5000127d
	[143]		50001329
	[144]		50001376
	[145]		5000122a
	[146]		50001236
	[147]		50001234
	[148]		50001228
	[149]		50001224
	[150]		50001222
	[151]		50001220
	[152]		5000121e
	[153]		5000130e
	[154]		5000124f
	[155]		5000124a
	[156]		50001314
	[157]		5000130c
	[158]		5000130a
	[159]		50001308
	[160]		50001306
	[161]		50001304
	[162]		500011f8
	[163]		500011ee
	[164]		50001216
	[165]		500012fc
	[166]		500012fa
	[167]		50001356
	[168]		50001211
	[169]		50001318
	[170]		5000120d
	[171]		50001271
	[172]		5000120b
	[173]		50001232
	[174]		50001208
	[175]		50001374
	[176]		50001204
	[177]		500012c5
	[178]		500012cb
	[179]		500012c9
	[180]		5000107b
	[181]		50001077
	[182]		5000134c
	[183]		5000134a
	[184]		500012ea
	[185]		500012e6
	[186]		500012dd
	[187]		500012d9
	[188]		500012d4
	[189]		500012a9
	[190]		500012a7
	[191]		500012a5
	[192]		500012a3
	[193]		500012a1
	[194]		5000129d
	[195]		5000126b
	[196]		5000120f
	[197]		50001230
	[198]		50001352
	[199]		50001316
	[200]		50001285
	[201]		50001378
	[202]		50001310
	[203]		50001240
	[204]		500010aa
	[205]		500010ef
	[206]		500010e4
	[207]		50001112
	[208]		5000110f
	[209]		500010fb
	[210]		50001299
	[211]		50001073
	[212]		500011e2
	[213]		500010d5
	[214]		50001281
	[215]		5000126d
	[216]		500011fa
	[217]		500011e6
	[218]		5000133c
	[219]		50001291
	[220]		500011e0
	[221]		5000124c
	[222]		50001248
	[223]		500011e8
	[224]		5000133e
	[225]		50001106
	[226]		50001103
	[227]		500010f8
	[228]		500010f5
	[229]		500010ec
	[230]		500010e8
	[231]		50001200
	[232]		500010bd
	[233]		500010c5
	[234]		50001213
	[235]		50001350
	[236]		50001087
	[237]		5000131a
	[238]		5000107f
	[239]		50001275
	[240]		50001091
ARR 500009b7 (sz=328, trace=300000, nelems=78, elem type=java.lang.Object[]@50000111)
	[0]		50001084
	[1]		5000109d
	[2]		500010be
	[3]		500010b4
	[4]		500010ba
	[5]		500010b1
	[6]		5000109a
	[7]		5000108f
	[8]		5000108c
	[9]		5000111b
	[10]		5000110d
	[11]		500010c6
	[12]		500010df
	[13]		500010a8
	[14]		500010a0
	[15]		500010dc
	[16]		500010d3
	[17]		500010cf
	[18]		500010c9
	[19]		500010c2
	[20]		5000107c
	[21]		50001078
	[22]		50001107
	[23]		50001104
	[24]		500010f9
	[25]		500010f6
	[26]		500010ed
	[27]		500010e9
	[28]		500010ab
	[29]		500010f0
	[30]		500010e5
	[31]		50001113
	[32]		50001088
	[33]		50001110
	[34]		500010fc
	[35]		50001080
	[36]		50001074
	[37]		50001092
	[38]		500010d6
	[39]		50001083
	[40]		5000108b
	[41]		5000109c
	[42]		500010b3
	[43]		500010b9
	[44]		500010b0
	[45]		50001099
	[46]		5000108e
	[47]		5000111a
	[48]		5000110c
	[49]		500010de
	[50]		500010a7
	[51]		5000109f
	[52]		500010db
	[53]		500010d2
	[54]		500010ce
	[55]		500010c8
	[56]		500010c1
	[57]		5000107b
	[58]		50001077
	[59]		500010aa
	[60]		500010ef
	[61]		500010e4
	[62]		50001112
	[63]		5000110f
	[64]		500010fb
	[65]		50001073
	[66]		500010d5
	[67]		50001106
	[68]		50001103
	[69]		500010f8
	[70]		500010f5
	[71]		500010ec
	[72]		500010e8
	[73]		500010bd
	[74]		500010c5
	[75]		50001087
	[76]		5000107f
	[77]		50001091
ARR 500009b8 (sz=176, trace=300000, nelems=39, elem type=java.lang.Object[]@50000111)
	[0]		50001083
	[1]		5000108b
	[2]		5000109c
	[3]		500010b3
	[4]		500010b9
	[5]		500010b0
	[6]		50001099
	[7]		5000108e
	[8]		5000111a
	[9]		5000110c
	[10]		500010de
	[11]		500010a7
	[12]		5000109f
	[13]		500010db
	[14]		500010d2
	[15]		500010ce
	[16]		500010c8
	[17]		500010c1
	[18]		5000107b
	[19]		50001077
	[20]		500010aa
	[21]		500010ef
	[22]		500010e4
	[23]		50001112
	[24]		5000110f
	[25]		500010fb
	[26]		50001073
	[27]		500010d5
	[28]		50001106
	[29]		50001103
	[30]		500010f8
	[31]		500010f5
	[32]		500010ec
	[33]		500010e8
	[34]		500010bd
	[35]		500010c5
	[36]		50001087
	[37]		5000107f
	[38]		50001091
ARR 500009b9 (sz=24, trace=300000, nelems=1, elem type=java.lang.Object[]@50000111)
	[0]		50000ac6
ARR 500009ba (sz=72, trace=300000, nelems=0, elem type=java.lang.Object[]@50000111)
ARR 500009bb (sz=104, trace=300000, nelems=1, elem type=java.lang.Object[]@50000111)
	[0]		50000a4e
ARR 500009bc (sz=32, trace=300000, nelems=3, elem type=java.lang.Object[]@50000111)
	[1]		500010ba
	[2]		500013a7
ARR 500009bd (sz=24, trace=300000, nelems=0, elem type=java.lang.Object[]@50000111)
ARR 500009be (sz=32, trace=300000, nelems=3, elem type=java.lang.Object[]@50000111)
	[1]		50000a92
	[2]		50000a93
ARR 500009bf (sz=24, trace=300000, nelems=0, elem type=java.lang.Object[]@50000111)
ARR 500009c0 (sz=32, trace=300000, nelems=0, elem type=java.lang.Object[]@50000111)
ARR 500009c1 (sz=24, trace=300000, nelems=0, elem type=java.lang.Object[]@50000111)
ARR 500009c2 (sz=80, trace=300000, nelems=13, elem type=java.lang.Object[]@50000111)
	[1]		50001046
	[2]		50001047
	[3]		50001048
	[6]		50001049
	[12]		5000104a
ARR 500009c3 (sz=32, trace=300000, nelems=3, elem type=java.lang.Object[]@50000111)
	[0]		50001030
	[1]		50001031
	[2]		50001032
ARR 500009c4 (sz=32, trace=300000, nelems=0, elem type=java.lang.Object[]@50000111)
ARR 500009c5 (sz=32, trace=300000, nelems=0, elem type=java.lang.Object[]@50000111)
ARR 500009c6 (sz=48, trace=300000, nelems=0, elem type=java.lang.Object[]@50000111)
ARR 500009c7 (sz=24, trace=300000, nelems=2, elem type=java.lang.Object[]@50000111)
	[0]		5000145b
	[1]		5000145c
ARR 500009c8 (sz=32, trace=300000, nelems=3, elem type=java.lang.Object[]@50000111)
	[2]		50000a61
ARR 500009c9 (sz=96, trace=300000, nelems=19, elem type=java.lang.Object[]@50000111)
	[0]		50000a60
	[17]		50000d01
	[18]		50000d02
ARR 500009ca (sz=32, trace=300000, nelems=2, elem type=java.lang.Object[]@50000111)
	[0]		50000ee4
	[1]		50000ee5
ARR 500009cb (sz=48, trace=300000, nelems=8, elem type=java.lang.Object[]@50000111)
	[5]		50000d85
	[6]		50000d86
	[7]		50000d87
ARR 500009cc (sz=32, trace=300000, nelems=0, elem type=java.lang.Object[]@50000111)
ARR 500009cd (sz=24, trace=300000, nelems=2, elem type=java.lang.Object[]@50000111)
	[0]		50000eed
	[1]		50000eee
ARR 500009ce (sz=32, trace=300000, nelems=1, elem type=java.lang.Object[]@50000111)
	[0]		50000cfb
ARR 500009cf (sz=24, trace=300000, nelems=2, elem type=java.lang.Object[]@50000111)
	[0]		5000157c
	[1]		5000157d
ARR 500009d0 (sz=40, trace=300000, nelems=0, elem type=java.lang.Object[]@50000111)
ARR 500009d1 (sz=80, trace=300000, nelems=14, elem type=java.lang.Object[]@50000111)
	[13]		50000ad5
ARR 500009d2 (sz=24, trace=300000, nelems=1, elem type=java.lang.Object[]@50000111)
	[0]		50000ada
ARR 500009d3 (sz=24, trace=300000, nelems=1, elem type=java.lang.Object[]@50000111)
	[0]		50000cff
ARR 500009d4 (sz=48, trace=300000, nelems=8, elem type=java.lang.Object[]@50000111)
	[3]		500015e2
	[6]		500015e3
	[7]		500015e4
ARR 500009d5 (sz=48, trace=300000, nelems=8, elem type=java.lang.Object[]@50000111)
	[6]		500014b1
	[7]		500014b2
ARR 500009d6 (sz=40, trace=300000, nelems=4, elem type=java.lang.Object[]@50000111)
	[0]		50000f3f
	[1]		50000f40
	[3]		50000f43
ARR 500009d7 (sz=32, trace=300000, nelems=4, elem type=java.lang.Object[]@50000111)
	[3]		500014b6
ARR 500009d8 (sz=64, trace=300000, nelems=0, elem type=java.lang.Object[]@50000111)
ARR 500009d9 (sz=32, trace=300000, nelems=2, elem type=java.lang.Object[]@50000111)
	[0]		500014b0
	[1]		50000f7c
ARR 500009da (sz=240, trace=300000, nelems=43, elem type=java.lang.Object[]@50000111)
	[17]		50000f16
	[41]		50000f17
	[42]		50000f18
ARR 500009db (sz=24, trace=300000, nelems=0, elem type=java.lang.Object[]@50000111)
ARR 500009dc (sz=24, trace=300000, nelems=0, elem type=java.lang.Object[]@50000111)
ARR 500009dd (sz=24, trace=300000, nelems=0, elem type=java.lang.Object[]@50000111)
ARR 500009de (sz=24, trace=300000, nelems=0, elem type=java.lang.Object[]@50000111)
ARR 500009df (sz=24, trace=300000, nelems=2, elem type=java.lang.Object[]@50000111)
	[1]		50000efe
ARR 500009e0 (sz=32, trace=300000, nelems=3, elem type=java.lang.Object[]@50000111)
	[0]		50000f7a
	[1]		50000f7b
	[2]		50000f7c
ARR 500009e1 (sz=32, trace=300000, nelems=0, elem type=java.lang.Object[]@50000111)
ARR 500009e2 (sz=40, trace=300000, nelems=4, elem type=java.lang.Object[]@50000111)
	[3]		50000a4d
ARR 500009e3 (sz=32, trace=300000, nelems=0, elem type=java.lang.Object[]@50000111)
ARR 500009e4 (sz=32, trace=300000, nelems=0, elem type=java.lang.Object[]@50000111)
ARR 500009e5 (sz=32, trace=300000, nelems=4, elem type=java.lang.Object[]@50000111)
	[2]		500010f8
	[3]		50001469
ARR 500009e6 (sz=80, trace=300000, nelems=15, elem type=java.lang.Object[]@50000111)
	[1]		50001046
	[2]		50001047
	[3]		50001048
	[6]		50001049
	[11]		5000104a
	[14]		5000104b
ARR 500009e7 (sz=48, trace=300000, nelems=0, elem type=java.lang.Object[]@50000111)
ARR 500009e8 (sz=40, trace=300000, nelems=4, elem type=java.lang.Object[]@50000111)
	[0]		50001039
	[1]		5000103a
	[2]		5000103b
	[3]		5000103c
ARR 500009e9 (sz=24, trace=300000, nelems=0, elem type=java.lang.Object[]@50000111)
ARR 500009ea (sz=256, trace=300000, nelems=60, elem type=java.lang.Object[]@50000111)
	[0]		50000a60
	[5]		50000d89
	[10]		50000d8a
	[12]		50000d8b
	[14]		50000d8c
	[17]		50000d8d
	[23]		50000d8e
	[28]		50000d8f
	[29]		50000d90
	[30]		50000d91
	[31]		50000d92
	[32]		50000d93
	[33]		50000d94
	[37]		50000d95
	[39]		50000d96
	[42]		50000d97
	[43]		50000d98
	[44]		50000d99
	[45]		50000d9a
	[46]		50000d9b
	[47]		50000d9c
	[48]		50000d9d
	[49]		50000d9e
	[50]		50000d9f
	[51]		50000da0
	[55]		50000da1
	[56]		50000da2
	[57]		50000da3
	[58]		50000da4
	[59]		50000da5
ARR 500009eb (sz=88, trace=300000, nelems=0, elem type=java.lang.Object[]@50000111)
ARR 500009ec (sz=56, trace=300000, nelems=10, elem type=java.lang.Object[]@50000111)
	[1]		50000abf
	[2]		50000ac0
	[3]		50000ac1
	[4]		50000ac2
	[5]		50000ac3
	[7]		50000ac4
	[8]		50000ac5
	[9]		50000ac6
ARR 500009ed (sz=24, trace=300000, nelems=0, elem type=java.lang.Object[]@50000111)
ARR 500009ee (sz=72, trace=300000, nelems=12, elem type=java.lang.Object[]@50000111)
	[0]		50000a60
	[2]		50000dd4
	[3]		50000dd5
	[11]		50000dd6
ARR 500009ef (sz=24, trace=300000, nelems=1, elem type=java.lang.Object[]@50000111)
	[0]		50000a60
ARR 500009f0 (sz=24, trace=300000, nelems=0, elem type=java.lang.Object[]@50000111)
ARR 500009f1 (sz=24, trace=300000, nelems=2, elem type=java.lang.Object[]@50000111)
	[0]		50000eff
	[1]		50000f00
ARR 500009f2 (sz=32, trace=300000, nelems=3, elem type=java.lang.Object[]@50000111)
	[0]		50000ed7
	[1]		50000ed8
	[2]		50000ac6
ARR 500009f3 (sz=40, trace=300000, nelems=5, elem type=java.lang.Object[]@50000111)
	[4]		50000f07
ARR 500009f4 (sz=88, trace=300000, nelems=15, elem type=java.lang.Object[]@50000111)
	[14]		50000ad3
ARR 500009f5 (sz=40, trace=300000, nelems=5, elem type=java.lang.Object[]@50000111)
	[4]		50000ad1
ARR 500009f6 (sz=112, trace=300000, nelems=24, elem type=java.lang.Object[]@50000111)
	[0]		50000a60
	[1]		50001479
	[2]		5000147a
	[3]		5000147b
	[4]		5000147c
	[5]		50000f41
	[14]		5000147d
	[15]		5000147e
	[16]		5000147f
	[17]		50001480
	[20]		50001463
	[23]		50000f36
ARR 500009f7 (sz=80, trace=300000, nelems=4, elem type=java.lang.Object[]@50000111)
	[3]		50001484
ARR 500009f8 (sz=88, trace=300000, nelems=17, elem type=java.lang.Object[]@50000111)
	[0]		50000a60
	[1]		50000f3f
	[2]		50000f40
	[3]		50000f41
	[10]		50000f42
	[13]		50000f43
	[15]		50000f44
	[16]		50000f45
ARR 500009f9 (sz=80, trace=300000, nelems=10, elem type=java.lang.Object[]@50000111)
	[0]		50000a60
	[2]		50000f39
	[4]		50000f3a
	[5]		50000f3b
	[6]		50000f3c
	[7]		50000f3d
	[9]		50000f3e
ARR 500009fa (sz=48, trace=300000, nelems=0, elem type=java.lang.Object[]@50000111)
ARR 500009fb (sz=72, trace=300000, nelems=0, elem type=java.lang.Object[]@50000111)
ARR 500009fc (sz=32, trace=300000, nelems=0, elem type=java.lang.Object[]@50000111)
ARR 500009fd (sz=64, trace=300000, nelems=9, elem type=java.lang.Object[]@50000111)
	[4]		50000f71
	[5]		50001492
	[7]		50001493
	[8]		50001494
ARR 500009fe (sz=64, trace=300000, nelems=0, elem type=java.lang.Object[]@50000111)
ARR 500009ff (sz=24, trace=300000, nelems=2, elem type=java.lang.Object[]@50000111)
	[1]		500014b5
ARR 50000a00 (sz=24, trace=300000, nelems=1, elem type=java.lang.Object[]@50000111)
	[0]		500014fc
ARR 50000a01 (sz=96, trace=300000, nelems=18, elem type=java.lang.Object[]@50000111)
	[13]		500015ca
	[17]		500015cb
ARR 50000a02 (sz=80, trace=300000, nelems=0, elem type=java.lang.Object[]@50000111)
ARR 50000a03 (sz=24, trace=300000, nelems=0, elem type=java.lang.Object[]@50000111)
ARR 50000a04 (sz=152, trace=300000, nelems=0, elem type=java.lang.Object[]@50000111)
ARR 50000a05 (sz=64, trace=300000, nelems=10, elem type=java.lang.Object[]@50000111)
	[8]		500015d1
	[9]		500015d2
ARR 50000a06 (sz=40, trace=300000, nelems=0, elem type=java.lang.Object[]@50000111)
ARR 50000a07 (sz=40, trace=300000, nelems=5, elem type=java.lang.Object[]@50000111)
	[0]		500015d5
	[1]		500015d6
	[2]		500015d7
	[3]		500015d8
	[4]		500015d9
ARR 50000a08 (sz=24, trace=300000, nelems=1, elem type=java.lang.Object[]@50000111)
	[0]		500015d3
ARR 50000a09 (sz=40, trace=300000, nelems=0, elem type=java.lang.Object[]@50000111)
ARR 50000a0a (sz=144, trace=300000, nelems=0, elem type=java.lang.Object[]@50000111)
ARR 50000a0b (sz=112, trace=300000, nelems=0, elem type=java.lang.Object[]@50000111)
ARR 50000a0c (sz=48, trace=300000, nelems=7, elem type=java.lang.Object[]@50000111)
	[1]		500015e8
	[2]		500015e9
	[3]		500015ea
	[4]		500015eb
	[6]		500015ec
ARR 50000a0d (sz=296, trace=300000, nelems=67, elem type=java.lang.Object[]@50000111)
	[0]		50000a60
	[25]		500015f2
	[30]		500015f3
	[41]		50000971
	[60]		500015f4
	[65]		50000bdd
	[66]		500015f5
ARR 50000a0e (sz=32, trace=300000, nelems=0, elem type=java.lang.Object[]@50000111)
ARR 50000a0f (sz=24, trace=300000, nelems=1, elem type=java.lang.Object[]@50000111)
	[0]		50000f7b
ARR 50000a10 (sz=48, trace=300000, nelems=3, elem type=java.lang.Object[]@50000111)
	[2]		50001499
ARR 50000a11 (sz=24, trace=300000, nelems=2, elem type=java.lang.Object[]@50000111)
	[0]		50000f41
	[1]		50000f36
ARR 50000a12 (sz=24, trace=300000, nelems=0, elem type=java.lang.Object[]@50000111)
ARR 50000a13 (sz=48, trace=300000, nelems=8, elem type=java.lang.Object[]@50000111)
	[0]		50000a60
	[1]		50000f73
	[6]		50000f36
	[7]		50000f71
ARR 50000a14 (sz=56, trace=300000, nelems=8, elem type=java.lang.Object[]@50000111)
	[7]		50000be1
ARR 50000a15 (sz=192, trace=300000, nelems=0, elem type=java.lang.Object[]@50000111)
ARR 50000a16 (sz=24, trace=300000, nelems=1, elem type=java.lang.Object[]@50000111)
	[0]		50001463
ARR 50000a17 (sz=24, trace=300000, nelems=0, elem type=java.lang.Object[]@50000111)
ARR 50000a18 (sz=32, trace=300000, nelems=3, elem type=java.lang.Object[]@50000111)
	[0]		50000f3f
	[1]		5000149b
	[2]		50000f36
ARR 50000a19 (sz=24, trace=300000, nelems=1, elem type=java.lang.Object[]@50000111)
	[0]		50000abd
ARR 50000a1a (sz=56, trace=300000, nelems=0, elem type=java.lang.Object[]@50000111)
ARR 50000a1b (sz=24, trace=300000, nelems=0, elem type=java.lang.Object[]@50000111)
ARR 50000a1c (sz=64, trace=300000, nelems=7, elem type=java.lang.Object[]@50000111)
	[6]		50001607
ARR 50000a1d (sz=40, trace=300000, nelems=5, elem type=java.lang.Object[]@50000111)
	[4]		50001608
ARR 50000a1e (sz=24, trace=300000, nelems=0, elem type=java.lang.Object[]@50000111)
ARR 50000a1f (sz=32, trace=300000, nelems=1, elem type=java.lang.Object[]@50000111)
	[0]		50000a60
ARR 50000a20 (sz=32, trace=300000, nelems=0, elem type=java.lang.Object[]@50000111)
ARR 50000a21 (sz=48, trace=300000, nelems=6, elem type=java.lang.Object[]@50000111)
	[0]		50000a60
	[2]		50001499
	[3]		50001604
	[4]		5000160b
	[5]		5000160c
ARR 50000a22 (sz=72, trace=300000, nelems=14, elem type=java.lang.Object[]@50000111)
	[0]		50000a60
	[10]		5000160e
	[11]		5000160f
	[12]		50001610
	[13]		50000da1
ARR 50000a23 (sz=48, trace=300000, nelems=0, elem type=java.lang.Object[]@50000111)
ARR 50000a24 (sz=24, trace=300000, nelems=0, elem type=java.lang.Object[]@50000111)
ARR 50000a25 (sz=64, trace=300000, nelems=0, elem type=java.lang.Object[]@50000111)
ARR 50000a26 (sz=48, trace=300000, nelems=0, elem type=java.lang.Object[]@50000111)
ARR 50000a27 (sz=24, trace=300000, nelems=0, elem type=java.lang.Object[]@50000111)
ARR 50000a28 (sz=168, trace=300000, nelems=0, elem type=java.lang.Object[]@50000111)
ARR 50000a29 (sz=168, trace=300000, nelems=38, elem type=java.lang.Object[]@50000111)
	[0]		5000163d
	[1]		50001641
	[2]		50001639
	[3]		50001645
	[4]		50001651
	[5]		50001629
	[6]		5000164d
	[7]		50001635
	[8]		50001625
	[9]		50001659
	[10]		5000161d
	[11]		50001621
	[12]		50001615
	[13]		50001631
	[14]		50001655
	[15]		5000162d
	[16]		50001619
	[17]		50001649
	[18]		5000165c
	[19]		5000163e
	[20]		50001646
	[21]		50000971
	[22]		50001616
	[23]		5000161e
	[24]		50001622
	[25]		50001626
	[26]		50001642
	[27]		5000163a
	[28]		5000164a
	[29]		50001656
	[30]		5000165d
	[31]		5000161a
	[32]		50001632
	[33]		5000162a
	[34]		50001652
	[35]		5000162e
	[36]		5000164e
	[37]		50001636
ARR 50000a2a (sz=24, trace=300000, nelems=0, elem type=java.lang.Object[]@50000111)
ARR 50000a2b (sz=152, trace=300000, nelems=30, elem type=java.lang.Object[]@50000111)
	[0]		50000a60
	[16]		50001660
	[17]		50001661
	[18]		50001662
	[20]		50001663
	[21]		50001664
	[22]		50000ad3
	[23]		50001665
	[26]		50001666
	[27]		50001667
	[28]		50000ad1
	[29]		50001668
ARR 50000a2c (sz=56, trace=300000, nelems=10, elem type=java.lang.Object[]@50000111)
	[0]		50000ebd
	[1]		50000ebe
	[2]		50000ebf
	[3]		50000ec0
	[4]		50000ec1
	[5]		50000ec2
	[6]		50000ec3
	[7]		50000ec4
	[8]		50000ec5
	[9]		50000ec6
ARR 50000a2d (sz=32, trace=300000, nelems=0, elem type=java.lang.Object[]@50000111)
ARR 50000a2e (sz=48, trace=300000, nelems=5, elem type=java.lang.Object[]@50000111)
	[2]		50001674
	[3]		50000d98
	[4]		50001675
ARR 50000a2f (sz=24, trace=300000, nelems=1, elem type=java.lang.Object[]@50000111)
	[0]		50001672
ARR 50000a30 (sz=32, trace=300000, nelems=0, elem type=java.lang.Object[]@50000111)
OBJ 50000a31 (sz=96, trace=300000, class=java.lang.Class@50000164)
OBJ 50000a32 (sz=96, trace=300000, class=java.lang.Class@50000164)
OBJ 50000a33 (sz=96, trace=300000, class=java.lang.Class@50000164)
OBJ 50000a34 (sz=96, trace=300000, class=java.lang.Class@50000164)
OBJ 50000a35 (sz=96, trace=300000, class=java.lang.Class@50000164)
OBJ 50000a36 (sz=96, trace=300000, class=java.lang.Class@50000164)
OBJ 50000a37 (sz=96, trace=300000, class=java.lang.Class@50000164)
OBJ 50000a38 (sz=96, trace=300000, class=java.lang.Class@50000164)
OBJ 50000a39 (sz=96, trace=300000, class=java.lang.Class@50000164)
ARR 50000a3a (sz=16, trace=300000, nelems=0, elem type=java.lang.Class[]@5000010c)
OBJ 50000a3b (sz=24, trace=300000, class=java.lang.String@50000168)
	value		50001592
OBJ 50000a3c (sz=24, trace=300000, class=java.lang.String@50000168)
	value		500015c9
OBJ 50000a3d (sz=32, trace=300000, class=java.lang.OutOfMemoryError@50000151)
	detailMessage	500015c7
OBJ 50000a3e (sz=32, trace=300000, class=java.lang.OutOfMemoryError@50000151)
	detailMessage	500015c5
OBJ 50000a3f (sz=32, trace=300000, class=java.lang.OutOfMemoryError@50000151)
	detailMessage	500015c3
OBJ 50000a40 (sz=32, trace=300000, class=java.lang.OutOfMemoryError@50000151)
	detailMessage	500015c1
OBJ 50000a41 (sz=32, trace=300000, class=java.lang.OutOfMemoryError@50000151)
	detailMessage	500015bf
ARR 50000a42 (sz=32, trace=300000, nelems=4, elem type=java.lang.OutOfMemoryError[]@50000106)
	[0]		500015bb
	[1]		500015bc
	[2]		500015bd
	[3]		500015be
OBJ 50000a43 (sz=32, trace=300000, class=java.lang.NullPointerException@5000010b)
OBJ 50000a44 (sz=32, trace=300000, class=java.lang.ArithmeticException@5000010a)
	detailMessage	500015b9
OBJ 50000a45 (sz=32, trace=300000, class=java.lang.VirtualMachineError@50000152)
OBJ 50000a46 (sz=48, trace=300000, class=java.lang.ThreadGroup@50000145)
	parent		50000a47
	name		500015b4
	threads		500015b3
OBJ 50000a47 (sz=48, trace=300000, class=java.lang.ThreadGroup@50000145)
	name		50000a5f
	threads		50001599
	groups		50001598
OBJ 50000a48 (sz=32, trace=300000, class=java.lang.VirtualMachineError@50000152)
OBJ 50000a49 (sz=24, trace=300000, class=java.lang.String@50000168)
	value		50001591
OBJ 50000a4a (sz=24, trace=300000, class=java.lang.String@50000168)
	value		50001596
OBJ 50000a4b (sz=24, trace=300000, class=java.lang.String@50000168)
	value		50001593
OBJ 50000a4c (sz=24, trace=300000, class=java.lang.String@50000168)
	value		50000a51
OBJ 50000a4d (sz=24, trace=300000, class=java.lang.String@50000168)
	value		50001475
OBJ 50000a4e (sz=24, trace=300000, class=java.lang.String@50000168)
	value		50000ad0
ARR 50000a4f (sz=1024, trace=300000, nelems=256, elem type=int[])
OBJ 50000a50 (sz=16, trace=300000, class=java.lang.CharacterDataLatin1@50000018)
ARR 50000a51 (sz=24, trace=300000, nelems=12, elem type=char[])
OBJ 50000a52 (sz=24, trace=300000, class=java.lang.String@50000168)
	value		50001597
OBJ 50000a53 (sz=24, trace=300000, class=java.lang.String@50000168)
	value		50001595
OBJ 50000a54 (sz=24, trace=300000, class=java.lang.String@50000168)
	value		50001529
OBJ 50000a55 (sz=24, trace=300000, class=java.lang.String@50000168)
	value		50001594
OBJ 50000a56 (sz=24, trace=300000, class=java.lang.String@50000168)
	value		50000ef6
OBJ 50000a57 (sz=16, trace=300000, class=java.lang.String$CaseInsensitiveComparator@50000101)
ARR 50000a58 (sz=16, trace=300000, nelems=0, elem type=java.io.ObjectStreamField[]@50000103)
OBJ 50000a59 (sz=24, trace=300000, class=java.lang.String@50000168)
	value		50000a5c
OBJ 50000a5a (sz=24, trace=300000, class=java.lang.RuntimePermission@500000f9)
	name		50000a59
	path		50000a59
ARR 50000a5b (sz=16, trace=300000, nelems=0, elem type=java.lang.StackTraceElement[]@500000fd)
ARR 50000a5c (sz=64, trace=300000, nelems=32, elem type=char[])
OBJ 50000a5d (sz=24, trace=300000, class=java.lang.String@50000168)
	value		50000a5e
ARR 50000a5e (sz=12, trace=300000, nelems=6, elem type=char[])
OBJ 50000a5f (sz=24, trace=300000, class=java.lang.String@50000168)
	value		50001590
OBJ 50000a60 (sz=24, trace=300000, class=java.lang.String@50000168)
	value		50000dd2
OBJ 50000a61 (sz=24, trace=300000, class=java.lang.String@50000168)
	value		50001527
OBJ 50000a62 (sz=24, trace=300000, class=java.lang.String@50000168)
	value		5000158f
OBJ 50000a63 (sz=24, trace=300000, class=java.lang.String@50000168)
	value		5000158e
OBJ 50000a64 (sz=24, trace=300000, class=java.lang.String@50000168)
	value		5000158d
OBJ 50000a65 (sz=24, trace=300000, class=java.lang.String@50000168)
	value		50000c59
OBJ 50000a66 (sz=48, trace=300000, class=java.util.Properties@50000141)
	table		50001536
	entrySet	50001535
OBJ 50000a67 (sz=32, trace=300000, class=java.io.PrintStream@5000009c)
	out		5000152d
	textOut		5000152c
	charOut		5000152b
OBJ 50000a68 (sz=32, trace=300000, class=java.io.PrintStream@5000009c)
	out		5000151f
	textOut		5000151e
	charOut		5000151d
OBJ 50000a69 (sz=40, trace=300000, class=java.io.BufferedInputStream@500000b3)
	in		50000a6b
	buf		50000a6a
ARR 50000a6a (sz=8192, trace=300000, nelems=8192, elem type=byte[])
OBJ 50000a6b (sz=32, trace=300000, class=java.io.FileInputStream@500000c8)
	fd		50000a6d
	closeLock	50000a6c
OBJ 50000a6c (sz=16, trace=300000, class=java.lang.Object@5000016c)
OBJ 50000a6d (sz=40, trace=300000, class=java.io.FileDescriptor@500000c7)
	parent		50000a6b
OBJ 50000a6e (sz=40, trace=300000, class=java.io.FileDescriptor@500000c7)
	parent		50000a72
OBJ 50000a6f (sz=40, trace=300000, class=java.io.FileDescriptor@500000c7)
	parent		50000a70
OBJ 50000a70 (sz=32, trace=300000, class=java.io.FileOutputStream@500000b5)
	fd		50000a6f
	closeLock	50000a71
OBJ 50000a71 (sz=16, trace=300000, class=java.lang.Object@5000016c)
OBJ 50000a72 (sz=32, trace=300000, class=java.io.FileOutputStream@500000b5)
	fd		50000a6e
	closeLock	50000a73
OBJ 50000a73 (sz=16, trace=300000, class=java.lang.Object@5000016c)
OBJ 50000a74 (sz=16, trace=300000, class=java.security.ProtectionDomain$1@5000000d)
OBJ 50000a75 (sz=16, trace=300000, class=java.security.ProtectionDomain$3@5000000b)
OBJ 50000a76 (sz=16, trace=300000, class=java.io.FileDescriptor$1@500000c5)
OBJ 50000a77 (sz=16, trace=300000, class=java.nio.Bits$1@5000007a)
OBJ 50000a78 (sz=16, trace=300000, class=java.net.URLClassLoader$7@50000048)
OBJ 50000a79 (sz=16, trace=300000, class=sun.misc.Unsafe@5000011d)
OBJ 50000a7a (sz=24, trace=300000, class=java.lang.String@50000168)
	value		50001517
OBJ 50000a7b (sz=24, trace=300000, class=java.lang.String@50000168)
	value		50000a87
OBJ 50000a7c (sz=24, trace=300000, class=java.lang.String@50000168)
	value		50000a86
OBJ 50000a7d (sz=24, trace=300000, class=java.lang.String@50000168)
	value		50000a84
OBJ 50000a7e (sz=48, trace=300000, class=java.util.HashMap@500000ba)
	table		50001514
OBJ 50000a7f (sz=48, trace=300000, class=java.util.HashMap@500000ba)
	table		50000a80
ARR 50000a80 (sz=80, trace=300000, nelems=6, elem type=java.util.HashMap$Node[]@500000b8)
	[2]		50000a81
	[5]		50000a82
OBJ 50000a81 (sz=32, trace=300000, class=java.util.HashMap$Node@500000b9)
	key		500000bb
	value		50000a85
OBJ 50000a82 (sz=32, trace=300000, class=java.util.HashMap$Node@500000b9)
	key		50000161
	value		50000a83
ARR 50000a83 (sz=24, trace=300000, nelems=1, elem type=java.lang.String[]@500000bc)
	[0]		50000a7d
ARR 50000a84 (sz=16, trace=300000, nelems=8, elem type=char[])
ARR 50000a85 (sz=24, trace=300000, nelems=2, elem type=java.lang.String[]@500000bc)
	[0]		50000a7b
	[1]		50000a7c
ARR 50000a86 (sz=30, trace=300000, nelems=15, elem type=char[])
ARR 50000a87 (sz=28, trace=300000, nelems=14, elem type=char[])
OBJ 50000a88 (sz=24, trace=300000, class=java.lang.String@50000168)
	value		50001513
OBJ 50000a89 (sz=16, trace=300000, class=sun.reflect.ReflectionFactory@500000ea)
ARR 50000a8a (sz=16, trace=300000, nelems=0, elem type=java.io.ObjectStreamField[]@50000103)
OBJ 50000a8b (sz=24, trace=300000, class=java.lang.String@50000168)
	value		50000a8e
OBJ 50000a8c (sz=16, trace=300000, class=java.lang.reflect.ReflectAccess@5000009f)
OBJ 50000a8d (sz=24, trace=300000, class=java.lang.RuntimePermission@500000f9)
	name		50000a8b
	path		50000a8b
ARR 50000a8e (sz=46, trace=300000, nelems=23, elem type=char[])
OBJ 50000a8f (sz=24, trace=300000, class=java.lang.String@50000168)
	value		50000a91
OBJ 50000a90 (sz=24, trace=300000, class=java.lang.reflect.ReflectPermission@500000f7)
	name		50000a8f
	path		50000a8f
ARR 50000a91 (sz=40, trace=300000, nelems=20, elem type=char[])
OBJ 50000a92 (sz=24, trace=300000, class=java.lang.String@50000168)
	value		50000a95
OBJ 50000a93 (sz=24, trace=300000, class=java.lang.String@50000168)
	value		50000a94
ARR 50000a94 (sz=46, trace=300000, nelems=23, elem type=char[])
ARR 50000a95 (sz=60, trace=300000, nelems=30, elem type=char[])
OBJ 50000a96 (sz=24, trace=300000, class=java.lang.String@50000168)
	value		50000a9b
OBJ 50000a97 (sz=32, trace=300000, class=java.lang.ref.ReferenceQueue$Null@500000e4)
	lock		50000a9a
OBJ 50000a98 (sz=32, trace=300000, class=java.lang.ref.ReferenceQueue$Null@500000e4)
	lock		50000a99
OBJ 50000a99 (sz=16, trace=300000, class=java.lang.ref.ReferenceQueue$Lock@500000e3)
OBJ 50000a9a (sz=16, trace=300000, class=java.lang.ref.ReferenceQueue$Lock@500000e3)
ARR 50000a9b (sz=34, trace=300000, nelems=17, elem type=char[])
OBJ 50000a9c (sz=24, trace=300000, class=java.lang.String@50000168)
	value		5000150a
OBJ 50000a9d (sz=24, trace=300000, class=java.lang.String@50000168)
	value		50001509
ARR 50000a9e (sz=24, trace=300000, nelems=1, elem type=java.lang.String[]@500000bc)
	[0]		50000c0b
ARR 50000a9f (sz=96, trace=300000, nelems=20, elem type=java.lang.String[]@500000bc)
	[0]		500014d4
	[1]		500014d5
	[2]		500014d6
	[3]		500014d7
	[4]		500014d8
	[5]		500014d9
	[6]		500014da
	[7]		500014db
	[8]		500014dc
	[9]		500014dd
	[10]		500014de
	[11]		500014df
	[12]		500014e0
	[13]		500014e1
	[14]		500014e2
	[15]		500014e3
	[16]		500014e4
	[17]		500014e5
	[18]		500014e6
	[19]		500014e7
OBJ 50000aa0 (sz=32, trace=300000, class=java.util.Stack@500000eb)
	elementData	500014d3
OBJ 50000aa1 (sz=32, trace=300000, class=java.util.Vector@500000ec)
	elementData	500014d1
OBJ 50000aa2 (sz=32, trace=300000, class=java.util.Vector@500000ec)
	elementData	500014d0
ARR 50000aa3 (sz=16, trace=300000, nelems=0, elem type=java.security.cert.Certificate[]@500000f3)
OBJ 50000aa4 (sz=48, trace=300000, class=java.util.WeakHashMap@500000a3)
	table		500014ce
	queue		500014cd
OBJ 50000aa5 (sz=40, trace=300000, class=java.security.AccessControlContext@50000159)
OBJ 50000aa6 (sz=40, trace=300000, class=sun.misc.URLClassPath@50000005)
	path		500014c7
	urls		500014c6
	loaders		500014c5
	lmap		500014c4
	jarHandler	500014c3
OBJ 50000aa7 (sz=48, trace=300000, class=java.util.HashMap@500000ba)
OBJ 50000aa8 (sz=16, trace=300000, class=java.lang.Object@5000016c)
OBJ 50000aa9 (sz=32, trace=300000, class=java.util.Vector@500000ec)
	elementData	500014c2
OBJ 50000aaa (sz=48, trace=300000, class=java.util.HashMap@500000ba)
OBJ 50000aab (sz=24, trace=300000, class=java.util.Collections$SynchronizedSet@500000d2)
	c		500014c0
	mutex		50000aab
OBJ 50000aac (sz=40, trace=300000, class=java.security.ProtectionDomain@5000015a)
	codesource	500014bf
	classloader	50000972
	principals	500014be
	key		500014bd
OBJ 50000aad (sz=32, trace=300000, class=java.util.Vector@500000ec)
	elementData	500014bc
OBJ 50000aae (sz=64, trace=300000, class=java.util.concurrent.ConcurrentHashMap@5000002e)
OBJ 50000aaf (sz=64, trace=300000, class=java.util.concurrent.ConcurrentHashMap@5000002e)
	table		500001d8
OBJ 50000ab0 (sz=88, trace=300000, class=sun.misc.Launcher$ExtClassLoader@50000052)
	parallelLockMap	50000abc
	package2certs	50000abb
	classes		50000aba
	defaultDomain	50000ab9
	domains		50000ab8
	packages	50000ab7
	nativeLibraries	50000ab6
	assertionLock	50000ab5
	pdcache		50000ab4
	ucp		50000ab3
	acc		50000ab2
	closeables	50000ab1
OBJ 50000ab1 (sz=48, trace=300000, class=java.util.WeakHashMap@500000a3)
	table		500014ad
	queue		500014ac
OBJ 50000ab2 (sz=40, trace=300000, class=java.security.AccessControlContext@50000159)
OBJ 50000ab3 (sz=40, trace=300000, class=sun.misc.URLClassPath@50000005)
	path		50000f26
	urls		50000f25
	loaders		50000f24
	lmap		50000f23
	jarHandler	50000f22
OBJ 50000ab4 (sz=48, trace=300000, class=java.util.HashMap@500000ba)
OBJ 50000ab5 (sz=16, trace=300000, class=java.lang.Object@5000016c)
OBJ 50000ab6 (sz=32, trace=300000, class=java.util.Vector@500000ec)
	elementData	50000f21
OBJ 50000ab7 (sz=48, trace=300000, class=java.util.HashMap@500000ba)
OBJ 50000ab8 (sz=24, trace=300000, class=java.util.Collections$SynchronizedSet@500000d2)
	c		50000f1e
	mutex		50000ab8
OBJ 50000ab9 (sz=40, trace=300000, class=java.security.ProtectionDomain@5000015a)
	codesource	50000f14
	classloader	50000ab0
	principals	50000f13
	key		50000f12
OBJ 50000aba (sz=32, trace=300000, class=java.util.Vector@500000ec)
	elementData	50000f11
OBJ 50000abb (sz=64, trace=300000, class=java.util.concurrent.ConcurrentHashMap@5000002e)
OBJ 50000abc (sz=64, trace=300000, class=java.util.concurrent.ConcurrentHashMap@5000002e)
	table		500001db
OBJ 50000abd (sz=24, trace=300000, class=java.lang.String@50000168)
	value		50000abe
ARR 50000abe (sz=62, trace=300000, nelems=31, elem type=char[])
OBJ 50000abf (sz=24, trace=300000, class=java.lang.String@50000168)
	value		50000f09
OBJ 50000ac0 (sz=24, trace=300000, class=java.lang.String@50000168)
	value		50000acc
OBJ 50000ac1 (sz=24, trace=300000, class=java.lang.String@50000168)
	value		50000f0b
OBJ 50000ac2 (sz=24, trace=300000, class=java.lang.String@50000168)
	value		50000f10
OBJ 50000ac3 (sz=24, trace=300000, class=java.lang.String@50000168)
	value		50000f0f
OBJ 50000ac4 (sz=24, trace=300000, class=java.lang.String@50000168)
	value		50000f0e
OBJ 50000ac5 (sz=24, trace=300000, class=java.lang.String@50000168)
	value		50000f0d
OBJ 50000ac6 (sz=24, trace=300000, class=java.lang.String@50000168)
	value		50000ee2
ARR 50000ac7 (sz=32, trace=300000, nelems=3, elem type=java.io.ObjectStreamField[]@50000103)
	[0]		50000ac8
	[1]		50000ac9
	[2]		50000aca
OBJ 50000ac8 (sz=40, trace=300000, class=java.io.ObjectStreamField@50000105)
	name		50000ac1
	signature	50000f0a
	type		50000028
OBJ 50000ac9 (sz=40, trace=300000, class=java.io.ObjectStreamField@50000105)
	name		50000abf
	signature	50000acb
	type		50000a32
OBJ 50000aca (sz=40, trace=300000, class=java.io.ObjectStreamField@50000105)
	name		50000ac0
	signature	50000acb
	type		50000a32
OBJ 50000acb (sz=24, trace=300000, class=java.lang.String@50000168)
	value		50000acd
ARR 50000acc (sz=24, trace=300000, nelems=12, elem type=char[])
ARR 50000acd (sz=2, trace=300000, nelems=1, elem type=char[])
OBJ 50000ace (sz=24, trace=300000, class=java.lang.String@50000168)
	value		50000acf
ARR 50000acf (sz=12, trace=300000, nelems=6, elem type=char[])
ARR 50000ad0 (sz=6, trace=300000, nelems=3, elem type=char[])
OBJ 50000ad1 (sz=24, trace=300000, class=java.lang.String@50000168)
	value		50000ad2
ARR 50000ad2 (sz=10, trace=300000, nelems=5, elem type=char[])
OBJ 50000ad3 (sz=24, trace=300000, class=java.lang.String@50000168)
	value		50000ad4
ARR 50000ad4 (sz=8, trace=300000, nelems=4, elem type=char[])
OBJ 50000ad5 (sz=24, trace=300000, class=java.lang.String@50000168)
	value		50000f06
ARR 50000ad6 (sz=40, trace=300000, nelems=10, elem type=int[])
ARR 50000ad7 (sz=200, trace=300000, nelems=100, elem type=char[])
ARR 50000ad8 (sz=200, trace=300000, nelems=100, elem type=char[])
ARR 50000ad9 (sz=72, trace=300000, nelems=36, elem type=char[])
OBJ 50000ada (sz=24, trace=300000, class=java.lang.String@50000168)
	value		50000efc
ARR 50000adb (sz=1040, trace=300000, nelems=256, elem type=java.lang.Integer[]@5000005f)
	[0]		50000adc
	[1]		50000add
	[2]		50000ade
	[3]		50000adf
	[4]		50000ae0
	[5]		50000ae1
	[6]		50000ae2
	[7]		50000ae3
	[8]		50000ae4
	[9]		50000ae5
	[10]		50000ae6
	[11]		50000ae7
	[12]		50000ae8
	[13]		50000ae9
	[14]		50000aea
	[15]		50000aeb
	[16]		50000aec
	[17]		50000aed
	[18]		50000aee
	[19]		50000aef
	[20]		50000af0
	[21]		50000af1
	[22]		50000af2
	[23]		50000af3
	[24]		50000af4
	[25]		50000af5
	[26]		50000af6
	[27]		50000af7
	[28]		50000af8
	[29]		50000af9
	[30]		50000afa
	[31]		50000afb
	[32]		50000afc
	[33]		50000afd
	[34]		50000afe
	[35]		50000aff
	[36]		50000b00
	[37]		50000b01
	[38]		50000b02
	[39]		50000b03
	[40]		50000b04
	[41]		50000b05
	[42]		50000b06
	[43]		50000b07
	[44]		50000b08
	[45]		50000b09
	[46]		50000b0a
	[47]		50000b0b
	[48]		50000b0c
	[49]		50000b0d
	[50]		50000b0e
	[51]		50000b0f
	[52]		50000b10
	[53]		50000b11
	[54]		50000b12
	[55]		50000b13
	[56]		50000b14
	[57]		50000b15
	[58]		50000b16
	[59]		50000b17
	[60]		50000b18
	[61]		50000b19
	[62]		50000b1a
	[63]		50000b1b
	[64]		50000b1c
	[65]		50000b1d
	[66]		50000b1e
	[67]		50000b1f
	[68]		50000b20
	[69]		50000b21
	[70]		50000b22
	[71]		50000b23
	[72]		50000b24
	[73]		50000b25
	[74]		50000b26
	[75]		50000b27
	[76]		50000b28
	[77]		50000b29
	[78]		50000b2a
	[79]		50000b2b
	[80]		50000b2c
	[81]		50000b2d
	[82]		50000b2e
	[83]		50000b2f
	[84]		50000b30
	[85]		50000b31
	[86]		50000b32
	[87]		50000b33
	[88]		50000b34
	[89]		50000b35
	[90]		50000b36
	[91]		50000b37
	[92]		50000b38
	[93]		50000b39
	[94]		50000b3a
	[95]		50000b3b
	[96]		50000b3c
	[97]		50000b3d
	[98]		50000b3e
	[99]		50000b3f
	[100]		50000b40
	[101]		50000b41
	[102]		50000b42
	[103]		50000b43
	[104]		50000b44
	[105]		50000b45
	[106]		50000b46
	[107]		50000b47
	[108]		50000b48
	[109]		50000b49
	[110]		50000b4a
	[111]		50000b4b
	[112]		50000b4c
	[113]		50000b4d
	[114]		50000b4e
	[115]		50000b4f
	[116]		50000b50
	[117]		50000b51
	[118]		50000b52
	[119]		50000b53
	[120]		50000b54
	[121]		50000b55
	[122]		50000b56
	[123]		50000b57
	[124]		50000b58
	[125]		50000b59
	[126]		50000b5a
	[127]		50000b5b
	[128]		50000b5c
	[129]		50000b5d
	[130]		50000b5e
	[131]		50000b5f
	[132]		50000b60
	[133]		50000b61
	[134]		50000b62
	[135]		50000b63
	[136]		50000b64
	[137]		50000b65
	[138]		50000b66
	[139]		50000b67
	[140]		50000b68
	[141]		50000b69
	[142]		50000b6a
	[143]		50000b6b
	[144]		50000b6c
	[145]		50000b6d
	[146]		50000b6e
	[147]		50000b6f
	[148]		50000b70
	[149]		50000b71
	[150]		50000b72
	[151]		50000b73
	[152]		50000b74
	[153]		50000b75
	[154]		50000b76
	[155]		50000b77
	[156]		50000b78
	[157]		50000b79
	[158]		50000b7a
	[159]		50000b7b
	[160]		50000b7c
	[161]		50000b7d
	[162]		50000b7e
	[163]		50000b7f
	[164]		50000b80
	[165]		50000b81
	[166]		50000b82
	[167]		50000b83
	[168]		50000b84
	[169]		50000b85
	[170]		50000b86
	[171]		50000b87
	[172]		50000b88
	[173]		50000b89
	[174]		50000b8a
	[175]		50000b8b
	[176]		50000b8c
	[177]		50000b8d
	[178]		50000b8e
	[179]		50000b8f
	[180]		50000b90
	[181]		50000b91
	[182]		50000b92
	[183]		50000b93
	[184]		50000b94
	[185]		50000b95
	[186]		50000b96
	[187]		50000b97
	[188]		50000b98
	[189]		50000b99
	[190]		50000b9a
	[191]		50000b9b
	[192]		50000b9c
	[193]		50000b9d
	[194]		50000b9e
	[195]		50000b9f
	[196]		50000ba0
	[197]		50000ba1
	[198]		50000ba2
	[199]		50000ba3
	[200]		50000ba4
	[201]		50000ba5
	[202]		50000ba6
	[203]		50000ba7
	[204]		50000ba8
	[205]		50000ba9
	[206]		50000baa
	[207]		50000bab
	[208]		50000bac
	[209]		50000bad
	[210]		50000bae
	[211]		50000baf
	[212]		50000bb0
	[213]		50000bb1
	[214]		50000bb2
	[215]		50000bb3
	[216]		50000bb4
	[217]		50000bb5
	[218]		50000bb6
	[219]		50000bb7
	[220]		50000bb8
	[221]		50000bb9
	[222]		50000bba
	[223]		50000bbb
	[224]		50000bbc
	[225]		50000bbd
	[226]		50000bbe
	[227]		50000bbf
	[228]		50000bc0
	[229]		50000bc1
	[230]		50000bc2
	[231]		50000bc3
	[232]		50000bc4
	[233]		50000bc5
	[234]		50000bc6
	[235]		50000bc7
	[236]		50000bc8
	[237]		50000bc9
	[238]		50000bca
	[239]		50000bcb
	[240]		50000bcc
	[241]		50000bcd
	[242]		50000bce
	[243]		50000bcf
	[244]		50000bd0
	[245]		50000bd1
	[246]		50000bd2
	[247]		50000bd3
	[248]		50000bd4
	[249]		50000bd5
	[250]		50000bd6
	[251]		50000bd7
	[252]		50000bd8
	[253]		50000bd9
	[254]		50000bda
	[255]		50000bdb
OBJ 50000adc (sz=16, trace=300000, class=java.lang.Integer@50000113)
OBJ 50000add (sz=16, trace=300000, class=java.lang.Integer@50000113)
OBJ 50000ade (sz=16, trace=300000, class=java.lang.Integer@50000113)
OBJ 50000adf (sz=16, trace=300000, class=java.lang.Integer@50000113)
OBJ 50000ae0 (sz=16, trace=300000, class=java.lang.Integer@50000113)
OBJ 50000ae1 (sz=16, trace=300000, class=java.lang.Integer@50000113)
OBJ 50000ae2 (sz=16, trace=300000, class=java.lang.Integer@50000113)
OBJ 50000ae3 (sz=16, trace=300000, class=java.lang.Integer@50000113)
OBJ 50000ae4 (sz=16, trace=300000, class=java.lang.Integer@50000113)
OBJ 50000ae5 (sz=16, trace=300000, class=java.lang.Integer@50000113)
OBJ 50000ae6 (sz=16, trace=300000, class=java.lang.Integer@50000113)
OBJ 50000ae7 (sz=16, trace=300000, class=java.lang.Integer@50000113)
OBJ 50000ae8 (sz=16, trace=300000, class=java.lang.Integer@50000113)
OBJ 50000ae9 (sz=16, trace=300000, class=java.lang.Integer@50000113)
OBJ 50000aea (sz=16, trace=300000, class=java.lang.Integer@50000113)
OBJ 50000aeb (sz=16, trace=300000, class=java.lang.Integer@50000113)
OBJ 50000aec (sz=16, trace=300000, class=java.lang.Integer@50000113)
OBJ 50000aed (sz=16, trace=300000, class=java.lang.Integer@50000113)
OBJ 50000aee (sz=16, trace=300000, class=java.lang.Integer@50000113)
OBJ 50000aef (sz=16, trace=300000, class=java.lang.Integer@50000113)
OBJ 50000af0 (sz=16, trace=300000, class=java.lang.Integer@50000113)
OBJ 50000af1 (sz=16, trace=300000, class=java.lang.Integer@50000113)
OBJ 50000af2 (sz=16, trace=300000, class=java.lang.Integer@50000113)
OBJ 50000af3 (sz=16, trace=300000, class=java.lang.Integer@50000113)
OBJ 50000af4 (sz=16, trace=300000, class=java.lang.Integer@50000113)
OBJ 50000af5 (sz=16, trace=300000, class=java.lang.Integer@50000113)
OBJ 50000af6 (sz=16, trace=300000, class=java.lang.Integer@50000113)
OBJ 50000af7 (sz=16, trace=300000, class=java.lang.Integer@50000113)
OBJ 50000af8 (sz=16, trace=300000, class=java.lang.Integer@50000113)
OBJ 50000af9 (sz=16, trace=300000, class=java.lang.Integer@50000113)
OBJ 50000afa (sz=16, trace=300000, class=java.lang.Integer@50000113)
OBJ 50000afb (sz=16, trace=300000, class=java.lang.Integer@50000113)
OBJ 50000afc (sz=16, trace=300000, class=java.lang.Integer@50000113)
OBJ 50000afd (sz=16, trace=300000, class=java.lang.Integer@50000113)
OBJ 50000afe (sz=16, trace=300000, class=java.lang.Integer@50000113)
OBJ 50000aff (sz=16, trace=300000, class=java.lang.Integer@50000113)
OBJ 50000b00 (sz=16, trace=300000, class=java.lang.Integer@50000113)
OBJ 50000b01 (sz=16, trace=300000, class=java.lang.Integer@50000113)
OBJ 50000b02 (sz=16, trace=300000, class=java.lang.Integer@50000113)
OBJ 50000b03 (sz=16, trace=300000, class=java.lang.Integer@50000113)
OBJ 50000b04 (sz=16, trace=300000, class=java.lang.Integer@50000113)
OBJ 50000b05 (sz=16, trace=300000, class=java.lang.Integer@50000113)
OBJ 50000b06 (sz=16, trace=300000, class=java.lang.Integer@50000113)
OBJ 50000b07 (sz=16, trace=300000, class=java.lang.Integer@50000113)
OBJ 50000b08 (sz=16, trace=300000, class=java.lang.Integer@50000113)
OBJ 50000b09 (sz=16, trace=300000, class=java.lang.Integer@50000113)
OBJ 50000b0a (sz=16, trace=300000, class=java.lang.Integer@50000113)
OBJ 50000b0b (sz=16, trace=300000, class=java.lang.Integer@50000113)
OBJ 50000b0c (sz=16, trace=300000, class=java.lang.Integer@50000113)
OBJ 50000b0d (sz=16, trace=300000, class=java.lang.Integer@50000113)
OBJ 50000b0e (sz=16, trace=300000, class=java.lang.Integer@50000113)
OBJ 50000b0f (sz=16, trace=300000, class=java.lang.Integer@50000113)
OBJ 50000b10 (sz=16, trace=300000, class=java.lang.Integer@50000113)
OBJ 50000b11 (sz=16, trace=300000, class=java.lang.Integer@50000113)
OBJ 50000b12 (sz=16, trace=300000, class=java.lang.Integer@50000113)
OBJ 50000b13 (sz=16, trace=300000, class=java.lang.Integer@50000113)
OBJ 50000b14 (sz=16, trace=300000, class=java.lang.Integer@50000113)
OBJ 50000b15 (sz=16, trace=300000, class=java.lang.Integer@50000113)
OBJ 50000b16 (sz=16, trace=300000, class=java.lang.Integer@50000113)
OBJ 50000b17 (sz=16, trace=300000, class=java.lang.Integer@50000113)
OBJ 50000b18 (sz=16, trace=300000, class=java.lang.Integer@50000113)
OBJ 50000b19 (sz=16, trace=300000, class=java.lang.Integer@50000113)
OBJ 50000b1a (sz=16, trace=300000, class=java.lang.Integer@50000113)
OBJ 50000b1b (sz=16, trace=300000, class=java.lang.Integer@50000113)
OBJ 50000b1c (sz=16, trace=300000, class=java.lang.Integer@50000113)
OBJ 50000b1d (sz=16, trace=300000, class=java.lang.Integer@50000113)
OBJ 50000b1e (sz=16, trace=300000, class=java.lang.Integer@50000113)
OBJ 50000b1f (sz=16, trace=300000, class=java.lang.Integer@50000113)
OBJ 50000b20 (sz=16, trace=300000, class=java.lang.Integer@50000113)
OBJ 50000b21 (sz=16, trace=300000, class=java.lang.Integer@50000113)
OBJ 50000b22 (sz=16, trace=300000, class=java.lang.Integer@50000113)
OBJ 50000b23 (sz=16, trace=300000, class=java.lang.Integer@50000113)
OBJ 50000b24 (sz=16, trace=300000, class=java.lang.Integer@50000113)
OBJ 50000b25 (sz=16, trace=300000, class=java.lang.Integer@50000113)
OBJ 50000b26 (sz=16, trace=300000, class=java.lang.Integer@50000113)
OBJ 50000b27 (sz=16, trace=300000, class=java.lang.Integer@50000113)
OBJ 50000b28 (sz=16, trace=300000, class=java.lang.Integer@50000113)
OBJ 50000b29 (sz=16, trace=300000, class=java.lang.Integer@50000113)
OBJ 50000b2a (sz=16, trace=300000, class=java.lang.Integer@50000113)
OBJ 50000b2b (sz=16, trace=300000, class=java.lang.Integer@50000113)
OBJ 50000b2c (sz=16, trace=300000, class=java.lang.Integer@50000113)
OBJ 50000b2d (sz=16, trace=300000, class=java.lang.Integer@50000113)
OBJ 50000b2e (sz=16, trace=300000, class=java.lang.Integer@50000113)
OBJ 50000b2f (sz=16, trace=300000, class=java.lang.Integer@50000113)
OBJ 50000b30 (sz=16, trace=300000, class=java.lang.Integer@50000113)
OBJ 50000b31 (sz=16, trace=300000, class=java.lang.Integer@50000113)
OBJ 50000b32 (sz=16, trace=300000, class=java.lang.Integer@50000113)
OBJ 50000b33 (sz=16, trace=300000, class=java.lang.Integer@50000113)
OBJ 50000b34 (sz=16, trace=300000, class=java.lang.Integer@50000113)
OBJ 50000b35 (sz=16, trace=300000, class=java.lang.Integer@50000113)
OBJ 50000b36 (sz=16, trace=300000, class=java.lang.Integer@50000113)
OBJ 50000b37 (sz=16, trace=300000, class=java.lang.Integer@50000113)
OBJ 50000b38 (sz=16, trace=300000, class=java.lang.Integer@50000113)
OBJ 50000b39 (sz=16, trace=300000, class=java.lang.Integer@50000113)
OBJ 50000b3a (sz=16, trace=300000, class=java.lang.Integer@50000113)
OBJ 50000b3b (sz=16, trace=300000, class=java.lang.Integer@50000113)
OBJ 50000b3c (sz=16, trace=300000, class=java.lang.Integer@50000113)
OBJ 50000b3d (sz=16, trace=300000, class=java.lang.Integer@50000113)
OBJ 50000b3e (sz=16, trace=300000, class=java.lang.Integer@50000113)
OBJ 50000b3f (sz=16, trace=300000, class=java.lang.Integer@50000113)
OBJ 50000b40 (sz=16, trace=300000, class=java.lang.Integer@50000113)
OBJ 50000b41 (sz=16, trace=300000, class=java.lang.Integer@50000113)
OBJ 50000b42 (sz=16, trace=300000, class=java.lang.Integer@50000113)
OBJ 50000b43 (sz=16, trace=300000, class=java.lang.Integer@50000113)
OBJ 50000b44 (sz=16, trace=300000, class=java.lang.Integer@50000113)
OBJ 50000b45 (sz=16, trace=300000, class=java.lang.Integer@50000113)
OBJ 50000b46 (sz=16, trace=300000, class=java.lang.Integer@50000113)
OBJ 50000b47 (sz=16, trace=300000, class=java.lang.Integer@50000113)
OBJ 50000b48 (sz=16, trace=300000, class=java.lang.Integer@50000113)
OBJ 50000b49 (sz=16, trace=300000, class=java.lang.Integer@50000113)
OBJ 50000b4a (sz=16, trace=300000, class=java.lang.Integer@50000113)
OBJ 50000b4b (sz=16, trace=300000, class=java.lang.Integer@50000113)
OBJ 50000b4c (sz=16, trace=300000, class=java.lang.Integer@50000113)
OBJ 50000b4d (sz=16, trace=300000, class=java.lang.Integer@50000113)
OBJ 50000b4e (sz=16, trace=300000, class=java.lang.Integer@50000113)
OBJ 50000b4f (sz=16, trace=300000, class=java.lang.Integer@50000113)
OBJ 50000b50 (sz=16, trace=300000, class=java.lang.Integer@50000113)
OBJ 50000b51 (sz=16, trace=300000, class=java.lang.Integer@50000113)
OBJ 50000b52 (sz=16, trace=300000, class=java.lang.Integer@50000113)
OBJ 50000b53 (sz=16, trace=300000, class=java.lang.Integer@50000113)
OBJ 50000b54 (sz=16, trace=300000, class=java.lang.Integer@50000113)
OBJ 50000b55 (sz=16, trace=300000, class=java.lang.Integer@50000113)
OBJ 50000b56 (sz=16, trace=300000, class=java.lang.Integer@50000113)
OBJ 50000b57 (sz=16, trace=300000, class=java.lang.Integer@50000113)
OBJ 50000b58 (sz=16, trace=300000, class=java.lang.Integer@50000113)
OBJ 50000b59 (sz=16, trace=300000, class=java.lang.Integer@50000113)
OBJ 50000b5a (sz=16, trace=300000, class=java.lang.Integer@50000113)
OBJ 50000b5b (sz=16, trace=300000, class=java.lang.Integer@50000113)
OBJ 50000b5c (sz=16, trace=300000, class=java.lang.Integer@50000113)
OBJ 50000b5d (sz=16, trace=300000, class=java.lang.Integer@50000113)
OBJ 50000b5e (sz=16, trace=300000, class=java.lang.Integer@50000113)
OBJ 50000b5f (sz=16, trace=300000, class=java.lang.Integer@50000113)
OBJ 50000b60 (sz=16, trace=300000, class=java.lang.Integer@50000113)
OBJ 50000b61 (sz=16, trace=300000, class=java.lang.Integer@50000113)
OBJ 50000b62 (sz=16, trace=300000, class=java.lang.Integer@50000113)
OBJ 50000b63 (sz=16, trace=300000, class=java.lang.Integer@50000113)
OBJ 50000b64 (sz=16, trace=300000, class=java.lang.Integer@50000113)
OBJ 50000b65 (sz=16, trace=300000, class=java.lang.Integer@50000113)
OBJ 50000b66 (sz=16, trace=300000, class=java.lang.Integer@50000113)
OBJ 50000b67 (sz=16, trace=300000, class=java.lang.Integer@50000113)
OBJ 50000b68 (sz=16, trace=300000, class=java.lang.Integer@50000113)
OBJ 50000b69 (sz=16, trace=300000, class=java.lang.Integer@50000113)
OBJ 50000b6a (sz=16, trace=300000, class=java.lang.Integer@50000113)
OBJ 50000b6b (sz=16, trace=300000, class=java.lang.Integer@50000113)
OBJ 50000b6c (sz=16, trace=300000, class=java.lang.Integer@50000113)
OBJ 50000b6d (sz=16, trace=300000, class=java.lang.Integer@50000113)
OBJ 50000b6e (sz=16, trace=300000, class=java.lang.Integer@50000113)
OBJ 50000b6f (sz=16, trace=300000, class=java.lang.Integer@50000113)
OBJ 50000b70 (sz=16, trace=300000, class=java.lang.Integer@50000113)
OBJ 50000b71 (sz=16, trace=300000, class=java.lang.Integer@50000113)
OBJ 50000b72 (sz=16, trace=300000, class=java.lang.Integer@50000113)
OBJ 50000b73 (sz=16, trace=300000, class=java.lang.Integer@50000113)
OBJ 50000b74 (sz=16, trace=300000, class=java.lang.Integer@50000113)
OBJ 50000b75 (sz=16, trace=300000, class=java.lang.Integer@50000113)
OBJ 50000b76 (sz=16, trace=300000, class=java.lang.Integer@50000113)
OBJ 50000b77 (sz=16, trace=300000, class=java.lang.Integer@50000113)
OBJ 50000b78 (sz=16, trace=300000, class=java.lang.Integer@50000113)
OBJ 50000b79 (sz=16, trace=300000, class=java.lang.Integer@50000113)
OBJ 50000b7a (sz=16, trace=300000, class=java.lang.Integer@50000113)
OBJ 50000b7b (sz=16, trace=300000, class=java.lang.Integer@50000113)
OBJ 50000b7c (sz=16, trace=300000, class=java.lang.Integer@50000113)
OBJ 50000b7d (sz=16, trace=300000, class=java.lang.Integer@50000113)
OBJ 50000b7e (sz=16, trace=300000, class=java.lang.Integer@50000113)
OBJ 50000b7f (sz=16, trace=300000, class=java.lang.Integer@50000113)
OBJ 50000b80 (sz=16, trace=300000, class=java.lang.Integer@50000113)
OBJ 50000b81 (sz=16, trace=300000, class=java.lang.Integer@50000113)
OBJ 50000b82 (sz=16, trace=300000, class=java.lang.Integer@50000113)
OBJ 50000b83 (sz=16, trace=300000, class=java.lang.Integer@50000113)
OBJ 50000b84 (sz=16, trace=300000, class=java.lang.Integer@50000113)
OBJ 50000b85 (sz=16, trace=300000, class=java.lang.Integer@50000113)
OBJ 50000b86 (sz=16, trace=300000, class=java.lang.Integer@50000113)
OBJ 50000b87 (sz=16, trace=300000, class=java.lang.Integer@50000113)
OBJ 50000b88 (sz=16, trace=300000, class=java.lang.Integer@50000113)
OBJ 50000b89 (sz=16, trace=300000, class=java.lang.Integer@50000113)
OBJ 50000b8a (sz=16, trace=300000, class=java.lang.Integer@50000113)
OBJ 50000b8b (sz=16, trace=300000, class=java.lang.Integer@50000113)
OBJ 50000b8c (sz=16, trace=300000, class=java.lang.Integer@50000113)
OBJ 50000b8d (sz=16, trace=300000, class=java.lang.Integer@50000113)
OBJ 50000b8e (sz=16, trace=300000, class=java.lang.Integer@50000113)
OBJ 50000b8f (sz=16, trace=300000, class=java.lang.Integer@50000113)
OBJ 50000b90 (sz=16, trace=300000, class=java.lang.Integer@50000113)
OBJ 50000b91 (sz=16, trace=300000, class=java.lang.Integer@50000113)
OBJ 50000b92 (sz=16, trace=300000, class=java.lang.Integer@50000113)
OBJ 50000b93 (sz=16, trace=300000, class=java.lang.Integer@50000113)
OBJ 50000b94 (sz=16, trace=300000, class=java.lang.Integer@50000113)
OBJ 50000b95 (sz=16, trace=300000, class=java.lang.Integer@50000113)
OBJ 50000b96 (sz=16, trace=300000, class=java.lang.Integer@50000113)
OBJ 50000b97 (sz=16, trace=300000, class=java.lang.Integer@50000113)
OBJ 50000b98 (sz=16, trace=300000, class=java.lang.Integer@50000113)
OBJ 50000b99 (sz=16, trace=300000, class=java.lang.Integer@50000113)
OBJ 50000b9a (sz=16, trace=300000, class=java.lang.Integer@50000113)
OBJ 50000b9b (sz=16, trace=300000, class=java.lang.Integer@50000113)
OBJ 50000b9c (sz=16, trace=300000, class=java.lang.Integer@50000113)
OBJ 50000b9d (sz=16, trace=300000, class=java.lang.Integer@50000113)
OBJ 50000b9e (sz=16, trace=300000, class=java.lang.Integer@50000113)
OBJ 50000b9f (sz=16, trace=300000, class=java.lang.Integer@50000113)
OBJ 50000ba0 (sz=16, trace=300000, class=java.lang.Integer@50000113)
OBJ 50000ba1 (sz=16, trace=300000, class=java.lang.Integer@50000113)
OBJ 50000ba2 (sz=16, trace=300000, class=java.lang.Integer@50000113)
OBJ 50000ba3 (sz=16, trace=300000, class=java.lang.Integer@50000113)
OBJ 50000ba4 (sz=16, trace=300000, class=java.lang.Integer@50000113)
OBJ 50000ba5 (sz=16, trace=300000, class=java.lang.Integer@50000113)
OBJ 50000ba6 (sz=16, trace=300000, class=java.lang.Integer@50000113)
OBJ 50000ba7 (sz=16, trace=300000, class=java.lang.Integer@50000113)
OBJ 50000ba8 (sz=16, trace=300000, class=java.lang.Integer@50000113)
OBJ 50000ba9 (sz=16, trace=300000, class=java.lang.Integer@50000113)
OBJ 50000baa (sz=16, trace=300000, class=java.lang.Integer@50000113)
OBJ 50000bab (sz=16, trace=300000, class=java.lang.Integer@50000113)
OBJ 50000bac (sz=16, trace=300000, class=java.lang.Integer@50000113)
OBJ 50000bad (sz=16, trace=300000, class=java.lang.Integer@50000113)
OBJ 50000bae (sz=16, trace=300000, class=java.lang.Integer@50000113)
OBJ 50000baf (sz=16, trace=300000, class=java.lang.Integer@50000113)
OBJ 50000bb0 (sz=16, trace=300000, class=java.lang.Integer@50000113)
OBJ 50000bb1 (sz=16, trace=300000, class=java.lang.Integer@50000113)
OBJ 50000bb2 (sz=16, trace=300000, class=java.lang.Integer@50000113)
OBJ 50000bb3 (sz=16, trace=300000, class=java.lang.Integer@50000113)
OBJ 50000bb4 (sz=16, trace=300000, class=java.lang.Integer@50000113)
OBJ 50000bb5 (sz=16, trace=300000, class=java.lang.Integer@50000113)
OBJ 50000bb6 (sz=16, trace=300000, class=java.lang.Integer@50000113)
OBJ 50000bb7 (sz=16, trace=300000, class=java.lang.Integer@50000113)
OBJ 50000bb8 (sz=16, trace=300000, class=java.lang.Integer@50000113)
OBJ 50000bb9 (sz=16, trace=300000, class=java.lang.Integer@50000113)
OBJ 50000bba (sz=16, trace=300000, class=java.lang.Integer@50000113)
OBJ 50000bbb (sz=16, trace=300000, class=java.lang.Integer@50000113)
OBJ 50000bbc (sz=16, trace=300000, class=java.lang.Integer@50000113)
OBJ 50000bbd (sz=16, trace=300000, class=java.lang.Integer@50000113)
OBJ 50000bbe (sz=16, trace=300000, class=java.lang.Integer@50000113)
OBJ 50000bbf (sz=16, trace=300000, class=java.lang.Integer@50000113)
OBJ 50000bc0 (sz=16, trace=300000, class=java.lang.Integer@50000113)
OBJ 50000bc1 (sz=16, trace=300000, class=java.lang.Integer@50000113)
OBJ 50000bc2 (sz=16, trace=300000, class=java.lang.Integer@50000113)
OBJ 50000bc3 (sz=16, trace=300000, class=java.lang.Integer@50000113)
OBJ 50000bc4 (sz=16, trace=300000, class=java.lang.Integer@50000113)
OBJ 50000bc5 (sz=16, trace=300000, class=java.lang.Integer@50000113)
OBJ 50000bc6 (sz=16, trace=300000, class=java.lang.Integer@50000113)
OBJ 50000bc7 (sz=16, trace=300000, class=java.lang.Integer@50000113)
OBJ 50000bc8 (sz=16, trace=300000, class=java.lang.Integer@50000113)
OBJ 50000bc9 (sz=16, trace=300000, class=java.lang.Integer@50000113)
OBJ 50000bca (sz=16, trace=300000, class=java.lang.Integer@50000113)
OBJ 50000bcb (sz=16, trace=300000, class=java.lang.Integer@50000113)
OBJ 50000bcc (sz=16, trace=300000, class=java.lang.Integer@50000113)
OBJ 50000bcd (sz=16, trace=300000, class=java.lang.Integer@50000113)
OBJ 50000bce (sz=16, trace=300000, class=java.lang.Integer@50000113)
OBJ 50000bcf (sz=16, trace=300000, class=java.lang.Integer@50000113)
OBJ 50000bd0 (sz=16, trace=300000, class=java.lang.Integer@50000113)
OBJ 50000bd1 (sz=16, trace=300000, class=java.lang.Integer@50000113)
OBJ 50000bd2 (sz=16, trace=300000, class=java.lang.Integer@50000113)
OBJ 50000bd3 (sz=16, trace=300000, class=java.lang.Integer@50000113)
OBJ 50000bd4 (sz=16, trace=300000, class=java.lang.Integer@50000113)
OBJ 50000bd5 (sz=16, trace=300000, class=java.lang.Integer@50000113)
OBJ 50000bd6 (sz=16, trace=300000, class=java.lang.Integer@50000113)
OBJ 50000bd7 (sz=16, trace=300000, class=java.lang.Integer@50000113)
OBJ 50000bd8 (sz=16, trace=300000, class=java.lang.Integer@50000113)
OBJ 50000bd9 (sz=16, trace=300000, class=java.lang.Integer@50000113)
OBJ 50000bda (sz=16, trace=300000, class=java.lang.Integer@50000113)
OBJ 50000bdb (sz=16, trace=300000, class=java.lang.Integer@50000113)
OBJ 50000bdc (sz=24, trace=300000, class=java.lang.String@50000168)
	value		50000efd
OBJ 50000bdd (sz=24, trace=300000, class=java.lang.String@50000168)
	value		50000efb
OBJ 50000bde (sz=24, trace=300000, class=java.lang.String@50000168)
	value		50000efa
OBJ 50000bdf (sz=24, trace=300000, class=java.lang.String@50000168)
	value		50000ef9
OBJ 50000be0 (sz=24, trace=300000, class=java.lang.String@50000168)
	value		50000ef8
OBJ 50000be1 (sz=24, trace=300000, class=java.lang.String@50000168)
	value		50000ef7
OBJ 50000be2 (sz=48, trace=300000, class=java.util.Properties@50000141)
	table		50000be4
OBJ 50000be3 (sz=16, trace=300000, class=java.lang.Object@5000016c)
ARR 50000be4 (sz=400, trace=300000, nelems=89, elem type=java.util.Hashtable$Entry[]@500000dd)
	[0]		50000be5
	[2]		50000be6
	[5]		50000be7
	[9]		50000be8
	[11]		50000be9
	[13]		50000bea
	[16]		50000beb
	[17]		50000bec
	[18]		50000bed
	[19]		50000bee
	[21]		50000bef
	[22]		50000bf0
	[24]		50000bf1
	[26]		50000bf2
	[27]		50000bf3
	[33]		50000bf4
	[38]		50000bf5
	[39]		50000bf6
	[40]		50000bf7
	[41]		50000bf8
	[44]		50000bf9
	[47]		50000bfa
	[49]		50000bfb
	[54]		50000bfc
	[57]		50000bfd
	[63]		50000bfe
	[64]		50000bff
	[65]		50000c00
	[67]		50000c01
	[70]		50000c02
	[72]		50000c03
	[76]		50000c04
	[79]		50000c05
	[80]		50000c06
	[81]		50000c07
	[82]		50000c08
	[88]		50000c09
OBJ 50000be5 (sz=32, trace=300000, class=java.util.Hashtable$Entry@500000df)
	key		50000cf4
	value		50000cf3
OBJ 50000be6 (sz=32, trace=300000, class=java.util.Hashtable$Entry@500000df)
	key		50000cf0
	value		50000cef
OBJ 50000be7 (sz=32, trace=300000, class=java.util.Hashtable$Entry@500000df)
	key		50000cec
	value		50000ceb
OBJ 50000be8 (sz=32, trace=300000, class=java.util.Hashtable$Entry@500000df)
	key		50000ce4
	value		50000ce3
	next		50000ce2
OBJ 50000be9 (sz=32, trace=300000, class=java.util.Hashtable$Entry@500000df)
	key		50000cdf
	value		50000cde
OBJ 50000bea (sz=32, trace=300000, class=java.util.Hashtable$Entry@500000df)
	key		50000cdb
	value		50000cda
OBJ 50000beb (sz=32, trace=300000, class=java.util.Hashtable$Entry@500000df)
	key		50000cd3
	value		50000cd2
	next		50000cd1
OBJ 50000bec (sz=32, trace=300000, class=java.util.Hashtable$Entry@500000df)
	key		50000cce
	value		50000ccd
OBJ 50000bed (sz=32, trace=300000, class=java.util.Hashtable$Entry@500000df)
	key		50000cca
	value		50000cc9
OBJ 50000bee (sz=32, trace=300000, class=java.util.Hashtable$Entry@500000df)
	key		50000cc6
	value		50000cc5
OBJ 50000bef (sz=32, trace=300000, class=java.util.Hashtable$Entry@500000df)
	key		50000cbe
	value		50000cbd
	next		50000cbc
OBJ 50000bf0 (sz=32, trace=300000, class=java.util.Hashtable$Entry@500000df)
	key		50000cb9
	value		50000cb8
OBJ 50000bf1 (sz=32, trace=300000, class=java.util.Hashtable$Entry@500000df)
	key		50000cb1
	value		50000cb0
	next		50000caf
OBJ 50000bf2 (sz=32, trace=300000, class=java.util.Hashtable$Entry@500000df)
	key		50000ca3
	value		50000ca2
	next		50000ca1
OBJ 50000bf3 (sz=32, trace=300000, class=java.util.Hashtable$Entry@500000df)
	key		50000c9e
	value		50000c9d
OBJ 50000bf4 (sz=32, trace=300000, class=java.util.Hashtable$Entry@500000df)
	key		50000c96
	value		50000c95
	next		50000c94
OBJ 50000bf5 (sz=32, trace=300000, class=java.util.Hashtable$Entry@500000df)
	key		50000c8d
	value		50000c8c
	next		50000c8b
OBJ 50000bf6 (sz=32, trace=300000, class=java.util.Hashtable$Entry@500000df)
	key		50000c88
	value		50000c87
OBJ 50000bf7 (sz=32, trace=300000, class=java.util.Hashtable$Entry@500000df)
	key		50000c84
	value		50000c83
OBJ 50000bf8 (sz=32, trace=300000, class=java.util.Hashtable$Entry@500000df)
	key		50000c80
	value		50000c7f
OBJ 50000bf9 (sz=32, trace=300000, class=java.util.Hashtable$Entry@500000df)
	key		50000c7c
	value		50000c7b
OBJ 50000bfa (sz=32, trace=300000, class=java.util.Hashtable$Entry@500000df)
	key		50000c78
	value		50000c77
OBJ 50000bfb (sz=32, trace=300000, class=java.util.Hashtable$Entry@500000df)
	key		50000c70
	value		50000c6f
	next		50000c6e
OBJ 50000bfc (sz=32, trace=300000, class=java.util.Hashtable$Entry@500000df)
	key		50000c6b
	value		50000c6a
OBJ 50000bfd (sz=32, trace=300000, class=java.util.Hashtable$Entry@500000df)
	key		50000c67
	value		50000c66
OBJ 50000bfe (sz=32, trace=300000, class=java.util.Hashtable$Entry@500000df)
	key		50000c63
	value		50000c62
OBJ 50000bff (sz=32, trace=300000, class=java.util.Hashtable$Entry@500000df)
	key		50000c5f
	value		50000c5e
OBJ 50000c00 (sz=32, trace=300000, class=java.util.Hashtable$Entry@500000df)
	key		50000c5b
	value		50000c5a
OBJ 50000c01 (sz=32, trace=300000, class=java.util.Hashtable$Entry@500000df)
	key		50000c54
	value		50000c53
	next		50000c52
OBJ 50000c02 (sz=32, trace=300000, class=java.util.Hashtable$Entry@500000df)
	key		50000c4b
	value		50000c4a
	next		50000c49
OBJ 50000c03 (sz=32, trace=300000, class=java.util.Hashtable$Entry@500000df)
	key		50000c46
	value		50000c45
OBJ 50000c04 (sz=32, trace=300000, class=java.util.Hashtable$Entry@500000df)
	key		50000c3e
	value		50000c3d
	next		50000c3c
OBJ 50000c05 (sz=32, trace=300000, class=java.util.Hashtable$Entry@500000df)
	key		50000c2b
	value		50000c2a
	next		50000c29
OBJ 50000c06 (sz=32, trace=300000, class=java.util.Hashtable$Entry@500000df)
	key		50000c22
	value		50000c21
	next		50000c20
OBJ 50000c07 (sz=32, trace=300000, class=java.util.Hashtable$Entry@500000df)
	key		50000c1d
	value		50000c1c
OBJ 50000c08 (sz=32, trace=300000, class=java.util.Hashtable$Entry@500000df)
	key		50000c15
	value		50000c14
	next		50000c13
OBJ 50000c09 (sz=32, trace=300000, class=java.util.Hashtable$Entry@500000df)
	key		50000c0c
	value		50000c0b
	next		50000c0a
OBJ 50000c0a (sz=32, trace=300000, class=java.util.Hashtable$Entry@500000df)
	key		50000c10
	value		50000c0f
OBJ 50000c0b (sz=24, trace=300000, class=java.lang.String@50000168)
	value		50000c0e
OBJ 50000c0c (sz=24, trace=300000, class=java.lang.String@50000168)
	value		50000c0d
ARR 50000c0d (sz=42, trace=300000, nelems=21, elem type=char[])
ARR 50000c0e (sz=74, trace=300000, nelems=37, elem type=char[])
OBJ 50000c0f (sz=24, trace=300000, class=java.lang.String@50000168)
	value		50000c12
OBJ 50000c10 (sz=24, trace=300000, class=java.lang.String@50000168)
	value		50000c11
ARR 50000c11 (sz=30, trace=300000, nelems=15, elem type=char[])
ARR 50000c12 (sz=18, trace=300000, nelems=9, elem type=char[])
OBJ 50000c13 (sz=32, trace=300000, class=java.util.Hashtable$Entry@500000df)
	key		50000c19
	value		50000c18
OBJ 50000c14 (sz=24, trace=300000, class=java.lang.String@50000168)
	value		50000c17
OBJ 50000c15 (sz=24, trace=300000, class=java.lang.String@50000168)
	value		50000c16
ARR 50000c16 (sz=28, trace=300000, nelems=14, elem type=char[])
ARR 50000c17 (sz=36, trace=300000, nelems=18, elem type=char[])
OBJ 50000c18 (sz=24, trace=300000, class=java.lang.String@50000168)
	value		50000c1b
OBJ 50000c19 (sz=24, trace=300000, class=java.lang.String@50000168)
	value		50000c1a
ARR 50000c1a (sz=30, trace=300000, nelems=15, elem type=char[])
ARR 50000c1b (sz=46, trace=300000, nelems=23, elem type=char[])
OBJ 50000c1c (sz=24, trace=300000, class=java.lang.String@50000168)
	value		50000c1f
OBJ 50000c1d (sz=24, trace=300000, class=java.lang.String@50000168)
	value		50000c1e
ARR 50000c1e (sz=28, trace=300000, nelems=14, elem type=char[])
ARR 50000c1f (sz=2, trace=300000, nelems=1, elem type=char[])
OBJ 50000c20 (sz=32, trace=300000, class=java.util.Hashtable$Entry@500000df)
	key		50000c26
	value		50000c25
OBJ 50000c21 (sz=24, trace=300000, class=java.lang.String@50000168)
	value		50000c24
OBJ 50000c22 (sz=24, trace=300000, class=java.lang.String@50000168)
	value		50000c23
ARR 50000c23 (sz=24, trace=300000, nelems=12, elem type=char[])
ARR 50000c24 (sz=66, trace=300000, nelems=33, elem type=char[])
OBJ 50000c25 (sz=24, trace=300000, class=java.lang.String@50000168)
	value		50000c28
OBJ 50000c26 (sz=24, trace=300000, class=java.lang.String@50000168)
	value		50000c27
ARR 50000c27 (sz=34, trace=300000, nelems=17, elem type=char[])
ARR 50000c28 (sz=12, trace=300000, nelems=6, elem type=char[])
OBJ 50000c29 (sz=32, trace=300000, class=java.util.Hashtable$Entry@500000df)
	key		50000c30
	value		50000c2f
	next		50000c2e
OBJ 50000c2a (sz=24, trace=300000, class=java.lang.String@50000168)
	value		50000c2d
OBJ 50000c2b (sz=24, trace=300000, class=java.lang.String@50000168)
	value		50000c2c
ARR 50000c2c (sz=22, trace=300000, nelems=11, elem type=char[])
ARR 50000c2d (sz=0, trace=300000, nelems=0, elem type=char[])
OBJ 50000c2e (sz=32, trace=300000, class=java.util.Hashtable$Entry@500000df)
	key		50000c35
	value		50000c34
	next		50000c33
OBJ 50000c2f (sz=24, trace=300000, class=java.lang.String@50000168)
	value		50000c32
OBJ 50000c30 (sz=24, trace=300000, class=java.lang.String@50000168)
	value		50000c31
ARR 50000c31 (sz=24, trace=300000, nelems=12, elem type=char[])
ARR 50000c32 (sz=4, trace=300000, nelems=2, elem type=char[])
OBJ 50000c33 (sz=32, trace=300000, class=java.util.Hashtable$Entry@500000df)
	key		50000c39
	value		50000c38
OBJ 50000c34 (sz=24, trace=300000, class=java.lang.String@50000168)
	value		50000c37
OBJ 50000c35 (sz=24, trace=300000, class=java.lang.String@50000168)
	value		50000c36
ARR 50000c36 (sz=34, trace=300000, nelems=17, elem type=char[])
ARR 50000c37 (sz=24, trace=300000, nelems=12, elem type=char[])
OBJ 50000c38 (sz=24, trace=300000, class=java.lang.String@50000168)
	value		50000c3b
OBJ 50000c39 (sz=24, trace=300000, class=java.lang.String@50000168)
	value		50000c3a
ARR 50000c3a (sz=36, trace=300000, nelems=18, elem type=char[])
ARR 50000c3b (sz=0, trace=300000, nelems=0, elem type=char[])
OBJ 50000c3c (sz=32, trace=300000, class=java.util.Hashtable$Entry@500000df)
	key		50000c42
	value		50000c41
OBJ 50000c3d (sz=24, trace=300000, class=java.lang.String@50000168)
	value		50000c40
OBJ 50000c3e (sz=24, trace=300000, class=java.lang.String@50000168)
	value		50000c3f
ARR 50000c3f (sz=52, trace=300000, nelems=26, elem type=char[])
ARR 50000c40 (sz=68, trace=300000, nelems=34, elem type=char[])
OBJ 50000c41 (sz=24, trace=300000, class=java.lang.String@50000168)
	value		50000c44
OBJ 50000c42 (sz=24, trace=300000, class=java.lang.String@50000168)
	value		50000c43
ARR 50000c43 (sz=16, trace=300000, nelems=8, elem type=char[])
ARR 50000c44 (sz=114, trace=300000, nelems=57, elem type=char[])
OBJ 50000c45 (sz=24, trace=300000, class=java.lang.String@50000168)
	value		50000c48
OBJ 50000c46 (sz=24, trace=300000, class=java.lang.String@50000168)
	value		50000c47
ARR 50000c47 (sz=40, trace=300000, nelems=20, elem type=char[])
ARR 50000c48 (sz=64, trace=300000, nelems=32, elem type=char[])
OBJ 50000c49 (sz=32, trace=300000, class=java.util.Hashtable$Entry@500000df)
	key		50000c4f
	value		50000c4e
OBJ 50000c4a (sz=24, trace=300000, class=java.lang.String@50000168)
	value		50000c4d
OBJ 50000c4b (sz=24, trace=300000, class=java.lang.String@50000168)
	value		50000c4c
ARR 50000c4c (sz=36, trace=300000, nelems=18, elem type=char[])
ARR 50000c4d (sz=92, trace=300000, nelems=46, elem type=char[])
OBJ 50000c4e (sz=24, trace=300000, class=java.lang.String@50000168)
	value		50000c51
OBJ 50000c4f (sz=24, trace=300000, class=java.lang.String@50000168)
	value		50000c50
ARR 50000c50 (sz=14, trace=300000, nelems=7, elem type=char[])
ARR 50000c51 (sz=10, trace=300000, nelems=5, elem type=char[])
OBJ 50000c52 (sz=32, trace=300000, class=java.util.Hashtable$Entry@500000df)
	key		50000c57
	value		50000a65
OBJ 50000c53 (sz=24, trace=300000, class=java.lang.String@50000168)
	value		50000c56
OBJ 50000c54 (sz=24, trace=300000, class=java.lang.String@50000168)
	value		50000c55
ARR 50000c55 (sz=28, trace=300000, nelems=14, elem type=char[])
ARR 50000c56 (sz=74, trace=300000, nelems=37, elem type=char[])
OBJ 50000c57 (sz=24, trace=300000, class=java.lang.String@50000168)
	value		50000c58
ARR 50000c58 (sz=28, trace=300000, nelems=14, elem type=char[])
ARR 50000c59 (sz=4, trace=300000, nelems=2, elem type=char[])
OBJ 50000c5a (sz=24, trace=300000, class=java.lang.String@50000168)
	value		50000c5d
OBJ 50000c5b (sz=24, trace=300000, class=java.lang.String@50000168)
	value		50000c5c
ARR 50000c5c (sz=56, trace=300000, nelems=28, elem type=char[])
ARR 50000c5d (sz=36, trace=300000, nelems=18, elem type=char[])
OBJ 50000c5e (sz=24, trace=300000, class=java.lang.String@50000168)
	value		50000c61
OBJ 50000c5f (sz=24, trace=300000, class=java.lang.String@50000168)
	value		50000c60
ARR 50000c60 (sz=24, trace=300000, nelems=12, elem type=char[])
ARR 50000c61 (sz=0, trace=300000, nelems=0, elem type=char[])
OBJ 50000c62 (sz=24, trace=300000, class=java.lang.String@50000168)
	value		50000c65
OBJ 50000c63 (sz=24, trace=300000, class=java.lang.String@50000168)
	value		50000c64
ARR 50000c64 (sz=14, trace=300000, nelems=7, elem type=char[])
ARR 50000c65 (sz=22, trace=300000, nelems=11, elem type=char[])
OBJ 50000c66 (sz=24, trace=300000, class=java.lang.String@50000168)
	value		50000c69
OBJ 50000c67 (sz=24, trace=300000, class=java.lang.String@50000168)
	value		50000c68
ARR 50000c68 (sz=32, trace=300000, nelems=16, elem type=char[])
ARR 50000c69 (sz=12, trace=300000, nelems=6, elem type=char[])
OBJ 50000c6a (sz=24, trace=300000, class=java.lang.String@50000168)
	value		50000c6d
OBJ 50000c6b (sz=24, trace=300000, class=java.lang.String@50000168)
	value		50000c6c
ARR 50000c6c (sz=34, trace=300000, nelems=17, elem type=char[])
ARR 50000c6d (sz=1362, trace=300000, nelems=681, elem type=char[])
OBJ 50000c6e (sz=32, trace=300000, class=java.util.Hashtable$Entry@500000df)
	key		50000c74
	value		50000c73
OBJ 50000c6f (sz=24, trace=300000, class=java.lang.String@50000168)
	value		50000c72
OBJ 50000c70 (sz=24, trace=300000, class=java.lang.String@50000168)
	value		50000c71
ARR 50000c71 (sz=46, trace=300000, nelems=23, elem type=char[])
ARR 50000c72 (sz=62, trace=300000, nelems=31, elem type=char[])
OBJ 50000c73 (sz=24, trace=300000, class=java.lang.String@50000168)
	value		50000c76
OBJ 50000c74 (sz=24, trace=300000, class=java.lang.String@50000168)
	value		50000c75
ARR 50000c75 (sz=36, trace=300000, nelems=18, elem type=char[])
ARR 50000c76 (sz=8, trace=300000, nelems=4, elem type=char[])
OBJ 50000c77 (sz=24, trace=300000, class=java.lang.String@50000168)
	value		50000c7a
OBJ 50000c78 (sz=24, trace=300000, class=java.lang.String@50000168)
	value		50000c79
ARR 50000c79 (sz=46, trace=300000, nelems=23, elem type=char[])
ARR 50000c7a (sz=62, trace=300000, nelems=31, elem type=char[])
OBJ 50000c7b (sz=24, trace=300000, class=java.lang.String@50000168)
	value		50000c7e
OBJ 50000c7c (sz=24, trace=300000, class=java.lang.String@50000168)
	value		50000c7d
ARR 50000c7d (sz=20, trace=300000, nelems=10, elem type=char[])
ARR 50000c7e (sz=6, trace=300000, nelems=3, elem type=char[])
OBJ 50000c7f (sz=24, trace=300000, class=java.lang.String@50000168)
	value		50000c82
OBJ 50000c80 (sz=24, trace=300000, class=java.lang.String@50000168)
	value		50000c81
ARR 50000c81 (sz=18, trace=300000, nelems=9, elem type=char[])
ARR 50000c82 (sz=42, trace=300000, nelems=21, elem type=char[])
OBJ 50000c83 (sz=24, trace=300000, class=java.lang.String@50000168)
	value		50000c86
OBJ 50000c84 (sz=24, trace=300000, class=java.lang.String@50000168)
	value		50000c85
ARR 50000c85 (sz=26, trace=300000, nelems=13, elem type=char[])
ARR 50000c86 (sz=0, trace=300000, nelems=0, elem type=char[])
OBJ 50000c87 (sz=24, trace=300000, class=java.lang.String@50000168)
	value		50000c8a
OBJ 50000c88 (sz=24, trace=300000, class=java.lang.String@50000168)
	value		50000c89
ARR 50000c89 (sz=38, trace=300000, nelems=19, elem type=char[])
ARR 50000c8a (sz=54, trace=300000, nelems=27, elem type=char[])
OBJ 50000c8b (sz=32, trace=300000, class=java.util.Hashtable$Entry@500000df)
	key		50000c91
	value		50000c90
OBJ 50000c8c (sz=24, trace=300000, class=java.lang.String@50000168)
	value		50000c8f
OBJ 50000c8d (sz=24, trace=300000, class=java.lang.String@50000168)
	value		50000c8e
ARR 50000c8e (sz=26, trace=300000, nelems=13, elem type=char[])
ARR 50000c8f (sz=12, trace=300000, nelems=6, elem type=char[])
OBJ 50000c90 (sz=24, trace=300000, class=java.lang.String@50000168)
	value		50000c93
OBJ 50000c91 (sz=24, trace=300000, class=java.lang.String@50000168)
	value		50000c92
ARR 50000c92 (sz=52, trace=300000, nelems=26, elem type=char[])
ARR 50000c93 (sz=6, trace=300000, nelems=3, elem type=char[])
OBJ 50000c94 (sz=32, trace=300000, class=java.util.Hashtable$Entry@500000df)
	key		50000c9a
	value		50000c99
OBJ 50000c95 (sz=24, trace=300000, class=java.lang.String@50000168)
	value		50000c98
OBJ 50000c96 (sz=24, trace=300000, class=java.lang.String@50000168)
	value		50000c97
ARR 50000c97 (sz=18, trace=300000, nelems=9, elem type=char[])
ARR 50000c98 (sz=24, trace=300000, nelems=12, elem type=char[])
OBJ 50000c99 (sz=24, trace=300000, class=java.lang.String@50000168)
	value		50000c9c
OBJ 50000c9a (sz=24, trace=300000, class=java.lang.String@50000168)
	value		50000c9b
ARR 50000c9b (sz=30, trace=300000, nelems=15, elem type=char[])
ARR 50000c9c (sz=2, trace=300000, nelems=1, elem type=char[])
OBJ 50000c9d (sz=24, trace=300000, class=java.lang.String@50000168)
	value		50000ca0
OBJ 50000c9e (sz=24, trace=300000, class=java.lang.String@50000168)
	value		50000c9f
ARR 50000c9f (sz=58, trace=300000, nelems=29, elem type=char[])
ARR 50000ca0 (sz=6, trace=300000, nelems=3, elem type=char[])
OBJ 50000ca1 (sz=32, trace=300000, class=java.util.Hashtable$Entry@500000df)
	key		50000ca8
	value		50000ca7
	next		50000ca6
OBJ 50000ca2 (sz=24, trace=300000, class=java.lang.String@50000168)
	value		50000ca5
OBJ 50000ca3 (sz=24, trace=300000, class=java.lang.String@50000168)
	value		50000ca4
ARR 50000ca4 (sz=38, trace=300000, nelems=19, elem type=char[])
ARR 50000ca5 (sz=4, trace=300000, nelems=2, elem type=char[])
OBJ 50000ca6 (sz=32, trace=300000, class=java.util.Hashtable$Entry@500000df)
	key		50000cac
	value		50000cab
OBJ 50000ca7 (sz=24, trace=300000, class=java.lang.String@50000168)
	value		50000caa
OBJ 50000ca8 (sz=24, trace=300000, class=java.lang.String@50000168)
	value		50000ca9
ARR 50000ca9 (sz=18, trace=300000, nelems=9, elem type=char[])
ARR 50000caa (sz=66, trace=300000, nelems=33, elem type=char[])
OBJ 50000cab (sz=24, trace=300000, class=java.lang.String@50000168)
	value		50000cae
OBJ 50000cac (sz=24, trace=300000, class=java.lang.String@50000168)
	value		50000cad
ARR 50000cad (sz=32, trace=300000, nelems=16, elem type=char[])
ARR 50000cae (sz=10, trace=300000, nelems=5, elem type=char[])
OBJ 50000caf (sz=32, trace=300000, class=java.util.Hashtable$Entry@500000df)
	key		50000cb5
	value		50000cb4
OBJ 50000cb0 (sz=24, trace=300000, class=java.lang.String@50000168)
	value		50000cb3
OBJ 50000cb1 (sz=24, trace=300000, class=java.lang.String@50000168)
	value		50000cb2
ARR 50000cb2 (sz=50, trace=300000, nelems=25, elem type=char[])
ARR 50000cb3 (sz=36, trace=300000, nelems=18, elem type=char[])
OBJ 50000cb4 (sz=24, trace=300000, class=java.lang.String@50000168)
	value		50000cb7
OBJ 50000cb5 (sz=24, trace=300000, class=java.lang.String@50000168)
	value		50000cb6
ARR 50000cb6 (sz=26, trace=300000, nelems=13, elem type=char[])
ARR 50000cb7 (sz=4, trace=300000, nelems=2, elem type=char[])
OBJ 50000cb8 (sz=24, trace=300000, class=java.lang.String@50000168)
	value		50000cbb
OBJ 50000cb9 (sz=24, trace=300000, class=java.lang.String@50000168)
	value		50000cba
ARR 50000cba (sz=22, trace=300000, nelems=11, elem type=char[])
ARR 50000cbb (sz=48, trace=300000, nelems=24, elem type=char[])
OBJ 50000cbc (sz=32, trace=300000, class=java.util.Hashtable$Entry@500000df)
	key		50000cc2
	value		50000cc1
OBJ 50000cbd (sz=24, trace=300000, class=java.lang.String@50000168)
	value		50000cc0
OBJ 50000cbe (sz=24, trace=300000, class=java.lang.String@50000168)
	value		50000cbf
ARR 50000cbf (sz=24, trace=300000, nelems=12, elem type=char[])
ARR 50000cc0 (sz=38, trace=300000, nelems=19, elem type=char[])
OBJ 50000cc1 (sz=24, trace=300000, class=java.lang.String@50000168)
	value		50000cc4
OBJ 50000cc2 (sz=24, trace=300000, class=java.lang.String@50000168)
	value		50000cc3
ARR 50000cc3 (sz=54, trace=300000, nelems=27, elem type=char[])
ARR 50000cc4 (sz=4, trace=300000, nelems=2, elem type=char[])
OBJ 50000cc5 (sz=24, trace=300000, class=java.lang.String@50000168)
	value		50000cc8
OBJ 50000cc6 (sz=24, trace=300000, class=java.lang.String@50000168)
	value		50000cc7
ARR 50000cc7 (sz=24, trace=300000, nelems=12, elem type=char[])
ARR 50000cc8 (sz=16, trace=300000, nelems=8, elem type=char[])
OBJ 50000cc9 (sz=24, trace=300000, class=java.lang.String@50000168)
	value		50000ccc
OBJ 50000cca (sz=24, trace=300000, class=java.lang.String@50000168)
	value		50000ccb
ARR 50000ccb (sz=26, trace=300000, nelems=13, elem type=char[])
ARR 50000ccc (sz=138, trace=300000, nelems=69, elem type=char[])
OBJ 50000ccd (sz=24, trace=300000, class=java.lang.String@50000168)
	value		50000cd0
OBJ 50000cce (sz=24, trace=300000, class=java.lang.String@50000168)
	value		50000ccf
ARR 50000ccf (sz=38, trace=300000, nelems=19, elem type=char[])
ARR 50000cd0 (sz=762, trace=300000, nelems=381, elem type=char[])
OBJ 50000cd1 (sz=32, trace=300000, class=java.util.Hashtable$Entry@500000df)
	key		50000cd7
	value		50000cd6
OBJ 50000cd2 (sz=24, trace=300000, class=java.lang.String@50000168)
	value		50000cd5
OBJ 50000cd3 (sz=24, trace=300000, class=java.lang.String@50000168)
	value		50000cd4
ARR 50000cd4 (sz=38, trace=300000, nelems=19, elem type=char[])
ARR 50000cd5 (sz=10, trace=300000, nelems=5, elem type=char[])
OBJ 50000cd6 (sz=24, trace=300000, class=java.lang.String@50000168)
	value		50000cd9
OBJ 50000cd7 (sz=24, trace=300000, class=java.lang.String@50000168)
	value		50000cd8
ARR 50000cd8 (sz=22, trace=300000, nelems=11, elem type=char[])
ARR 50000cd9 (sz=36, trace=300000, nelems=18, elem type=char[])
OBJ 50000cda (sz=24, trace=300000, class=java.lang.String@50000168)
	value		50000cdd
OBJ 50000cdb (sz=24, trace=300000, class=java.lang.String@50000168)
	value		50000cdc
ARR 50000cdc (sz=28, trace=300000, nelems=14, elem type=char[])
ARR 50000cdd (sz=2, trace=300000, nelems=1, elem type=char[])
OBJ 50000cde (sz=24, trace=300000, class=java.lang.String@50000168)
	value		50000ce1
OBJ 50000cdf (sz=24, trace=300000, class=java.lang.String@50000168)
	value		50000ce0
ARR 50000ce0 (sz=38, trace=300000, nelems=19, elem type=char[])
ARR 50000ce1 (sz=70, trace=300000, nelems=35, elem type=char[])
OBJ 50000ce2 (sz=32, trace=300000, class=java.util.Hashtable$Entry@500000df)
	key		50000ce8
	value		50000ce7
OBJ 50000ce3 (sz=24, trace=300000, class=java.lang.String@50000168)
	value		50000ce6
OBJ 50000ce4 (sz=24, trace=300000, class=java.lang.String@50000168)
	value		50000ce5
ARR 50000ce5 (sz=28, trace=300000, nelems=14, elem type=char[])
ARR 50000ce6 (sz=12, trace=300000, nelems=6, elem type=char[])
OBJ 50000ce7 (sz=24, trace=300000, class=java.lang.String@50000168)
	value		50000cea
OBJ 50000ce8 (sz=24, trace=300000, class=java.lang.String@50000168)
	value		50000ce9
ARR 50000ce9 (sz=46, trace=300000, nelems=23, elem type=char[])
ARR 50000cea (sz=26, trace=300000, nelems=13, elem type=char[])
OBJ 50000ceb (sz=24, trace=300000, class=java.lang.String@50000168)
	value		50000cee
OBJ 50000cec (sz=24, trace=300000, class=java.lang.String@50000168)
	value		50000ced
ARR 50000ced (sz=38, trace=300000, nelems=19, elem type=char[])
ARR 50000cee (sz=10, trace=300000, nelems=5, elem type=char[])
OBJ 50000cef (sz=24, trace=300000, class=java.lang.String@50000168)
	value		50000cf2
OBJ 50000cf0 (sz=24, trace=300000, class=java.lang.String@50000168)
	value		50000cf1
ARR 50000cf1 (sz=22, trace=300000, nelems=11, elem type=char[])
ARR 50000cf2 (sz=14, trace=300000, nelems=7, elem type=char[])
OBJ 50000cf3 (sz=24, trace=300000, class=java.lang.String@50000168)
	value		50000cf6
OBJ 50000cf4 (sz=24, trace=300000, class=java.lang.String@50000168)
	value		50000cf5
ARR 50000cf5 (sz=30, trace=300000, nelems=15, elem type=char[])
ARR 50000cf6 (sz=10, trace=300000, nelems=5, elem type=char[])
ARR 50000cf7 (sz=32, trace=300000, nelems=16, elem type=char[])
OBJ 50000cf8 (sz=24, trace=300000, class=java.util.Collections$EmptyMap@500000d4)
OBJ 50000cf9 (sz=16, trace=300000, class=java.util.Collections$EmptyList@500000d6)
OBJ 50000cfa (sz=16, trace=300000, class=java.util.Collections$EmptySet@500000d7)
OBJ 50000cfb (sz=24, trace=300000, class=java.lang.String@50000168)
	value		50000cfe
OBJ 50000cfc (sz=16, trace=300000, class=java.lang.Boolean@5000011a)
OBJ 50000cfd (sz=16, trace=300000, class=java.lang.Boolean@5000011a)
ARR 50000cfe (sz=14, trace=300000, nelems=7, elem type=char[])
OBJ 50000cff (sz=24, trace=300000, class=java.lang.String@50000168)
	value		50000d00
ARR 50000d00 (sz=70, trace=300000, nelems=35, elem type=char[])
OBJ 50000d01 (sz=24, trace=300000, class=java.lang.String@50000168)
	value		50000ef5
OBJ 50000d02 (sz=24, trace=300000, class=java.lang.String@50000168)
	value		50000ef4
OBJ 50000d03 (sz=24, trace=300000, class=java.lang.String@50000168)
	value		50000eec
OBJ 50000d04 (sz=24, trace=300000, class=java.lang.String@50000168)
	value		50000eeb
OBJ 50000d05 (sz=32, trace=300000, class=java.io.WinNTFileSystem@50000074)
	cache		50000d07
	prefixCache	50000d06
OBJ 50000d06 (sz=40, trace=300000, class=java.io.ExpiringCache@50000073)
	map		50000d77
OBJ 50000d07 (sz=40, trace=300000, class=java.io.ExpiringCache@50000073)
	map		50000d08
OBJ 50000d08 (sz=64, trace=300000, class=java.io.ExpiringCache$1@50000071)
	table		5000068b
	head		50000d09
	tail		5000068a
	this$0		50000d07
OBJ 50000d09 (sz=40, trace=300000, class=java.util.LinkedHashMap$Entry@50000067)
	key		50000d73
	value		50000d72
	after		50000d12
OBJ 50000d0a (sz=40, trace=300000, class=java.util.LinkedHashMap$Entry@50000067)
	key		50000d5a
	value		50000d59
	before		50000d0f
	after		50000d0b
OBJ 50000d0b (sz=40, trace=300000, class=java.util.LinkedHashMap$Entry@50000067)
	key		50000d55
	value		50000d54
	next		50000d27
	before		50000d0a
	after		50000d0d
OBJ 50000d0c (sz=40, trace=300000, class=java.util.LinkedHashMap$Entry@50000067)
	key		50000d64
	value		50000d63
	before		50000d11
	after		50000d0f
OBJ 50000d0d (sz=40, trace=300000, class=java.util.LinkedHashMap$Entry@50000067)
	key		50000d4c
	value		50000d4b
	next		5000068a
	before		50000d0b
	after		50000d10
OBJ 50000d0e (sz=40, trace=300000, class=java.util.LinkedHashMap$Entry@50000067)
	key		50000d33
	value		50000d32
	before		50000d15
	after		50000d27
OBJ 50000d0f (sz=40, trace=300000, class=java.util.LinkedHashMap$Entry@50000067)
	key		50000d5f
	value		50000d5e
	before		50000d0c
	after		50000d0a
OBJ 50000d10 (sz=40, trace=300000, class=java.util.LinkedHashMap$Entry@50000067)
	key		50000d47
	value		50000d46
	before		50000d0d
	after		50000d14
OBJ 50000d11 (sz=40, trace=300000, class=java.util.LinkedHashMap$Entry@50000067)
	key		50000d69
	value		50000d68
	before		50000d12
	after		50000d0c
OBJ 50000d12 (sz=40, trace=300000, class=java.util.LinkedHashMap$Entry@50000067)
	key		50000d6e
	value		50000d6d
	before		50000d09
	after		50000d11
OBJ 50000d13 (sz=40, trace=300000, class=java.util.LinkedHashMap$Entry@50000067)
	key		50000d3d
	value		50000d3c
	before		50000d14
	after		50000d15
OBJ 50000d14 (sz=40, trace=300000, class=java.util.LinkedHashMap$Entry@50000067)
	key		50000d42
	value		50000d41
	before		50000d10
	after		50000d13
OBJ 50000d15 (sz=40, trace=300000, class=java.util.LinkedHashMap$Entry@50000067)
	key		50000d38
	value		50000d37
	next		50000d24
	before		50000d13
	after		50000d0e
OBJ 50000d16 (sz=24, trace=300000, class=java.lang.String@50000168)
	value		50000d17
ARR 50000d17 (sz=100, trace=300000, nelems=50, elem type=char[])
OBJ 50000d18 (sz=24, trace=300000, class=java.lang.String@50000168)
	value		50000d19
ARR 50000d19 (sz=90, trace=300000, nelems=45, elem type=char[])
OBJ 50000d1a (sz=24, trace=300000, class=java.lang.String@50000168)
	value		50000d1b
ARR 50000d1b (sz=92, trace=300000, nelems=46, elem type=char[])
OBJ 50000d1c (sz=24, trace=300000, class=java.lang.String@50000168)
	value		50000d1d
ARR 50000d1d (sz=104, trace=300000, nelems=52, elem type=char[])
OBJ 50000d1e (sz=24, trace=300000, class=java.lang.String@50000168)
	value		50000d1f
ARR 50000d1f (sz=88, trace=300000, nelems=44, elem type=char[])
OBJ 50000d20 (sz=24, trace=300000, class=java.lang.String@50000168)
	value		50000d21
ARR 50000d21 (sz=102, trace=300000, nelems=51, elem type=char[])
OBJ 50000d22 (sz=24, trace=300000, class=java.lang.String@50000168)
	value		50000d23
ARR 50000d23 (sz=74, trace=300000, nelems=37, elem type=char[])
OBJ 50000d24 (sz=40, trace=300000, class=java.util.LinkedHashMap$Entry@50000067)
	key		50000d29
	value		50000d28
	before		50000d27
	after		50000403
OBJ 50000d25 (sz=24, trace=300000, class=java.lang.String@50000168)
	value		50000d26
ARR 50000d26 (sz=114, trace=300000, nelems=57, elem type=char[])
OBJ 50000d27 (sz=40, trace=300000, class=java.util.LinkedHashMap$Entry@50000067)
	key		50000d2e
	value		50000d2d
	next		50000620
	before		50000d0e
	after		50000d24
OBJ 50000d28 (sz=24, trace=300000, class=java.io.ExpiringCache$Entry@50000068)
	val		50000d2b
OBJ 50000d29 (sz=24, trace=300000, class=java.lang.String@50000168)
	value		50000d2a
ARR 50000d2a (sz=118, trace=300000, nelems=59, elem type=char[])
OBJ 50000d2b (sz=24, trace=300000, class=java.lang.String@50000168)
	value		50000d2c
ARR 50000d2c (sz=114, trace=300000, nelems=57, elem type=char[])
OBJ 50000d2d (sz=24, trace=300000, class=java.io.ExpiringCache$Entry@50000068)
	val		50000d30
OBJ 50000d2e (sz=24, trace=300000, class=java.lang.String@50000168)
	value		50000d2f
ARR 50000d2f (sz=102, trace=300000, nelems=51, elem type=char[])
OBJ 50000d30 (sz=24, trace=300000, class=java.lang.String@50000168)
	value		50000d31
ARR 50000d31 (sz=102, trace=300000, nelems=51, elem type=char[])
OBJ 50000d32 (sz=24, trace=300000, class=java.io.ExpiringCache$Entry@50000068)
	val		50000d35
OBJ 50000d33 (sz=24, trace=300000, class=java.lang.String@50000168)
	value		50000d34
ARR 50000d34 (sz=110, trace=300000, nelems=55, elem type=char[])
OBJ 50000d35 (sz=24, trace=300000, class=java.lang.String@50000168)
	value		50000d36
ARR 50000d36 (sz=110, trace=300000, nelems=55, elem type=char[])
OBJ 50000d37 (sz=24, trace=300000, class=java.io.ExpiringCache$Entry@50000068)
	val		50000d3a
OBJ 50000d38 (sz=24, trace=300000, class=java.lang.String@50000168)
	value		50000d39
ARR 50000d39 (sz=110, trace=300000, nelems=55, elem type=char[])
OBJ 50000d3a (sz=24, trace=300000, class=java.lang.String@50000168)
	value		50000d3b
ARR 50000d3b (sz=110, trace=300000, nelems=55, elem type=char[])
OBJ 50000d3c (sz=24, trace=300000, class=java.io.ExpiringCache$Entry@50000068)
	val		50000d3f
OBJ 50000d3d (sz=24, trace=300000, class=java.lang.String@50000168)
	value		50000d3e
ARR 50000d3e (sz=122, trace=300000, nelems=61, elem type=char[])
OBJ 50000d3f (sz=24, trace=300000, class=java.lang.String@50000168)
	value		50000d40
ARR 50000d40 (sz=122, trace=300000, nelems=61, elem type=char[])
OBJ 50000d41 (sz=24, trace=300000, class=java.io.ExpiringCache$Entry@50000068)
	val		50000d44
OBJ 50000d42 (sz=24, trace=300000, class=java.lang.String@50000168)
	value		50000d43
ARR 50000d43 (sz=102, trace=300000, nelems=51, elem type=char[])
OBJ 50000d44 (sz=24, trace=300000, class=java.lang.String@50000168)
	value		50000d45
ARR 50000d45 (sz=102, trace=300000, nelems=51, elem type=char[])
OBJ 50000d46 (sz=24, trace=300000, class=java.io.ExpiringCache$Entry@50000068)
	val		50000d49
OBJ 50000d47 (sz=24, trace=300000, class=java.lang.String@50000168)
	value		50000d48
ARR 50000d48 (sz=106, trace=300000, nelems=53, elem type=char[])
OBJ 50000d49 (sz=24, trace=300000, class=java.lang.String@50000168)
	value		50000d4a
ARR 50000d4a (sz=106, trace=300000, nelems=53, elem type=char[])
OBJ 50000d4b (sz=24, trace=300000, class=java.io.ExpiringCache$Entry@50000068)
	val		50000d4e
OBJ 50000d4c (sz=24, trace=300000, class=java.lang.String@50000168)
	value		50000d4d
ARR 50000d4d (sz=112, trace=300000, nelems=56, elem type=char[])
OBJ 50000d4e (sz=24, trace=300000, class=java.lang.String@50000168)
	value		50000d4f
ARR 50000d4f (sz=112, trace=300000, nelems=56, elem type=char[])
OBJ 50000d50 (sz=24, trace=300000, class=java.lang.String@50000168)
	value		50000d51
ARR 50000d51 (sz=82, trace=300000, nelems=41, elem type=char[])
OBJ 50000d52 (sz=24, trace=300000, class=java.lang.String@50000168)
	value		50000d53
ARR 50000d53 (sz=90, trace=300000, nelems=45, elem type=char[])
OBJ 50000d54 (sz=24, trace=300000, class=java.io.ExpiringCache$Entry@50000068)
	val		50000d57
OBJ 50000d55 (sz=24, trace=300000, class=java.lang.String@50000168)
	value		50000d56
ARR 50000d56 (sz=102, trace=300000, nelems=51, elem type=char[])
OBJ 50000d57 (sz=24, trace=300000, class=java.lang.String@50000168)
	value		50000d58
ARR 50000d58 (sz=102, trace=300000, nelems=51, elem type=char[])
OBJ 50000d59 (sz=24, trace=300000, class=java.io.ExpiringCache$Entry@50000068)
	val		50000d5c
OBJ 50000d5a (sz=24, trace=300000, class=java.lang.String@50000168)
	value		50000d5b
ARR 50000d5b (sz=106, trace=300000, nelems=53, elem type=char[])
OBJ 50000d5c (sz=24, trace=300000, class=java.lang.String@50000168)
	value		50000d5d
ARR 50000d5d (sz=106, trace=300000, nelems=53, elem type=char[])
OBJ 50000d5e (sz=24, trace=300000, class=java.io.ExpiringCache$Entry@50000068)
	val		50000d61
OBJ 50000d5f (sz=24, trace=300000, class=java.lang.String@50000168)
	value		50000d60
ARR 50000d60 (sz=102, trace=300000, nelems=51, elem type=char[])
OBJ 50000d61 (sz=24, trace=300000, class=java.lang.String@50000168)
	value		50000d62
ARR 50000d62 (sz=102, trace=300000, nelems=51, elem type=char[])
OBJ 50000d63 (sz=24, trace=300000, class=java.io.ExpiringCache$Entry@50000068)
	val		50000d66
OBJ 50000d64 (sz=24, trace=300000, class=java.lang.String@50000168)
	value		50000d65
ARR 50000d65 (sz=108, trace=300000, nelems=54, elem type=char[])
OBJ 50000d66 (sz=24, trace=300000, class=java.lang.String@50000168)
	value		50000d67
ARR 50000d67 (sz=108, trace=300000, nelems=54, elem type=char[])
OBJ 50000d68 (sz=24, trace=300000, class=java.io.ExpiringCache$Entry@50000068)
	val		50000d6b
OBJ 50000d69 (sz=24, trace=300000, class=java.lang.String@50000168)
	value		50000d6a
ARR 50000d6a (sz=124, trace=300000, nelems=62, elem type=char[])
OBJ 50000d6b (sz=24, trace=300000, class=java.lang.String@50000168)
	value		50000d6c
ARR 50000d6c (sz=124, trace=300000, nelems=62, elem type=char[])
OBJ 50000d6d (sz=24, trace=300000, class=java.io.ExpiringCache$Entry@50000068)
	val		50000d70
OBJ 50000d6e (sz=24, trace=300000, class=java.lang.String@50000168)
	value		50000d6f
ARR 50000d6f (sz=82, trace=300000, nelems=41, elem type=char[])
OBJ 50000d70 (sz=24, trace=300000, class=java.lang.String@50000168)
	value		50000d71
ARR 50000d71 (sz=82, trace=300000, nelems=41, elem type=char[])
OBJ 50000d72 (sz=24, trace=300000, class=java.io.ExpiringCache$Entry@50000068)
	val		50000d75
OBJ 50000d73 (sz=24, trace=300000, class=java.lang.String@50000168)
	value		50000d74
ARR 50000d74 (sz=90, trace=300000, nelems=45, elem type=char[])
OBJ 50000d75 (sz=24, trace=300000, class=java.lang.String@50000168)
	value		50000d76
ARR 50000d76 (sz=90, trace=300000, nelems=45, elem type=char[])
OBJ 50000d77 (sz=64, trace=300000, class=java.io.ExpiringCache$1@50000071)
	table		50000d79
	head		50000d78
	tail		500005c6
	this$0		50000d06
OBJ 50000d78 (sz=40, trace=300000, class=java.util.LinkedHashMap$Entry@50000067)
	key		50000d81
	value		50000d80
	next		50000d7a
	after		50000d7a
ARR 50000d79 (sz=80, trace=300000, nelems=16, elem type=java.util.HashMap$Node[]@500000b8)
	[1]		50000d78
	[15]		500005c6
OBJ 50000d7a (sz=40, trace=300000, class=java.util.LinkedHashMap$Entry@50000067)
	key		50000d7c
	value		50000d7b
	before		50000d78
	after		500005c6
OBJ 50000d7b (sz=24, trace=300000, class=java.io.ExpiringCache$Entry@50000068)
	val		50000d7e
OBJ 50000d7c (sz=24, trace=300000, class=java.lang.String@50000168)
	value		50000d7d
ARR 50000d7d (sz=82, trace=300000, nelems=41, elem type=char[])
OBJ 50000d7e (sz=24, trace=300000, class=java.lang.String@50000168)
	value		50000d7f
ARR 50000d7f (sz=82, trace=300000, nelems=41, elem type=char[])
OBJ 50000d80 (sz=24, trace=300000, class=java.io.ExpiringCache$Entry@50000068)
	val		50000d83
OBJ 50000d81 (sz=24, trace=300000, class=java.lang.String@50000168)
	value		50000d82
ARR 50000d82 (sz=74, trace=300000, nelems=37, elem type=char[])
OBJ 50000d83 (sz=24, trace=300000, class=java.lang.String@50000168)
	value		50000d84
ARR 50000d84 (sz=74, trace=300000, nelems=37, elem type=char[])
OBJ 50000d85 (sz=24, trace=300000, class=java.lang.String@50000168)
	value		50000eea
OBJ 50000d86 (sz=24, trace=300000, class=java.lang.String@50000168)
	value		50000ee9
OBJ 50000d87 (sz=24, trace=300000, class=java.lang.String@50000168)
	value		50000ee8
ARR 50000d88 (sz=120, trace=300000, nelems=0, elem type=java.lang.String[]@500000bc)
OBJ 50000d89 (sz=24, trace=300000, class=java.lang.String@50000168)
	value		50000e7b
OBJ 50000d8a (sz=24, trace=300000, class=java.lang.String@50000168)
	value		50000e1c
OBJ 50000d8b (sz=24, trace=300000, class=java.lang.String@50000168)
	value		50000e4c
OBJ 50000d8c (sz=24, trace=300000, class=java.lang.String@50000168)
	value		50000e64
OBJ 50000d8d (sz=24, trace=300000, class=java.lang.String@50000168)
	value		50000e24
OBJ 50000d8e (sz=24, trace=300000, class=java.lang.String@50000168)
	value		50000e43
OBJ 50000d8f (sz=24, trace=300000, class=java.lang.String@50000168)
	value		50000ebb
OBJ 50000d90 (sz=24, trace=300000, class=java.lang.String@50000168)
	value		50000e1b
OBJ 50000d91 (sz=24, trace=300000, class=java.lang.String@50000168)
	value		50000dd1
OBJ 50000d92 (sz=24, trace=300000, class=java.lang.String@50000168)
	value		50000eb6
OBJ 50000d93 (sz=24, trace=300000, class=java.lang.String@50000168)
	value		50000def
OBJ 50000d94 (sz=24, trace=300000, class=java.lang.String@50000168)
	value		50000eb9
OBJ 50000d95 (sz=24, trace=300000, class=java.lang.String@50000168)
	value		50000e2d
OBJ 50000d96 (sz=24, trace=300000, class=java.lang.String@50000168)
	value		50000e02
OBJ 50000d97 (sz=24, trace=300000, class=java.lang.String@50000168)
	value		50000df9
OBJ 50000d98 (sz=24, trace=300000, class=java.lang.String@50000168)
	value		50000ebc
OBJ 50000d99 (sz=24, trace=300000, class=java.lang.String@50000168)
	value		50000eb8
OBJ 50000d9a (sz=24, trace=300000, class=java.lang.String@50000168)
	value		50000ed6
OBJ 50000d9b (sz=24, trace=300000, class=java.lang.String@50000168)
	value		50000ed5
OBJ 50000d9c (sz=24, trace=300000, class=java.lang.String@50000168)
	value		50000ed4
OBJ 50000d9d (sz=24, trace=300000, class=java.lang.String@50000168)
	value		50000ed3
OBJ 50000d9e (sz=24, trace=300000, class=java.lang.String@50000168)
	value		50000ed2
OBJ 50000d9f (sz=24, trace=300000, class=java.lang.String@50000168)
	value		50000ed1
OBJ 50000da0 (sz=24, trace=300000, class=java.lang.String@50000168)
	value		50000eba
OBJ 50000da1 (sz=24, trace=300000, class=java.lang.String@50000168)
	value		50000e0a
OBJ 50000da2 (sz=24, trace=300000, class=java.lang.String@50000168)
	value		50000df0
OBJ 50000da3 (sz=24, trace=300000, class=java.lang.String@50000168)
	value		50000dd3
OBJ 50000da4 (sz=24, trace=300000, class=java.lang.String@50000168)
	value		50000dfa
OBJ 50000da5 (sz=24, trace=300000, class=java.lang.String@50000168)
	value		50000e55
ARR 50000da6 (sz=40, trace=300000, nelems=6, elem type=java.io.ObjectStreamField[]@50000103)
	[0]		50000eaf
	[1]		50000eb0
	[2]		50000eb1
	[3]		50000eb2
	[4]		50000eb3
	[5]		50000eb4
OBJ 50000da7 (sz=32, trace=300000, class=java.util.Locale@50000032)
	baseLocale	50000e4d
OBJ 50000da8 (sz=32, trace=300000, class=java.util.Locale@50000032)
	baseLocale	50000e83
OBJ 50000da9 (sz=32, trace=300000, class=java.util.Locale@50000032)
	baseLocale	50000df1
OBJ 50000daa (sz=32, trace=300000, class=java.util.Locale@50000032)
	baseLocale	50000e5d
OBJ 50000dab (sz=32, trace=300000, class=java.util.Locale@50000032)
	baseLocale	50000e56
OBJ 50000dac (sz=32, trace=300000, class=java.util.Locale@50000032)
	baseLocale	50000dd0
OBJ 50000dad (sz=32, trace=300000, class=java.util.Locale@50000032)
	baseLocale	50000e44
OBJ 50000dae (sz=32, trace=300000, class=java.util.Locale@50000032)
	baseLocale	50000e7c
OBJ 50000daf (sz=32, trace=300000, class=java.util.Locale@50000032)
	baseLocale	50000dfb
OBJ 50000db0 (sz=32, trace=300000, class=java.util.Locale@50000032)
	baseLocale	50000e25
OBJ 50000db1 (sz=32, trace=300000, class=java.util.Locale@50000032)
	baseLocale	50000e65
OBJ 50000db2 (sz=32, trace=300000, class=java.util.Locale@50000032)
	baseLocale	50000e1d
OBJ 50000db3 (sz=32, trace=300000, class=java.util.Locale@50000032)
	baseLocale	50000e0b
OBJ 50000db4 (sz=32, trace=300000, class=java.util.Locale@50000032)
	baseLocale	50000e6c
OBJ 50000db5 (sz=32, trace=300000, class=java.util.Locale@50000032)
	baseLocale	50000e03
OBJ 50000db6 (sz=32, trace=300000, class=java.util.Locale@50000032)
	baseLocale	50000e2e
OBJ 50000db7 (sz=32, trace=300000, class=java.util.Locale@50000032)
	baseLocale	50000e73
OBJ 50000db8 (sz=32, trace=300000, class=java.util.Locale@50000032)
	baseLocale	50000e13
OBJ 50000db9 (sz=32, trace=300000, class=java.util.Locale@50000032)
	baseLocale	50000e3b
OBJ 50000dba (sz=24, trace=300000, class=java.util.Locale$Cache@50000030)
	map		50000dbc
	queue		50000dbb
OBJ 50000dbb (sz=32, trace=300000, class=java.lang.ref.ReferenceQueue@500000e5)
	lock		50000e87
OBJ 50000dbc (sz=64, trace=300000, class=java.util.concurrent.ConcurrentHashMap@5000002e)
	table		50000dbd
ARR 50000dbd (sz=144, trace=300000, nelems=31, elem type=java.util.concurrent.ConcurrentHashMap$Node[]@50000026)
	[0]		50000dbe
	[1]		50000dbf
	[2]		50000dc0
	[4]		50000dc1
	[5]		50000dc2
	[8]		50000dc3
	[9]		50000dc4
	[10]		50000dc5
	[14]		50000dc6
	[16]		50000dc7
	[20]		50000dc8
	[22]		50000dc9
	[23]		50000dca
	[26]		50000dcb
	[27]		50000dcc
	[30]		50000dcd
OBJ 50000dbe (sz=32, trace=300000, class=java.util.concurrent.ConcurrentHashMap$Node@50000027)
	key		50000eac
	val		50000eab
	next		50000eaa
OBJ 50000dbf (sz=32, trace=300000, class=java.util.concurrent.ConcurrentHashMap$Node@50000027)
	key		50000ea9
	val		50000ea8
OBJ 50000dc0 (sz=32, trace=300000, class=java.util.concurrent.ConcurrentHashMap$Node@50000027)
	key		50000ea7
	val		50000ea6
OBJ 50000dc1 (sz=32, trace=300000, class=java.util.concurrent.ConcurrentHashMap$Node@50000027)
	key		50000ea5
	val		50000ea4
OBJ 50000dc2 (sz=32, trace=300000, class=java.util.concurrent.ConcurrentHashMap$Node@50000027)
	key		50000ea3
	val		50000ea2
OBJ 50000dc3 (sz=32, trace=300000, class=java.util.concurrent.ConcurrentHashMap$Node@50000027)
	key		50000e9f
	val		50000e9e
	next		50000e9d
OBJ 50000dc4 (sz=32, trace=300000, class=java.util.concurrent.ConcurrentHashMap$Node@50000027)
	key		50000e9c
	val		50000e9b
OBJ 50000dc5 (sz=32, trace=300000, class=java.util.concurrent.ConcurrentHashMap$Node@50000027)
	key		50000e9a
	val		50000e99
OBJ 50000dc6 (sz=32, trace=300000, class=java.util.concurrent.ConcurrentHashMap$Node@50000027)
	key		50000e98
	val		50000e97
OBJ 50000dc7 (sz=32, trace=300000, class=java.util.concurrent.ConcurrentHashMap$Node@50000027)
	key		50000e96
	val		50000e95
OBJ 50000dc8 (sz=32, trace=300000, class=java.util.concurrent.ConcurrentHashMap$Node@50000027)
	key		50000e94
	val		50000e93
OBJ 50000dc9 (sz=32, trace=300000, class=java.util.concurrent.ConcurrentHashMap$Node@50000027)
	key		50000e92
	val		50000e91
OBJ 50000dca (sz=32, trace=300000, class=java.util.concurrent.ConcurrentHashMap$Node@50000027)
	key		50000e90
	val		50000e8f
OBJ 50000dcb (sz=32, trace=300000, class=java.util.concurrent.ConcurrentHashMap$Node@50000027)
	key		50000e8e
	val		50000e8d
OBJ 50000dcc (sz=32, trace=300000, class=java.util.concurrent.ConcurrentHashMap$Node@50000027)
	key		50000e8a
	val		50000e89
	next		50000e88
OBJ 50000dcd (sz=32, trace=300000, class=java.util.concurrent.ConcurrentHashMap$Node@50000027)
	key		50000dcf
	val		50000dce
OBJ 50000dce (sz=48, trace=300000, class=sun.util.locale.LocaleObjectCache$CacheEntry@5000001c)
	referent	50000dac
	queue		50000dbb
	key		50000dcf
OBJ 50000dcf (sz=24, trace=300000, class=java.util.Locale$LocaleKey@5000001b)
	base		50000dd0
OBJ 50000dd0 (sz=32, trace=300000, class=sun.util.locale.BaseLocale@5000001f)
	language	50000d91
	script		50000a60
	region		50000da3
	variant		50000a60
ARR 50000dd1 (sz=4, trace=300000, nelems=2, elem type=char[])
ARR 50000dd2 (sz=0, trace=300000, nelems=0, elem type=char[])
ARR 50000dd3 (sz=4, trace=300000, nelems=2, elem type=char[])
OBJ 50000dd4 (sz=24, trace=300000, class=java.lang.String@50000168)
	value		50000e86
OBJ 50000dd5 (sz=24, trace=300000, class=java.lang.String@50000168)
	value		50000e85
OBJ 50000dd6 (sz=24, trace=300000, class=java.lang.String@50000168)
	value		50000e84
OBJ 50000dd7 (sz=24, trace=300000, class=sun.util.locale.BaseLocale$Cache@5000001e)
	map		50000ddb
	queue		50000dda
OBJ 50000dd8 (sz=24, trace=300000, class=java.lang.String@50000168)
	value		50000dd9
ARR 50000dd9 (sz=2, trace=300000, nelems=1, elem type=char[])
OBJ 50000dda (sz=32, trace=300000, class=java.lang.ref.ReferenceQueue@500000e5)
	lock		50000df2
OBJ 50000ddb (sz=64, trace=300000, class=java.util.concurrent.ConcurrentHashMap@5000002e)
	table		50000ddc
ARR 50000ddc (sz=144, trace=300000, nelems=27, elem type=java.util.concurrent.ConcurrentHashMap$Node[]@50000026)
	[0]		50000ddd
	[1]		50000dde
	[4]		50000ddf
	[7]		50000de0
	[8]		50000de1
	[9]		50000de2
	[11]		50000de3
	[12]		50000de4
	[14]		50000de5
	[23]		50000de6
	[25]		50000de7
	[26]		50000de8
OBJ 50000ddd (sz=32, trace=300000, class=java.util.concurrent.ConcurrentHashMap$Node@50000027)
	key		50000e76
	val		50000e75
	next		50000e74
OBJ 50000dde (sz=32, trace=300000, class=java.util.concurrent.ConcurrentHashMap$Node@50000027)
	key		50000e6e
	val		50000e6d
OBJ 50000ddf (sz=32, trace=300000, class=java.util.concurrent.ConcurrentHashMap$Node@50000027)
	key		50000e67
	val		50000e66
OBJ 50000de0 (sz=32, trace=300000, class=java.util.concurrent.ConcurrentHashMap$Node@50000027)
	key		50000e5f
	val		50000e5e
OBJ 50000de1 (sz=32, trace=300000, class=java.util.concurrent.ConcurrentHashMap$Node@50000027)
	key		50000e3e
	val		50000e3d
	next		50000e3c
OBJ 50000de2 (sz=32, trace=300000, class=java.util.concurrent.ConcurrentHashMap$Node@50000027)
	key		50000e36
	val		50000e35
OBJ 50000de3 (sz=32, trace=300000, class=java.util.concurrent.ConcurrentHashMap$Node@50000027)
	key		50000e28
	val		50000e27
	next		50000e26
OBJ 50000de4 (sz=32, trace=300000, class=java.util.concurrent.ConcurrentHashMap$Node@50000027)
	key		50000e0e
	val		50000e0d
	next		50000e0c
OBJ 50000de5 (sz=32, trace=300000, class=java.util.concurrent.ConcurrentHashMap$Node@50000027)
	key		50000e05
	val		50000e04
OBJ 50000de6 (sz=32, trace=300000, class=java.util.concurrent.ConcurrentHashMap$Node@50000027)
	key		50000dfd
	val		50000dfc
OBJ 50000de7 (sz=32, trace=300000, class=java.util.concurrent.ConcurrentHashMap$Node@50000027)
	key		50000df4
	val		50000df3
OBJ 50000de8 (sz=32, trace=300000, class=java.util.concurrent.ConcurrentHashMap$Node@50000027)
	key		50000dea
	val		50000de9
OBJ 50000de9 (sz=48, trace=300000, class=sun.util.locale.LocaleObjectCache$CacheEntry@5000001c)
	referent	50000df1
	queue		50000dda
	key		50000dea
OBJ 50000dea (sz=40, trace=300000, class=sun.util.locale.BaseLocale$Key@5000001d)
	lang		50000dee
	scrt		50000ded
	regn		50000dec
	vart		50000deb
OBJ 50000deb (sz=40, trace=300000, class=java.lang.ref.SoftReference@5000014d)
	referent	50000a60
	queue		50000a98
OBJ 50000dec (sz=40, trace=300000, class=java.lang.ref.SoftReference@5000014d)
	referent	50000da2
	queue		50000a98
OBJ 50000ded (sz=40, trace=300000, class=java.lang.ref.SoftReference@5000014d)
	referent	50000a60
	queue		50000a98
OBJ 50000dee (sz=40, trace=300000, class=java.lang.ref.SoftReference@5000014d)
	referent	50000d93
	queue		50000a98
ARR 50000def (sz=4, trace=300000, nelems=2, elem type=char[])
ARR 50000df0 (sz=4, trace=300000, nelems=2, elem type=char[])
OBJ 50000df1 (sz=32, trace=300000, class=sun.util.locale.BaseLocale@5000001f)
	language	50000d93
	script		50000a60
	region		50000da2
	variant		50000a60
OBJ 50000df2 (sz=16, trace=300000, class=java.lang.ref.ReferenceQueue$Lock@500000e3)
OBJ 50000df3 (sz=48, trace=300000, class=sun.util.locale.LocaleObjectCache$CacheEntry@5000001c)
	referent	50000dfb
	queue		50000dda
	key		50000df4
OBJ 50000df4 (sz=40, trace=300000, class=sun.util.locale.BaseLocale$Key@5000001d)
	lang		50000df8
	scrt		50000df7
	regn		50000df6
	vart		50000df5
OBJ 50000df5 (sz=40, trace=300000, class=java.lang.ref.SoftReference@5000014d)
	referent	50000a60
	queue		50000a98
OBJ 50000df6 (sz=40, trace=300000, class=java.lang.ref.SoftReference@5000014d)
	referent	50000da4
	queue		50000a98
OBJ 50000df7 (sz=40, trace=300000, class=java.lang.ref.SoftReference@5000014d)
	referent	50000a60
	queue		50000a98
OBJ 50000df8 (sz=40, trace=300000, class=java.lang.ref.SoftReference@5000014d)
	referent	50000d97
	queue		50000a98
ARR 50000df9 (sz=4, trace=300000, nelems=2, elem type=char[])
ARR 50000dfa (sz=4, trace=300000, nelems=2, elem type=char[])
OBJ 50000dfb (sz=32, trace=300000, class=sun.util.locale.BaseLocale@5000001f)
	language	50000d97
	script		50000a60
	region		50000da4
	variant		50000a60
OBJ 50000dfc (sz=48, trace=300000, class=sun.util.locale.LocaleObjectCache$CacheEntry@5000001c)
	referent	50000e03
	queue		50000dda
	key		50000dfd
OBJ 50000dfd (sz=40, trace=300000, class=sun.util.locale.BaseLocale$Key@5000001d)
	lang		50000e01
	scrt		50000e00
	regn		50000dff
	vart		50000dfe
OBJ 50000dfe (sz=40, trace=300000, class=java.lang.ref.SoftReference@5000014d)
	referent	50000a60
	queue		50000a98
OBJ 50000dff (sz=40, trace=300000, class=java.lang.ref.SoftReference@5000014d)
	referent	50000a60
	queue		50000a98
OBJ 50000e00 (sz=40, trace=300000, class=java.lang.ref.SoftReference@5000014d)
	referent	50000a60
	queue		50000a98
OBJ 50000e01 (sz=40, trace=300000, class=java.lang.ref.SoftReference@5000014d)
	referent	50000d96
	queue		50000a98
ARR 50000e02 (sz=4, trace=300000, nelems=2, elem type=char[])
OBJ 50000e03 (sz=32, trace=300000, class=sun.util.locale.BaseLocale@5000001f)
	language	50000d96
	script		50000a60
	region		50000a60
	variant		50000a60
OBJ 50000e04 (sz=48, trace=300000, class=sun.util.locale.LocaleObjectCache$CacheEntry@5000001c)
	referent	50000e0b
	queue		50000dda
	key		50000e05
OBJ 50000e05 (sz=40, trace=300000, class=sun.util.locale.BaseLocale$Key@5000001d)
	lang		50000e09
	scrt		50000e08
	regn		50000e07
	vart		50000e06
OBJ 50000e06 (sz=40, trace=300000, class=java.lang.ref.SoftReference@5000014d)
	referent	50000a60
	queue		50000a98
OBJ 50000e07 (sz=40, trace=300000, class=java.lang.ref.SoftReference@5000014d)
	referent	50000a60
	queue		50000a98
OBJ 50000e08 (sz=40, trace=300000, class=java.lang.ref.SoftReference@5000014d)
	referent	50000a60
	queue		50000a98
OBJ 50000e09 (sz=40, trace=300000, class=java.lang.ref.SoftReference@5000014d)
	referent	50000da1
	queue		50000a98
ARR 50000e0a (sz=4, trace=300000, nelems=2, elem type=char[])
OBJ 50000e0b (sz=32, trace=300000, class=sun.util.locale.BaseLocale@5000001f)
	language	50000da1
	script		50000a60
	region		50000a60
	variant		50000a60
OBJ 50000e0c (sz=32, trace=300000, class=java.util.concurrent.ConcurrentHashMap$Node@50000027)
	key		50000e16
	val		50000e15
	next		50000e14
OBJ 50000e0d (sz=48, trace=300000, class=sun.util.locale.LocaleObjectCache$CacheEntry@5000001c)
	referent	50000e13
	queue		50000dda
	key		50000e0e
OBJ 50000e0e (sz=40, trace=300000, class=sun.util.locale.BaseLocale$Key@5000001d)
	lang		50000e12
	scrt		50000e11
	regn		50000e10
	vart		50000e0f
OBJ 50000e0f (sz=40, trace=300000, class=java.lang.ref.SoftReference@5000014d)
	referent	50000a60
	queue		50000a98
OBJ 50000e10 (sz=40, trace=300000, class=java.lang.ref.SoftReference@5000014d)
	referent	50000a60
	queue		50000a98
OBJ 50000e11 (sz=40, trace=300000, class=java.lang.ref.SoftReference@5000014d)
	referent	50000a60
	queue		50000a98
OBJ 50000e12 (sz=40, trace=300000, class=java.lang.ref.SoftReference@5000014d)
	referent	50000d93
	queue		50000a98
OBJ 50000e13 (sz=32, trace=300000, class=sun.util.locale.BaseLocale@5000001f)
	language	50000d93
	script		50000a60
	region		50000a60
	variant		50000a60
OBJ 50000e14 (sz=32, trace=300000, class=java.util.concurrent.ConcurrentHashMap$Node@50000027)
	key		50000e1f
	val		50000e1e
OBJ 50000e15 (sz=48, trace=300000, class=sun.util.locale.LocaleObjectCache$CacheEntry@5000001c)
	referent	50000e1d
	queue		50000dda
	key		50000e16
OBJ 50000e16 (sz=40, trace=300000, class=sun.util.locale.BaseLocale$Key@5000001d)
	lang		50000e1a
	scrt		50000e19
	regn		50000e18
	vart		50000e17
OBJ 50000e17 (sz=40, trace=300000, class=java.lang.ref.SoftReference@5000014d)
	referent	50000a60
	queue		50000a98
OBJ 50000e18 (sz=40, trace=300000, class=java.lang.ref.SoftReference@5000014d)
	referent	50000d8a
	queue		50000a98
OBJ 50000e19 (sz=40, trace=300000, class=java.lang.ref.SoftReference@5000014d)
	referent	50000a60
	queue		50000a98
OBJ 50000e1a (sz=40, trace=300000, class=java.lang.ref.SoftReference@5000014d)
	referent	50000d90
	queue		50000a98
ARR 50000e1b (sz=4, trace=300000, nelems=2, elem type=char[])
ARR 50000e1c (sz=4, trace=300000, nelems=2, elem type=char[])
OBJ 50000e1d (sz=32, trace=300000, class=sun.util.locale.BaseLocale@5000001f)
	language	50000d90
	script		50000a60
	region		50000d8a
	variant		50000a60
OBJ 50000e1e (sz=48, trace=300000, class=sun.util.locale.LocaleObjectCache$CacheEntry@5000001c)
	referent	50000e25
	queue		50000dda
	key		50000e1f
OBJ 50000e1f (sz=40, trace=300000, class=sun.util.locale.BaseLocale$Key@5000001d)
	lang		50000e23
	scrt		50000e22
	regn		50000e21
	vart		50000e20
OBJ 50000e20 (sz=40, trace=300000, class=java.lang.ref.SoftReference@5000014d)
	referent	50000a60
	queue		50000a98
OBJ 50000e21 (sz=40, trace=300000, class=java.lang.ref.SoftReference@5000014d)
	referent	50000d8d
	queue		50000a98
OBJ 50000e22 (sz=40, trace=300000, class=java.lang.ref.SoftReference@5000014d)
	referent	50000a60
	queue		50000a98
OBJ 50000e23 (sz=40, trace=300000, class=java.lang.ref.SoftReference@5000014d)
	referent	50000d96
	queue		50000a98
ARR 50000e24 (sz=4, trace=300000, nelems=2, elem type=char[])
OBJ 50000e25 (sz=32, trace=300000, class=sun.util.locale.BaseLocale@5000001f)
	language	50000d96
	script		50000a60
	region		50000d8d
	variant		50000a60
OBJ 50000e26 (sz=32, trace=300000, class=java.util.concurrent.ConcurrentHashMap$Node@50000027)
	key		50000e30
	val		50000e2f
OBJ 50000e27 (sz=48, trace=300000, class=sun.util.locale.LocaleObjectCache$CacheEntry@5000001c)
	referent	50000e2e
	queue		50000dda
	key		50000e28
OBJ 50000e28 (sz=40, trace=300000, class=sun.util.locale.BaseLocale$Key@5000001d)
	lang		50000e2c
	scrt		50000e2b
	regn		50000e2a
	vart		50000e29
OBJ 50000e29 (sz=40, trace=300000, class=java.lang.ref.SoftReference@5000014d)
	referent	50000a60
	queue		50000a98
OBJ 50000e2a (sz=40, trace=300000, class=java.lang.ref.SoftReference@5000014d)
	referent	50000a60
	queue		50000a98
OBJ 50000e2b (sz=40, trace=300000, class=java.lang.ref.SoftReference@5000014d)
	referent	50000a60
	queue		50000a98
OBJ 50000e2c (sz=40, trace=300000, class=java.lang.ref.SoftReference@5000014d)
	referent	50000d95
	queue		50000a98
ARR 50000e2d (sz=4, trace=300000, nelems=2, elem type=char[])
OBJ 50000e2e (sz=32, trace=300000, class=sun.util.locale.BaseLocale@5000001f)
	language	50000d95
	script		50000a60
	region		50000a60
	variant		50000a60
OBJ 50000e2f (sz=48, trace=300000, class=sun.util.locale.LocaleObjectCache$CacheEntry@5000001c)
	referent	50000dd0
	queue		50000dda
	key		50000e30
OBJ 50000e30 (sz=40, trace=300000, class=sun.util.locale.BaseLocale$Key@5000001d)
	lang		50000e34
	scrt		50000e33
	regn		50000e32
	vart		50000e31
OBJ 50000e31 (sz=40, trace=300000, class=java.lang.ref.SoftReference@5000014d)
	referent	50000a60
	queue		50000a98
OBJ 50000e32 (sz=40, trace=300000, class=java.lang.ref.SoftReference@5000014d)
	referent	50000da3
	queue		50000a98
OBJ 50000e33 (sz=40, trace=300000, class=java.lang.ref.SoftReference@5000014d)
	referent	50000a60
	queue		50000a98
OBJ 50000e34 (sz=40, trace=300000, class=java.lang.ref.SoftReference@5000014d)
	referent	50000d91
	queue		50000a98
OBJ 50000e35 (sz=48, trace=300000, class=sun.util.locale.LocaleObjectCache$CacheEntry@5000001c)
	referent	50000e3b
	queue		50000dda
	key		50000e36
OBJ 50000e36 (sz=40, trace=300000, class=sun.util.locale.BaseLocale$Key@5000001d)
	lang		50000e3a
	scrt		50000e39
	regn		50000e38
	vart		50000e37
OBJ 50000e37 (sz=40, trace=300000, class=java.lang.ref.SoftReference@5000014d)
	referent	50000a60
	queue		50000a98
OBJ 50000e38 (sz=40, trace=300000, class=java.lang.ref.SoftReference@5000014d)
	referent	50000a60
	queue		50000a98
OBJ 50000e39 (sz=40, trace=300000, class=java.lang.ref.SoftReference@5000014d)
	referent	50000a60
	queue		50000a98
OBJ 50000e3a (sz=40, trace=300000, class=java.lang.ref.SoftReference@5000014d)
	referent	50000d91
	queue		50000a98
OBJ 50000e3b (sz=32, trace=300000, class=sun.util.locale.BaseLocale@5000001f)
	language	50000d91
	script		50000a60
	region		50000a60
	variant		50000a60
OBJ 50000e3c (sz=32, trace=300000, class=java.util.concurrent.ConcurrentHashMap$Node@50000027)
	key		50000e47
	val		50000e46
	next		50000e45
OBJ 50000e3d (sz=48, trace=300000, class=sun.util.locale.LocaleObjectCache$CacheEntry@5000001c)
	referent	50000e44
	queue		50000dda
	key		50000e3e
OBJ 50000e3e (sz=40, trace=300000, class=sun.util.locale.BaseLocale$Key@5000001d)
	lang		50000e42
	scrt		50000e41
	regn		50000e40
	vart		50000e3f
OBJ 50000e3f (sz=40, trace=300000, class=java.lang.ref.SoftReference@5000014d)
	referent	50000a60
	queue		50000a98
OBJ 50000e40 (sz=40, trace=300000, class=java.lang.ref.SoftReference@5000014d)
	referent	50000d8e
	queue		50000a98
OBJ 50000e41 (sz=40, trace=300000, class=java.lang.ref.SoftReference@5000014d)
	referent	50000a60
	queue		50000a98
OBJ 50000e42 (sz=40, trace=300000, class=java.lang.ref.SoftReference@5000014d)
	referent	50000da1
	queue		50000a98
ARR 50000e43 (sz=4, trace=300000, nelems=2, elem type=char[])
OBJ 50000e44 (sz=32, trace=300000, class=sun.util.locale.BaseLocale@5000001f)
	language	50000da1
	script		50000a60
	region		50000d8e
	variant		50000a60
OBJ 50000e45 (sz=32, trace=300000, class=java.util.concurrent.ConcurrentHashMap$Node@50000027)
	key		50000e50
	val		50000e4f
	next		50000e4e
OBJ 50000e46 (sz=48, trace=300000, class=sun.util.locale.LocaleObjectCache$CacheEntry@5000001c)
	referent	50000e4d
	queue		50000dda
	key		50000e47
OBJ 50000e47 (sz=40, trace=300000, class=sun.util.locale.BaseLocale$Key@5000001d)
	lang		50000e4b
	scrt		50000e4a
	regn		50000e49
	vart		50000e48
OBJ 50000e48 (sz=40, trace=300000, class=java.lang.ref.SoftReference@5000014d)
	referent	50000a60
	queue		50000a98
OBJ 50000e49 (sz=40, trace=300000, class=java.lang.ref.SoftReference@5000014d)
	referent	50000d8b
	queue		50000a98
OBJ 50000e4a (sz=40, trace=300000, class=java.lang.ref.SoftReference@5000014d)
	referent	50000a60
	queue		50000a98
OBJ 50000e4b (sz=40, trace=300000, class=java.lang.ref.SoftReference@5000014d)
	referent	50000d93
	queue		50000a98
ARR 50000e4c (sz=4, trace=300000, nelems=2, elem type=char[])
OBJ 50000e4d (sz=32, trace=300000, class=sun.util.locale.BaseLocale@5000001f)
	language	50000d93
	script		50000a60
	region		50000d8b
	variant		50000a60
OBJ 50000e4e (sz=32, trace=300000, class=java.util.concurrent.ConcurrentHashMap$Node@50000027)
	key		50000e58
	val		50000e57
OBJ 50000e4f (sz=48, trace=300000, class=sun.util.locale.LocaleObjectCache$CacheEntry@5000001c)
	referent	50000e56
	queue		50000dda
	key		50000e50
OBJ 50000e50 (sz=40, trace=300000, class=sun.util.locale.BaseLocale$Key@5000001d)
	lang		50000e54
	scrt		50000e53
	regn		50000e52
	vart		50000e51
OBJ 50000e51 (sz=40, trace=300000, class=java.lang.ref.SoftReference@5000014d)
	referent	50000a60
	queue		50000a98
OBJ 50000e52 (sz=40, trace=300000, class=java.lang.ref.SoftReference@5000014d)
	referent	50000da5
	queue		50000a98
OBJ 50000e53 (sz=40, trace=300000, class=java.lang.ref.SoftReference@5000014d)
	referent	50000a60
	queue		50000a98
OBJ 50000e54 (sz=40, trace=300000, class=java.lang.ref.SoftReference@5000014d)
	referent	50000d91
	queue		50000a98
ARR 50000e55 (sz=4, trace=300000, nelems=2, elem type=char[])
OBJ 50000e56 (sz=32, trace=300000, class=sun.util.locale.BaseLocale@5000001f)
	language	50000d91
	script		50000a60
	region		50000da5
	variant		50000a60
OBJ 50000e57 (sz=48, trace=300000, class=sun.util.locale.LocaleObjectCache$CacheEntry@5000001c)
	referent	50000e5d
	queue		50000dda
	key		50000e58
OBJ 50000e58 (sz=40, trace=300000, class=sun.util.locale.BaseLocale$Key@5000001d)
	lang		50000e5c
	scrt		50000e5b
	regn		50000e5a
	vart		50000e59
OBJ 50000e59 (sz=40, trace=300000, class=java.lang.ref.SoftReference@5000014d)
	referent	50000a60
	queue		50000a98
OBJ 50000e5a (sz=40, trace=300000, class=java.lang.ref.SoftReference@5000014d)
	referent	50000da2
	queue		50000a98
OBJ 50000e5b (sz=40, trace=300000, class=java.lang.ref.SoftReference@5000014d)
	referent	50000a60
	queue		50000a98
OBJ 50000e5c (sz=40, trace=300000, class=java.lang.ref.SoftReference@5000014d)
	referent	50000d91
	queue		50000a98
OBJ 50000e5d (sz=32, trace=300000, class=sun.util.locale.BaseLocale@5000001f)
	language	50000d91
	script		50000a60
	region		50000da2
	variant		50000a60
OBJ 50000e5e (sz=48, trace=300000, class=sun.util.locale.LocaleObjectCache$CacheEntry@5000001c)
	referent	50000e65
	queue		50000dda
	key		50000e5f
OBJ 50000e5f (sz=40, trace=300000, class=sun.util.locale.BaseLocale$Key@5000001d)
	lang		50000e63
	scrt		50000e62
	regn		50000e61
	vart		50000e60
OBJ 50000e60 (sz=40, trace=300000, class=java.lang.ref.SoftReference@5000014d)
	referent	50000a60
	queue		50000a98
OBJ 50000e61 (sz=40, trace=300000, class=java.lang.ref.SoftReference@5000014d)
	referent	50000d8c
	queue		50000a98
OBJ 50000e62 (sz=40, trace=300000, class=java.lang.ref.SoftReference@5000014d)
	referent	50000a60
	queue		50000a98
OBJ 50000e63 (sz=40, trace=300000, class=java.lang.ref.SoftReference@5000014d)
	referent	50000d95
	queue		50000a98
ARR 50000e64 (sz=4, trace=300000, nelems=2, elem type=char[])
OBJ 50000e65 (sz=32, trace=300000, class=sun.util.locale.BaseLocale@5000001f)
	language	50000d95
	script		50000a60
	region		50000d8c
	variant		50000a60
OBJ 50000e66 (sz=48, trace=300000, class=sun.util.locale.LocaleObjectCache$CacheEntry@5000001c)
	referent	50000e6c
	queue		50000dda
	key		50000e67
OBJ 50000e67 (sz=40, trace=300000, class=sun.util.locale.BaseLocale$Key@5000001d)
	lang		50000e6b
	scrt		50000e6a
	regn		50000e69
	vart		50000e68
OBJ 50000e68 (sz=40, trace=300000, class=java.lang.ref.SoftReference@5000014d)
	referent	50000a60
	queue		50000a98
OBJ 50000e69 (sz=40, trace=300000, class=java.lang.ref.SoftReference@5000014d)
	referent	50000a60
	queue		50000a98
OBJ 50000e6a (sz=40, trace=300000, class=java.lang.ref.SoftReference@5000014d)
	referent	50000a60
	queue		50000a98
OBJ 50000e6b (sz=40, trace=300000, class=java.lang.ref.SoftReference@5000014d)
	referent	50000d97
	queue		50000a98
OBJ 50000e6c (sz=32, trace=300000, class=sun.util.locale.BaseLocale@5000001f)
	language	50000d97
	script		50000a60
	region		50000a60
	variant		50000a60
OBJ 50000e6d (sz=48, trace=300000, class=sun.util.locale.LocaleObjectCache$CacheEntry@5000001c)
	referent	50000e73
	queue		50000dda
	key		50000e6e
OBJ 50000e6e (sz=40, trace=300000, class=sun.util.locale.BaseLocale$Key@5000001d)
	lang		50000e72
	scrt		50000e71
	regn		50000e70
	vart		50000e6f
OBJ 50000e6f (sz=40, trace=300000, class=java.lang.ref.SoftReference@5000014d)
	referent	50000a60
	queue		50000a98
OBJ 50000e70 (sz=40, trace=300000, class=java.lang.ref.SoftReference@5000014d)
	referent	50000a60
	queue		50000a98
OBJ 50000e71 (sz=40, trace=300000, class=java.lang.ref.SoftReference@5000014d)
	referent	50000a60
	queue		50000a98
OBJ 50000e72 (sz=40, trace=300000, class=java.lang.ref.SoftReference@5000014d)
	referent	50000d90
	queue		50000a98
OBJ 50000e73 (sz=32, trace=300000, class=sun.util.locale.BaseLocale@5000001f)
	language	50000d90
	script		50000a60
	region		50000a60
	variant		50000a60
OBJ 50000e74 (sz=32, trace=300000, class=java.util.concurrent.ConcurrentHashMap$Node@50000027)
	key		50000e7e
	val		50000e7d
OBJ 50000e75 (sz=48, trace=300000, class=sun.util.locale.LocaleObjectCache$CacheEntry@5000001c)
	referent	50000e7c
	queue		50000dda
	key		50000e76
OBJ 50000e76 (sz=40, trace=300000, class=sun.util.locale.BaseLocale$Key@5000001d)
	lang		50000e7a
	scrt		50000e79
	regn		50000e78
	vart		50000e77
OBJ 50000e77 (sz=40, trace=300000, class=java.lang.ref.SoftReference@5000014d)
	referent	50000a60
	queue		50000a98
OBJ 50000e78 (sz=40, trace=300000, class=java.lang.ref.SoftReference@5000014d)
	referent	50000d89
	queue		50000a98
OBJ 50000e79 (sz=40, trace=300000, class=java.lang.ref.SoftReference@5000014d)
	referent	50000a60
	queue		50000a98
OBJ 50000e7a (sz=40, trace=300000, class=java.lang.ref.SoftReference@5000014d)
	referent	50000da1
	queue		50000a98
ARR 50000e7b (sz=4, trace=300000, nelems=2, elem type=char[])
OBJ 50000e7c (sz=32, trace=300000, class=sun.util.locale.BaseLocale@5000001f)
	language	50000da1
	script		50000a60
	region		50000d89
	variant		50000a60
OBJ 50000e7d (sz=48, trace=300000, class=sun.util.locale.LocaleObjectCache$CacheEntry@5000001c)
	referent	50000e83
	queue		50000dda
	key		50000e7e
OBJ 50000e7e (sz=40, trace=300000, class=sun.util.locale.BaseLocale$Key@5000001d)
	lang		50000e82
	scrt		50000e81
	regn		50000e80
	vart		50000e7f
OBJ 50000e7f (sz=40, trace=300000, class=java.lang.ref.SoftReference@5000014d)
	referent	50000a60
	queue		50000a98
OBJ 50000e80 (sz=40, trace=300000, class=java.lang.ref.SoftReference@5000014d)
	referent	50000a60
	queue		50000a98
OBJ 50000e81 (sz=40, trace=300000, class=java.lang.ref.SoftReference@5000014d)
	referent	50000a60
	queue		50000a98
OBJ 50000e82 (sz=40, trace=300000, class=java.lang.ref.SoftReference@5000014d)
	referent	50000a60
	queue		50000a98
OBJ 50000e83 (sz=32, trace=300000, class=sun.util.locale.BaseLocale@5000001f)
	language	50000a60
	script		50000a60
	region		50000a60
	variant		50000a60
ARR 50000e84 (sz=4, trace=300000, nelems=2, elem type=char[])
ARR 50000e85 (sz=4, trace=300000, nelems=2, elem type=char[])
ARR 50000e86 (sz=4, trace=300000, nelems=2, elem type=char[])
OBJ 50000e87 (sz=16, trace=300000, class=java.lang.ref.ReferenceQueue$Lock@500000e3)
OBJ 50000e88 (sz=32, trace=300000, class=java.util.concurrent.ConcurrentHashMap$Node@50000027)
	key		50000e8c
	val		50000e8b
OBJ 50000e89 (sz=48, trace=300000, class=sun.util.locale.LocaleObjectCache$CacheEntry@5000001c)
	referent	50000dab
	queue		50000dbb
	key		50000e8a
OBJ 50000e8a (sz=24, trace=300000, class=java.util.Locale$LocaleKey@5000001b)
	base		50000e56
OBJ 50000e8b (sz=48, trace=300000, class=sun.util.locale.LocaleObjectCache$CacheEntry@5000001c)
	referent	50000daa
	queue		50000dbb
	key		50000e8c
OBJ 50000e8c (sz=24, trace=300000, class=java.util.Locale$LocaleKey@5000001b)
	base		50000e5d
OBJ 50000e8d (sz=48, trace=300000, class=sun.util.locale.LocaleObjectCache$CacheEntry@5000001c)
	referent	50000da7
	queue		50000dbb
	key		50000e8e
OBJ 50000e8e (sz=24, trace=300000, class=java.util.Locale$LocaleKey@5000001b)
	base		50000e4d
OBJ 50000e8f (sz=48, trace=300000, class=sun.util.locale.LocaleObjectCache$CacheEntry@5000001c)
	referent	50000db1
	queue		50000dbb
	key		50000e90
OBJ 50000e90 (sz=24, trace=300000, class=java.util.Locale$LocaleKey@5000001b)
	base		50000e65
OBJ 50000e91 (sz=48, trace=300000, class=sun.util.locale.LocaleObjectCache$CacheEntry@5000001c)
	referent	50000db9
	queue		50000dbb
	key		50000e92
OBJ 50000e92 (sz=24, trace=300000, class=java.util.Locale$LocaleKey@5000001b)
	base		50000e3b
OBJ 50000e93 (sz=48, trace=300000, class=sun.util.locale.LocaleObjectCache$CacheEntry@5000001c)
	referent	50000db3
	queue		50000dbb
	key		50000e94
OBJ 50000e94 (sz=24, trace=300000, class=java.util.Locale$LocaleKey@5000001b)
	base		50000e0b
OBJ 50000e95 (sz=48, trace=300000, class=sun.util.locale.LocaleObjectCache$CacheEntry@5000001c)
	referent	50000db7
	queue		50000dbb
	key		50000e96
OBJ 50000e96 (sz=24, trace=300000, class=java.util.Locale$LocaleKey@5000001b)
	base		50000e73
OBJ 50000e97 (sz=48, trace=300000, class=sun.util.locale.LocaleObjectCache$CacheEntry@5000001c)
	referent	50000db2
	queue		50000dbb
	key		50000e98
OBJ 50000e98 (sz=24, trace=300000, class=java.util.Locale$LocaleKey@5000001b)
	base		50000e1d
OBJ 50000e99 (sz=48, trace=300000, class=sun.util.locale.LocaleObjectCache$CacheEntry@5000001c)
	referent	50000db4
	queue		50000dbb
	key		50000e9a
OBJ 50000e9a (sz=24, trace=300000, class=java.util.Locale$LocaleKey@5000001b)
	base		50000e6c
OBJ 50000e9b (sz=48, trace=300000, class=sun.util.locale.LocaleObjectCache$CacheEntry@5000001c)
	referent	50000db6
	queue		50000dbb
	key		50000e9c
OBJ 50000e9c (sz=24, trace=300000, class=java.util.Locale$LocaleKey@5000001b)
	base		50000e2e
OBJ 50000e9d (sz=32, trace=300000, class=java.util.concurrent.ConcurrentHashMap$Node@50000027)
	key		50000ea1
	val		50000ea0
OBJ 50000e9e (sz=48, trace=300000, class=sun.util.locale.LocaleObjectCache$CacheEntry@5000001c)
	referent	50000db5
	queue		50000dbb
	key		50000e9f
OBJ 50000e9f (sz=24, trace=300000, class=java.util.Locale$LocaleKey@5000001b)
	base		50000e03
OBJ 50000ea0 (sz=48, trace=300000, class=sun.util.locale.LocaleObjectCache$CacheEntry@5000001c)
	referent	50000dad
	queue		50000dbb
	key		50000ea1
OBJ 50000ea1 (sz=24, trace=300000, class=java.util.Locale$LocaleKey@5000001b)
	base		50000e44
OBJ 50000ea2 (sz=48, trace=300000, class=sun.util.locale.LocaleObjectCache$CacheEntry@5000001c)
	referent	50000db8
	queue		50000dbb
	key		50000ea3
OBJ 50000ea3 (sz=24, trace=300000, class=java.util.Locale$LocaleKey@5000001b)
	base		50000e13
OBJ 50000ea4 (sz=48, trace=300000, class=sun.util.locale.LocaleObjectCache$CacheEntry@5000001c)
	referent	50000da9
	queue		50000dbb
	key		50000ea5
OBJ 50000ea5 (sz=24, trace=300000, class=java.util.Locale$LocaleKey@5000001b)
	base		50000df1
OBJ 50000ea6 (sz=48, trace=300000, class=sun.util.locale.LocaleObjectCache$CacheEntry@5000001c)
	referent	50000daf
	queue		50000dbb
	key		50000ea7
OBJ 50000ea7 (sz=24, trace=300000, class=java.util.Locale$LocaleKey@5000001b)
	base		50000dfb
OBJ 50000ea8 (sz=48, trace=300000, class=sun.util.locale.LocaleObjectCache$CacheEntry@5000001c)
	referent	50000db0
	queue		50000dbb
	key		50000ea9
OBJ 50000ea9 (sz=24, trace=300000, class=java.util.Locale$LocaleKey@5000001b)
	base		50000e25
OBJ 50000eaa (sz=32, trace=300000, class=java.util.concurrent.ConcurrentHashMap$Node@50000027)
	key		50000eae
	val		50000ead
OBJ 50000eab (sz=48, trace=300000, class=sun.util.locale.LocaleObjectCache$CacheEntry@5000001c)
	referent	50000dae
	queue		50000dbb
	key		50000eac
OBJ 50000eac (sz=24, trace=300000, class=java.util.Locale$LocaleKey@5000001b)
	base		50000e7c
OBJ 50000ead (sz=48, trace=300000, class=sun.util.locale.LocaleObjectCache$CacheEntry@5000001c)
	referent	50000da8
	queue		50000dbb
	key		50000eae
OBJ 50000eae (sz=24, trace=300000, class=java.util.Locale$LocaleKey@5000001b)
	base		50000e83
OBJ 50000eaf (sz=40, trace=300000, class=java.io.ObjectStreamField@50000105)
	name		50000d98
	signature	50000eb5
	type		50000168
OBJ 50000eb0 (sz=40, trace=300000, class=java.io.ObjectStreamField@50000105)
	name		50000d8f
	signature	50000eb5
	type		50000168
OBJ 50000eb1 (sz=40, trace=300000, class=java.io.ObjectStreamField@50000105)
	name		50000da0
	signature	50000eb5
	type		50000168
OBJ 50000eb2 (sz=40, trace=300000, class=java.io.ObjectStreamField@50000105)
	name		50000d94
	signature	50000acb
	type		50000a32
OBJ 50000eb3 (sz=40, trace=300000, class=java.io.ObjectStreamField@50000105)
	name		50000d99
	signature	50000eb5
	type		50000168
OBJ 50000eb4 (sz=40, trace=300000, class=java.io.ObjectStreamField@50000105)
	name		50000d92
	signature	50000eb5
	type		50000168
OBJ 50000eb5 (sz=24, trace=300000, class=java.lang.String@50000168)
	value		50000eb7
ARR 50000eb6 (sz=20, trace=300000, nelems=10, elem type=char[])
ARR 50000eb7 (sz=36, trace=300000, nelems=18, elem type=char[])
ARR 50000eb8 (sz=12, trace=300000, nelems=6, elem type=char[])
ARR 50000eb9 (sz=16, trace=300000, nelems=8, elem type=char[])
ARR 50000eba (sz=14, trace=300000, nelems=7, elem type=char[])
ARR 50000ebb (sz=14, trace=300000, nelems=7, elem type=char[])
ARR 50000ebc (sz=16, trace=300000, nelems=8, elem type=char[])
OBJ 50000ebd (sz=24, trace=300000, class=java.lang.String@50000168)
	value		50000ec7
OBJ 50000ebe (sz=24, trace=300000, class=java.lang.String@50000168)
	value		50000ecc
OBJ 50000ebf (sz=24, trace=300000, class=java.lang.String@50000168)
	value		50000eca
OBJ 50000ec0 (sz=24, trace=300000, class=java.lang.String@50000168)
	value		50000ecf
OBJ 50000ec1 (sz=24, trace=300000, class=java.lang.String@50000168)
	value		50000ec8
OBJ 50000ec2 (sz=24, trace=300000, class=java.lang.String@50000168)
	value		50000ecd
OBJ 50000ec3 (sz=24, trace=300000, class=java.lang.String@50000168)
	value		50000ec9
OBJ 50000ec4 (sz=24, trace=300000, class=java.lang.String@50000168)
	value		50000ece
OBJ 50000ec5 (sz=24, trace=300000, class=java.lang.String@50000168)
	value		50000ecb
OBJ 50000ec6 (sz=24, trace=300000, class=java.lang.String@50000168)
	value		50000ed0
ARR 50000ec7 (sz=14, trace=300000, nelems=7, elem type=char[])
ARR 50000ec8 (sz=42, trace=300000, nelems=21, elem type=char[])
ARR 50000ec9 (sz=38, trace=300000, nelems=19, elem type=char[])
ARR 50000eca (sz=40, trace=300000, nelems=20, elem type=char[])
ARR 50000ecb (sz=40, trace=300000, nelems=20, elem type=char[])
ARR 50000ecc (sz=12, trace=300000, nelems=6, elem type=char[])
ARR 50000ecd (sz=40, trace=300000, nelems=20, elem type=char[])
ARR 50000ece (sz=36, trace=300000, nelems=18, elem type=char[])
ARR 50000ecf (sz=38, trace=300000, nelems=19, elem type=char[])
ARR 50000ed0 (sz=38, trace=300000, nelems=19, elem type=char[])
ARR 50000ed1 (sz=24, trace=300000, nelems=12, elem type=char[])
ARR 50000ed2 (sz=22, trace=300000, nelems=11, elem type=char[])
ARR 50000ed3 (sz=22, trace=300000, nelems=11, elem type=char[])
ARR 50000ed4 (sz=26, trace=300000, nelems=13, elem type=char[])
ARR 50000ed5 (sz=24, trace=300000, nelems=12, elem type=char[])
ARR 50000ed6 (sz=4, trace=300000, nelems=2, elem type=char[])
OBJ 50000ed7 (sz=24, trace=300000, class=java.lang.String@50000168)
	value		50000ee0
OBJ 50000ed8 (sz=24, trace=300000, class=java.lang.String@50000168)
	value		50000ede
ARR 50000ed9 (sz=32, trace=300000, nelems=3, elem type=java.io.ObjectStreamField[]@50000103)
	[0]		50000eda
	[1]		50000edb
	[2]		50000edc
OBJ 50000eda (sz=40, trace=300000, class=java.io.ObjectStreamField@50000105)
	name		50000ac6
	signature	50000ee1
	type		50000173
OBJ 50000edb (sz=40, trace=300000, class=java.io.ObjectStreamField@50000105)
	name		50000ed7
	signature	50000acb
	type		50000a32
OBJ 50000edc (sz=40, trace=300000, class=java.io.ObjectStreamField@50000105)
	name		50000ed8
	signature	50000edd
	type		50000a38
OBJ 50000edd (sz=24, trace=300000, class=java.lang.String@50000168)
	value		50000edf
ARR 50000ede (sz=12, trace=300000, nelems=6, elem type=char[])
ARR 50000edf (sz=2, trace=300000, nelems=1, elem type=char[])
ARR 50000ee0 (sz=10, trace=300000, nelems=5, elem type=char[])
OBJ 50000ee1 (sz=24, trace=300000, class=java.lang.String@50000168)
	value		50000ee3
ARR 50000ee2 (sz=10, trace=300000, nelems=5, elem type=char[])
ARR 50000ee3 (sz=4, trace=300000, nelems=2, elem type=char[])
OBJ 50000ee4 (sz=24, trace=300000, class=java.lang.String@50000168)
	value		50000ee7
OBJ 50000ee5 (sz=24, trace=300000, class=java.lang.String@50000168)
	value		50000ee6
ARR 50000ee6 (sz=52, trace=300000, nelems=26, elem type=char[])
ARR 50000ee7 (sz=42, trace=300000, nelems=21, elem type=char[])
ARR 50000ee8 (sz=16, trace=300000, nelems=8, elem type=char[])
ARR 50000ee9 (sz=28, trace=300000, nelems=14, elem type=char[])
ARR 50000eea (sz=28, trace=300000, nelems=14, elem type=char[])
ARR 50000eeb (sz=2, trace=300000, nelems=1, elem type=char[])
ARR 50000eec (sz=2, trace=300000, nelems=1, elem type=char[])
OBJ 50000eed (sz=24, trace=300000, class=java.lang.String@50000168)
	value		50000ef3
OBJ 50000eee (sz=24, trace=300000, class=java.lang.String@50000168)
	value		50000ef2
ARR 50000eef (sz=24, trace=300000, nelems=2, elem type=java.io.File$PathStatus[]@50000069)
	[0]		50000ef1
	[1]		50000ef0
OBJ 50000ef0 (sz=24, trace=300000, class=java.io.File$PathStatus@5000006f)
	name		50000eed
OBJ 50000ef1 (sz=24, trace=300000, class=java.io.File$PathStatus@5000006f)
	name		50000eee
ARR 50000ef2 (sz=14, trace=300000, nelems=7, elem type=char[])
ARR 50000ef3 (sz=14, trace=300000, nelems=7, elem type=char[])
ARR 50000ef4 (sz=24, trace=300000, nelems=12, elem type=char[])
ARR 50000ef5 (sz=8, trace=300000, nelems=4, elem type=char[])
ARR 50000ef6 (sz=8, trace=300000, nelems=4, elem type=char[])
ARR 50000ef7 (sz=56, trace=300000, nelems=28, elem type=char[])
ARR 50000ef8 (sz=58, trace=300000, nelems=29, elem type=char[])
ARR 50000ef9 (sz=54, trace=300000, nelems=27, elem type=char[])
ARR 50000efa (sz=74, trace=300000, nelems=37, elem type=char[])
ARR 50000efb (sz=44, trace=300000, nelems=22, elem type=char[])
ARR 50000efc (sz=70, trace=300000, nelems=35, elem type=char[])
ARR 50000efd (sz=4, trace=300000, nelems=2, elem type=char[])
OBJ 50000efe (sz=24, trace=300000, class=java.lang.String@50000168)
	value		50000f05
OBJ 50000eff (sz=24, trace=300000, class=java.lang.String@50000168)
	value		50000f04
OBJ 50000f00 (sz=24, trace=300000, class=java.lang.String@50000168)
	value		50000f03
ARR 50000f01 (sz=512, trace=300000, nelems=256, elem type=char[])
ARR 50000f02 (sz=4, trace=300000, nelems=2, elem type=char[])
ARR 50000f03 (sz=1024, trace=300000, nelems=512, elem type=char[])
ARR 50000f04 (sz=512, trace=300000, nelems=256, elem type=char[])
ARR 50000f05 (sz=8, trace=300000, nelems=4, elem type=char[])
ARR 50000f06 (sz=6, trace=300000, nelems=3, elem type=char[])
OBJ 50000f07 (sz=24, trace=300000, class=java.lang.String@50000168)
	value		50000f08
ARR 50000f08 (sz=8, trace=300000, nelems=4, elem type=char[])
ARR 50000f09 (sz=22, trace=300000, nelems=11, elem type=char[])
OBJ 50000f0a (sz=24, trace=300000, class=java.lang.String@50000168)
	value		50000f0c
ARR 50000f0b (sz=16, trace=300000, nelems=8, elem type=char[])
ARR 50000f0c (sz=98, trace=300000, nelems=49, elem type=char[])
ARR 50000f0d (sz=26, trace=300000, nelems=13, elem type=char[])
ARR 50000f0e (sz=14, trace=300000, nelems=7, elem type=char[])
ARR 50000f0f (sz=18, trace=300000, nelems=9, elem type=char[])
ARR 50000f10 (sz=18, trace=300000, nelems=9, elem type=char[])
ARR 50000f11 (sz=56, trace=300000, nelems=0, elem type=java.lang.Object[]@50000111)
OBJ 50000f12 (sz=16, trace=300000, class=java.security.ProtectionDomain$Key@50000009)
	this$0		50000ab9
ARR 50000f13 (sz=16, trace=300000, nelems=0, elem type=java.security.Principal[]@50000007)
OBJ 50000f14 (sz=32, trace=300000, class=java.security.CodeSource@5000000a)
OBJ 50000f15 (sz=24, trace=300000, class=java.lang.String@50000168)
	value		50000f1d
OBJ 50000f16 (sz=24, trace=300000, class=java.lang.String@50000168)
	value		50000f1c
OBJ 50000f17 (sz=24, trace=300000, class=java.lang.String@50000168)
	value		50000f1b
OBJ 50000f18 (sz=24, trace=300000, class=java.lang.String@50000168)
	value		50000f1a
ARR 50000f19 (sz=32, trace=300000, nelems=16, elem type=char[])
ARR 50000f1a (sz=38, trace=300000, nelems=19, elem type=char[])
ARR 50000f1b (sz=48, trace=300000, nelems=24, elem type=char[])
ARR 50000f1c (sz=32, trace=300000, nelems=16, elem type=char[])
ARR 50000f1d (sz=12, trace=300000, nelems=6, elem type=char[])
OBJ 50000f1e (sz=16, trace=300000, class=java.util.HashSet@50000006)
	map		50000f1f
OBJ 50000f1f (sz=48, trace=300000, class=java.util.HashMap@500000ba)
OBJ 50000f20 (sz=16, trace=300000, class=java.lang.Object@5000016c)
ARR 50000f21 (sz=56, trace=300000, nelems=0, elem type=java.lang.Object[]@50000111)
OBJ 50000f22 (sz=16, trace=300000, class=sun.net.www.protocol.jar.Handler@50000004)
OBJ 50000f23 (sz=48, trace=300000, class=java.util.HashMap@500000ba)
	table		50000230
OBJ 50000f24 (sz=24, trace=300000, class=java.util.ArrayList@500000c1)
	elementData	500003c1
OBJ 50000f25 (sz=32, trace=300000, class=java.util.Stack@500000eb)
	elementData	50000f6f
OBJ 50000f26 (sz=24, trace=300000, class=java.util.ArrayList@500000c1)
	elementData	50000f27
ARR 50000f27 (sz=80, trace=300000, nelems=12, elem type=java.lang.Object[]@50000111)
	[0]		50000f28
	[1]		50000f29
	[2]		50000f2a
	[3]		50000f2b
	[4]		50000f2c
	[5]		50000f2d
	[6]		50000f2e
	[7]		50000f2f
	[8]		50000f30
	[9]		50000f31
	[10]		50000f32
	[11]		50000f33
OBJ 50000f28 (sz=64, trace=300000, class=java.net.URL@50000013)
	protocol	50000f36
	host		50000a60
	file		50000f6b
	authority	50000a60
	path		50000f6b
	handler		50000f34
OBJ 50000f29 (sz=64, trace=300000, class=java.net.URL@50000013)
	protocol	50000f36
	host		50000a60
	file		50000f69
	authority	50000a60
	path		50000f69
	handler		50000f34
OBJ 50000f2a (sz=64, trace=300000, class=java.net.URL@50000013)
	protocol	50000f36
	host		50000a60
	file		50000f67
	authority	50000a60
	path		50000f67
	handler		50000f34
OBJ 50000f2b (sz=64, trace=300000, class=java.net.URL@50000013)
	protocol	50000f36
	host		50000a60
	file		50000f65
	authority	50000a60
	path		50000f65
	handler		50000f34
OBJ 50000f2c (sz=64, trace=300000, class=java.net.URL@50000013)
	protocol	50000f36
	host		50000a60
	file		50000f63
	authority	50000a60
	path		50000f63
	handler		50000f34
OBJ 50000f2d (sz=64, trace=300000, class=java.net.URL@50000013)
	protocol	50000f36
	host		50000a60
	file		50000f61
	authority	50000a60
	path		50000f61
	handler		50000f34
OBJ 50000f2e (sz=64, trace=300000, class=java.net.URL@50000013)
	protocol	50000f36
	host		50000a60
	file		50000f5f
	authority	50000a60
	path		50000f5f
	handler		50000f34
OBJ 50000f2f (sz=64, trace=300000, class=java.net.URL@50000013)
	protocol	50000f36
	host		50000a60
	file		50000f5d
	authority	50000a60
	path		50000f5d
	handler		50000f34
OBJ 50000f30 (sz=64, trace=300000, class=java.net.URL@50000013)
	protocol	50000f36
	host		50000a60
	file		50000f5b
	authority	50000a60
	path		50000f5b
	handler		50000f34
OBJ 50000f31 (sz=64, trace=300000, class=java.net.URL@50000013)
	protocol	50000f36
	host		50000a60
	file		50000f59
	authority	50000a60
	path		50000f59
	handler		50000f34
OBJ 50000f32 (sz=64, trace=300000, class=java.net.URL@50000013)
	protocol	50000f36
	host		50000a60
	file		50000f57
	authority	50000a60
	path		50000f57
	handler		50000f34
OBJ 50000f33 (sz=64, trace=300000, class=java.net.URL@50000013)
	protocol	50000f36
	host		50000a60
	file		50000f35
	authority	50000a60
	path		50000f35
	handler		50000f34
OBJ 50000f34 (sz=16, trace=300000, class=sun.net.www.protocol.file.Handler@50000010)
OBJ 50000f35 (sz=24, trace=300000, class=java.lang.String@50000168)
	value		50000f38
OBJ 50000f36 (sz=24, trace=300000, class=java.lang.String@50000168)
	value		50000f37
ARR 50000f37 (sz=8, trace=300000, nelems=4, elem type=char[])
ARR 50000f38 (sz=108, trace=300000, nelems=54, elem type=char[])
OBJ 50000f39 (sz=24, trace=300000, class=java.lang.String@50000168)
	value		50000f56
OBJ 50000f3a (sz=24, trace=300000, class=java.lang.String@50000168)
	value		50000f55
OBJ 50000f3b (sz=24, trace=300000, class=java.lang.String@50000168)
	value		50000f54
OBJ 50000f3c (sz=24, trace=300000, class=java.lang.String@50000168)
	value		50000f53
OBJ 50000f3d (sz=24, trace=300000, class=java.lang.String@50000168)
	value		50000f52
OBJ 50000f3e (sz=24, trace=300000, class=java.lang.String@50000168)
	value		50000f51
OBJ 50000f3f (sz=24, trace=300000, class=java.lang.String@50000168)
	value		50000f50
OBJ 50000f40 (sz=24, trace=300000, class=java.lang.String@50000168)
	value		50000f4f
OBJ 50000f41 (sz=24, trace=300000, class=java.lang.String@50000168)
	value		50000f4e
OBJ 50000f42 (sz=24, trace=300000, class=java.lang.String@50000168)
	value		50000f48
OBJ 50000f43 (sz=24, trace=300000, class=java.lang.String@50000168)
	value		50000f4d
OBJ 50000f44 (sz=24, trace=300000, class=java.lang.String@50000168)
	value		50000f4c
OBJ 50000f45 (sz=24, trace=300000, class=java.lang.String@50000168)
	value		50000f4b
OBJ 50000f46 (sz=16, trace=300000, class=java.lang.Object@5000016c)
OBJ 50000f47 (sz=48, trace=300000, class=java.util.Hashtable@50000142)
	table		50000f49
ARR 50000f48 (sz=52, trace=300000, nelems=26, elem type=char[])
ARR 50000f49 (sz=64, trace=300000, nelems=7, elem type=java.util.Hashtable$Entry[]@500000dd)
	[6]		50000f4a
OBJ 50000f4a (sz=32, trace=300000, class=java.util.Hashtable$Entry@500000df)
	key		50000f36
	value		50000f34
ARR 50000f4b (sz=2, trace=300000, nelems=1, elem type=char[])
ARR 50000f4c (sz=8, trace=300000, nelems=4, elem type=char[])
ARR 50000f4d (sz=40, trace=300000, nelems=20, elem type=char[])
ARR 50000f4e (sz=2, trace=300000, nelems=1, elem type=char[])
ARR 50000f4f (sz=16, trace=300000, nelems=8, elem type=char[])
ARR 50000f50 (sz=2, trace=300000, nelems=1, elem type=char[])
ARR 50000f51 (sz=2, trace=300000, nelems=1, elem type=char[])
ARR 50000f52 (sz=6, trace=300000, nelems=3, elem type=char[])
ARR 50000f53 (sz=8, trace=300000, nelems=4, elem type=char[])
ARR 50000f54 (sz=6, trace=300000, nelems=3, elem type=char[])
ARR 50000f55 (sz=4, trace=300000, nelems=2, elem type=char[])
ARR 50000f56 (sz=4, trace=300000, nelems=2, elem type=char[])
OBJ 50000f57 (sz=24, trace=300000, class=java.lang.String@50000168)
	value		50000f58
ARR 50000f58 (sz=116, trace=300000, nelems=58, elem type=char[])
OBJ 50000f59 (sz=24, trace=300000, class=java.lang.String@50000168)
	value		50000f5a
ARR 50000f5a (sz=116, trace=300000, nelems=58, elem type=char[])
OBJ 50000f5b (sz=24, trace=300000, class=java.lang.String@50000168)
	value		50000f5c
ARR 50000f5c (sz=128, trace=300000, nelems=64, elem type=char[])
OBJ 50000f5d (sz=24, trace=300000, class=java.lang.String@50000168)
	value		50000f5e
ARR 50000f5e (sz=108, trace=300000, nelems=54, elem type=char[])
OBJ 50000f5f (sz=24, trace=300000, class=java.lang.String@50000168)
	value		50000f60
ARR 50000f60 (sz=112, trace=300000, nelems=56, elem type=char[])
OBJ 50000f61 (sz=24, trace=300000, class=java.lang.String@50000168)
	value		50000f62
ARR 50000f62 (sz=118, trace=300000, nelems=59, elem type=char[])
OBJ 50000f63 (sz=24, trace=300000, class=java.lang.String@50000168)
	value		50000f64
ARR 50000f64 (sz=108, trace=300000, nelems=54, elem type=char[])
OBJ 50000f65 (sz=24, trace=300000, class=java.lang.String@50000168)
	value		50000f66
ARR 50000f66 (sz=112, trace=300000, nelems=56, elem type=char[])
OBJ 50000f67 (sz=24, trace=300000, class=java.lang.String@50000168)
	value		50000f68
ARR 50000f68 (sz=108, trace=300000, nelems=54, elem type=char[])
OBJ 50000f69 (sz=24, trace=300000, class=java.lang.String@50000168)
	value		50000f6a
ARR 50000f6a (sz=114, trace=300000, nelems=57, elem type=char[])
OBJ 50000f6b (sz=24, trace=300000, class=java.lang.String@50000168)
	value		50000f6c
ARR 50000f6c (sz=130, trace=300000, nelems=65, elem type=char[])
ARR 50000f6d (sz=16, trace=300000, nelems=0, elem type=java.lang.Object[]@50000111)
ARR 50000f6e (sz=16, trace=300000, nelems=0, elem type=java.lang.Object[]@50000111)
ARR 50000f6f (sz=96, trace=300000, nelems=0, elem type=java.lang.Object[]@50000111)
OBJ 50000f70 (sz=24, trace=300000, class=sun.misc.MetaIndex@50000044)
	contents	50000f75
OBJ 50000f71 (sz=24, trace=300000, class=java.lang.String@50000168)
	value		50000f72
ARR 50000f72 (sz=6, trace=300000, nelems=3, elem type=char[])
OBJ 50000f73 (sz=24, trace=300000, class=java.lang.String@50000168)
	value		50000f74
ARR 50000f74 (sz=4, trace=300000, nelems=2, elem type=char[])
ARR 50000f75 (sz=24, trace=300000, nelems=2, elem type=java.lang.String[]@500000bc)
	[0]		50000f76
	[1]		50000f77
OBJ 50000f76 (sz=24, trace=300000, class=java.lang.String@50000168)
	value		50000f79
OBJ 50000f77 (sz=24, trace=300000, class=java.lang.String@50000168)
	value		50000f78
ARR 50000f78 (sz=24, trace=300000, nelems=12, elem type=char[])
ARR 50000f79 (sz=108, trace=300000, nelems=54, elem type=char[])
OBJ 50000f7a (sz=24, trace=300000, class=java.lang.String@50000168)
	value		50001478
OBJ 50000f7b (sz=24, trace=300000, class=java.lang.String@50000168)
	value		50001477
OBJ 50000f7c (sz=24, trace=300000, class=java.lang.String@50000168)
	value		50001476
OBJ 50000f7d (sz=48, trace=300000, class=java.util.HashMap@500000ba)
	table		5000049f
OBJ 50000f7e (sz=32, trace=300000, class=java.util.HashMap$Node@500000b9)
	key		50001027
	value		50001026
OBJ 50000f7f (sz=32, trace=300000, class=java.util.HashMap$Node@500000b9)
	key		5000101c
	value		5000101b
OBJ 50000f80 (sz=32, trace=300000, class=java.util.HashMap$Node@500000b9)
	key		5000100c
	value		5000100b
	next		5000100a
OBJ 50000f81 (sz=32, trace=300000, class=java.util.HashMap$Node@500000b9)
	key		50001004
	value		50001003
OBJ 50000f82 (sz=32, trace=300000, class=java.util.HashMap$Node@500000b9)
	key		50000ff7
	value		50000ff6
OBJ 50000f83 (sz=32, trace=300000, class=java.util.HashMap$Node@500000b9)
	key		50000fec
	value		50000feb
OBJ 50000f84 (sz=32, trace=300000, class=java.util.HashMap$Node@500000b9)
	key		50000fe2
	value		50000fe1
	next		500004db
OBJ 50000f85 (sz=32, trace=300000, class=java.util.HashMap$Node@500000b9)
	key		50000fa5
	value		50000fa4
OBJ 50000f86 (sz=32, trace=300000, class=java.util.HashMap$Node@500000b9)
	key		50000fa1
	value		50000f70
OBJ 50000f87 (sz=32, trace=300000, class=java.util.HashMap$Node@500000b9)
	key		50000f95
	value		50000f94
OBJ 50000f88 (sz=32, trace=300000, class=java.util.HashMap$Node@500000b9)
	key		50000f8a
	value		50000f89
OBJ 50000f89 (sz=24, trace=300000, class=sun.misc.MetaIndex@50000044)
	contents	50000f8d
OBJ 50000f8a (sz=32, trace=300000, class=java.io.File@50000077)
	path		50000f8b
OBJ 50000f8b (sz=24, trace=300000, class=java.lang.String@50000168)
	value		50000f8c
ARR 50000f8c (sz=122, trace=300000, nelems=61, elem type=char[])
ARR 50000f8d (sz=32, trace=300000, nelems=3, elem type=java.lang.String[]@500000bc)
	[0]		50000f8e
	[1]		50000f8f
	[2]		50000f90
OBJ 50000f8e (sz=24, trace=300000, class=java.lang.String@50000168)
	value		50000f93
OBJ 50000f8f (sz=24, trace=300000, class=java.lang.String@50000168)
	value		50000f92
OBJ 50000f90 (sz=24, trace=300000, class=java.lang.String@50000168)
	value		50000f91
ARR 50000f91 (sz=40, trace=300000, nelems=20, elem type=char[])
ARR 50000f92 (sz=42, trace=300000, nelems=21, elem type=char[])
ARR 50000f93 (sz=30, trace=300000, nelems=15, elem type=char[])
OBJ 50000f94 (sz=24, trace=300000, class=sun.misc.MetaIndex@50000044)
	contents	50000f98
OBJ 50000f95 (sz=32, trace=300000, class=java.io.File@50000077)
	path		50000f96
OBJ 50000f96 (sz=24, trace=300000, class=java.lang.String@50000168)
	value		50000f97
ARR 50000f97 (sz=110, trace=300000, nelems=55, elem type=char[])
ARR 50000f98 (sz=32, trace=300000, nelems=3, elem type=java.lang.String[]@500000bc)
	[0]		50000f99
	[1]		50000f9a
	[2]		50000f9b
OBJ 50000f99 (sz=24, trace=300000, class=java.lang.String@50000168)
	value		50000f9e
OBJ 50000f9a (sz=24, trace=300000, class=java.lang.String@50000168)
	value		50000f9d
OBJ 50000f9b (sz=24, trace=300000, class=java.lang.String@50000168)
	value		50000f9c
ARR 50000f9c (sz=40, trace=300000, nelems=20, elem type=char[])
ARR 50000f9d (sz=42, trace=300000, nelems=21, elem type=char[])
ARR 50000f9e (sz=24, trace=300000, nelems=12, elem type=char[])
ARR 50000f9f (sz=32, trace=300000, nelems=4, elem type=java.lang.String[]@500000bc)
	[0]		500004a2
	[1]		500004a4
	[2]		500004a6
	[3]		500004a8
ARR 50000fa0 (sz=32, trace=300000, nelems=3, elem type=java.lang.String[]@500000bc)
	[0]		500004b8
	[1]		500004ba
	[2]		500004bc
OBJ 50000fa1 (sz=32, trace=300000, class=java.io.File@50000077)
	path		50000fa2
OBJ 50000fa2 (sz=24, trace=300000, class=java.lang.String@50000168)
	value		50000fa3
ARR 50000fa3 (sz=102, trace=300000, nelems=51, elem type=char[])
OBJ 50000fa4 (sz=24, trace=300000, class=sun.misc.MetaIndex@50000044)
	contents	50000fa8
OBJ 50000fa5 (sz=32, trace=300000, class=java.io.File@50000077)
	path		50000fa6
OBJ 50000fa6 (sz=24, trace=300000, class=java.lang.String@50000168)
	value		50000fa7
ARR 50000fa7 (sz=102, trace=300000, nelems=51, elem type=char[])
ARR 50000fa8 (sz=128, trace=300000, nelems=28, elem type=java.lang.String[]@500000bc)
	[0]		50000fa9
	[1]		50000faa
	[2]		50000fab
	[3]		50000fac
	[4]		50000fad
	[5]		50000fae
	[6]		50000faf
	[7]		50000fb0
	[8]		50000fb1
	[9]		50000fb2
	[10]		50000fb3
	[11]		50000fb4
	[12]		50000fb5
	[13]		50000fb6
	[14]		50000fb7
	[15]		50000fb8
	[16]		50000fb9
	[17]		50000fba
	[18]		50000fbb
	[19]		50000fbc
	[20]		50000fbd
	[21]		50000fbe
	[22]		50000fbf
	[23]		50000fc0
	[24]		50000fc1
	[25]		50000fc2
	[26]		50000fc3
	[27]		50000fc4
OBJ 50000fa9 (sz=24, trace=300000, class=java.lang.String@50000168)
	value		50000fe0
OBJ 50000faa (sz=24, trace=300000, class=java.lang.String@50000168)
	value		50000fdf
OBJ 50000fab (sz=24, trace=300000, class=java.lang.String@50000168)
	value		50000fde
OBJ 50000fac (sz=24, trace=300000, class=java.lang.String@50000168)
	value		50000fdd
OBJ 50000fad (sz=24, trace=300000, class=java.lang.String@50000168)
	value		50000fdc
OBJ 50000fae (sz=24, trace=300000, class=java.lang.String@50000168)
	value		50000fdb
OBJ 50000faf (sz=24, trace=300000, class=java.lang.String@50000168)
	value		50000fda
OBJ 50000fb0 (sz=24, trace=300000, class=java.lang.String@50000168)
	value		50000fd9
OBJ 50000fb1 (sz=24, trace=300000, class=java.lang.String@50000168)
	value		50000fd8
OBJ 50000fb2 (sz=24, trace=300000, class=java.lang.String@50000168)
	value		50000fd7
OBJ 50000fb3 (sz=24, trace=300000, class=java.lang.String@50000168)
	value		50000fd6
OBJ 50000fb4 (sz=24, trace=300000, class=java.lang.String@50000168)
	value		50000fd5
OBJ 50000fb5 (sz=24, trace=300000, class=java.lang.String@50000168)
	value		50000fd4
OBJ 50000fb6 (sz=24, trace=300000, class=java.lang.String@50000168)
	value		50000fd3
OBJ 50000fb7 (sz=24, trace=300000, class=java.lang.String@50000168)
	value		50000fd2
OBJ 50000fb8 (sz=24, trace=300000, class=java.lang.String@50000168)
	value		50000fd1
OBJ 50000fb9 (sz=24, trace=300000, class=java.lang.String@50000168)
	value		50000fd0
OBJ 50000fba (sz=24, trace=300000, class=java.lang.String@50000168)
	value		50000fcf
OBJ 50000fbb (sz=24, trace=300000, class=java.lang.String@50000168)
	value		50000fce
OBJ 50000fbc (sz=24, trace=300000, class=java.lang.String@50000168)
	value		50000fcd
OBJ 50000fbd (sz=24, trace=300000, class=java.lang.String@50000168)
	value		50000fcc
OBJ 50000fbe (sz=24, trace=300000, class=java.lang.String@50000168)
	value		50000fcb
OBJ 50000fbf (sz=24, trace=300000, class=java.lang.String@50000168)
	value		50000fca
OBJ 50000fc0 (sz=24, trace=300000, class=java.lang.String@50000168)
	value		50000fc9
OBJ 50000fc1 (sz=24, trace=300000, class=java.lang.String@50000168)
	value		50000fc8
OBJ 50000fc2 (sz=24, trace=300000, class=java.lang.String@50000168)
	value		50000fc7
OBJ 50000fc3 (sz=24, trace=300000, class=java.lang.String@50000168)
	value		50000fc6
OBJ 50000fc4 (sz=24, trace=300000, class=java.lang.String@50000168)
	value		50000fc5
ARR 50000fc5 (sz=40, trace=300000, nelems=20, elem type=char[])
ARR 50000fc6 (sz=24, trace=300000, nelems=12, elem type=char[])
ARR 50000fc7 (sz=26, trace=300000, nelems=13, elem type=char[])
ARR 50000fc8 (sz=26, trace=300000, nelems=13, elem type=char[])
ARR 50000fc9 (sz=26, trace=300000, nelems=13, elem type=char[])
ARR 50000fca (sz=32, trace=300000, nelems=16, elem type=char[])
ARR 50000fcb (sz=24, trace=300000, nelems=12, elem type=char[])
ARR 50000fcc (sz=26, trace=300000, nelems=13, elem type=char[])
ARR 50000fcd (sz=38, trace=300000, nelems=19, elem type=char[])
ARR 50000fce (sz=22, trace=300000, nelems=11, elem type=char[])
ARR 50000fcf (sz=36, trace=300000, nelems=18, elem type=char[])
ARR 50000fd0 (sz=38, trace=300000, nelems=19, elem type=char[])
ARR 50000fd1 (sz=26, trace=300000, nelems=13, elem type=char[])
ARR 50000fd2 (sz=38, trace=300000, nelems=19, elem type=char[])
ARR 50000fd3 (sz=34, trace=300000, nelems=17, elem type=char[])
ARR 50000fd4 (sz=30, trace=300000, nelems=15, elem type=char[])
ARR 50000fd5 (sz=34, trace=300000, nelems=17, elem type=char[])
ARR 50000fd6 (sz=28, trace=300000, nelems=14, elem type=char[])
ARR 50000fd7 (sz=30, trace=300000, nelems=15, elem type=char[])
ARR 50000fd8 (sz=38, trace=300000, nelems=19, elem type=char[])
ARR 50000fd9 (sz=54, trace=300000, nelems=27, elem type=char[])
ARR 50000fda (sz=46, trace=300000, nelems=23, elem type=char[])
ARR 50000fdb (sz=30, trace=300000, nelems=15, elem type=char[])
ARR 50000fdc (sz=40, trace=300000, nelems=20, elem type=char[])
ARR 50000fdd (sz=34, trace=300000, nelems=17, elem type=char[])
ARR 50000fde (sz=42, trace=300000, nelems=21, elem type=char[])
ARR 50000fdf (sz=66, trace=300000, nelems=33, elem type=char[])
ARR 50000fe0 (sz=38, trace=300000, nelems=19, elem type=char[])
OBJ 50000fe1 (sz=24, trace=300000, class=sun.misc.MetaIndex@50000044)
	contents	50000fe5
OBJ 50000fe2 (sz=32, trace=300000, class=java.io.File@50000077)
	path		50000fe3
OBJ 50000fe3 (sz=24, trace=300000, class=java.lang.String@50000168)
	value		50000fe4
ARR 50000fe4 (sz=102, trace=300000, nelems=51, elem type=char[])
ARR 50000fe5 (sz=24, trace=300000, nelems=2, elem type=java.lang.String[]@500000bc)
	[0]		50000fe6
	[1]		50000fe7
OBJ 50000fe6 (sz=24, trace=300000, class=java.lang.String@50000168)
	value		50000fe9
OBJ 50000fe7 (sz=24, trace=300000, class=java.lang.String@50000168)
	value		50000fe8
ARR 50000fe8 (sz=14, trace=300000, nelems=7, elem type=char[])
ARR 50000fe9 (sz=126, trace=300000, nelems=63, elem type=char[])
ARR 50000fea (sz=24, trace=300000, nelems=2, elem type=java.lang.String[]@500000bc)
	[0]		500004cc
	[1]		500004ce
OBJ 50000feb (sz=24, trace=300000, class=sun.misc.MetaIndex@50000044)
	contents	50000fef
OBJ 50000fec (sz=32, trace=300000, class=java.io.File@50000077)
	path		50000fed
OBJ 50000fed (sz=24, trace=300000, class=java.lang.String@50000168)
	value		50000fee
ARR 50000fee (sz=110, trace=300000, nelems=55, elem type=char[])
ARR 50000fef (sz=32, trace=300000, nelems=3, elem type=java.lang.String[]@500000bc)
	[0]		50000ff0
	[1]		50000ff1
	[2]		50000ff2
OBJ 50000ff0 (sz=24, trace=300000, class=java.lang.String@50000168)
	value		50000ff5
OBJ 50000ff1 (sz=24, trace=300000, class=java.lang.String@50000168)
	value		50000ff4
OBJ 50000ff2 (sz=24, trace=300000, class=java.lang.String@50000168)
	value		50000ff3
ARR 50000ff3 (sz=40, trace=300000, nelems=20, elem type=char[])
ARR 50000ff4 (sz=42, trace=300000, nelems=21, elem type=char[])
ARR 50000ff5 (sz=24, trace=300000, nelems=12, elem type=char[])
OBJ 50000ff6 (sz=24, trace=300000, class=sun.misc.MetaIndex@50000044)
	contents	50000ffa
OBJ 50000ff7 (sz=32, trace=300000, class=java.io.File@50000077)
	path		50000ff8
OBJ 50000ff8 (sz=24, trace=300000, class=java.lang.String@50000168)
	value		50000ff9
ARR 50000ff9 (sz=102, trace=300000, nelems=51, elem type=char[])
ARR 50000ffa (sz=32, trace=300000, nelems=3, elem type=java.lang.String[]@500000bc)
	[0]		50000ffb
	[1]		50000ffc
	[2]		50000ffd
OBJ 50000ffb (sz=24, trace=300000, class=java.lang.String@50000168)
	value		50001000
OBJ 50000ffc (sz=24, trace=300000, class=java.lang.String@50000168)
	value		50000fff
OBJ 50000ffd (sz=24, trace=300000, class=java.lang.String@50000168)
	value		50000ffe
ARR 50000ffe (sz=40, trace=300000, nelems=20, elem type=char[])
ARR 50000fff (sz=42, trace=300000, nelems=21, elem type=char[])
ARR 50001000 (sz=24, trace=300000, nelems=12, elem type=char[])
ARR 50001001 (sz=152, trace=300000, nelems=33, elem type=java.lang.String[]@500000bc)
	[0]		500004e2
	[1]		500004e4
	[2]		500004e6
	[3]		500004e8
	[4]		500004ea
	[5]		500004ec
	[6]		500004ee
	[7]		500004f0
	[8]		500004f2
	[9]		500004f4
	[10]		500004f6
	[11]		500004f9
	[12]		500004fb
	[13]		500004fd
	[14]		500004ff
	[15]		50000501
	[16]		50000504
	[17]		50000506
	[18]		50000508
	[19]		5000050a
	[20]		5000050c
	[21]		5000050e
	[22]		50000510
	[23]		50000513
	[24]		50000515
	[25]		50000517
	[26]		50000519
	[27]		5000051b
	[28]		5000051d
	[29]		5000051f
	[30]		50000521
	[31]		50000523
	[32]		50000525
ARR 50001002 (sz=24, trace=300000, nelems=2, elem type=java.lang.String[]@500000bc)
	[0]		5000048e
	[1]		50000491
OBJ 50001003 (sz=24, trace=300000, class=sun.misc.MetaIndex@50000044)
	contents	50001007
OBJ 50001004 (sz=32, trace=300000, class=java.io.File@50000077)
	path		50001005
OBJ 50001005 (sz=24, trace=300000, class=java.lang.String@50000168)
	value		50001006
ARR 50001006 (sz=106, trace=300000, nelems=53, elem type=char[])
ARR 50001007 (sz=24, trace=300000, nelems=1, elem type=java.lang.String[]@500000bc)
	[0]		50001008
OBJ 50001008 (sz=24, trace=300000, class=java.lang.String@50000168)
	value		50001009
ARR 50001009 (sz=54, trace=300000, nelems=27, elem type=char[])
OBJ 5000100a (sz=32, trace=300000, class=java.util.HashMap$Node@500000b9)
	key		50001013
	value		50001012
OBJ 5000100b (sz=24, trace=300000, class=sun.misc.MetaIndex@50000044)
	contents	5000100f
OBJ 5000100c (sz=32, trace=300000, class=java.io.File@50000077)
	path		5000100d
OBJ 5000100d (sz=24, trace=300000, class=java.lang.String@50000168)
	value		5000100e
ARR 5000100e (sz=124, trace=300000, nelems=62, elem type=char[])
ARR 5000100f (sz=24, trace=300000, nelems=1, elem type=java.lang.String[]@500000bc)
	[0]		50001010
OBJ 50001010 (sz=24, trace=300000, class=java.lang.String@50000168)
	value		50001011
ARR 50001011 (sz=54, trace=300000, nelems=27, elem type=char[])
OBJ 50001012 (sz=24, trace=300000, class=sun.misc.MetaIndex@50000044)
	contents	50001016
OBJ 50001013 (sz=32, trace=300000, class=java.io.File@50000077)
	path		50001014
OBJ 50001014 (sz=24, trace=300000, class=java.lang.String@50000168)
	value		50001015
ARR 50001015 (sz=108, trace=300000, nelems=54, elem type=char[])
ARR 50001016 (sz=24, trace=300000, nelems=2, elem type=java.lang.String[]@500000bc)
	[0]		50001017
	[1]		50001018
OBJ 50001017 (sz=24, trace=300000, class=java.lang.String@50000168)
	value		5000101a
OBJ 50001018 (sz=24, trace=300000, class=java.lang.String@50000168)
	value		50001019
ARR 50001019 (sz=16, trace=300000, nelems=8, elem type=char[])
ARR 5000101a (sz=16, trace=300000, nelems=8, elem type=char[])
OBJ 5000101b (sz=24, trace=300000, class=sun.misc.MetaIndex@50000044)
	contents	5000101f
OBJ 5000101c (sz=32, trace=300000, class=java.io.File@50000077)
	path		5000101d
OBJ 5000101d (sz=24, trace=300000, class=java.lang.String@50000168)
	value		5000101e
ARR 5000101e (sz=106, trace=300000, nelems=53, elem type=char[])
ARR 5000101f (sz=32, trace=300000, nelems=3, elem type=java.lang.String[]@500000bc)
	[0]		50001020
	[1]		50001021
	[2]		50001022
OBJ 50001020 (sz=24, trace=300000, class=java.lang.String@50000168)
	value		50001025
OBJ 50001021 (sz=24, trace=300000, class=java.lang.String@50000168)
	value		50001024
OBJ 50001022 (sz=24, trace=300000, class=java.lang.String@50000168)
	value		50001023
ARR 50001023 (sz=24, trace=300000, nelems=12, elem type=char[])
ARR 50001024 (sz=100, trace=300000, nelems=50, elem type=char[])
ARR 50001025 (sz=22, trace=300000, nelems=11, elem type=char[])
OBJ 50001026 (sz=24, trace=300000, class=sun.misc.MetaIndex@50000044)
	contents	5000102a
OBJ 50001027 (sz=32, trace=300000, class=java.io.File@50000077)
	path		50001028
OBJ 50001028 (sz=24, trace=300000, class=java.lang.String@50000168)
	value		50001029
ARR 50001029 (sz=112, trace=300000, nelems=56, elem type=char[])
ARR 5000102a (sz=24, trace=300000, nelems=2, elem type=java.lang.String[]@500000bc)
	[0]		5000102b
	[1]		5000102c
OBJ 5000102b (sz=24, trace=300000, class=java.lang.String@50000168)
	value		5000102e
OBJ 5000102c (sz=24, trace=300000, class=java.lang.String@50000168)
	value		5000102d
ARR 5000102d (sz=16, trace=300000, nelems=8, elem type=char[])
ARR 5000102e (sz=16, trace=300000, nelems=8, elem type=char[])
ARR 5000102f (sz=168, trace=300000, nelems=37, elem type=java.lang.String[]@500000bc)
	[0]		50000535
	[1]		50000537
	[2]		50000539
	[3]		5000053b
	[4]		5000053d
	[5]		5000053f
	[6]		50000541
	[7]		50000543
	[8]		50000545
	[9]		50000547
	[10]		50000549
	[11]		5000054b
	[12]		5000054d
	[13]		5000054f
	[14]		50000551
	[15]		50000553
	[16]		50000555
	[17]		50000557
	[18]		50000559
	[19]		5000055b
	[20]		5000055d
	[21]		5000055f
	[22]		50000561
	[23]		50000563
	[24]		50000565
	[25]		50000567
	[26]		50000569
	[27]		5000056b
	[28]		5000056d
	[29]		5000056f
	[30]		50000571
	[31]		50000573
	[32]		50000575
	[33]		50000577
	[34]		5000057a
	[35]		5000057c
	[36]		5000057e
OBJ 50001030 (sz=24, trace=300000, class=java.lang.String@50000168)
	value		50001036
OBJ 50001031 (sz=24, trace=300000, class=java.lang.String@50000168)
	value		50001037
OBJ 50001032 (sz=24, trace=300000, class=java.lang.String@50000168)
	value		50001038
OBJ 50001033 (sz=16, trace=300000, class=java.nio.charset.CodingErrorAction@50000080)
	name		50001032
OBJ 50001034 (sz=16, trace=300000, class=java.nio.charset.CodingErrorAction@50000080)
	name		50001031
OBJ 50001035 (sz=16, trace=300000, class=java.nio.charset.CodingErrorAction@50000080)
	name		50001030
ARR 50001036 (sz=12, trace=300000, nelems=6, elem type=char[])
ARR 50001037 (sz=14, trace=300000, nelems=7, elem type=char[])
ARR 50001038 (sz=12, trace=300000, nelems=6, elem type=char[])
OBJ 50001039 (sz=24, trace=300000, class=java.lang.String@50000168)
	value		50001043
OBJ 5000103a (sz=24, trace=300000, class=java.lang.String@50000168)
	value		50001044
OBJ 5000103b (sz=24, trace=300000, class=java.lang.String@50000168)
	value		50001045
OBJ 5000103c (sz=24, trace=300000, class=java.lang.String@50000168)
	value		50001042
OBJ 5000103d (sz=16, trace=300000, class=java.nio.charset.CoderResult$2@50000034)
OBJ 5000103e (sz=16, trace=300000, class=java.nio.charset.CoderResult$1@50000035)
OBJ 5000103f (sz=24, trace=300000, class=java.nio.charset.CoderResult@50000037)
OBJ 50001040 (sz=24, trace=300000, class=java.nio.charset.CoderResult@50000037)
ARR 50001041 (sz=32, trace=300000, nelems=4, elem type=java.lang.String[]@500000bc)
	[0]		5000103b
	[1]		5000103a
	[2]		50001039
	[3]		5000103c
ARR 50001042 (sz=20, trace=300000, nelems=10, elem type=char[])
ARR 50001043 (sz=18, trace=300000, nelems=9, elem type=char[])
ARR 50001044 (sz=16, trace=300000, nelems=8, elem type=char[])
ARR 50001045 (sz=18, trace=300000, nelems=9, elem type=char[])
OBJ 50001046 (sz=24, trace=300000, class=java.lang.String@50000168)
	value		5000145a
OBJ 50001047 (sz=24, trace=300000, class=java.lang.String@50000168)
	value		5000104f
OBJ 50001048 (sz=24, trace=300000, class=java.lang.String@50000168)
	value		5000104e
OBJ 50001049 (sz=24, trace=300000, class=java.lang.String@50000168)
	value		5000104d
OBJ 5000104a (sz=24, trace=300000, class=java.lang.String@50000168)
	value		50001050
OBJ 5000104b (sz=24, trace=300000, class=java.lang.String@50000168)
	value		50001474
ARR 5000104c (sz=32, trace=300000, nelems=4, elem type=java.lang.String[]@500000bc)
	[0]		5000104a
	[1]		50001047
	[2]		50001048
	[3]		50001049
ARR 5000104d (sz=14, trace=300000, nelems=7, elem type=char[])
ARR 5000104e (sz=20, trace=300000, nelems=10, elem type=char[])
ARR 5000104f (sz=12, trace=300000, nelems=6, elem type=char[])
ARR 50001050 (sz=10, trace=300000, nelems=5, elem type=char[])
OBJ 50001051 (sz=24, trace=300000, class=java.lang.String@50000168)
	value		50001473
OBJ 50001052 (sz=24, trace=300000, class=java.lang.String@50000168)
	value		50001472
OBJ 50001053 (sz=24, trace=300000, class=sun.nio.cs.MS1252@5000003d)
	name		500010f8
	aliases		500013fc
OBJ 50001054 (sz=16, trace=300000, class=java.lang.ThreadLocal@50000092)
OBJ 50001055 (sz=32, trace=300000, class=sun.nio.cs.StandardCharsets@50000097)
	classMap	50001059
	aliasMap	50001058
	cache		50001057
	packagePrefix	50001056
OBJ 50001056 (sz=24, trace=300000, class=java.lang.String@50000168)
	value		50001458
OBJ 50001057 (sz=40, trace=300000, class=sun.nio.cs.StandardCharsets$Cache@50000093)
	ht		50001386
OBJ 50001058 (sz=40, trace=300000, class=sun.nio.cs.StandardCharsets$Aliases@50000095)
	ht		5000111e
OBJ 50001059 (sz=40, trace=300000, class=sun.nio.cs.StandardCharsets$Classes@50000094)
	ht		5000105a
ARR 5000105a (sz=144, trace=300000, nelems=32, elem type=java.lang.Object[]@50000111)
	[0]		5000105b
	[2]		5000105c
	[3]		5000105d
	[4]		5000105e
	[5]		5000105f
	[6]		50001060
	[7]		50001061
	[8]		50001062
	[9]		50001063
	[10]		50001064
	[11]		50001065
	[12]		50001066
	[14]		50001067
	[15]		50001068
	[16]		50001069
	[17]		5000106a
	[18]		5000106b
	[19]		5000106c
	[22]		5000106d
	[23]		5000106e
	[24]		5000106f
	[28]		50001070
	[29]		50001071
	[31]		50001072
ARR 5000105b (sz=24, trace=300000, nelems=2, elem type=java.lang.Object[]@50000111)
	[0]		5000111a
	[1]		5000111b
ARR 5000105c (sz=32, trace=300000, nelems=3, elem type=java.lang.Object[]@50000111)
	[0]		5000110c
	[1]		5000110d
	[2]		5000110e
ARR 5000105d (sz=32, trace=300000, nelems=3, elem type=java.lang.Object[]@50000111)
	[0]		50001103
	[1]		50001104
	[2]		50001105
ARR 5000105e (sz=32, trace=300000, nelems=3, elem type=java.lang.Object[]@50000111)
	[0]		500010f5
	[1]		500010f6
	[2]		500010f7
ARR 5000105f (sz=32, trace=300000, nelems=3, elem type=java.lang.Object[]@50000111)
	[0]		500010ec
	[1]		500010ed
	[2]		500010ee
ARR 50001060 (sz=24, trace=300000, nelems=2, elem type=java.lang.Object[]@50000111)
	[0]		500010e8
	[1]		500010e9
ARR 50001061 (sz=24, trace=300000, nelems=2, elem type=java.lang.Object[]@50000111)
	[0]		500010e4
	[1]		500010e5
ARR 50001062 (sz=32, trace=300000, nelems=3, elem type=java.lang.Object[]@50000111)
	[0]		500010db
	[1]		500010dc
	[2]		500010dd
ARR 50001063 (sz=32, trace=300000, nelems=3, elem type=java.lang.Object[]@50000111)
	[0]		500010d2
	[1]		500010d3
	[2]		500010d4
ARR 50001064 (sz=24, trace=300000, nelems=2, elem type=java.lang.Object[]@50000111)
	[0]		500010ce
	[1]		500010cf
ARR 50001065 (sz=32, trace=300000, nelems=3, elem type=java.lang.Object[]@50000111)
	[0]		500010c5
	[1]		500010c6
	[2]		500010c7
ARR 50001066 (sz=24, trace=300000, nelems=2, elem type=java.lang.Object[]@50000111)
	[0]		500010c1
	[1]		500010c2
ARR 50001067 (sz=24, trace=300000, nelems=2, elem type=java.lang.Object[]@50000111)
	[0]		500010bd
	[1]		500010be
ARR 50001068 (sz=24, trace=300000, nelems=2, elem type=java.lang.Object[]@50000111)
	[0]		500010b9
	[1]		500010ba
ARR 50001069 (sz=32, trace=300000, nelems=3, elem type=java.lang.Object[]@50000111)
	[0]		500010b0
	[1]		500010b1
	[2]		500010b2
ARR 5000106a (sz=32, trace=300000, nelems=3, elem type=java.lang.Object[]@50000111)
	[0]		500010a7
	[1]		500010a8
	[2]		500010a9
ARR 5000106b (sz=32, trace=300000, nelems=3, elem type=java.lang.Object[]@50000111)
	[0]		50001099
	[1]		5000109a
	[2]		5000109b
ARR 5000106c (sz=32, trace=300000, nelems=3, elem type=java.lang.Object[]@50000111)
	[0]		5000108b
	[1]		5000108c
	[2]		5000108d
ARR 5000106d (sz=24, trace=300000, nelems=2, elem type=java.lang.Object[]@50000111)
	[0]		50001087
	[1]		50001088
ARR 5000106e (sz=24, trace=300000, nelems=2, elem type=java.lang.Object[]@50000111)
	[0]		50001083
	[1]		50001084
ARR 5000106f (sz=24, trace=300000, nelems=2, elem type=java.lang.Object[]@50000111)
	[0]		5000107f
	[1]		50001080
ARR 50001070 (sz=24, trace=300000, nelems=2, elem type=java.lang.Object[]@50000111)
	[0]		5000107b
	[1]		5000107c
ARR 50001071 (sz=24, trace=300000, nelems=2, elem type=java.lang.Object[]@50000111)
	[0]		50001077
	[1]		50001078
ARR 50001072 (sz=24, trace=300000, nelems=2, elem type=java.lang.Object[]@50000111)
	[0]		50001073
	[1]		50001074
OBJ 50001073 (sz=24, trace=300000, class=java.lang.String@50000168)
	value		50001076
OBJ 50001074 (sz=24, trace=300000, class=java.lang.String@50000168)
	value		50001075
ARR 50001075 (sz=16, trace=300000, nelems=8, elem type=char[])
ARR 50001076 (sz=16, trace=300000, nelems=8, elem type=char[])
OBJ 50001077 (sz=24, trace=300000, class=java.lang.String@50000168)
	value		5000107a
OBJ 50001078 (sz=24, trace=300000, class=java.lang.String@50000168)
	value		50001079
ARR 50001079 (sz=12, trace=300000, nelems=6, elem type=char[])
ARR 5000107a (sz=12, trace=300000, nelems=6, elem type=char[])
OBJ 5000107b (sz=24, trace=300000, class=java.lang.String@50000168)
	value		5000107e
OBJ 5000107c (sz=24, trace=300000, class=java.lang.String@50000168)
	value		5000107d
ARR 5000107d (sz=12, trace=300000, nelems=6, elem type=char[])
ARR 5000107e (sz=12, trace=300000, nelems=6, elem type=char[])
OBJ 5000107f (sz=24, trace=300000, class=java.lang.String@50000168)
	value		50001082
OBJ 50001080 (sz=24, trace=300000, class=java.lang.String@50000168)
	value		50001081
ARR 50001081 (sz=24, trace=300000, nelems=12, elem type=char[])
ARR 50001082 (sz=28, trace=300000, nelems=14, elem type=char[])
OBJ 50001083 (sz=24, trace=300000, class=java.lang.String@50000168)
	value		50001086
OBJ 50001084 (sz=24, trace=300000, class=java.lang.String@50000168)
	value		50001085
ARR 50001085 (sz=12, trace=300000, nelems=6, elem type=char[])
ARR 50001086 (sz=12, trace=300000, nelems=6, elem type=char[])
OBJ 50001087 (sz=24, trace=300000, class=java.lang.String@50000168)
	value		5000108a
OBJ 50001088 (sz=24, trace=300000, class=java.lang.String@50000168)
	value		50001089
ARR 50001089 (sz=24, trace=300000, nelems=12, elem type=char[])
ARR 5000108a (sz=28, trace=300000, nelems=14, elem type=char[])
OBJ 5000108b (sz=24, trace=300000, class=java.lang.String@50000168)
	value		50001098
OBJ 5000108c (sz=24, trace=300000, class=java.lang.String@50000168)
	value		50001097
ARR 5000108d (sz=32, trace=300000, nelems=3, elem type=java.lang.Object[]@50000111)
	[0]		5000108e
	[1]		5000108f
	[2]		50001090
OBJ 5000108e (sz=24, trace=300000, class=java.lang.String@50000168)
	value		50001096
OBJ 5000108f (sz=24, trace=300000, class=java.lang.String@50000168)
	value		50001095
ARR 50001090 (sz=24, trace=300000, nelems=2, elem type=java.lang.Object[]@50000111)
	[0]		50001091
	[1]		50001092
OBJ 50001091 (sz=24, trace=300000, class=java.lang.String@50000168)
	value		50001094
OBJ 50001092 (sz=24, trace=300000, class=java.lang.String@50000168)
	value		50001093
ARR 50001093 (sz=24, trace=300000, nelems=12, elem type=char[])
ARR 50001094 (sz=28, trace=300000, nelems=14, elem type=char[])
ARR 50001095 (sz=12, trace=300000, nelems=6, elem type=char[])
ARR 50001096 (sz=12, trace=300000, nelems=6, elem type=char[])
ARR 50001097 (sz=12, trace=300000, nelems=6, elem type=char[])
ARR 50001098 (sz=16, trace=300000, nelems=8, elem type=char[])
OBJ 50001099 (sz=24, trace=300000, class=java.lang.String@50000168)
	value		500010a6
OBJ 5000109a (sz=24, trace=300000, class=java.lang.String@50000168)
	value		500010a5
ARR 5000109b (sz=32, trace=300000, nelems=3, elem type=java.lang.Object[]@50000111)
	[0]		5000109c
	[1]		5000109d
	[2]		5000109e
OBJ 5000109c (sz=24, trace=300000, class=java.lang.String@50000168)
	value		500010a4
OBJ 5000109d (sz=24, trace=300000, class=java.lang.String@50000168)
	value		500010a3
ARR 5000109e (sz=24, trace=300000, nelems=2, elem type=java.lang.Object[]@50000111)
	[0]		5000109f
	[1]		500010a0
OBJ 5000109f (sz=24, trace=300000, class=java.lang.String@50000168)
	value		500010a2
OBJ 500010a0 (sz=24, trace=300000, class=java.lang.String@50000168)
	value		500010a1
ARR 500010a1 (sz=22, trace=300000, nelems=11, elem type=char[])
ARR 500010a2 (sz=22, trace=300000, nelems=11, elem type=char[])
ARR 500010a3 (sz=12, trace=300000, nelems=6, elem type=char[])
ARR 500010a4 (sz=12, trace=300000, nelems=6, elem type=char[])
ARR 500010a5 (sz=12, trace=300000, nelems=6, elem type=char[])
ARR 500010a6 (sz=12, trace=300000, nelems=6, elem type=char[])
OBJ 500010a7 (sz=24, trace=300000, class=java.lang.String@50000168)
	value		500010af
OBJ 500010a8 (sz=24, trace=300000, class=java.lang.String@50000168)
	value		500010ae
ARR 500010a9 (sz=24, trace=300000, nelems=2, elem type=java.lang.Object[]@50000111)
	[0]		500010aa
	[1]		500010ab
OBJ 500010aa (sz=24, trace=300000, class=java.lang.String@50000168)
	value		500010ad
OBJ 500010ab (sz=24, trace=300000, class=java.lang.String@50000168)
	value		500010ac
ARR 500010ac (sz=16, trace=300000, nelems=8, elem type=char[])
ARR 500010ad (sz=16, trace=300000, nelems=8, elem type=char[])
ARR 500010ae (sz=22, trace=300000, nelems=11, elem type=char[])
ARR 500010af (sz=22, trace=300000, nelems=11, elem type=char[])
OBJ 500010b0 (sz=24, trace=300000, class=java.lang.String@50000168)
	value		500010b8
OBJ 500010b1 (sz=24, trace=300000, class=java.lang.String@50000168)
	value		500010b7
ARR 500010b2 (sz=24, trace=300000, nelems=2, elem type=java.lang.Object[]@50000111)
	[0]		500010b3
	[1]		500010b4
OBJ 500010b3 (sz=24, trace=300000, class=java.lang.String@50000168)
	value		500010b6
OBJ 500010b4 (sz=24, trace=300000, class=java.lang.String@50000168)
	value		500010b5
ARR 500010b5 (sz=12, trace=300000, nelems=6, elem type=char[])
ARR 500010b6 (sz=12, trace=300000, nelems=6, elem type=char[])
ARR 500010b7 (sz=12, trace=300000, nelems=6, elem type=char[])
ARR 500010b8 (sz=12, trace=300000, nelems=6, elem type=char[])
OBJ 500010b9 (sz=24, trace=300000, class=java.lang.String@50000168)
	value		500010bc
OBJ 500010ba (sz=24, trace=300000, class=java.lang.String@50000168)
	value		500010bb
ARR 500010bb (sz=12, trace=300000, nelems=6, elem type=char[])
ARR 500010bc (sz=12, trace=300000, nelems=6, elem type=char[])
OBJ 500010bd (sz=24, trace=300000, class=java.lang.String@50000168)
	value		500010c0
OBJ 500010be (sz=24, trace=300000, class=java.lang.String@50000168)
	value		500010bf
ARR 500010bf (sz=12, trace=300000, nelems=6, elem type=char[])
ARR 500010c0 (sz=16, trace=300000, nelems=8, elem type=char[])
OBJ 500010c1 (sz=24, trace=300000, class=java.lang.String@50000168)
	value		500010c4
OBJ 500010c2 (sz=24, trace=300000, class=java.lang.String@50000168)
	value		500010c3
ARR 500010c3 (sz=20, trace=300000, nelems=10, elem type=char[])
ARR 500010c4 (sz=20, trace=300000, nelems=10, elem type=char[])
OBJ 500010c5 (sz=24, trace=300000, class=java.lang.String@50000168)
	value		500010cd
OBJ 500010c6 (sz=24, trace=300000, class=java.lang.String@50000168)
	value		500010cc
ARR 500010c7 (sz=24, trace=300000, nelems=2, elem type=java.lang.Object[]@50000111)
	[0]		500010c8
	[1]		500010c9
OBJ 500010c8 (sz=24, trace=300000, class=java.lang.String@50000168)
	value		500010cb
OBJ 500010c9 (sz=24, trace=300000, class=java.lang.String@50000168)
	value		500010ca
ARR 500010ca (sz=20, trace=300000, nelems=10, elem type=char[])
ARR 500010cb (sz=20, trace=300000, nelems=10, elem type=char[])
ARR 500010cc (sz=12, trace=300000, nelems=6, elem type=char[])
ARR 500010cd (sz=16, trace=300000, nelems=8, elem type=char[])
OBJ 500010ce (sz=24, trace=300000, class=java.lang.String@50000168)
	value		500010d1
OBJ 500010cf (sz=24, trace=300000, class=java.lang.String@50000168)
	value		500010d0
ARR 500010d0 (sz=20, trace=300000, nelems=10, elem type=char[])
ARR 500010d1 (sz=20, trace=300000, nelems=10, elem type=char[])
OBJ 500010d2 (sz=24, trace=300000, class=java.lang.String@50000168)
	value		500010da
OBJ 500010d3 (sz=24, trace=300000, class=java.lang.String@50000168)
	value		500010d9
ARR 500010d4 (sz=24, trace=300000, nelems=2, elem type=java.lang.Object[]@50000111)
	[0]		500010d5
	[1]		500010d6
OBJ 500010d5 (sz=24, trace=300000, class=java.lang.String@50000168)
	value		500010d8
OBJ 500010d6 (sz=24, trace=300000, class=java.lang.String@50000168)
	value		500010d7
ARR 500010d7 (sz=10, trace=300000, nelems=5, elem type=char[])
ARR 500010d8 (sz=10, trace=300000, nelems=5, elem type=char[])
ARR 500010d9 (sz=20, trace=300000, nelems=10, elem type=char[])
ARR 500010da (sz=20, trace=300000, nelems=10, elem type=char[])
OBJ 500010db (sz=24, trace=300000, class=java.lang.String@50000168)
	value		500010e3
OBJ 500010dc (sz=24, trace=300000, class=java.lang.String@50000168)
	value		500010e2
ARR 500010dd (sz=24, trace=300000, nelems=2, elem type=java.lang.Object[]@50000111)
	[0]		500010de
	[1]		500010df
OBJ 500010de (sz=24, trace=300000, class=java.lang.String@50000168)
	value		500010e1
OBJ 500010df (sz=24, trace=300000, class=java.lang.String@50000168)
	value		500010e0
ARR 500010e0 (sz=20, trace=300000, nelems=10, elem type=char[])
ARR 500010e1 (sz=20, trace=300000, nelems=10, elem type=char[])
ARR 500010e2 (sz=20, trace=300000, nelems=10, elem type=char[])
ARR 500010e3 (sz=20, trace=300000, nelems=10, elem type=char[])
OBJ 500010e4 (sz=24, trace=300000, class=java.lang.String@50000168)
	value		500010e7
OBJ 500010e5 (sz=24, trace=300000, class=java.lang.String@50000168)
	value		500010e6
ARR 500010e6 (sz=16, trace=300000, nelems=8, elem type=char[])
ARR 500010e7 (sz=16, trace=300000, nelems=8, elem type=char[])
OBJ 500010e8 (sz=24, trace=300000, class=java.lang.String@50000168)
	value		500010eb
OBJ 500010e9 (sz=24, trace=300000, class=java.lang.String@50000168)
	value		500010ea
ARR 500010ea (sz=12, trace=300000, nelems=6, elem type=char[])
ARR 500010eb (sz=24, trace=300000, nelems=12, elem type=char[])
OBJ 500010ec (sz=24, trace=300000, class=java.lang.String@50000168)
	value		500010f4
OBJ 500010ed (sz=24, trace=300000, class=java.lang.String@50000168)
	value		500010f3
ARR 500010ee (sz=24, trace=300000, nelems=2, elem type=java.lang.Object[]@50000111)
	[0]		500010ef
	[1]		500010f0
OBJ 500010ef (sz=24, trace=300000, class=java.lang.String@50000168)
	value		500010f2
OBJ 500010f0 (sz=24, trace=300000, class=java.lang.String@50000168)
	value		500010f1
ARR 500010f1 (sz=12, trace=300000, nelems=6, elem type=char[])
ARR 500010f2 (sz=12, trace=300000, nelems=6, elem type=char[])
ARR 500010f3 (sz=12, trace=300000, nelems=6, elem type=char[])
ARR 500010f4 (sz=24, trace=300000, nelems=12, elem type=char[])
OBJ 500010f5 (sz=24, trace=300000, class=java.lang.String@50000168)
	value		50001102
OBJ 500010f6 (sz=24, trace=300000, class=java.lang.String@50000168)
	value		50001101
ARR 500010f7 (sz=32, trace=300000, nelems=3, elem type=java.lang.Object[]@50000111)
	[0]		500010f8
	[1]		500010f9
	[2]		500010fa
OBJ 500010f8 (sz=24, trace=300000, class=java.lang.String@50000168)
	value		50001100
OBJ 500010f9 (sz=24, trace=300000, class=java.lang.String@50000168)
	value		500010ff
ARR 500010fa (sz=24, trace=300000, nelems=2, elem type=java.lang.Object[]@50000111)
	[0]		500010fb
	[1]		500010fc
OBJ 500010fb (sz=24, trace=300000, class=java.lang.String@50000168)
	value		500010fe
OBJ 500010fc (sz=24, trace=300000, class=java.lang.String@50000168)
	value		500010fd
ARR 500010fd (sz=16, trace=300000, nelems=8, elem type=char[])
ARR 500010fe (sz=16, trace=300000, nelems=8, elem type=char[])
ARR 500010ff (sz=12, trace=300000, nelems=6, elem type=char[])
ARR 50001100 (sz=24, trace=300000, nelems=12, elem type=char[])
ARR 50001101 (sz=12, trace=300000, nelems=6, elem type=char[])
ARR 50001102 (sz=24, trace=300000, nelems=12, elem type=char[])
OBJ 50001103 (sz=24, trace=300000, class=java.lang.String@50000168)
	value		5000110b
OBJ 50001104 (sz=24, trace=300000, class=java.lang.String@50000168)
	value		5000110a
ARR 50001105 (sz=24, trace=300000, nelems=2, elem type=java.lang.Object[]@50000111)
	[0]		50001106
	[1]		50001107
OBJ 50001106 (sz=24, trace=300000, class=java.lang.String@50000168)
	value		50001109
OBJ 50001107 (sz=24, trace=300000, class=java.lang.String@50000168)
	value		50001108
ARR 50001108 (sz=12, trace=300000, nelems=6, elem type=char[])
ARR 50001109 (sz=24, trace=300000, nelems=12, elem type=char[])
ARR 5000110a (sz=12, trace=300000, nelems=6, elem type=char[])
ARR 5000110b (sz=24, trace=300000, nelems=12, elem type=char[])
OBJ 5000110c (sz=24, trace=300000, class=java.lang.String@50000168)
	value		50001119
OBJ 5000110d (sz=24, trace=300000, class=java.lang.String@50000168)
	value		50001118
ARR 5000110e (sz=32, trace=300000, nelems=3, elem type=java.lang.Object[]@50000111)
	[0]		5000110f
	[1]		50001110
	[2]		50001111
OBJ 5000110f (sz=24, trace=300000, class=java.lang.String@50000168)
	value		50001117
OBJ 50001110 (sz=24, trace=300000, class=java.lang.String@50000168)
	value		50001116
ARR 50001111 (sz=24, trace=300000, nelems=2, elem type=java.lang.Object[]@50000111)
	[0]		50001112
	[1]		50001113
OBJ 50001112 (sz=24, trace=300000, class=java.lang.String@50000168)
	value		50001115
OBJ 50001113 (sz=24, trace=300000, class=java.lang.String@50000168)
	value		50001114
ARR 50001114 (sz=16, trace=300000, nelems=8, elem type=char[])
ARR 50001115 (sz=16, trace=300000, nelems=8, elem type=char[])
ARR 50001116 (sz=12, trace=300000, nelems=6, elem type=char[])
ARR 50001117 (sz=12, trace=300000, nelems=6, elem type=char[])
ARR 50001118 (sz=12, trace=300000, nelems=6, elem type=char[])
ARR 50001119 (sz=12, trace=300000, nelems=6, elem type=char[])
OBJ 5000111a (sz=24, trace=300000, class=java.lang.String@50000168)
	value		5000111d
OBJ 5000111b (sz=24, trace=300000, class=java.lang.String@50000168)
	value		5000111c
ARR 5000111c (sz=12, trace=300000, nelems=6, elem type=char[])
ARR 5000111d (sz=12, trace=300000, nelems=6, elem type=char[])
ARR 5000111e (sz=4112, trace=300000, nelems=1016, elem type=java.lang.Object[]@50000111)
	[1]		5000111f
	[2]		50001120
	[3]		50001121
	[5]		50001122
	[6]		50001123
	[10]		50001124
	[19]		50001125
	[24]		50001126
	[25]		50001127
	[26]		50001128
	[28]		50001129
	[29]		5000112a
	[55]		5000112b
	[58]		5000112c
	[86]		5000112d
	[87]		5000112e
	[89]		5000112f
	[90]		50001130
	[92]		50001131
	[94]		50001132
	[95]		50001133
	[96]		50001134
	[106]		50001135
	[121]		50001136
	[125]		50001137
	[134]		50001138
	[137]		50001139
	[141]		5000113a
	[143]		5000113b
	[144]		5000113c
	[170]		5000113d
	[173]		5000113e
	[177]		5000113f
	[192]		50001140
	[199]		50001141
	[205]		50001142
	[211]		50001143
	[213]		50001144
	[216]		50001145
	[218]		50001146
	[219]		50001147
	[225]		50001148
	[244]		50001149
	[248]		5000114a
	[253]		5000114b
	[254]		5000114c
	[259]		5000114d
	[269]		5000114e
	[277]		5000114f
	[280]		50001150
	[283]		50001151
	[284]		50001152
	[286]		50001153
	[287]		50001154
	[289]		50001155
	[291]		50001156
	[294]		50001157
	[296]		50001158
	[297]		50001159
	[305]		5000115a
	[307]		5000115b
	[312]		5000115c
	[321]		5000115d
	[323]		5000115e
	[324]		5000115f
	[325]		50001160
	[326]		50001161
	[327]		50001162
	[328]		50001163
	[329]		50001164
	[331]		50001165
	[333]		50001166
	[334]		50001167
	[336]		50001168
	[339]		50001169
	[341]		5000116a
	[345]		5000116b
	[350]		5000116c
	[353]		5000116d
	[358]		5000116e
	[359]		5000116f
	[363]		50001170
	[364]		50001171
	[378]		50001172
	[385]		50001173
	[391]		50001174
	[392]		50001175
	[405]		50001176
	[406]		50001177
	[408]		50001178
	[421]		50001179
	[428]		5000117a
	[429]		5000117b
	[430]		5000117c
	[432]		5000117d
	[433]		5000117e
	[436]		5000117f
	[437]		50001180
	[438]		50001181
	[443]		50001182
	[456]		50001183
	[473]		50001184
	[479]		50001185
	[481]		50001186
	[484]		50001187
	[486]		50001188
	[487]		50001189
	[502]		5000118a
	[506]		5000118b
	[508]		5000118c
	[511]		5000118d
	[512]		5000118e
	[513]		5000118f
	[514]		50001190
	[516]		50001191
	[520]		50001192
	[523]		50001193
	[524]		50001194
	[533]		50001195
	[537]		50001196
	[539]		50001197
	[543]		50001198
	[545]		50001199
	[563]		5000119a
	[572]		5000119b
	[573]		5000119c
	[577]		5000119d
	[582]		5000119e
	[583]		5000119f
	[588]		500011a0
	[593]		500011a1
	[598]		500011a2
	[609]		500011a3
	[617]		500011a4
	[618]		500011a5
	[619]		500011a6
	[620]		500011a7
	[621]		500011a8
	[624]		500011a9
	[628]		500011aa
	[632]		500011ab
	[634]		500011ac
	[635]		500011ad
	[636]		500011ae
	[654]		500011af
	[669]		500011b0
	[670]		500011b1
	[671]		500011b2
	[676]		500011b3
	[679]		500011b4
	[686]		500011b5
	[703]		500011b6
	[710]		500011b7
	[712]		500011b8
	[732]		500011b9
	[733]		500011ba
	[768]		500011bb
	[774]		500011bc
	[781]		500011bd
	[782]		500011be
	[783]		500011bf
	[784]		500011c0
	[785]		500011c1
	[787]		500011c2
	[789]		500011c3
	[813]		500011c4
	[818]		500011c5
	[832]		500011c6
	[834]		500011c7
	[835]		500011c8
	[836]		500011c9
	[837]		500011ca
	[838]		500011cb
	[840]		500011cc
	[842]		500011cd
	[843]		500011ce
	[846]		500011cf
	[849]		500011d0
	[863]		500011d1
	[881]		500011d2
	[896]		500011d3
	[909]		500011d4
	[910]		500011d5
	[911]		500011d6
	[912]		500011d7
	[925]		500011d8
	[934]		500011d9
	[937]		500011da
	[944]		500011db
	[957]		500011dc
	[993]		500011dd
	[1009]		500011de
	[1015]		500011df
ARR 5000111f (sz=24, trace=300000, nelems=2, elem type=java.lang.Object[]@50000111)
	[0]		50001384
	[1]		5000109f
ARR 50001120 (sz=24, trace=300000, nelems=2, elem type=java.lang.Object[]@50000111)
	[0]		50001382
	[1]		500010de
ARR 50001121 (sz=24, trace=300000, nelems=2, elem type=java.lang.Object[]@50000111)
	[0]		50001380
	[1]		500010db
ARR 50001122 (sz=24, trace=300000, nelems=2, elem type=java.lang.Object[]@50000111)
	[0]		5000137e
	[1]		500010d2
ARR 50001123 (sz=24, trace=300000, nelems=2, elem type=java.lang.Object[]@50000111)
	[0]		5000137c
	[1]		500010c1
ARR 50001124 (sz=24, trace=300000, nelems=2, elem type=java.lang.Object[]@50000111)
	[0]		5000137a
	[1]		5000109f
ARR 50001125 (sz=24, trace=300000, nelems=2, elem type=java.lang.Object[]@50000111)
	[0]		50001378
	[1]		50001087
ARR 50001126 (sz=24, trace=300000, nelems=2, elem type=java.lang.Object[]@50000111)
	[0]		50001376
	[1]		500010aa
ARR 50001127 (sz=24, trace=300000, nelems=2, elem type=java.lang.Object[]@50000111)
	[0]		50001374
	[1]		500010c8
ARR 50001128 (sz=24, trace=300000, nelems=2, elem type=java.lang.Object[]@50000111)
	[0]		50001372
	[1]		500010db
ARR 50001129 (sz=24, trace=300000, nelems=2, elem type=java.lang.Object[]@50000111)
	[0]		50001370
	[1]		500010d2
ARR 5000112a (sz=24, trace=300000, nelems=2, elem type=java.lang.Object[]@50000111)
	[0]		5000136e
	[1]		500010ce
ARR 5000112b (sz=24, trace=300000, nelems=2, elem type=java.lang.Object[]@50000111)
	[0]		5000136c
	[1]		500010c1
ARR 5000112c (sz=24, trace=300000, nelems=2, elem type=java.lang.Object[]@50000111)
	[0]		5000136a
	[1]		5000109f
ARR 5000112d (sz=32, trace=300000, nelems=3, elem type=java.lang.Object[]@50000111)
	[0]		50001365
	[1]		500010ce
	[2]		50001366
ARR 5000112e (sz=24, trace=300000, nelems=2, elem type=java.lang.Object[]@50000111)
	[0]		50001363
	[1]		500010db
ARR 5000112f (sz=24, trace=300000, nelems=2, elem type=java.lang.Object[]@50000111)
	[0]		50001361
	[1]		500010d2
ARR 50001130 (sz=32, trace=300000, nelems=3, elem type=java.lang.Object[]@50000111)
	[0]		5000135c
	[1]		500010c8
	[2]		5000135d
ARR 50001131 (sz=24, trace=300000, nelems=2, elem type=java.lang.Object[]@50000111)
	[0]		5000135a
	[1]		500010c8
ARR 50001132 (sz=24, trace=300000, nelems=2, elem type=java.lang.Object[]@50000111)
	[0]		50001358
	[1]		500010c1
ARR 50001133 (sz=24, trace=300000, nelems=2, elem type=java.lang.Object[]@50000111)
	[0]		50001356
	[1]		500010de
ARR 50001134 (sz=24, trace=300000, nelems=2, elem type=java.lang.Object[]@50000111)
	[0]		50001354
	[1]		500010de
ARR 50001135 (sz=24, trace=300000, nelems=2, elem type=java.lang.Object[]@50000111)
	[0]		50001352
	[1]		500010d5
ARR 50001136 (sz=24, trace=300000, nelems=2, elem type=java.lang.Object[]@50000111)
	[0]		50001350
	[1]		50001112
ARR 50001137 (sz=24, trace=300000, nelems=2, elem type=java.lang.Object[]@50000111)
	[0]		5000134e
	[1]		500010c8
ARR 50001138 (sz=24, trace=300000, nelems=2, elem type=java.lang.Object[]@50000111)
	[0]		5000134c
	[1]		5000107b
ARR 50001139 (sz=24, trace=300000, nelems=2, elem type=java.lang.Object[]@50000111)
	[0]		5000134a
	[1]		50001077
ARR 5000113a (sz=24, trace=300000, nelems=2, elem type=java.lang.Object[]@50000111)
	[0]		50001348
	[1]		500010db
ARR 5000113b (sz=24, trace=300000, nelems=2, elem type=java.lang.Object[]@50000111)
	[0]		50001346
	[1]		500010d2
ARR 5000113c (sz=24, trace=300000, nelems=2, elem type=java.lang.Object[]@50000111)
	[0]		50001344
	[1]		500010ce
ARR 5000113d (sz=24, trace=300000, nelems=2, elem type=java.lang.Object[]@50000111)
	[0]		50001342
	[1]		500010c1
ARR 5000113e (sz=24, trace=300000, nelems=2, elem type=java.lang.Object[]@50000111)
	[0]		50001340
	[1]		5000109f
ARR 5000113f (sz=24, trace=300000, nelems=2, elem type=java.lang.Object[]@50000111)
	[0]		5000133e
	[1]		50001091
ARR 50001140 (sz=24, trace=300000, nelems=2, elem type=java.lang.Object[]@50000111)
	[0]		5000133c
	[1]		500010e4
ARR 50001141 (sz=32, trace=300000, nelems=3, elem type=java.lang.Object[]@50000111)
	[0]		50001337
	[1]		5000109c
	[2]		50001338
ARR 50001142 (sz=24, trace=300000, nelems=2, elem type=java.lang.Object[]@50000111)
	[0]		50001335
	[1]		500010c8
ARR 50001143 (sz=32, trace=300000, nelems=3, elem type=java.lang.Object[]@50000111)
	[0]		50001330
	[1]		500010b9
	[2]		50001331
ARR 50001144 (sz=24, trace=300000, nelems=2, elem type=java.lang.Object[]@50000111)
	[0]		5000132e
	[1]		500010b0
ARR 50001145 (sz=24, trace=300000, nelems=2, elem type=java.lang.Object[]@50000111)
	[0]		5000132c
	[1]		50001099
ARR 50001146 (sz=32, trace=300000, nelems=3, elem type=java.lang.Object[]@50000111)
	[0]		50001327
	[1]		5000108e
	[2]		50001328
ARR 50001147 (sz=32, trace=300000, nelems=3, elem type=java.lang.Object[]@50000111)
	[0]		50001322
	[1]		5000108b
	[2]		50001323
ARR 50001148 (sz=24, trace=300000, nelems=2, elem type=java.lang.Object[]@50000111)
	[0]		50001320
	[1]		500010aa
ARR 50001149 (sz=24, trace=300000, nelems=2, elem type=java.lang.Object[]@50000111)
	[0]		5000131e
	[1]		5000111a
ARR 5000114a (sz=24, trace=300000, nelems=2, elem type=java.lang.Object[]@50000111)
	[0]		5000131c
	[1]		5000110c
ARR 5000114b (sz=24, trace=300000, nelems=2, elem type=java.lang.Object[]@50000111)
	[0]		5000131a
	[1]		500010fb
ARR 5000114c (sz=24, trace=300000, nelems=2, elem type=java.lang.Object[]@50000111)
	[0]		50001318
	[1]		500010db
ARR 5000114d (sz=24, trace=300000, nelems=2, elem type=java.lang.Object[]@50000111)
	[0]		50001316
	[1]		500010ef
ARR 5000114e (sz=24, trace=300000, nelems=2, elem type=java.lang.Object[]@50000111)
	[0]		50001314
	[1]		5000109f
ARR 5000114f (sz=24, trace=300000, nelems=2, elem type=java.lang.Object[]@50000111)
	[0]		50001312
	[1]		500010c5
ARR 50001150 (sz=24, trace=300000, nelems=2, elem type=java.lang.Object[]@50000111)
	[0]		50001310
	[1]		50001112
ARR 50001151 (sz=24, trace=300000, nelems=2, elem type=java.lang.Object[]@50000111)
	[0]		5000130e
	[1]		500010de
ARR 50001152 (sz=24, trace=300000, nelems=2, elem type=java.lang.Object[]@50000111)
	[0]		5000130c
	[1]		500010db
ARR 50001153 (sz=24, trace=300000, nelems=2, elem type=java.lang.Object[]@50000111)
	[0]		5000130a
	[1]		500010d2
ARR 50001154 (sz=24, trace=300000, nelems=2, elem type=java.lang.Object[]@50000111)
	[0]		50001308
	[1]		500010ce
ARR 50001155 (sz=24, trace=300000, nelems=2, elem type=java.lang.Object[]@50000111)
	[0]		50001306
	[1]		500010c8
ARR 50001156 (sz=24, trace=300000, nelems=2, elem type=java.lang.Object[]@50000111)
	[0]		50001304
	[1]		500010c1
ARR 50001157 (sz=24, trace=300000, nelems=2, elem type=java.lang.Object[]@50000111)
	[0]		50001302
	[1]		500010db
ARR 50001158 (sz=24, trace=300000, nelems=2, elem type=java.lang.Object[]@50000111)
	[0]		50001300
	[1]		500010d2
ARR 50001159 (sz=24, trace=300000, nelems=2, elem type=java.lang.Object[]@50000111)
	[0]		500012fe
	[1]		500010ce
ARR 5000115a (sz=24, trace=300000, nelems=2, elem type=java.lang.Object[]@50000111)
	[0]		500012fc
	[1]		500010a7
ARR 5000115b (sz=24, trace=300000, nelems=2, elem type=java.lang.Object[]@50000111)
	[0]		500012fa
	[1]		5000109f
ARR 5000115c (sz=32, trace=300000, nelems=3, elem type=java.lang.Object[]@50000111)
	[0]		500012f5
	[1]		500010c8
	[2]		500012f6
ARR 5000115d (sz=24, trace=300000, nelems=2, elem type=java.lang.Object[]@50000111)
	[0]		500012f3
	[1]		500010db
ARR 5000115e (sz=32, trace=300000, nelems=3, elem type=java.lang.Object[]@50000111)
	[0]		500012ee
	[1]		500010c1
	[2]		500012ef
ARR 5000115f (sz=24, trace=300000, nelems=2, elem type=java.lang.Object[]@50000111)
	[0]		500012ec
	[1]		500010ce
ARR 50001160 (sz=24, trace=300000, nelems=2, elem type=java.lang.Object[]@50000111)
	[0]		500012ea
	[1]		500010de
ARR 50001161 (sz=32, trace=300000, nelems=3, elem type=java.lang.Object[]@50000111)
	[0]		500012e2
	[1]		500010b9
	[2]		500012e3
ARR 50001162 (sz=24, trace=300000, nelems=2, elem type=java.lang.Object[]@50000111)
	[0]		500012e0
	[1]		500010ce
ARR 50001163 (sz=32, trace=300000, nelems=3, elem type=java.lang.Object[]@50000111)
	[0]		500012db
	[1]		500010b0
	[2]		500012dc
ARR 50001164 (sz=24, trace=300000, nelems=2, elem type=java.lang.Object[]@50000111)
	[0]		500012d9
	[1]		500010c1
ARR 50001165 (sz=24, trace=300000, nelems=2, elem type=java.lang.Object[]@50000111)
	[0]		500012d7
	[1]		50001099
ARR 50001166 (sz=32, trace=300000, nelems=3, elem type=java.lang.Object[]@50000111)
	[0]		500012d2
	[1]		5000108e
	[2]		500012d3
ARR 50001167 (sz=32, trace=300000, nelems=3, elem type=java.lang.Object[]@50000111)
	[0]		500012cd
	[1]		5000108b
	[2]		500012ce
ARR 50001168 (sz=24, trace=300000, nelems=2, elem type=java.lang.Object[]@50000111)
	[0]		500012cb
	[1]		500010de
ARR 50001169 (sz=24, trace=300000, nelems=2, elem type=java.lang.Object[]@50000111)
	[0]		500012c9
	[1]		5000107b
ARR 5000116a (sz=24, trace=300000, nelems=2, elem type=java.lang.Object[]@50000111)
	[0]		500012c7
	[1]		500010b3
ARR 5000116b (sz=24, trace=300000, nelems=2, elem type=java.lang.Object[]@50000111)
	[0]		500012c5
	[1]		500010c1
ARR 5000116c (sz=24, trace=300000, nelems=2, elem type=java.lang.Object[]@50000111)
	[0]		500012c3
	[1]		500010c1
ARR 5000116d (sz=24, trace=300000, nelems=2, elem type=java.lang.Object[]@50000111)
	[0]		500012c1
	[1]		5000109f
ARR 5000116e (sz=24, trace=300000, nelems=2, elem type=java.lang.Object[]@50000111)
	[0]		500012bf
	[1]		500010c8
ARR 5000116f (sz=24, trace=300000, nelems=2, elem type=java.lang.Object[]@50000111)
	[0]		500012bd
	[1]		5000111a
ARR 50001170 (sz=24, trace=300000, nelems=2, elem type=java.lang.Object[]@50000111)
	[0]		500012bb
	[1]		5000110c
ARR 50001171 (sz=24, trace=300000, nelems=2, elem type=java.lang.Object[]@50000111)
	[0]		500012b9
	[1]		500010de
ARR 50001172 (sz=24, trace=300000, nelems=2, elem type=java.lang.Object[]@50000111)
	[0]		500012b7
	[1]		500010aa
ARR 50001173 (sz=24, trace=300000, nelems=2, elem type=java.lang.Object[]@50000111)
	[0]		500012b5
	[1]		500010c8
ARR 50001174 (sz=24, trace=300000, nelems=2, elem type=java.lang.Object[]@50000111)
	[0]		500012b3
	[1]		500010de
ARR 50001175 (sz=24, trace=300000, nelems=2, elem type=java.lang.Object[]@50000111)
	[0]		500012b1
	[1]		500010c5
ARR 50001176 (sz=24, trace=300000, nelems=2, elem type=java.lang.Object[]@50000111)
	[0]		500012af
	[1]		500010de
ARR 50001177 (sz=24, trace=300000, nelems=2, elem type=java.lang.Object[]@50000111)
	[0]		500012ad
	[1]		500010db
ARR 50001178 (sz=24, trace=300000, nelems=2, elem type=java.lang.Object[]@50000111)
	[0]		500012ab
	[1]		5000109c
ARR 50001179 (sz=24, trace=300000, nelems=2, elem type=java.lang.Object[]@50000111)
	[0]		5000109f
	[1]		5000109f
ARR 5000117a (sz=24, trace=300000, nelems=2, elem type=java.lang.Object[]@50000111)
	[0]		500012a9
	[1]		5000109f
ARR 5000117b (sz=24, trace=300000, nelems=2, elem type=java.lang.Object[]@50000111)
	[0]		500012a7
	[1]		500010de
ARR 5000117c (sz=24, trace=300000, nelems=2, elem type=java.lang.Object[]@50000111)
	[0]		500012a5
	[1]		500010db
ARR 5000117d (sz=24, trace=300000, nelems=2, elem type=java.lang.Object[]@50000111)
	[0]		500012a3
	[1]		500010d2
ARR 5000117e (sz=24, trace=300000, nelems=2, elem type=java.lang.Object[]@50000111)
	[0]		500012a1
	[1]		500010c1
ARR 5000117f (sz=24, trace=300000, nelems=2, elem type=java.lang.Object[]@50000111)
	[0]		5000129f
	[1]		500010d2
ARR 50001180 (sz=24, trace=300000, nelems=2, elem type=java.lang.Object[]@50000111)
	[0]		5000129d
	[1]		5000109f
ARR 50001181 (sz=24, trace=300000, nelems=2, elem type=java.lang.Object[]@50000111)
	[0]		5000129b
	[1]		500010aa
ARR 50001182 (sz=24, trace=300000, nelems=2, elem type=java.lang.Object[]@50000111)
	[0]		50001299
	[1]		5000107f
ARR 50001183 (sz=24, trace=300000, nelems=2, elem type=java.lang.Object[]@50000111)
	[0]		50001297
	[1]		500010b3
ARR 50001184 (sz=24, trace=300000, nelems=2, elem type=java.lang.Object[]@50000111)
	[0]		50001295
	[1]		500010c8
ARR 50001185 (sz=24, trace=300000, nelems=2, elem type=java.lang.Object[]@50000111)
	[0]		500010b9
	[1]		500010b9
ARR 50001186 (sz=24, trace=300000, nelems=2, elem type=java.lang.Object[]@50000111)
	[0]		500010b0
	[1]		500010b0
ARR 50001187 (sz=24, trace=300000, nelems=2, elem type=java.lang.Object[]@50000111)
	[0]		50001099
	[1]		50001099
ARR 50001188 (sz=24, trace=300000, nelems=2, elem type=java.lang.Object[]@50000111)
	[0]		5000108e
	[1]		5000108e
ARR 50001189 (sz=24, trace=300000, nelems=2, elem type=java.lang.Object[]@50000111)
	[0]		50001293
	[1]		500010bd
ARR 5000118a (sz=24, trace=300000, nelems=2, elem type=java.lang.Object[]@50000111)
	[0]		50001291
	[1]		50001112
ARR 5000118b (sz=24, trace=300000, nelems=2, elem type=java.lang.Object[]@50000111)
	[0]		5000128f
	[1]		500010b9
ARR 5000118c (sz=24, trace=300000, nelems=2, elem type=java.lang.Object[]@50000111)
	[0]		5000128d
	[1]		500010b0
ARR 5000118d (sz=24, trace=300000, nelems=2, elem type=java.lang.Object[]@50000111)
	[0]		5000128b
	[1]		50001099
ARR 5000118e (sz=24, trace=300000, nelems=2, elem type=java.lang.Object[]@50000111)
	[0]		5000111a
	[1]		5000111a
ARR 5000118f (sz=24, trace=300000, nelems=2, elem type=java.lang.Object[]@50000111)
	[0]		50001289
	[1]		5000108e
ARR 50001190 (sz=24, trace=300000, nelems=2, elem type=java.lang.Object[]@50000111)
	[0]		50001287
	[1]		500010bd
ARR 50001191 (sz=24, trace=300000, nelems=2, elem type=java.lang.Object[]@50000111)
	[0]		5000110c
	[1]		5000110c
ARR 50001192 (sz=24, trace=300000, nelems=2, elem type=java.lang.Object[]@50000111)
	[0]		50001285
	[1]		500010e4
ARR 50001193 (sz=24, trace=300000, nelems=2, elem type=java.lang.Object[]@50000111)
	[0]		50001283
	[1]		5000109c
ARR 50001194 (sz=24, trace=300000, nelems=2, elem type=java.lang.Object[]@50000111)
	[0]		50001281
	[1]		500010ef
ARR 50001195 (sz=24, trace=300000, nelems=2, elem type=java.lang.Object[]@50000111)
	[0]		5000127f
	[1]		500010ce
ARR 50001196 (sz=24, trace=300000, nelems=2, elem type=java.lang.Object[]@50000111)
	[0]		5000127d
	[1]		500010c1
ARR 50001197 (sz=24, trace=300000, nelems=2, elem type=java.lang.Object[]@50000111)
	[0]		5000127b
	[1]		5000111a
ARR 50001198 (sz=24, trace=300000, nelems=2, elem type=java.lang.Object[]@50000111)
	[0]		50001279
	[1]		5000110c
ARR 50001199 (sz=24, trace=300000, nelems=2, elem type=java.lang.Object[]@50000111)
	[0]		50001277
	[1]		500010c5
ARR 5000119a (sz=24, trace=300000, nelems=2, elem type=java.lang.Object[]@50000111)
	[0]		50001275
	[1]		50001073
ARR 5000119b (sz=24, trace=300000, nelems=2, elem type=java.lang.Object[]@50000111)
	[0]		50001273
	[1]		500010c5
ARR 5000119c (sz=24, trace=300000, nelems=2, elem type=java.lang.Object[]@50000111)
	[0]		50001271
	[1]		500010d2
ARR 5000119d (sz=24, trace=300000, nelems=2, elem type=java.lang.Object[]@50000111)
	[0]		5000126f
	[1]		500010aa
ARR 5000119e (sz=24, trace=300000, nelems=2, elem type=java.lang.Object[]@50000111)
	[0]		5000126d
	[1]		5000110f
ARR 5000119f (sz=24, trace=300000, nelems=2, elem type=java.lang.Object[]@50000111)
	[0]		5000126b
	[1]		5000108b
ARR 500011a0 (sz=24, trace=300000, nelems=2, elem type=java.lang.Object[]@50000111)
	[0]		50001269
	[1]		500010c8
ARR 500011a1 (sz=24, trace=300000, nelems=2, elem type=java.lang.Object[]@50000111)
	[0]		50001267
	[1]		500010c8
ARR 500011a2 (sz=24, trace=300000, nelems=2, elem type=java.lang.Object[]@50000111)
	[0]		50001265
	[1]		5000108e
ARR 500011a3 (sz=24, trace=300000, nelems=2, elem type=java.lang.Object[]@50000111)
	[0]		500010b3
	[1]		500010b3
ARR 500011a4 (sz=24, trace=300000, nelems=2, elem type=java.lang.Object[]@50000111)
	[0]		50001263
	[1]		50001106
ARR 500011a5 (sz=24, trace=300000, nelems=2, elem type=java.lang.Object[]@50000111)
	[0]		50001261
	[1]		50001103
ARR 500011a6 (sz=24, trace=300000, nelems=2, elem type=java.lang.Object[]@50000111)
	[0]		5000125f
	[1]		500010f8
ARR 500011a7 (sz=24, trace=300000, nelems=2, elem type=java.lang.Object[]@50000111)
	[0]		5000125d
	[1]		500010f5
ARR 500011a8 (sz=24, trace=300000, nelems=2, elem type=java.lang.Object[]@50000111)
	[0]		5000125b
	[1]		500010ec
ARR 500011a9 (sz=32, trace=300000, nelems=3, elem type=java.lang.Object[]@50000111)
	[0]		50001256
	[1]		5000111a
	[2]		50001257
ARR 500011aa (sz=32, trace=300000, nelems=3, elem type=java.lang.Object[]@50000111)
	[0]		50001251
	[1]		5000110c
	[2]		50001252
ARR 500011ab (sz=24, trace=300000, nelems=2, elem type=java.lang.Object[]@50000111)
	[0]		5000124f
	[1]		500010a7
ARR 500011ac (sz=32, trace=300000, nelems=3, elem type=java.lang.Object[]@50000111)
	[0]		5000124a
	[1]		5000109f
	[2]		5000124b
ARR 500011ad (sz=24, trace=300000, nelems=2, elem type=java.lang.Object[]@50000111)
	[0]		50001248
	[1]		5000107f
ARR 500011ae (sz=24, trace=300000, nelems=2, elem type=java.lang.Object[]@50000111)
	[0]		50001246
	[1]		500010b3
ARR 500011af (sz=24, trace=300000, nelems=2, elem type=java.lang.Object[]@50000111)
	[0]		50001244
	[1]		5000108b
ARR 500011b0 (sz=24, trace=300000, nelems=2, elem type=java.lang.Object[]@50000111)
	[0]		50001242
	[1]		500010a7
ARR 500011b1 (sz=24, trace=300000, nelems=2, elem type=java.lang.Object[]@50000111)
	[0]		50001240
	[1]		500010aa
ARR 500011b2 (sz=24, trace=300000, nelems=2, elem type=java.lang.Object[]@50000111)
	[0]		5000123e
	[1]		5000109f
ARR 500011b3 (sz=24, trace=300000, nelems=2, elem type=java.lang.Object[]@50000111)
	[0]		5000109c
	[1]		5000109c
ARR 500011b4 (sz=24, trace=300000, nelems=2, elem type=java.lang.Object[]@50000111)
	[0]		5000123c
	[1]		500010aa
ARR 500011b5 (sz=24, trace=300000, nelems=2, elem type=java.lang.Object[]@50000111)
	[0]		5000123a
	[1]		500010e4
ARR 500011b6 (sz=24, trace=300000, nelems=2, elem type=java.lang.Object[]@50000111)
	[0]		50001238
	[1]		5000109c
ARR 500011b7 (sz=24, trace=300000, nelems=2, elem type=java.lang.Object[]@50000111)
	[0]		50001236
	[1]		500010a7
ARR 500011b8 (sz=24, trace=300000, nelems=2, elem type=java.lang.Object[]@50000111)
	[0]		50001234
	[1]		5000109f
ARR 500011b9 (sz=24, trace=300000, nelems=2, elem type=java.lang.Object[]@50000111)
	[0]		50001232
	[1]		500010ce
ARR 500011ba (sz=24, trace=300000, nelems=2, elem type=java.lang.Object[]@50000111)
	[0]		50001230
	[1]		500010ef
ARR 500011bb (sz=24, trace=300000, nelems=2, elem type=java.lang.Object[]@50000111)
	[0]		5000122e
	[1]		500010c8
ARR 500011bc (sz=24, trace=300000, nelems=2, elem type=java.lang.Object[]@50000111)
	[0]		5000122c
	[1]		500010aa
ARR 500011bd (sz=24, trace=300000, nelems=2, elem type=java.lang.Object[]@50000111)
	[0]		5000122a
	[1]		500010de
ARR 500011be (sz=24, trace=300000, nelems=2, elem type=java.lang.Object[]@50000111)
	[0]		50001228
	[1]		500010db
ARR 500011bf (sz=24, trace=300000, nelems=2, elem type=java.lang.Object[]@50000111)
	[0]		50001226
	[1]		5000107b
ARR 500011c0 (sz=24, trace=300000, nelems=2, elem type=java.lang.Object[]@50000111)
	[0]		50001224
	[1]		500010d2
ARR 500011c1 (sz=24, trace=300000, nelems=2, elem type=java.lang.Object[]@50000111)
	[0]		50001222
	[1]		500010ce
ARR 500011c2 (sz=24, trace=300000, nelems=2, elem type=java.lang.Object[]@50000111)
	[0]		50001220
	[1]		500010c8
ARR 500011c3 (sz=24, trace=300000, nelems=2, elem type=java.lang.Object[]@50000111)
	[0]		5000121e
	[1]		500010c1
ARR 500011c4 (sz=24, trace=300000, nelems=2, elem type=java.lang.Object[]@50000111)
	[0]		5000121c
	[1]		5000108b
ARR 500011c5 (sz=24, trace=300000, nelems=2, elem type=java.lang.Object[]@50000111)
	[0]		5000121a
	[1]		5000111a
ARR 500011c6 (sz=24, trace=300000, nelems=2, elem type=java.lang.Object[]@50000111)
	[0]		50001218
	[1]		500010aa
ARR 500011c7 (sz=24, trace=300000, nelems=2, elem type=java.lang.Object[]@50000111)
	[0]		50001216
	[1]		500010de
ARR 500011c8 (sz=32, trace=300000, nelems=3, elem type=java.lang.Object[]@50000111)
	[0]		50001211
	[1]		500010db
	[2]		50001212
ARR 500011c9 (sz=24, trace=300000, nelems=2, elem type=java.lang.Object[]@50000111)
	[0]		5000120f
	[1]		500010c8
ARR 500011ca (sz=24, trace=300000, nelems=2, elem type=java.lang.Object[]@50000111)
	[0]		5000120d
	[1]		500010d2
ARR 500011cb (sz=24, trace=300000, nelems=2, elem type=java.lang.Object[]@50000111)
	[0]		5000120b
	[1]		500010ce
ARR 500011cc (sz=32, trace=300000, nelems=3, elem type=java.lang.Object[]@50000111)
	[0]		50001206
	[1]		500010b0
	[2]		50001207
ARR 500011cd (sz=24, trace=300000, nelems=2, elem type=java.lang.Object[]@50000111)
	[0]		50001204
	[1]		500010c1
ARR 500011ce (sz=24, trace=300000, nelems=2, elem type=java.lang.Object[]@50000111)
	[0]		50001202
	[1]		50001099
ARR 500011cf (sz=24, trace=300000, nelems=2, elem type=java.lang.Object[]@50000111)
	[0]		50001200
	[1]		5000109c
ARR 500011d0 (sz=24, trace=300000, nelems=2, elem type=java.lang.Object[]@50000111)
	[0]		500011fe
	[1]		500010aa
ARR 500011d1 (sz=24, trace=300000, nelems=2, elem type=java.lang.Object[]@50000111)
	[0]		500011fc
	[1]		50001083
ARR 500011d2 (sz=24, trace=300000, nelems=2, elem type=java.lang.Object[]@50000111)
	[0]		500011fa
	[1]		500010d5
ARR 500011d3 (sz=24, trace=300000, nelems=2, elem type=java.lang.Object[]@50000111)
	[0]		500011f8
	[1]		500010aa
ARR 500011d4 (sz=24, trace=300000, nelems=2, elem type=java.lang.Object[]@50000111)
	[0]		500011f6
	[1]		50001106
ARR 500011d5 (sz=24, trace=300000, nelems=2, elem type=java.lang.Object[]@50000111)
	[0]		500011f4
	[1]		50001103
ARR 500011d6 (sz=24, trace=300000, nelems=2, elem type=java.lang.Object[]@50000111)
	[0]		500011f2
	[1]		500010f8
ARR 500011d7 (sz=24, trace=300000, nelems=2, elem type=java.lang.Object[]@50000111)
	[0]		500011f0
	[1]		500010f5
ARR 500011d8 (sz=24, trace=300000, nelems=2, elem type=java.lang.Object[]@50000111)
	[0]		500011ee
	[1]		500010aa
ARR 500011d9 (sz=24, trace=300000, nelems=2, elem type=java.lang.Object[]@50000111)
	[0]		500011ec
	[1]		500010ec
ARR 500011da (sz=24, trace=300000, nelems=2, elem type=java.lang.Object[]@50000111)
	[0]		500011ea
	[1]		500010e8
ARR 500011db (sz=24, trace=300000, nelems=2, elem type=java.lang.Object[]@50000111)
	[0]		500011e8
	[1]		50001073
ARR 500011dc (sz=24, trace=300000, nelems=2, elem type=java.lang.Object[]@50000111)
	[0]		500011e6
	[1]		500010ef
ARR 500011dd (sz=24, trace=300000, nelems=2, elem type=java.lang.Object[]@50000111)
	[0]		500011e4
	[1]		500010b9
ARR 500011de (sz=24, trace=300000, nelems=2, elem type=java.lang.Object[]@50000111)
	[0]		500011e2
	[1]		50001091
ARR 500011df (sz=24, trace=300000, nelems=2, elem type=java.lang.Object[]@50000111)
	[0]		500011e0
	[1]		5000110f
OBJ 500011e0 (sz=24, trace=300000, class=java.lang.String@50000168)
	value		500011e1
ARR 500011e1 (sz=12, trace=300000, nelems=6, elem type=char[])
OBJ 500011e2 (sz=24, trace=300000, class=java.lang.String@50000168)
	value		500011e3
ARR 500011e3 (sz=24, trace=300000, nelems=12, elem type=char[])
OBJ 500011e4 (sz=24, trace=300000, class=java.lang.String@50000168)
	value		500011e5
ARR 500011e5 (sz=38, trace=300000, nelems=19, elem type=char[])
OBJ 500011e6 (sz=24, trace=300000, class=java.lang.String@50000168)
	value		500011e7
ARR 500011e7 (sz=12, trace=300000, nelems=6, elem type=char[])
OBJ 500011e8 (sz=24, trace=300000, class=java.lang.String@50000168)
	value		500011e9
ARR 500011e9 (sz=16, trace=300000, nelems=8, elem type=char[])
OBJ 500011ea (sz=24, trace=300000, class=java.lang.String@50000168)
	value		500011eb
ARR 500011eb (sz=12, trace=300000, nelems=6, elem type=char[])
OBJ 500011ec (sz=24, trace=300000, class=java.lang.String@50000168)
	value		500011ed
ARR 500011ed (sz=12, trace=300000, nelems=6, elem type=char[])
OBJ 500011ee (sz=24, trace=300000, class=java.lang.String@50000168)
	value		500011ef
ARR 500011ef (sz=32, trace=300000, nelems=16, elem type=char[])
OBJ 500011f0 (sz=24, trace=300000, class=java.lang.String@50000168)
	value		500011f1
ARR 500011f1 (sz=12, trace=300000, nelems=6, elem type=char[])
OBJ 500011f2 (sz=24, trace=300000, class=java.lang.String@50000168)
	value		500011f3
ARR 500011f3 (sz=12, trace=300000, nelems=6, elem type=char[])
OBJ 500011f4 (sz=24, trace=300000, class=java.lang.String@50000168)
	value		500011f5
ARR 500011f5 (sz=12, trace=300000, nelems=6, elem type=char[])
OBJ 500011f6 (sz=24, trace=300000, class=java.lang.String@50000168)
	value		500011f7
ARR 500011f7 (sz=12, trace=300000, nelems=6, elem type=char[])
OBJ 500011f8 (sz=24, trace=300000, class=java.lang.String@50000168)
	value		500011f9
ARR 500011f9 (sz=32, trace=300000, nelems=16, elem type=char[])
OBJ 500011fa (sz=24, trace=300000, class=java.lang.String@50000168)
	value		500011fb
ARR 500011fb (sz=8, trace=300000, nelems=4, elem type=char[])
OBJ 500011fc (sz=24, trace=300000, class=java.lang.String@50000168)
	value		500011fd
ARR 500011fd (sz=16, trace=300000, nelems=8, elem type=char[])
OBJ 500011fe (sz=24, trace=300000, class=java.lang.String@50000168)
	value		500011ff
ARR 500011ff (sz=10, trace=300000, nelems=5, elem type=char[])
OBJ 50001200 (sz=24, trace=300000, class=java.lang.String@50000168)
	value		50001201
ARR 50001201 (sz=22, trace=300000, nelems=11, elem type=char[])
OBJ 50001202 (sz=24, trace=300000, class=java.lang.String@50000168)
	value		50001203
ARR 50001203 (sz=16, trace=300000, nelems=8, elem type=char[])
OBJ 50001204 (sz=24, trace=300000, class=java.lang.String@50000168)
	value		50001205
ARR 50001205 (sz=20, trace=300000, nelems=10, elem type=char[])
OBJ 50001206 (sz=24, trace=300000, class=java.lang.String@50000168)
	value		5000120a
ARR 50001207 (sz=24, trace=300000, nelems=2, elem type=java.lang.Object[]@50000111)
	[0]		50001208
	[1]		500010c8
OBJ 50001208 (sz=24, trace=300000, class=java.lang.String@50000168)
	value		50001209
ARR 50001209 (sz=20, trace=300000, nelems=10, elem type=char[])
ARR 5000120a (sz=16, trace=300000, nelems=8, elem type=char[])
OBJ 5000120b (sz=24, trace=300000, class=java.lang.String@50000168)
	value		5000120c
ARR 5000120c (sz=20, trace=300000, nelems=10, elem type=char[])
OBJ 5000120d (sz=24, trace=300000, class=java.lang.String@50000168)
	value		5000120e
ARR 5000120e (sz=20, trace=300000, nelems=10, elem type=char[])
OBJ 5000120f (sz=24, trace=300000, class=java.lang.String@50000168)
	value		50001210
ARR 50001210 (sz=24, trace=300000, nelems=12, elem type=char[])
OBJ 50001211 (sz=24, trace=300000, class=java.lang.String@50000168)
	value		50001215
ARR 50001212 (sz=24, trace=300000, nelems=2, elem type=java.lang.Object[]@50000111)
	[0]		50001213
	[1]		500010e4
OBJ 50001213 (sz=24, trace=300000, class=java.lang.String@50000168)
	value		50001214
ARR 50001214 (sz=20, trace=300000, nelems=10, elem type=char[])
ARR 50001215 (sz=20, trace=300000, nelems=10, elem type=char[])
OBJ 50001216 (sz=24, trace=300000, class=java.lang.String@50000168)
	value		50001217
ARR 50001217 (sz=20, trace=300000, nelems=10, elem type=char[])
OBJ 50001218 (sz=24, trace=300000, class=java.lang.String@50000168)
	value		50001219
ARR 50001219 (sz=12, trace=300000, nelems=6, elem type=char[])
OBJ 5000121a (sz=24, trace=300000, class=java.lang.String@50000168)
	value		5000121b
ARR 5000121b (sz=36, trace=300000, nelems=18, elem type=char[])
OBJ 5000121c (sz=24, trace=300000, class=java.lang.String@50000168)
	value		5000121d
ARR 5000121d (sz=20, trace=300000, nelems=10, elem type=char[])
OBJ 5000121e (sz=24, trace=300000, class=java.lang.String@50000168)
	value		5000121f
ARR 5000121f (sz=18, trace=300000, nelems=9, elem type=char[])
OBJ 50001220 (sz=24, trace=300000, class=java.lang.String@50000168)
	value		50001221
ARR 50001221 (sz=18, trace=300000, nelems=9, elem type=char[])
OBJ 50001222 (sz=24, trace=300000, class=java.lang.String@50000168)
	value		50001223
ARR 50001223 (sz=18, trace=300000, nelems=9, elem type=char[])
OBJ 50001224 (sz=24, trace=300000, class=java.lang.String@50000168)
	value		50001225
ARR 50001225 (sz=18, trace=300000, nelems=9, elem type=char[])
OBJ 50001226 (sz=24, trace=300000, class=java.lang.String@50000168)
	value		50001227
ARR 50001227 (sz=14, trace=300000, nelems=7, elem type=char[])
OBJ 50001228 (sz=24, trace=300000, class=java.lang.String@50000168)
	value		50001229
ARR 50001229 (sz=18, trace=300000, nelems=9, elem type=char[])
OBJ 5000122a (sz=24, trace=300000, class=java.lang.String@50000168)
	value		5000122b
ARR 5000122b (sz=18, trace=300000, nelems=9, elem type=char[])
OBJ 5000122c (sz=24, trace=300000, class=java.lang.String@50000168)
	value		5000122d
ARR 5000122d (sz=12, trace=300000, nelems=6, elem type=char[])
OBJ 5000122e (sz=24, trace=300000, class=java.lang.String@50000168)
	value		5000122f
ARR 5000122f (sz=10, trace=300000, nelems=5, elem type=char[])
OBJ 50001230 (sz=24, trace=300000, class=java.lang.String@50000168)
	value		50001231
ARR 50001231 (sz=14, trace=300000, nelems=7, elem type=char[])
OBJ 50001232 (sz=24, trace=300000, class=java.lang.String@50000168)
	value		50001233
ARR 50001233 (sz=30, trace=300000, nelems=15, elem type=char[])
OBJ 50001234 (sz=24, trace=300000, class=java.lang.String@50000168)
	value		50001235
ARR 50001235 (sz=20, trace=300000, nelems=10, elem type=char[])
OBJ 50001236 (sz=24, trace=300000, class=java.lang.String@50000168)
	value		50001237
ARR 50001237 (sz=20, trace=300000, nelems=10, elem type=char[])
OBJ 50001238 (sz=24, trace=300000, class=java.lang.String@50000168)
	value		50001239
ARR 50001239 (sz=14, trace=300000, nelems=7, elem type=char[])
OBJ 5000123a (sz=24, trace=300000, class=java.lang.String@50000168)
	value		5000123b
ARR 5000123b (sz=30, trace=300000, nelems=15, elem type=char[])
OBJ 5000123c (sz=24, trace=300000, class=java.lang.String@50000168)
	value		5000123d
ARR 5000123d (sz=10, trace=300000, nelems=5, elem type=char[])
OBJ 5000123e (sz=24, trace=300000, class=java.lang.String@50000168)
	value		5000123f
ARR 5000123f (sz=14, trace=300000, nelems=7, elem type=char[])
OBJ 50001240 (sz=24, trace=300000, class=java.lang.String@50000168)
	value		50001241
ARR 50001241 (sz=4, trace=300000, nelems=2, elem type=char[])
OBJ 50001242 (sz=24, trace=300000, class=java.lang.String@50000168)
	value		50001243
ARR 50001243 (sz=14, trace=300000, nelems=7, elem type=char[])
OBJ 50001244 (sz=24, trace=300000, class=java.lang.String@50000168)
	value		50001245
ARR 50001245 (sz=14, trace=300000, nelems=7, elem type=char[])
OBJ 50001246 (sz=24, trace=300000, class=java.lang.String@50000168)
	value		50001247
ARR 50001247 (sz=14, trace=300000, nelems=7, elem type=char[])
OBJ 50001248 (sz=24, trace=300000, class=java.lang.String@50000168)
	value		50001249
ARR 50001249 (sz=24, trace=300000, nelems=12, elem type=char[])
OBJ 5000124a (sz=24, trace=300000, class=java.lang.String@50000168)
	value		5000124e
ARR 5000124b (sz=24, trace=300000, nelems=2, elem type=java.lang.Object[]@50000111)
	[0]		5000124c
	[1]		500010fb
OBJ 5000124c (sz=24, trace=300000, class=java.lang.String@50000168)
	value		5000124d
ARR 5000124d (sz=16, trace=300000, nelems=8, elem type=char[])
ARR 5000124e (sz=20, trace=300000, nelems=10, elem type=char[])
OBJ 5000124f (sz=24, trace=300000, class=java.lang.String@50000168)
	value		50001250
ARR 50001250 (sz=20, trace=300000, nelems=10, elem type=char[])
OBJ 50001251 (sz=24, trace=300000, class=java.lang.String@50000168)
	value		50001255
ARR 50001252 (sz=24, trace=300000, nelems=2, elem type=java.lang.Object[]@50000111)
	[0]		50001253
	[1]		50001083
OBJ 50001253 (sz=24, trace=300000, class=java.lang.String@50000168)
	value		50001254
ARR 50001254 (sz=10, trace=300000, nelems=5, elem type=char[])
ARR 50001255 (sz=16, trace=300000, nelems=8, elem type=char[])
OBJ 50001256 (sz=24, trace=300000, class=java.lang.String@50000168)
	value		5000125a
ARR 50001257 (sz=24, trace=300000, nelems=2, elem type=java.lang.Object[]@50000111)
	[0]		50001258
	[1]		500010e8
OBJ 50001258 (sz=24, trace=300000, class=java.lang.String@50000168)
	value		50001259
ARR 50001259 (sz=12, trace=300000, nelems=6, elem type=char[])
ARR 5000125a (sz=16, trace=300000, nelems=8, elem type=char[])
OBJ 5000125b (sz=24, trace=300000, class=java.lang.String@50000168)
	value		5000125c
ARR 5000125c (sz=12, trace=300000, nelems=6, elem type=char[])
OBJ 5000125d (sz=24, trace=300000, class=java.lang.String@50000168)
	value		5000125e
ARR 5000125e (sz=12, trace=300000, nelems=6, elem type=char[])
OBJ 5000125f (sz=24, trace=300000, class=java.lang.String@50000168)
	value		50001260
ARR 50001260 (sz=12, trace=300000, nelems=6, elem type=char[])
OBJ 50001261 (sz=24, trace=300000, class=java.lang.String@50000168)
	value		50001262
ARR 50001262 (sz=12, trace=300000, nelems=6, elem type=char[])
OBJ 50001263 (sz=24, trace=300000, class=java.lang.String@50000168)
	value		50001264
ARR 50001264 (sz=12, trace=300000, nelems=6, elem type=char[])
OBJ 50001265 (sz=24, trace=300000, class=java.lang.String@50000168)
	value		50001266
ARR 50001266 (sz=16, trace=300000, nelems=8, elem type=char[])
OBJ 50001267 (sz=24, trace=300000, class=java.lang.String@50000168)
	value		50001268
ARR 50001268 (sz=30, trace=300000, nelems=15, elem type=char[])
OBJ 50001269 (sz=24, trace=300000, class=java.lang.String@50000168)
	value		5000126a
ARR 5000126a (sz=16, trace=300000, nelems=8, elem type=char[])
OBJ 5000126b (sz=24, trace=300000, class=java.lang.String@50000168)
	value		5000126c
ARR 5000126c (sz=48, trace=300000, nelems=24, elem type=char[])
OBJ 5000126d (sz=24, trace=300000, class=java.lang.String@50000168)
	value		5000126e
ARR 5000126e (sz=10, trace=300000, nelems=5, elem type=char[])
OBJ 5000126f (sz=24, trace=300000, class=java.lang.String@50000168)
	value		50001270
ARR 50001270 (sz=14, trace=300000, nelems=7, elem type=char[])
OBJ 50001271 (sz=24, trace=300000, class=java.lang.String@50000168)
	value		50001272
ARR 50001272 (sz=30, trace=300000, nelems=15, elem type=char[])
OBJ 50001273 (sz=24, trace=300000, class=java.lang.String@50000168)
	value		50001274
ARR 50001274 (sz=14, trace=300000, nelems=7, elem type=char[])
OBJ 50001275 (sz=24, trace=300000, class=java.lang.String@50000168)
	value		50001276
ARR 50001276 (sz=20, trace=300000, nelems=10, elem type=char[])
OBJ 50001277 (sz=24, trace=300000, class=java.lang.String@50000168)
	value		50001278
ARR 50001278 (sz=12, trace=300000, nelems=6, elem type=char[])
OBJ 50001279 (sz=24, trace=300000, class=java.lang.String@50000168)
	value		5000127a
ARR 5000127a (sz=14, trace=300000, nelems=7, elem type=char[])
OBJ 5000127b (sz=24, trace=300000, class=java.lang.String@50000168)
	value		5000127c
ARR 5000127c (sz=14, trace=300000, nelems=7, elem type=char[])
OBJ 5000127d (sz=24, trace=300000, class=java.lang.String@50000168)
	value		5000127e
ARR 5000127e (sz=20, trace=300000, nelems=10, elem type=char[])
OBJ 5000127f (sz=24, trace=300000, class=java.lang.String@50000168)
	value		50001280
ARR 50001280 (sz=20, trace=300000, nelems=10, elem type=char[])
OBJ 50001281 (sz=24, trace=300000, class=java.lang.String@50000168)
	value		50001282
ARR 50001282 (sz=10, trace=300000, nelems=5, elem type=char[])
OBJ 50001283 (sz=24, trace=300000, class=java.lang.String@50000168)
	value		50001284
ARR 50001284 (sz=10, trace=300000, nelems=5, elem type=char[])
OBJ 50001285 (sz=24, trace=300000, class=java.lang.String@50000168)
	value		50001286
ARR 50001286 (sz=36, trace=300000, nelems=18, elem type=char[])
OBJ 50001287 (sz=24, trace=300000, class=java.lang.String@50000168)
	value		50001288
ARR 50001288 (sz=14, trace=300000, nelems=7, elem type=char[])
OBJ 50001289 (sz=24, trace=300000, class=java.lang.String@50000168)
	value		5000128a
ARR 5000128a (sz=14, trace=300000, nelems=7, elem type=char[])
OBJ 5000128b (sz=24, trace=300000, class=java.lang.String@50000168)
	value		5000128c
ARR 5000128c (sz=14, trace=300000, nelems=7, elem type=char[])
OBJ 5000128d (sz=24, trace=300000, class=java.lang.String@50000168)
	value		5000128e
ARR 5000128e (sz=14, trace=300000, nelems=7, elem type=char[])
OBJ 5000128f (sz=24, trace=300000, class=java.lang.String@50000168)
	value		50001290
ARR 50001290 (sz=14, trace=300000, nelems=7, elem type=char[])
OBJ 50001291 (sz=24, trace=300000, class=java.lang.String@50000168)
	value		50001292
ARR 50001292 (sz=16, trace=300000, nelems=8, elem type=char[])
OBJ 50001293 (sz=24, trace=300000, class=java.lang.String@50000168)
	value		50001294
ARR 50001294 (sz=12, trace=300000, nelems=6, elem type=char[])
OBJ 50001295 (sz=24, trace=300000, class=java.lang.String@50000168)
	value		50001296
ARR 50001296 (sz=20, trace=300000, nelems=10, elem type=char[])
OBJ 50001297 (sz=24, trace=300000, class=java.lang.String@50000168)
	value		50001298
ARR 50001298 (sz=10, trace=300000, nelems=5, elem type=char[])
OBJ 50001299 (sz=24, trace=300000, class=java.lang.String@50000168)
	value		5000129a
ARR 5000129a (sz=24, trace=300000, nelems=12, elem type=char[])
OBJ 5000129b (sz=24, trace=300000, class=java.lang.String@50000168)
	value		5000129c
ARR 5000129c (sz=28, trace=300000, nelems=14, elem type=char[])
OBJ 5000129d (sz=24, trace=300000, class=java.lang.String@50000168)
	value		5000129e
ARR 5000129e (sz=12, trace=300000, nelems=6, elem type=char[])
OBJ 5000129f (sz=24, trace=300000, class=java.lang.String@50000168)
	value		500012a0
ARR 500012a0 (sz=20, trace=300000, nelems=10, elem type=char[])
OBJ 500012a1 (sz=24, trace=300000, class=java.lang.String@50000168)
	value		500012a2
ARR 500012a2 (sz=12, trace=300000, nelems=6, elem type=char[])
OBJ 500012a3 (sz=24, trace=300000, class=java.lang.String@50000168)
	value		500012a4
ARR 500012a4 (sz=12, trace=300000, nelems=6, elem type=char[])
OBJ 500012a5 (sz=24, trace=300000, class=java.lang.String@50000168)
	value		500012a6
ARR 500012a6 (sz=12, trace=300000, nelems=6, elem type=char[])
OBJ 500012a7 (sz=24, trace=300000, class=java.lang.String@50000168)
	value		500012a8
ARR 500012a8 (sz=12, trace=300000, nelems=6, elem type=char[])
OBJ 500012a9 (sz=24, trace=300000, class=java.lang.String@50000168)
	value		500012aa
ARR 500012aa (sz=12, trace=300000, nelems=6, elem type=char[])
OBJ 500012ab (sz=24, trace=300000, class=java.lang.String@50000168)
	value		500012ac
ARR 500012ac (sz=6, trace=300000, nelems=3, elem type=char[])
OBJ 500012ad (sz=24, trace=300000, class=java.lang.String@50000168)
	value		500012ae
ARR 500012ae (sz=20, trace=300000, nelems=10, elem type=char[])
OBJ 500012af (sz=24, trace=300000, class=java.lang.String@50000168)
	value		500012b0
ARR 500012b0 (sz=20, trace=300000, nelems=10, elem type=char[])
OBJ 500012b1 (sz=24, trace=300000, class=java.lang.String@50000168)
	value		500012b2
ARR 500012b2 (sz=10, trace=300000, nelems=5, elem type=char[])
OBJ 500012b3 (sz=24, trace=300000, class=java.lang.String@50000168)
	value		500012b4
ARR 500012b4 (sz=14, trace=300000, nelems=7, elem type=char[])
OBJ 500012b5 (sz=24, trace=300000, class=java.lang.String@50000168)
	value		500012b6
ARR 500012b6 (sz=14, trace=300000, nelems=7, elem type=char[])
OBJ 500012b7 (sz=24, trace=300000, class=java.lang.String@50000168)
	value		500012b8
ARR 500012b8 (sz=28, trace=300000, nelems=14, elem type=char[])
OBJ 500012b9 (sz=24, trace=300000, class=java.lang.String@50000168)
	value		500012ba
ARR 500012ba (sz=12, trace=300000, nelems=6, elem type=char[])
OBJ 500012bb (sz=24, trace=300000, class=java.lang.String@50000168)
	value		500012bc
ARR 500012bc (sz=10, trace=300000, nelems=5, elem type=char[])
OBJ 500012bd (sz=24, trace=300000, class=java.lang.String@50000168)
	value		500012be
ARR 500012be (sz=10, trace=300000, nelems=5, elem type=char[])
OBJ 500012bf (sz=24, trace=300000, class=java.lang.String@50000168)
	value		500012c0
ARR 500012c0 (sz=12, trace=300000, nelems=6, elem type=char[])
OBJ 500012c1 (sz=24, trace=300000, class=java.lang.String@50000168)
	value		500012c2
ARR 500012c2 (sz=14, trace=300000, nelems=7, elem type=char[])
OBJ 500012c3 (sz=24, trace=300000, class=java.lang.String@50000168)
	value		500012c4
ARR 500012c4 (sz=14, trace=300000, nelems=7, elem type=char[])
OBJ 500012c5 (sz=24, trace=300000, class=java.lang.String@50000168)
	value		500012c6
ARR 500012c6 (sz=30, trace=300000, nelems=15, elem type=char[])
OBJ 500012c7 (sz=24, trace=300000, class=java.lang.String@50000168)
	value		500012c8
ARR 500012c8 (sz=6, trace=300000, nelems=3, elem type=char[])
OBJ 500012c9 (sz=24, trace=300000, class=java.lang.String@50000168)
	value		500012ca
ARR 500012ca (sz=8, trace=300000, nelems=4, elem type=char[])
OBJ 500012cb (sz=24, trace=300000, class=java.lang.String@50000168)
	value		500012cc
ARR 500012cc (sz=20, trace=300000, nelems=10, elem type=char[])
OBJ 500012cd (sz=24, trace=300000, class=java.lang.String@50000168)
	value		500012d1
ARR 500012ce (sz=24, trace=300000, nelems=2, elem type=java.lang.Object[]@50000111)
	[0]		500012cf
	[1]		500010bd
OBJ 500012cf (sz=24, trace=300000, class=java.lang.String@50000168)
	value		500012d0
ARR 500012d0 (sz=10, trace=300000, nelems=5, elem type=char[])
ARR 500012d1 (sz=10, trace=300000, nelems=5, elem type=char[])
OBJ 500012d2 (sz=24, trace=300000, class=java.lang.String@50000168)
	value		500012d6
ARR 500012d3 (sz=24, trace=300000, nelems=2, elem type=java.lang.Object[]@50000111)
	[0]		500012d4
	[1]		5000109f
OBJ 500012d4 (sz=24, trace=300000, class=java.lang.String@50000168)
	value		500012d5
ARR 500012d5 (sz=4, trace=300000, nelems=2, elem type=char[])
ARR 500012d6 (sz=10, trace=300000, nelems=5, elem type=char[])
OBJ 500012d7 (sz=24, trace=300000, class=java.lang.String@50000168)
	value		500012d8
ARR 500012d8 (sz=10, trace=300000, nelems=5, elem type=char[])
OBJ 500012d9 (sz=24, trace=300000, class=java.lang.String@50000168)
	value		500012da
ARR 500012da (sz=4, trace=300000, nelems=2, elem type=char[])
OBJ 500012db (sz=24, trace=300000, class=java.lang.String@50000168)
	value		500012df
ARR 500012dc (sz=24, trace=300000, nelems=2, elem type=java.lang.Object[]@50000111)
	[0]		500012dd
	[1]		500010d2
OBJ 500012dd (sz=24, trace=300000, class=java.lang.String@50000168)
	value		500012de
ARR 500012de (sz=4, trace=300000, nelems=2, elem type=char[])
ARR 500012df (sz=10, trace=300000, nelems=5, elem type=char[])
OBJ 500012e0 (sz=24, trace=300000, class=java.lang.String@50000168)
	value		500012e1
ARR 500012e1 (sz=16, trace=300000, nelems=8, elem type=char[])
OBJ 500012e2 (sz=24, trace=300000, class=java.lang.String@50000168)
	value		500012e9
ARR 500012e3 (sz=32, trace=300000, nelems=3, elem type=java.lang.Object[]@50000111)
	[0]		500012e4
	[1]		5000109f
	[2]		500012e5
OBJ 500012e4 (sz=24, trace=300000, class=java.lang.String@50000168)
	value		500012e8
ARR 500012e5 (sz=24, trace=300000, nelems=2, elem type=java.lang.Object[]@50000111)
	[0]		500012e6
	[1]		500010db
OBJ 500012e6 (sz=24, trace=300000, class=java.lang.String@50000168)
	value		500012e7
ARR 500012e7 (sz=4, trace=300000, nelems=2, elem type=char[])
ARR 500012e8 (sz=12, trace=300000, nelems=6, elem type=char[])
ARR 500012e9 (sz=10, trace=300000, nelems=5, elem type=char[])
OBJ 500012ea (sz=24, trace=300000, class=java.lang.String@50000168)
	value		500012eb
ARR 500012eb (sz=4, trace=300000, nelems=2, elem type=char[])
OBJ 500012ec (sz=24, trace=300000, class=java.lang.String@50000168)
	value		500012ed
ARR 500012ed (sz=14, trace=300000, nelems=7, elem type=char[])
OBJ 500012ee (sz=24, trace=300000, class=java.lang.String@50000168)
	value		500012f2
ARR 500012ef (sz=24, trace=300000, nelems=2, elem type=java.lang.Object[]@50000111)
	[0]		500012f0
	[1]		500010d2
OBJ 500012f0 (sz=24, trace=300000, class=java.lang.String@50000168)
	value		500012f1
ARR 500012f1 (sz=14, trace=300000, nelems=7, elem type=char[])
ARR 500012f2 (sz=12, trace=300000, nelems=6, elem type=char[])
OBJ 500012f3 (sz=24, trace=300000, class=java.lang.String@50000168)
	value		500012f4
ARR 500012f4 (sz=14, trace=300000, nelems=7, elem type=char[])
OBJ 500012f5 (sz=24, trace=300000, class=java.lang.String@50000168)
	value		500012f9
ARR 500012f6 (sz=24, trace=300000, nelems=2, elem type=java.lang.Object[]@50000111)
	[0]		500012f7
	[1]		500010aa
OBJ 500012f7 (sz=24, trace=300000, class=java.lang.String@50000168)
	value		500012f8
ARR 500012f8 (sz=6, trace=300000, nelems=3, elem type=char[])
ARR 500012f9 (sz=12, trace=300000, nelems=6, elem type=char[])
OBJ 500012fa (sz=24, trace=300000, class=java.lang.String@50000168)
	value		500012fb
ARR 500012fb (sz=22, trace=300000, nelems=11, elem type=char[])
OBJ 500012fc (sz=24, trace=300000, class=java.lang.String@50000168)
	value		500012fd
ARR 500012fd (sz=22, trace=300000, nelems=11, elem type=char[])
OBJ 500012fe (sz=24, trace=300000, class=java.lang.String@50000168)
	value		500012ff
ARR 500012ff (sz=12, trace=300000, nelems=6, elem type=char[])
OBJ 50001300 (sz=24, trace=300000, class=java.lang.String@50000168)
	value		50001301
ARR 50001301 (sz=12, trace=300000, nelems=6, elem type=char[])
OBJ 50001302 (sz=24, trace=300000, class=java.lang.String@50000168)
	value		50001303
ARR 50001303 (sz=12, trace=300000, nelems=6, elem type=char[])
OBJ 50001304 (sz=24, trace=300000, class=java.lang.String@50000168)
	value		50001305
ARR 50001305 (sz=18, trace=300000, nelems=9, elem type=char[])
OBJ 50001306 (sz=24, trace=300000, class=java.lang.String@50000168)
	value		50001307
ARR 50001307 (sz=18, trace=300000, nelems=9, elem type=char[])
OBJ 50001308 (sz=24, trace=300000, class=java.lang.String@50000168)
	value		50001309
ARR 50001309 (sz=18, trace=300000, nelems=9, elem type=char[])
OBJ 5000130a (sz=24, trace=300000, class=java.lang.String@50000168)
	value		5000130b
ARR 5000130b (sz=18, trace=300000, nelems=9, elem type=char[])
OBJ 5000130c (sz=24, trace=300000, class=java.lang.String@50000168)
	value		5000130d
ARR 5000130d (sz=18, trace=300000, nelems=9, elem type=char[])
OBJ 5000130e (sz=24, trace=300000, class=java.lang.String@50000168)
	value		5000130f
ARR 5000130f (sz=18, trace=300000, nelems=9, elem type=char[])
OBJ 50001310 (sz=24, trace=300000, class=java.lang.String@50000168)
	value		50001311
ARR 50001311 (sz=42, trace=300000, nelems=21, elem type=char[])
OBJ 50001312 (sz=24, trace=300000, class=java.lang.String@50000168)
	value		50001313
ARR 50001313 (sz=6, trace=300000, nelems=3, elem type=char[])
OBJ 50001314 (sz=24, trace=300000, class=java.lang.String@50000168)
	value		50001315
ARR 50001315 (sz=30, trace=300000, nelems=15, elem type=char[])
OBJ 50001316 (sz=24, trace=300000, class=java.lang.String@50000168)
	value		50001317
ARR 50001317 (sz=20, trace=300000, nelems=10, elem type=char[])
OBJ 50001318 (sz=24, trace=300000, class=java.lang.String@50000168)
	value		50001319
ARR 50001319 (sz=30, trace=300000, nelems=15, elem type=char[])
OBJ 5000131a (sz=24, trace=300000, class=java.lang.String@50000168)
	value		5000131b
ARR 5000131b (sz=20, trace=300000, nelems=10, elem type=char[])
OBJ 5000131c (sz=24, trace=300000, class=java.lang.String@50000168)
	value		5000131d
ARR 5000131d (sz=6, trace=300000, nelems=3, elem type=char[])
OBJ 5000131e (sz=24, trace=300000, class=java.lang.String@50000168)
	value		5000131f
ARR 5000131f (sz=6, trace=300000, nelems=3, elem type=char[])
OBJ 50001320 (sz=24, trace=300000, class=java.lang.String@50000168)
	value		50001321
ARR 50001321 (sz=14, trace=300000, nelems=7, elem type=char[])
OBJ 50001322 (sz=24, trace=300000, class=java.lang.String@50000168)
	value		50001326
ARR 50001323 (sz=24, trace=300000, nelems=2, elem type=java.lang.Object[]@50000111)
	[0]		50001324
	[1]		500010bd
OBJ 50001324 (sz=24, trace=300000, class=java.lang.String@50000168)
	value		50001325
ARR 50001325 (sz=6, trace=300000, nelems=3, elem type=char[])
ARR 50001326 (sz=6, trace=300000, nelems=3, elem type=char[])
OBJ 50001327 (sz=24, trace=300000, class=java.lang.String@50000168)
	value		5000132b
ARR 50001328 (sz=24, trace=300000, nelems=2, elem type=java.lang.Object[]@50000111)
	[0]		50001329
	[1]		500010aa
OBJ 50001329 (sz=24, trace=300000, class=java.lang.String@50000168)
	value		5000132a
ARR 5000132a (sz=16, trace=300000, nelems=8, elem type=char[])
ARR 5000132b (sz=6, trace=300000, nelems=3, elem type=char[])
OBJ 5000132c (sz=24, trace=300000, class=java.lang.String@50000168)
	value		5000132d
ARR 5000132d (sz=6, trace=300000, nelems=3, elem type=char[])
OBJ 5000132e (sz=24, trace=300000, class=java.lang.String@50000168)
	value		5000132f
ARR 5000132f (sz=6, trace=300000, nelems=3, elem type=char[])
OBJ 50001330 (sz=24, trace=300000, class=java.lang.String@50000168)
	value		50001334
ARR 50001331 (sz=24, trace=300000, nelems=2, elem type=java.lang.Object[]@50000111)
	[0]		50001332
	[1]		500010de
OBJ 50001332 (sz=24, trace=300000, class=java.lang.String@50000168)
	value		50001333
ARR 50001333 (sz=10, trace=300000, nelems=5, elem type=char[])
ARR 50001334 (sz=6, trace=300000, nelems=3, elem type=char[])
OBJ 50001335 (sz=24, trace=300000, class=java.lang.String@50000168)
	value		50001336
ARR 50001336 (sz=10, trace=300000, nelems=5, elem type=char[])
OBJ 50001337 (sz=24, trace=300000, class=java.lang.String@50000168)
	value		5000133b
ARR 50001338 (sz=24, trace=300000, nelems=2, elem type=java.lang.Object[]@50000111)
	[0]		50001339
	[1]		50001103
OBJ 50001339 (sz=24, trace=300000, class=java.lang.String@50000168)
	value		5000133a
ARR 5000133a (sz=18, trace=300000, nelems=9, elem type=char[])
ARR 5000133b (sz=32, trace=300000, nelems=16, elem type=char[])
OBJ 5000133c (sz=24, trace=300000, class=java.lang.String@50000168)
	value		5000133d
ARR 5000133d (sz=16, trace=300000, nelems=8, elem type=char[])
OBJ 5000133e (sz=24, trace=300000, class=java.lang.String@50000168)
	value		5000133f
ARR 5000133f (sz=24, trace=300000, nelems=12, elem type=char[])
OBJ 50001340 (sz=24, trace=300000, class=java.lang.String@50000168)
	value		50001341
ARR 50001341 (sz=10, trace=300000, nelems=5, elem type=char[])
OBJ 50001342 (sz=24, trace=300000, class=java.lang.String@50000168)
	value		50001343
ARR 50001343 (sz=10, trace=300000, nelems=5, elem type=char[])
OBJ 50001344 (sz=24, trace=300000, class=java.lang.String@50000168)
	value		50001345
ARR 50001345 (sz=10, trace=300000, nelems=5, elem type=char[])
OBJ 50001346 (sz=24, trace=300000, class=java.lang.String@50000168)
	value		50001347
ARR 50001347 (sz=10, trace=300000, nelems=5, elem type=char[])
OBJ 50001348 (sz=24, trace=300000, class=java.lang.String@50000168)
	value		50001349
ARR 50001349 (sz=10, trace=300000, nelems=5, elem type=char[])
OBJ 5000134a (sz=24, trace=300000, class=java.lang.String@50000168)
	value		5000134b
ARR 5000134b (sz=12, trace=300000, nelems=6, elem type=char[])
OBJ 5000134c (sz=24, trace=300000, class=java.lang.String@50000168)
	value		5000134d
ARR 5000134d (sz=12, trace=300000, nelems=6, elem type=char[])
OBJ 5000134e (sz=24, trace=300000, class=java.lang.String@50000168)
	value		5000134f
ARR 5000134f (sz=16, trace=300000, nelems=8, elem type=char[])
OBJ 50001350 (sz=24, trace=300000, class=java.lang.String@50000168)
	value		50001351
ARR 50001351 (sz=20, trace=300000, nelems=10, elem type=char[])
OBJ 50001352 (sz=24, trace=300000, class=java.lang.String@50000168)
	value		50001353
ARR 50001353 (sz=34, trace=300000, nelems=17, elem type=char[])
OBJ 50001354 (sz=24, trace=300000, class=java.lang.String@50000168)
	value		50001355
ARR 50001355 (sz=6, trace=300000, nelems=3, elem type=char[])
OBJ 50001356 (sz=24, trace=300000, class=java.lang.String@50000168)
	value		50001357
ARR 50001357 (sz=30, trace=300000, nelems=15, elem type=char[])
OBJ 50001358 (sz=24, trace=300000, class=java.lang.String@50000168)
	value		50001359
ARR 50001359 (sz=12, trace=300000, nelems=6, elem type=char[])
OBJ 5000135a (sz=24, trace=300000, class=java.lang.String@50000168)
	value		5000135b
ARR 5000135b (sz=12, trace=300000, nelems=6, elem type=char[])
OBJ 5000135c (sz=24, trace=300000, class=java.lang.String@50000168)
	value		50001360
ARR 5000135d (sz=24, trace=300000, nelems=2, elem type=java.lang.Object[]@50000111)
	[0]		5000135e
	[1]		500010ce
OBJ 5000135e (sz=24, trace=300000, class=java.lang.String@50000168)
	value		5000135f
ARR 5000135f (sz=12, trace=300000, nelems=6, elem type=char[])
ARR 50001360 (sz=6, trace=300000, nelems=3, elem type=char[])
OBJ 50001361 (sz=24, trace=300000, class=java.lang.String@50000168)
	value		50001362
ARR 50001362 (sz=12, trace=300000, nelems=6, elem type=char[])
OBJ 50001363 (sz=24, trace=300000, class=java.lang.String@50000168)
	value		50001364
ARR 50001364 (sz=12, trace=300000, nelems=6, elem type=char[])
OBJ 50001365 (sz=24, trace=300000, class=java.lang.String@50000168)
	value		50001369
ARR 50001366 (sz=24, trace=300000, nelems=2, elem type=java.lang.Object[]@50000111)
	[0]		50001367
	[1]		500010de
OBJ 50001367 (sz=24, trace=300000, class=java.lang.String@50000168)
	value		50001368
ARR 50001368 (sz=12, trace=300000, nelems=6, elem type=char[])
ARR 50001369 (sz=36, trace=300000, nelems=18, elem type=char[])
OBJ 5000136a (sz=24, trace=300000, class=java.lang.String@50000168)
	value		5000136b
ARR 5000136b (sz=6, trace=300000, nelems=3, elem type=char[])
OBJ 5000136c (sz=24, trace=300000, class=java.lang.String@50000168)
	value		5000136d
ARR 5000136d (sz=6, trace=300000, nelems=3, elem type=char[])
OBJ 5000136e (sz=24, trace=300000, class=java.lang.String@50000168)
	value		5000136f
ARR 5000136f (sz=6, trace=300000, nelems=3, elem type=char[])
OBJ 50001370 (sz=24, trace=300000, class=java.lang.String@50000168)
	value		50001371
ARR 50001371 (sz=6, trace=300000, nelems=3, elem type=char[])
OBJ 50001372 (sz=24, trace=300000, class=java.lang.String@50000168)
	value		50001373
ARR 50001373 (sz=6, trace=300000, nelems=3, elem type=char[])
OBJ 50001374 (sz=24, trace=300000, class=java.lang.String@50000168)
	value		50001375
ARR 50001375 (sz=30, trace=300000, nelems=15, elem type=char[])
OBJ 50001376 (sz=24, trace=300000, class=java.lang.String@50000168)
	value		50001377
ARR 50001377 (sz=18, trace=300000, nelems=9, elem type=char[])
OBJ 50001378 (sz=24, trace=300000, class=java.lang.String@50000168)
	value		50001379
ARR 50001379 (sz=26, trace=300000, nelems=13, elem type=char[])
OBJ 5000137a (sz=24, trace=300000, class=java.lang.String@50000168)
	value		5000137b
ARR 5000137b (sz=22, trace=300000, nelems=11, elem type=char[])
OBJ 5000137c (sz=24, trace=300000, class=java.lang.String@50000168)
	value		5000137d
ARR 5000137d (sz=22, trace=300000, nelems=11, elem type=char[])
OBJ 5000137e (sz=24, trace=300000, class=java.lang.String@50000168)
	value		5000137f
ARR 5000137f (sz=22, trace=300000, nelems=11, elem type=char[])
OBJ 50001380 (sz=24, trace=300000, class=java.lang.String@50000168)
	value		50001381
ARR 50001381 (sz=22, trace=300000, nelems=11, elem type=char[])
OBJ 50001382 (sz=24, trace=300000, class=java.lang.String@50000168)
	value		50001383
ARR 50001383 (sz=22, trace=300000, nelems=11, elem type=char[])
OBJ 50001384 (sz=24, trace=300000, class=java.lang.String@50000168)
	value		50001385
ARR 50001385 (sz=22, trace=300000, nelems=11, elem type=char[])
ARR 50001386 (sz=144, trace=300000, nelems=32, elem type=java.lang.Object[]@50000111)
	[0]		50001387
	[2]		50001388
	[3]		50001389
	[4]		5000138a
	[5]		5000138b
	[6]		5000138c
	[7]		5000138d
	[8]		5000138e
	[9]		5000138f
	[10]		50001390
	[11]		50001391
	[12]		50001392
	[14]		50001393
	[15]		50001394
	[16]		50001395
	[17]		50001396
	[18]		50001397
	[19]		50001398
	[22]		50001399
	[23]		5000139a
	[24]		5000139b
	[28]		5000139c
	[29]		5000139d
	[31]		5000139e
ARR 50001387 (sz=24, trace=300000, nelems=1, elem type=java.lang.Object[]@50000111)
	[0]		5000111a
ARR 50001388 (sz=32, trace=300000, nelems=3, elem type=java.lang.Object[]@50000111)
	[0]		5000110c
	[2]		5000146f
ARR 50001389 (sz=32, trace=300000, nelems=3, elem type=java.lang.Object[]@50000111)
	[0]		50001103
	[2]		5000146e
ARR 5000138a (sz=32, trace=300000, nelems=3, elem type=java.lang.Object[]@50000111)
	[0]		500010f5
	[2]		50001467
ARR 5000138b (sz=32, trace=300000, nelems=3, elem type=java.lang.Object[]@50000111)
	[0]		500010ec
	[2]		50001466
ARR 5000138c (sz=24, trace=300000, nelems=1, elem type=java.lang.Object[]@50000111)
	[0]		500010e8
ARR 5000138d (sz=24, trace=300000, nelems=1, elem type=java.lang.Object[]@50000111)
	[0]		500010e4
ARR 5000138e (sz=32, trace=300000, nelems=3, elem type=java.lang.Object[]@50000111)
	[0]		500010db
	[2]		50001465
ARR 5000138f (sz=32, trace=300000, nelems=3, elem type=java.lang.Object[]@50000111)
	[0]		500010d2
	[2]		50001462
ARR 50001390 (sz=24, trace=300000, nelems=1, elem type=java.lang.Object[]@50000111)
	[0]		500010ce
ARR 50001391 (sz=32, trace=300000, nelems=3, elem type=java.lang.Object[]@50000111)
	[0]		500010c5
	[2]		50001461
ARR 50001392 (sz=24, trace=300000, nelems=1, elem type=java.lang.Object[]@50000111)
	[0]		500010c1
ARR 50001393 (sz=24, trace=300000, nelems=1, elem type=java.lang.Object[]@50000111)
	[0]		500010bd
ARR 50001394 (sz=24, trace=300000, nelems=2, elem type=java.lang.Object[]@50000111)
	[0]		500010b9
	[1]		500013a5
ARR 50001395 (sz=32, trace=300000, nelems=3, elem type=java.lang.Object[]@50000111)
	[0]		500010b0
	[2]		500013a4
ARR 50001396 (sz=32, trace=300000, nelems=3, elem type=java.lang.Object[]@50000111)
	[0]		500010a7
	[2]		500013a3
ARR 50001397 (sz=32, trace=300000, nelems=3, elem type=java.lang.Object[]@50000111)
	[0]		50001099
	[2]		500013a1
ARR 50001398 (sz=32, trace=300000, nelems=3, elem type=java.lang.Object[]@50000111)
	[0]		5000108b
	[2]		5000139f
ARR 50001399 (sz=24, trace=300000, nelems=1, elem type=java.lang.Object[]@50000111)
	[0]		50001087
ARR 5000139a (sz=24, trace=300000, nelems=1, elem type=java.lang.Object[]@50000111)
	[0]		50001083
ARR 5000139b (sz=24, trace=300000, nelems=1, elem type=java.lang.Object[]@50000111)
	[0]		5000107f
ARR 5000139c (sz=24, trace=300000, nelems=1, elem type=java.lang.Object[]@50000111)
	[0]		5000107b
ARR 5000139d (sz=24, trace=300000, nelems=1, elem type=java.lang.Object[]@50000111)
	[0]		50001077
ARR 5000139e (sz=24, trace=300000, nelems=1, elem type=java.lang.Object[]@50000111)
	[0]		50001073
ARR 5000139f (sz=32, trace=300000, nelems=3, elem type=java.lang.Object[]@50000111)
	[0]		5000108e
	[2]		500013a0
ARR 500013a0 (sz=24, trace=300000, nelems=1, elem type=java.lang.Object[]@50000111)
	[0]		50001091
ARR 500013a1 (sz=32, trace=300000, nelems=3, elem type=java.lang.Object[]@50000111)
	[0]		5000109c
	[2]		500013a2
ARR 500013a2 (sz=24, trace=300000, nelems=1, elem type=java.lang.Object[]@50000111)
	[0]		5000109f
ARR 500013a3 (sz=24, trace=300000, nelems=1, elem type=java.lang.Object[]@50000111)
	[0]		500010aa
ARR 500013a4 (sz=24, trace=300000, nelems=1, elem type=java.lang.Object[]@50000111)
	[0]		500010b3
OBJ 500013a5 (sz=24, trace=300000, class=sun.nio.cs.IBM850@5000008e)
	name		500010ba
	aliases		500013a6
ARR 500013a6 (sz=40, trace=300000, nelems=5, elem type=java.lang.String[]@500000bc)
	[0]		500012e2
	[1]		5000128f
	[2]		500010b9
	[3]		50001330
	[4]		500011e4
OBJ 500013a7 (sz=24, trace=300000, class=java.lang.String@50000168)
	value		500013ab
ARR 500013a8 (sz=512, trace=300000, nelems=256, elem type=char[])
ARR 500013a9 (sz=2048, trace=300000, nelems=1024, elem type=char[])
ARR 500013aa (sz=512, trace=300000, nelems=256, elem type=char[])
ARR 500013ab (sz=512, trace=300000, nelems=256, elem type=char[])
OBJ 500013ac (sz=24, trace=300000, class=java.lang.String@50000168)
	value		50001415
OBJ 500013ad (sz=24, trace=300000, class=java.lang.String@50000168)
	value		5000141b
OBJ 500013ae (sz=24, trace=300000, class=java.lang.String@50000168)
	value		50001419
OBJ 500013af (sz=24, trace=300000, class=java.lang.String@50000168)
	value		5000141e
OBJ 500013b0 (sz=24, trace=300000, class=java.lang.String@50000168)
	value		5000143e
OBJ 500013b1 (sz=24, trace=300000, class=java.lang.String@50000168)
	value		5000143f
OBJ 500013b2 (sz=24, trace=300000, class=java.lang.String@50000168)
	value		5000142e
OBJ 500013b3 (sz=24, trace=300000, class=java.lang.String@50000168)
	value		5000144d
OBJ 500013b4 (sz=24, trace=300000, class=java.lang.String@50000168)
	value		50001417
OBJ 500013b5 (sz=24, trace=300000, class=java.lang.String@50000168)
	value		50001430
OBJ 500013b6 (sz=24, trace=300000, class=java.lang.String@50000168)
	value		5000144e
OBJ 500013b7 (sz=24, trace=300000, class=java.lang.String@50000168)
	value		50001422
OBJ 500013b8 (sz=24, trace=300000, class=java.lang.String@50000168)
	value		50001451
OBJ 500013b9 (sz=24, trace=300000, class=java.lang.String@50000168)
	value		50001418
OBJ 500013ba (sz=24, trace=300000, class=java.lang.String@50000168)
	value		5000142b
OBJ 500013bb (sz=24, trace=300000, class=java.lang.String@50000168)
	value		50001446
OBJ 500013bc (sz=24, trace=300000, class=java.lang.String@50000168)
	value		5000144f
OBJ 500013bd (sz=24, trace=300000, class=java.lang.String@50000168)
	value		50001433
OBJ 500013be (sz=24, trace=300000, class=java.lang.String@50000168)
	value		5000143a
OBJ 500013bf (sz=24, trace=300000, class=java.lang.String@50000168)
	value		50001443
OBJ 500013c0 (sz=24, trace=300000, class=java.lang.String@50000168)
	value		5000142d
OBJ 500013c1 (sz=24, trace=300000, class=java.lang.String@50000168)
	value		50001450
OBJ 500013c2 (sz=24, trace=300000, class=java.lang.String@50000168)
	value		50001447
OBJ 500013c3 (sz=24, trace=300000, class=java.lang.String@50000168)
	value		5000141a
OBJ 500013c4 (sz=24, trace=300000, class=java.lang.String@50000168)
	value		50001431
OBJ 500013c5 (sz=24, trace=300000, class=java.lang.String@50000168)
	value		50001452
OBJ 500013c6 (sz=24, trace=300000, class=java.lang.String@50000168)
	value		5000142c
OBJ 500013c7 (sz=24, trace=300000, class=java.lang.String@50000168)
	value		50001435
OBJ 500013c8 (sz=24, trace=300000, class=java.lang.String@50000168)
	value		50001434
OBJ 500013c9 (sz=24, trace=300000, class=java.lang.String@50000168)
	value		50001438
OBJ 500013ca (sz=24, trace=300000, class=java.lang.String@50000168)
	value		50001437
OBJ 500013cb (sz=24, trace=300000, class=java.lang.String@50000168)
	value		5000143c
OBJ 500013cc (sz=24, trace=300000, class=java.lang.String@50000168)
	value		5000143b
OBJ 500013cd (sz=24, trace=300000, class=java.lang.String@50000168)
	value		50001441
OBJ 500013ce (sz=24, trace=300000, class=java.lang.String@50000168)
	value		50001440
OBJ 500013cf (sz=24, trace=300000, class=java.lang.String@50000168)
	value		50001445
OBJ 500013d0 (sz=24, trace=300000, class=java.lang.String@50000168)
	value		50001444
OBJ 500013d1 (sz=24, trace=300000, class=java.lang.String@50000168)
	value		5000144a
OBJ 500013d2 (sz=24, trace=300000, class=java.lang.String@50000168)
	value		5000144c
OBJ 500013d3 (sz=24, trace=300000, class=java.lang.String@50000168)
	value		5000144b
OBJ 500013d4 (sz=24, trace=300000, class=java.lang.String@50000168)
	value		50001455
OBJ 500013d5 (sz=24, trace=300000, class=java.lang.String@50000168)
	value		5000142a
OBJ 500013d6 (sz=24, trace=300000, class=java.lang.String@50000168)
	value		50001429
OBJ 500013d7 (sz=24, trace=300000, class=java.lang.String@50000168)
	value		50001426
OBJ 500013d8 (sz=24, trace=300000, class=java.lang.String@50000168)
	value		5000141c
OBJ 500013d9 (sz=24, trace=300000, class=java.lang.String@50000168)
	value		5000141f
OBJ 500013da (sz=24, trace=300000, class=java.lang.String@50000168)
	value		50001420
OBJ 500013db (sz=24, trace=300000, class=java.lang.String@50000168)
	value		50001425
OBJ 500013dc (sz=24, trace=300000, class=java.lang.String@50000168)
	value		50001423
OBJ 500013dd (sz=24, trace=300000, class=java.lang.String@50000168)
	value		50001421
OBJ 500013de (sz=24, trace=300000, class=java.lang.String@50000168)
	value		50001424
OBJ 500013df (sz=24, trace=300000, class=java.lang.String@50000168)
	value		50001428
OBJ 500013e0 (sz=24, trace=300000, class=java.lang.String@50000168)
	value		50001427
OBJ 500013e1 (sz=24, trace=300000, class=java.lang.String@50000168)
	value		50001416
OBJ 500013e2 (sz=24, trace=300000, class=java.lang.String@50000168)
	value		5000141d
OBJ 500013e3 (sz=24, trace=300000, class=java.lang.String@50000168)
	value		50001454
OBJ 500013e4 (sz=24, trace=300000, class=java.lang.String@50000168)
	value		50001456
OBJ 500013e5 (sz=24, trace=300000, class=java.lang.String@50000168)
	value		50001457
OBJ 500013e6 (sz=24, trace=300000, class=java.lang.String@50000168)
	value		5000142f
OBJ 500013e7 (sz=24, trace=300000, class=java.lang.String@50000168)
	value		50001432
OBJ 500013e8 (sz=24, trace=300000, class=java.lang.String@50000168)
	value		50001436
OBJ 500013e9 (sz=24, trace=300000, class=java.lang.String@50000168)
	value		50001442
OBJ 500013ea (sz=24, trace=300000, class=java.lang.String@50000168)
	value		50001439
OBJ 500013eb (sz=24, trace=300000, class=java.lang.String@50000168)
	value		5000143d
OBJ 500013ec (sz=24, trace=300000, class=java.lang.String@50000168)
	value		50001449
OBJ 500013ed (sz=24, trace=300000, class=java.lang.String@50000168)
	value		50001448
OBJ 500013ee (sz=24, trace=300000, class=java.lang.String@50000168)
	value		50001453
ARR 500013ef (sz=32, trace=300000, nelems=4, elem type=java.lang.String[]@500000bc)
	[0]		500012b1
	[1]		50001277
	[2]		50001273
	[3]		50001312
ARR 500013f0 (sz=40, trace=300000, nelems=5, elem type=java.lang.String[]@500000bc)
	[0]		500012bb
	[1]		5000110c
	[2]		50001279
	[3]		5000131c
	[4]		500013e5
ARR 500013f1 (sz=40, trace=300000, nelems=6, elem type=java.lang.String[]@500000bc)
	[0]		500012bd
	[1]		5000111a
	[2]		5000127b
	[3]		5000131e
	[4]		500013e4
	[5]		5000121a
ARR 500013f2 (sz=40, trace=300000, nelems=5, elem type=java.lang.String[]@500000bc)
	[0]		500012cd
	[1]		5000121c
	[2]		50001244
	[3]		50001322
	[4]		500013d4
ARR 500013f3 (sz=40, trace=300000, nelems=5, elem type=java.lang.String[]@500000bc)
	[0]		500012d2
	[1]		5000108e
	[2]		50001289
	[3]		50001327
	[4]		500013e3
ARR 500013f4 (sz=40, trace=300000, nelems=5, elem type=java.lang.String[]@500000bc)
	[0]		500012d7
	[1]		5000128b
	[2]		50001099
	[3]		5000132c
	[4]		50001202
ARR 500013f5 (sz=40, trace=300000, nelems=5, elem type=java.lang.String[]@500000bc)
	[0]		500012db
	[1]		500010b0
	[2]		5000128d
	[3]		5000132e
	[4]		500013ee
ARR 500013f6 (sz=32, trace=300000, nelems=4, elem type=java.lang.String[]@500000bc)
	[0]		50001297
	[1]		500010b3
	[2]		50001246
	[3]		500012c7
ARR 500013f7 (sz=32, trace=300000, nelems=4, elem type=java.lang.String[]@500000bc)
	[0]		500012cf
	[1]		50001293
	[2]		50001287
	[3]		50001324
ARR 500013f8 (sz=40, trace=300000, nelems=6, elem type=java.lang.String[]@500000bc)
	[0]		50001283
	[1]		5000109c
	[2]		50001238
	[3]		500012ab
	[4]		50001337
	[5]		50001200
ARR 500013f9 (sz=24, trace=300000, nelems=2, elem type=java.lang.String[]@500000bc)
	[0]		50001258
	[1]		500011ea
ARR 500013fa (sz=24, trace=300000, nelems=2, elem type=java.lang.String[]@500000bc)
	[0]		5000125b
	[1]		500011ec
ARR 500013fb (sz=24, trace=300000, nelems=2, elem type=java.lang.String[]@500000bc)
	[0]		5000125d
	[1]		500011f0
ARR 500013fc (sz=24, trace=300000, nelems=2, elem type=java.lang.String[]@500000bc)
	[0]		5000125f
	[1]		500011f2
ARR 500013fd (sz=32, trace=300000, nelems=3, elem type=java.lang.String[]@500000bc)
	[0]		50001261
	[1]		500011f4
	[2]		50001339
ARR 500013fe (sz=24, trace=300000, nelems=2, elem type=java.lang.String[]@500000bc)
	[0]		50001263
	[1]		500011f6
ARR 500013ff (sz=24, trace=300000, nelems=1, elem type=java.lang.String[]@500000bc)
	[0]		5000134a
ARR 50001400 (sz=32, trace=300000, nelems=3, elem type=java.lang.String[]@500000bc)
	[0]		5000134c
	[1]		500012c9
	[2]		50001226
ARR 50001401 (sz=80, trace=300000, nelems=15, elem type=java.lang.String[]@500000bc)
	[0]		500013c5
	[1]		5000123e
	[2]		500013b8
	[3]		500013c1
	[4]		500013bc
	[5]		500013b6
	[6]		500013b3
	[7]		50001340
	[8]		5000136a
	[9]		500013d2
	[10]		500013d3
	[11]		500013d1
	[12]		500013ec
	[13]		500013ed
	[14]		500013c2
ARR 50001402 (sz=32, trace=300000, nelems=4, elem type=java.lang.String[]@500000bc)
	[0]		5000124f
	[1]		50001242
	[2]		500012fc
	[3]		500013bb
ARR 50001403 (sz=72, trace=300000, nelems=13, elem type=java.lang.String[]@500000bc)
	[0]		50001304
	[1]		50001358
	[2]		5000127d
	[3]		500013cf
	[4]		500013d0
	[5]		500013bf
	[6]		500012a1
	[7]		500012d9
	[8]		500012ee
	[9]		500012c3
	[10]		5000136c
	[11]		50001342
	[12]		500013e9
ARR 50001404 (sz=80, trace=300000, nelems=16, elem type=java.lang.String[]@500000bc)
	[0]		50001306
	[1]		5000135a
	[2]		50001295
	[3]		500013cd
	[4]		500013ce
	[5]		500013b1
	[6]		500013b0
	[7]		5000122e
	[8]		500012f5
	[9]		500013eb
	[10]		5000120f
	[11]		500012bf
	[12]		500012b5
	[13]		5000135c
	[14]		50001335
	[15]		50001220
ARR 50001405 (sz=64, trace=300000, nelems=12, elem type=java.lang.String[]@500000bc)
	[0]		50001308
	[1]		5000135e
	[2]		5000127f
	[3]		500013cb
	[4]		500013cc
	[5]		500013be
	[6]		500012e0
	[7]		500012fe
	[8]		500012ec
	[9]		50001344
	[10]		5000136e
	[11]		500013ea
ARR 50001406 (sz=72, trace=300000, nelems=13, elem type=java.lang.String[]@500000bc)
	[0]		5000130a
	[1]		50001224
	[2]		50001361
	[3]		5000129f
	[4]		500013c9
	[5]		500013ca
	[6]		500012a3
	[7]		500012dd
	[8]		50001300
	[9]		500012f0
	[10]		50001346
	[11]		50001370
	[12]		500013e8
ARR 50001407 (sz=72, trace=300000, nelems=13, elem type=java.lang.String[]@500000bc)
	[0]		5000130c
	[1]		50001363
	[2]		500012ad
	[3]		500013c7
	[4]		500013c8
	[5]		500013bd
	[6]		500012a5
	[7]		500012e6
	[8]		50001302
	[9]		500012f3
	[10]		50001348
	[11]		50001372
	[12]		500013e7
ARR 50001408 (sz=72, trace=300000, nelems=14, elem type=java.lang.String[]@500000bc)
	[0]		500012af
	[1]		500013c4
	[2]		500012a7
	[3]		500012ea
	[4]		500013b5
	[5]		50001332
	[6]		500013e6
	[7]		50001354
	[8]		500013b2
	[9]		500013c0
	[10]		500013c6
	[11]		500010df
	[12]		50001367
	[13]		500013ba
ARR 50001409 (sz=24, trace=300000, nelems=2, elem type=java.lang.String[]@500000bc)
	[0]		50001080
	[1]		500013d5
ARR 5000140a (sz=24, trace=300000, nelems=2, elem type=java.lang.String[]@500000bc)
	[0]		50001092
	[1]		500013d6
ARR 5000140b (sz=24, trace=300000, nelems=2, elem type=java.lang.String[]@500000bc)
	[0]		500010fc
	[1]		500013df
ARR 5000140c (sz=24, trace=300000, nelems=2, elem type=java.lang.String[]@500000bc)
	[0]		50001074
	[1]		500013e0
ARR 5000140d (sz=24, trace=300000, nelems=2, elem type=java.lang.String[]@500000bc)
	[0]		50001110
	[1]		500013d7
ARR 5000140e (sz=24, trace=300000, nelems=1, elem type=java.lang.String[]@500000bc)
	[0]		500013db
ARR 5000140f (sz=32, trace=300000, nelems=3, elem type=java.lang.String[]@500000bc)
	[0]		50001113
	[1]		500013de
	[2]		500013dc
ARR 50001410 (sz=32, trace=300000, nelems=4, elem type=java.lang.String[]@500000bc)
	[0]		500010e5
	[1]		500013b7
	[2]		500013dd
	[3]		500013da
ARR 50001411 (sz=32, trace=300000, nelems=4, elem type=java.lang.String[]@500000bc)
	[0]		500010f0
	[1]		50001281
	[2]		50001230
	[3]		500013d9
ARR 50001412 (sz=24, trace=300000, nelems=2, elem type=java.lang.String[]@500000bc)
	[0]		500013af
	[1]		500013e2
ARR 50001413 (sz=24, trace=300000, nelems=2, elem type=java.lang.String[]@500000bc)
	[0]		500013d8
	[1]		50001352
ARR 50001414 (sz=72, trace=300000, nelems=14, elem type=java.lang.String[]@500000bc)
	[0]		50001329
	[1]		500013ad
	[2]		500013c3
	[3]		500013ae
	[4]		500013b9
	[5]		50001240
	[6]		500013b4
	[7]		5000123c
	[8]		500013e1
	[9]		5000126f
	[10]		500012f7
	[11]		500011f8
	[12]		500013ac
	[13]		5000122c
ARR 50001415 (sz=28, trace=300000, nelems=14, elem type=char[])
ARR 50001416 (sz=14, trace=300000, nelems=7, elem type=char[])
ARR 50001417 (sz=12, trace=300000, nelems=6, elem type=char[])
ARR 50001418 (sz=18, trace=300000, nelems=9, elem type=char[])
ARR 50001419 (sz=10, trace=300000, nelems=5, elem type=char[])
ARR 5000141a (sz=32, trace=300000, nelems=16, elem type=char[])
ARR 5000141b (sz=28, trace=300000, nelems=14, elem type=char[])
ARR 5000141c (sz=8, trace=300000, nelems=4, elem type=char[])
ARR 5000141d (sz=16, trace=300000, nelems=8, elem type=char[])
ARR 5000141e (sz=10, trace=300000, nelems=5, elem type=char[])
ARR 5000141f (sz=20, trace=300000, nelems=10, elem type=char[])
ARR 50001420 (sz=36, trace=300000, nelems=18, elem type=char[])
ARR 50001421 (sz=20, trace=300000, nelems=10, elem type=char[])
ARR 50001422 (sz=30, trace=300000, nelems=15, elem type=char[])
ARR 50001423 (sz=42, trace=300000, nelems=21, elem type=char[])
ARR 50001424 (sz=20, trace=300000, nelems=10, elem type=char[])
ARR 50001425 (sz=26, trace=300000, nelems=13, elem type=char[])
ARR 50001426 (sz=10, trace=300000, nelems=5, elem type=char[])
ARR 50001427 (sz=20, trace=300000, nelems=10, elem type=char[])
ARR 50001428 (sz=20, trace=300000, nelems=10, elem type=char[])
ARR 50001429 (sz=24, trace=300000, nelems=12, elem type=char[])
ARR 5000142a (sz=24, trace=300000, nelems=12, elem type=char[])
ARR 5000142b (sz=18, trace=300000, nelems=9, elem type=char[])
ARR 5000142c (sz=30, trace=300000, nelems=15, elem type=char[])
ARR 5000142d (sz=18, trace=300000, nelems=9, elem type=char[])
ARR 5000142e (sz=14, trace=300000, nelems=7, elem type=char[])
ARR 5000142f (sz=22, trace=300000, nelems=11, elem type=char[])
ARR 50001430 (sz=12, trace=300000, nelems=6, elem type=char[])
ARR 50001431 (sz=20, trace=300000, nelems=10, elem type=char[])
ARR 50001432 (sz=22, trace=300000, nelems=11, elem type=char[])
ARR 50001433 (sz=18, trace=300000, nelems=9, elem type=char[])
ARR 50001434 (sz=30, trace=300000, nelems=15, elem type=char[])
ARR 50001435 (sz=20, trace=300000, nelems=10, elem type=char[])
ARR 50001436 (sz=22, trace=300000, nelems=11, elem type=char[])
ARR 50001437 (sz=30, trace=300000, nelems=15, elem type=char[])
ARR 50001438 (sz=20, trace=300000, nelems=10, elem type=char[])
ARR 50001439 (sz=36, trace=300000, nelems=18, elem type=char[])
ARR 5000143a (sz=18, trace=300000, nelems=9, elem type=char[])
ARR 5000143b (sz=30, trace=300000, nelems=15, elem type=char[])
ARR 5000143c (sz=20, trace=300000, nelems=10, elem type=char[])
ARR 5000143d (sz=30, trace=300000, nelems=15, elem type=char[])
ARR 5000143e (sz=16, trace=300000, nelems=8, elem type=char[])
ARR 5000143f (sz=16, trace=300000, nelems=8, elem type=char[])
ARR 50001440 (sz=30, trace=300000, nelems=15, elem type=char[])
ARR 50001441 (sz=20, trace=300000, nelems=10, elem type=char[])
ARR 50001442 (sz=22, trace=300000, nelems=11, elem type=char[])
ARR 50001443 (sz=18, trace=300000, nelems=9, elem type=char[])
ARR 50001444 (sz=30, trace=300000, nelems=15, elem type=char[])
ARR 50001445 (sz=20, trace=300000, nelems=10, elem type=char[])
ARR 50001446 (sz=20, trace=300000, nelems=10, elem type=char[])
ARR 50001447 (sz=30, trace=300000, nelems=15, elem type=char[])
ARR 50001448 (sz=22, trace=300000, nelems=11, elem type=char[])
ARR 50001449 (sz=22, trace=300000, nelems=11, elem type=char[])
ARR 5000144a (sz=4, trace=300000, nelems=2, elem type=char[])
ARR 5000144b (sz=12, trace=300000, nelems=6, elem type=char[])
ARR 5000144c (sz=12, trace=300000, nelems=6, elem type=char[])
ARR 5000144d (sz=14, trace=300000, nelems=7, elem type=char[])
ARR 5000144e (sz=12, trace=300000, nelems=6, elem type=char[])
ARR 5000144f (sz=20, trace=300000, nelems=10, elem type=char[])
ARR 50001450 (sz=20, trace=300000, nelems=10, elem type=char[])
ARR 50001451 (sz=22, trace=300000, nelems=11, elem type=char[])
ARR 50001452 (sz=22, trace=300000, nelems=11, elem type=char[])
ARR 50001453 (sz=16, trace=300000, nelems=8, elem type=char[])
ARR 50001454 (sz=16, trace=300000, nelems=8, elem type=char[])
ARR 50001455 (sz=48, trace=300000, nelems=24, elem type=char[])
ARR 50001456 (sz=16, trace=300000, nelems=8, elem type=char[])
ARR 50001457 (sz=16, trace=300000, nelems=8, elem type=char[])
ARR 50001458 (sz=20, trace=300000, nelems=10, elem type=char[])
ARR 50001459 (sz=32, trace=300000, nelems=4, elem type=java.lang.String[]@500000bc)
	[0]		5000104a
	[1]		50001047
	[2]		50001048
	[3]		50001049
ARR 5000145a (sz=6, trace=300000, nelems=3, elem type=char[])
OBJ 5000145b (sz=24, trace=300000, class=java.lang.String@50000168)
	value		5000145f
OBJ 5000145c (sz=24, trace=300000, class=java.lang.String@50000168)
	value		50001460
OBJ 5000145d (sz=16, trace=300000, class=java.nio.ByteOrder@5000007c)
	name		5000145c
OBJ 5000145e (sz=16, trace=300000, class=java.nio.ByteOrder@5000007c)
	name		5000145b
ARR 5000145f (sz=20, trace=300000, nelems=10, elem type=char[])
ARR 50001460 (sz=26, trace=300000, nelems=13, elem type=char[])
ARR 50001461 (sz=24, trace=300000, nelems=1, elem type=java.lang.Object[]@50000111)
	[0]		500010c8
ARR 50001462 (sz=24, trace=300000, nelems=2, elem type=java.lang.Object[]@50000111)
	[0]		500010d5
	[1]		5000021d
OBJ 50001463 (sz=24, trace=300000, class=java.lang.String@50000168)
	value		50001464
ARR 50001464 (sz=10, trace=300000, nelems=5, elem type=char[])
ARR 50001465 (sz=24, trace=300000, nelems=1, elem type=java.lang.Object[]@50000111)
	[0]		500010de
ARR 50001466 (sz=24, trace=300000, nelems=1, elem type=java.lang.Object[]@50000111)
	[0]		500010ef
ARR 50001467 (sz=32, trace=300000, nelems=3, elem type=java.lang.Object[]@50000111)
	[0]		500010f8
	[1]		50001053
	[2]		50001468
ARR 50001468 (sz=24, trace=300000, nelems=1, elem type=java.lang.Object[]@50000111)
	[0]		500010fb
OBJ 50001469 (sz=24, trace=300000, class=java.lang.String@50000168)
	value		5000146d
ARR 5000146a (sz=512, trace=300000, nelems=256, elem type=char[])
ARR 5000146b (sz=3072, trace=300000, nelems=1536, elem type=char[])
ARR 5000146c (sz=512, trace=300000, nelems=256, elem type=char[])
ARR 5000146d (sz=512, trace=300000, nelems=256, elem type=char[])
ARR 5000146e (sz=24, trace=300000, nelems=1, elem type=java.lang.Object[]@50000111)
	[0]		50001106
ARR 5000146f (sz=32, trace=300000, nelems=3, elem type=java.lang.Object[]@50000111)
	[0]		5000110f
	[2]		50001470
ARR 50001470 (sz=24, trace=300000, nelems=1, elem type=java.lang.Object[]@50000111)
	[0]		50001112
OBJ 50001471 (sz=16, trace=300000, class=java.util.concurrent.atomic.AtomicInteger@50000091)
ARR 50001472 (sz=38, trace=300000, nelems=19, elem type=char[])
ARR 50001473 (sz=26, trace=300000, nelems=13, elem type=char[])
ARR 50001474 (sz=2, trace=300000, nelems=1, elem type=char[])
ARR 50001475 (sz=26, trace=300000, nelems=13, elem type=char[])
ARR 50001476 (sz=20, trace=300000, nelems=10, elem type=char[])
ARR 50001477 (sz=12, trace=300000, nelems=6, elem type=char[])
ARR 50001478 (sz=22, trace=300000, nelems=11, elem type=char[])
OBJ 50001479 (sz=24, trace=300000, class=java.lang.String@50000168)
	value		50001491
OBJ 5000147a (sz=24, trace=300000, class=java.lang.String@50000168)
	value		50001490
OBJ 5000147b (sz=24, trace=300000, class=java.lang.String@50000168)
	value		5000148f
OBJ 5000147c (sz=24, trace=300000, class=java.lang.String@50000168)
	value		5000148e
OBJ 5000147d (sz=24, trace=300000, class=java.lang.String@50000168)
	value		5000148d
OBJ 5000147e (sz=24, trace=300000, class=java.lang.String@50000168)
	value		5000148c
OBJ 5000147f (sz=24, trace=300000, class=java.lang.String@50000168)
	value		5000148b
OBJ 50001480 (sz=24, trace=300000, class=java.lang.String@50000168)
	value		5000148a
ARR 50001481 (sz=32, trace=300000, nelems=16, elem type=char[])
OBJ 50001482 (sz=24, trace=300000, class=java.util.BitSet@50000014)
	words		50001483
ARR 50001483 (sz=32, trace=300000, nelems=4, elem type=long[])
OBJ 50001484 (sz=24, trace=300000, class=java.lang.String@50000168)
	value		50001488
ARR 50001485 (sz=24, trace=300000, nelems=1, elem type=java.io.ObjectStreamField[]@50000103)
	[0]		50001486
OBJ 50001486 (sz=40, trace=300000, class=java.io.ObjectStreamField@50000105)
	name		50001484
	signature	50001487
	type		5000016d
OBJ 50001487 (sz=24, trace=300000, class=java.lang.String@50000168)
	value		50001489
ARR 50001488 (sz=8, trace=300000, nelems=4, elem type=char[])
ARR 50001489 (sz=4, trace=300000, nelems=2, elem type=char[])
ARR 5000148a (sz=14, trace=300000, nelems=7, elem type=char[])
ARR 5000148b (sz=24, trace=300000, nelems=12, elem type=char[])
ARR 5000148c (sz=4, trace=300000, nelems=2, elem type=char[])
ARR 5000148d (sz=14, trace=300000, nelems=7, elem type=char[])
ARR 5000148e (sz=10, trace=300000, nelems=5, elem type=char[])
ARR 5000148f (sz=18, trace=300000, nelems=9, elem type=char[])
ARR 50001490 (sz=2, trace=300000, nelems=1, elem type=char[])
ARR 50001491 (sz=16, trace=300000, nelems=8, elem type=char[])
OBJ 50001492 (sz=24, trace=300000, class=java.lang.String@50000168)
	value		500014ab
OBJ 50001493 (sz=24, trace=300000, class=java.lang.String@50000168)
	value		500014aa
OBJ 50001494 (sz=24, trace=300000, class=java.lang.String@50000168)
	value		500014a9
OBJ 50001495 (sz=24, trace=300000, class=java.lang.String@50000168)
	value		50001498
OBJ 50001496 (sz=24, trace=300000, class=java.lang.String@50000168)
	value		50001497
ARR 50001497 (sz=30, trace=300000, nelems=15, elem type=char[])
ARR 50001498 (sz=16, trace=300000, nelems=8, elem type=char[])
OBJ 50001499 (sz=24, trace=300000, class=java.lang.String@50000168)
	value		5000149a
ARR 5000149a (sz=6, trace=300000, nelems=3, elem type=char[])
OBJ 5000149b (sz=24, trace=300000, class=java.lang.String@50000168)
	value		5000149c
ARR 5000149c (sz=4, trace=300000, nelems=2, elem type=char[])
ARR 5000149d (sz=16, trace=300000, nelems=0, elem type=java.lang.Throwable[]@50000109)
OBJ 5000149e (sz=24, trace=300000, class=java.lang.String@50000168)
	value		500014a8
OBJ 5000149f (sz=24, trace=300000, class=java.lang.String@50000168)
	value		500014a7
OBJ 500014a0 (sz=24, trace=300000, class=java.lang.String@50000168)
	value		500014a6
OBJ 500014a1 (sz=24, trace=300000, class=java.lang.String@50000168)
	value		500014a5
OBJ 500014a2 (sz=24, trace=300000, class=java.util.Collections$UnmodifiableRandomAccessList@500000be)
	c		500014a4
	list		500014a4
ARR 500014a3 (sz=16, trace=300000, nelems=0, elem type=java.lang.StackTraceElement[]@500000fd)
OBJ 500014a4 (sz=24, trace=300000, class=java.util.ArrayList@500000c1)
	elementData	50000f6e
ARR 500014a5 (sz=66, trace=300000, nelems=33, elem type=char[])
ARR 500014a6 (sz=60, trace=300000, nelems=30, elem type=char[])
ARR 500014a7 (sz=22, trace=300000, nelems=11, elem type=char[])
ARR 500014a8 (sz=24, trace=300000, nelems=12, elem type=char[])
ARR 500014a9 (sz=80, trace=300000, nelems=40, elem type=char[])
ARR 500014aa (sz=54, trace=300000, nelems=27, elem type=char[])
ARR 500014ab (sz=24, trace=300000, nelems=12, elem type=char[])
OBJ 500014ac (sz=32, trace=300000, class=java.lang.ref.ReferenceQueue@500000e5)
	lock		500014ae
ARR 500014ad (sz=80, trace=300000, nelems=0, elem type=java.util.WeakHashMap$Entry[]@5000004c)
OBJ 500014ae (sz=16, trace=300000, class=java.lang.ref.ReferenceQueue$Lock@500000e3)
OBJ 500014af (sz=16, trace=300000, class=java.lang.Object@5000016c)
OBJ 500014b0 (sz=24, trace=300000, class=java.lang.String@50000168)
	value		500014bb
OBJ 500014b1 (sz=24, trace=300000, class=java.lang.String@50000168)
	value		500014ba
OBJ 500014b2 (sz=24, trace=300000, class=java.lang.String@50000168)
	value		500014b9
OBJ 500014b3 (sz=16, trace=300000, class=sun.misc.Launcher@50000057)
	loader		50000972
OBJ 500014b4 (sz=16, trace=300000, class=sun.misc.Launcher$Factory@50000055)
OBJ 500014b5 (sz=24, trace=300000, class=java.lang.String@50000168)
	value		500014b8
OBJ 500014b6 (sz=24, trace=300000, class=java.lang.String@50000168)
	value		500014b7
ARR 500014b7 (sz=6, trace=300000, nelems=3, elem type=char[])
ARR 500014b8 (sz=30, trace=300000, nelems=15, elem type=char[])
ARR 500014b9 (sz=38, trace=300000, nelems=19, elem type=char[])
ARR 500014ba (sz=42, trace=300000, nelems=21, elem type=char[])
ARR 500014bb (sz=26, trace=300000, nelems=13, elem type=char[])
ARR 500014bc (sz=56, trace=300000, nelems=0, elem type=java.lang.Object[]@50000111)
OBJ 500014bd (sz=16, trace=300000, class=java.security.ProtectionDomain$Key@50000009)
	this$0		50000aac
ARR 500014be (sz=16, trace=300000, nelems=0, elem type=java.security.Principal[]@50000007)
OBJ 500014bf (sz=32, trace=300000, class=java.security.CodeSource@5000000a)
OBJ 500014c0 (sz=16, trace=300000, class=java.util.HashSet@50000006)
	map		500014c1
OBJ 500014c1 (sz=48, trace=300000, class=java.util.HashMap@500000ba)
ARR 500014c2 (sz=56, trace=300000, nelems=0, elem type=java.lang.Object[]@50000111)
OBJ 500014c3 (sz=16, trace=300000, class=sun.net.www.protocol.jar.Handler@50000004)
OBJ 500014c4 (sz=48, trace=300000, class=java.util.HashMap@500000ba)
	table		50000409
OBJ 500014c5 (sz=24, trace=300000, class=java.util.ArrayList@500000c1)
	elementData	50000408
OBJ 500014c6 (sz=32, trace=300000, class=java.util.Stack@500000eb)
	elementData	500014cc
OBJ 500014c7 (sz=24, trace=300000, class=java.util.ArrayList@500000c1)
	elementData	500014c8
ARR 500014c8 (sz=56, trace=300000, nelems=1, elem type=java.lang.Object[]@50000111)
	[0]		500014c9
OBJ 500014c9 (sz=64, trace=300000, class=java.net.URL@50000013)
	protocol	50000f36
	host		50000a60
	file		500014ca
	authority	50000a60
	path		500014ca
	handler		50000f34
OBJ 500014ca (sz=24, trace=300000, class=java.lang.String@50000168)
	value		500014cb
ARR 500014cb (sz=118, trace=300000, nelems=59, elem type=char[])
ARR 500014cc (sz=56, trace=300000, nelems=0, elem type=java.lang.Object[]@50000111)
OBJ 500014cd (sz=32, trace=300000, class=java.lang.ref.ReferenceQueue@500000e5)
	lock		500014cf
ARR 500014ce (sz=80, trace=300000, nelems=0, elem type=java.util.WeakHashMap$Entry[]@5000004c)
OBJ 500014cf (sz=16, trace=300000, class=java.lang.ref.ReferenceQueue$Lock@500000e3)
ARR 500014d0 (sz=56, trace=300000, nelems=1, elem type=java.lang.Object[]@50000111)
	[0]		50000d75
ARR 500014d1 (sz=56, trace=300000, nelems=1, elem type=java.lang.Object[]@50000111)
	[0]		500014d2
OBJ 500014d2 (sz=40, trace=300000, class=java.lang.ClassLoader$NativeLibrary@5000006c)
	fromClass	50000161
	name		50000d75
ARR 500014d3 (sz=56, trace=300000, nelems=0, elem type=java.lang.Object[]@50000111)
OBJ 500014d4 (sz=24, trace=300000, class=java.lang.String@50000168)
	value		500014fb
OBJ 500014d5 (sz=24, trace=300000, class=java.lang.String@50000168)
	value		500014fa
OBJ 500014d6 (sz=24, trace=300000, class=java.lang.String@50000168)
	value		500014f9
OBJ 500014d7 (sz=24, trace=300000, class=java.lang.String@50000168)
	value		500014f8
OBJ 500014d8 (sz=24, trace=300000, class=java.lang.String@50000168)
	value		500014f7
OBJ 500014d9 (sz=24, trace=300000, class=java.lang.String@50000168)
	value		500014f6
OBJ 500014da (sz=24, trace=300000, class=java.lang.String@50000168)
	value		500014f5
OBJ 500014db (sz=24, trace=300000, class=java.lang.String@50000168)
	value		500014f4
OBJ 500014dc (sz=24, trace=300000, class=java.lang.String@50000168)
	value		500014f3
OBJ 500014dd (sz=24, trace=300000, class=java.lang.String@50000168)
	value		500014f2
OBJ 500014de (sz=24, trace=300000, class=java.lang.String@50000168)
	value		500014f1
OBJ 500014df (sz=24, trace=300000, class=java.lang.String@50000168)
	value		500014f0
OBJ 500014e0 (sz=24, trace=300000, class=java.lang.String@50000168)
	value		500014ef
OBJ 500014e1 (sz=24, trace=300000, class=java.lang.String@50000168)
	value		500014ee
OBJ 500014e2 (sz=24, trace=300000, class=java.lang.String@50000168)
	value		500014ed
OBJ 500014e3 (sz=24, trace=300000, class=java.lang.String@50000168)
	value		500014ec
OBJ 500014e4 (sz=24, trace=300000, class=java.lang.String@50000168)
	value		500014eb
OBJ 500014e5 (sz=24, trace=300000, class=java.lang.String@50000168)
	value		500014ea
OBJ 500014e6 (sz=24, trace=300000, class=java.lang.String@50000168)
	value		500014e9
OBJ 500014e7 (sz=24, trace=300000, class=java.lang.String@50000168)
	value		500014e8
ARR 500014e8 (sz=2, trace=300000, nelems=1, elem type=char[])
ARR 500014e9 (sz=76, trace=300000, nelems=38, elem type=char[])
ARR 500014ea (sz=28, trace=300000, nelems=14, elem type=char[])
ARR 500014eb (sz=70, trace=300000, nelems=35, elem type=char[])
ARR 500014ec (sz=114, trace=300000, nelems=57, elem type=char[])
ARR 500014ed (sz=152, trace=300000, nelems=76, elem type=char[])
ARR 500014ee (sz=102, trace=300000, nelems=51, elem type=char[])
ARR 500014ef (sz=106, trace=300000, nelems=53, elem type=char[])
ARR 500014f0 (sz=118, trace=300000, nelems=59, elem type=char[])
ARR 500014f1 (sz=44, trace=300000, nelems=22, elem type=char[])
ARR 500014f2 (sz=76, trace=300000, nelems=38, elem type=char[])
ARR 500014f3 (sz=86, trace=300000, nelems=43, elem type=char[])
ARR 500014f4 (sz=48, trace=300000, nelems=24, elem type=char[])
ARR 500014f5 (sz=20, trace=300000, nelems=10, elem type=char[])
ARR 500014f6 (sz=38, trace=300000, nelems=19, elem type=char[])
ARR 500014f7 (sz=70, trace=300000, nelems=35, elem type=char[])
ARR 500014f8 (sz=20, trace=300000, nelems=10, elem type=char[])
ARR 500014f9 (sz=38, trace=300000, nelems=19, elem type=char[])
ARR 500014fa (sz=46, trace=300000, nelems=23, elem type=char[])
ARR 500014fb (sz=70, trace=300000, nelems=35, elem type=char[])
OBJ 500014fc (sz=24, trace=300000, class=java.lang.String@50000168)
	value		500014fd
ARR 500014fd (sz=48, trace=300000, nelems=24, elem type=char[])
OBJ 500014fe (sz=24, trace=300000, class=java.util.Collections$SetFromMap@5000004b)
	m		50001500
	s		500014ff
OBJ 500014ff (sz=16, trace=300000, class=java.util.WeakHashMap$KeySet@5000004a)
	this$0		50001500
OBJ 50001500 (sz=48, trace=300000, class=java.util.WeakHashMap@500000a3)
	keySet		500014ff
	table		50001502
	queue		50001501
OBJ 50001501 (sz=32, trace=300000, class=java.lang.ref.ReferenceQueue@500000e5)
	lock		50001507
ARR 50001502 (sz=80, trace=300000, nelems=16, elem type=java.util.WeakHashMap$Entry[]@5000004c)
	[5]		50001503
	[6]		50001504
	[9]		50001505
	[15]		50001506
OBJ 50001503 (sz=40, trace=300000, class=java.util.WeakHashMap$Entry@5000004f)
	referent	50000003
	queue		50001501
	value		50000cfd
OBJ 50001504 (sz=40, trace=300000, class=java.util.WeakHashMap$Entry@5000004f)
	referent	50000052
	queue		50001501
	value		50000cfd
	next		50001508
OBJ 50001505 (sz=40, trace=300000, class=java.util.WeakHashMap$Entry@5000004f)
	referent	50000054
	queue		50001501
	value		50000cfd
OBJ 50001506 (sz=40, trace=300000, class=java.util.WeakHashMap$Entry@5000004f)
	referent	50000162
	queue		50001501
	value		50000cfd
OBJ 50001507 (sz=16, trace=300000, class=java.lang.ref.ReferenceQueue$Lock@500000e3)
OBJ 50001508 (sz=40, trace=300000, class=java.util.WeakHashMap$Entry@5000004f)
	referent	50000053
	queue		50001501
	value		50000cfd
ARR 50001509 (sz=42, trace=300000, nelems=21, elem type=char[])
ARR 5000150a (sz=34, trace=300000, nelems=17, elem type=char[])
OBJ 5000150b (sz=24, trace=300000, class=java.lang.String@50000168)
	value		50001510
OBJ 5000150c (sz=24, trace=300000, class=java.lang.String@50000168)
	value		5000150f
OBJ 5000150d (sz=24, trace=300000, class=java.lang.String@50000168)
	value		5000150e
ARR 5000150e (sz=28, trace=300000, nelems=14, elem type=char[])
ARR 5000150f (sz=28, trace=300000, nelems=14, elem type=char[])
ARR 50001510 (sz=28, trace=300000, nelems=14, elem type=char[])
OBJ 50001511 (sz=24, trace=300000, class=java.lang.String@50000168)
	value		50001512
ARR 50001512 (sz=40, trace=300000, nelems=20, elem type=char[])
ARR 50001513 (sz=10, trace=300000, nelems=5, elem type=char[])
ARR 50001514 (sz=80, trace=300000, nelems=11, elem type=java.util.HashMap$Node[]@500000b8)
	[10]		50001515
OBJ 50001515 (sz=32, trace=300000, class=java.util.HashMap$Node@500000b9)
	key		5000011d
	value		50001516
ARR 50001516 (sz=24, trace=300000, nelems=1, elem type=java.lang.String[]@500000bc)
	[0]		50000a7a
ARR 50001517 (sz=18, trace=300000, nelems=9, elem type=char[])
OBJ 50001518 (sz=24, trace=300000, class=java.lang.String@50000168)
	value		5000151c
OBJ 50001519 (sz=32, trace=300000, class=java.util.concurrent.atomic.AtomicReferenceFieldUpdater$AtomicReferenceFieldUpdaterImpl@500000b1)
	tclass		500000b3
	vclass		50000170
OBJ 5000151a (sz=24, trace=300000, class=java.lang.String@50000168)
	value		5000151b
ARR 5000151b (sz=26, trace=300000, nelems=13, elem type=char[])
ARR 5000151c (sz=6, trace=300000, nelems=3, elem type=char[])
OBJ 5000151d (sz=24, trace=300000, class=java.io.OutputStreamWriter@50000085)
	lock		50000a68
	se		50001522
OBJ 5000151e (sz=40, trace=300000, class=java.io.BufferedWriter@50000079)
	lock		5000151d
	out		5000151d
	cb		50001521
	lineSeparator	50000a65
OBJ 5000151f (sz=24, trace=300000, class=java.io.BufferedOutputStream@5000009b)
	out		50000a70
	buf		50001520
ARR 50001520 (sz=128, trace=300000, nelems=128, elem type=byte[])
ARR 50001521 (sz=16384, trace=300000, nelems=8192, elem type=char[])
OBJ 50001522 (sz=48, trace=300000, class=sun.nio.cs.StreamEncoder@50000084)
	lock		5000151d
	cs		500013a5
	encoder		50001524
	bb		50001523
	out		50000a68
OBJ 50001523 (sz=48, trace=300000, class=java.nio.HeapByteBuffer@5000007e)
	hb		50001526
OBJ 50001524 (sz=64, trace=300000, class=sun.nio.cs.SingleByte$Encoder@50000081)
	charset		500013a5
	replacement	50001525
	malformedInputAction	50001034
	unmappableCharacterAction	50001034
	c2b		500013a9
	c2bIndex	500013a8
ARR 50001525 (sz=1, trace=300000, nelems=1, elem type=byte[])
ARR 50001526 (sz=8192, trace=300000, nelems=8192, elem type=byte[])
ARR 50001527 (sz=28, trace=300000, nelems=14, elem type=char[])
OBJ 50001528 (sz=24, trace=300000, class=java.lang.String@50000168)
	value		5000152a
ARR 50001529 (sz=22, trace=300000, nelems=11, elem type=char[])
ARR 5000152a (sz=36, trace=300000, nelems=18, elem type=char[])
OBJ 5000152b (sz=24, trace=300000, class=java.io.OutputStreamWriter@50000085)
	lock		50000a67
	se		50001530
OBJ 5000152c (sz=40, trace=300000, class=java.io.BufferedWriter@50000079)
	lock		5000152b
	out		5000152b
	cb		5000152f
	lineSeparator	50000a65
OBJ 5000152d (sz=24, trace=300000, class=java.io.BufferedOutputStream@5000009b)
	out		50000a72
	buf		5000152e
ARR 5000152e (sz=128, trace=300000, nelems=128, elem type=byte[])
ARR 5000152f (sz=16384, trace=300000, nelems=8192, elem type=char[])
OBJ 50001530 (sz=48, trace=300000, class=sun.nio.cs.StreamEncoder@50000084)
	lock		5000152b
	cs		500013a5
	encoder		50001532
	bb		50001531
	out		50000a67
OBJ 50001531 (sz=48, trace=300000, class=java.nio.HeapByteBuffer@5000007e)
	hb		50001534
OBJ 50001532 (sz=64, trace=300000, class=sun.nio.cs.SingleByte$Encoder@50000081)
	charset		500013a5
	replacement	50001533
	malformedInputAction	50001034
	unmappableCharacterAction	50001034
	c2b		500013a9
	c2bIndex	500013a8
ARR 50001533 (sz=1, trace=300000, nelems=1, elem type=byte[])
ARR 50001534 (sz=8192, trace=300000, nelems=8192, elem type=byte[])
OBJ 50001535 (sz=24, trace=300000, class=java.util.Collections$SynchronizedSet@500000d2)
	c		50001579
	mutex		50000a66
ARR 50001536 (sz=400, trace=300000, nelems=92, elem type=java.util.Hashtable$Entry[]@500000dd)
	[0]		50001537
	[2]		50001538
	[5]		50001539
	[9]		5000153a
	[11]		5000153b
	[13]		5000153c
	[16]		5000153d
	[17]		5000153e
	[18]		5000153f
	[19]		50001540
	[21]		50001541
	[22]		50001542
	[24]		50001543
	[26]		50001544
	[27]		50001545
	[33]		50001546
	[38]		50001547
	[39]		50001548
	[40]		50001549
	[41]		5000154a
	[44]		5000154b
	[47]		5000154c
	[49]		5000154d
	[54]		5000154e
	[57]		5000154f
	[63]		50001550
	[64]		50001551
	[65]		50001552
	[67]		50001553
	[70]		50001554
	[72]		50001555
	[74]		50001556
	[76]		50001557
	[79]		50001558
	[80]		50001559
	[81]		5000155a
	[82]		5000155b
	[88]		5000155c
	[91]		5000155d
OBJ 50001537 (sz=32, trace=300000, class=java.util.Hashtable$Entry@500000df)
	key		50000cf4
	value		50000cf3
OBJ 50001538 (sz=32, trace=300000, class=java.util.Hashtable$Entry@500000df)
	key		50000cf0
	value		50000cef
OBJ 50001539 (sz=32, trace=300000, class=java.util.Hashtable$Entry@500000df)
	key		50000cec
	value		50000ceb
OBJ 5000153a (sz=32, trace=300000, class=java.util.Hashtable$Entry@500000df)
	key		50000ce8
	value		50000ce7
	next		50001578
OBJ 5000153b (sz=32, trace=300000, class=java.util.Hashtable$Entry@500000df)
	key		50000cdf
	value		50000cde
OBJ 5000153c (sz=32, trace=300000, class=java.util.Hashtable$Entry@500000df)
	key		50000cdb
	value		50000cda
OBJ 5000153d (sz=32, trace=300000, class=java.util.Hashtable$Entry@500000df)
	key		50000cd7
	value		50000cd6
	next		50001577
OBJ 5000153e (sz=32, trace=300000, class=java.util.Hashtable$Entry@500000df)
	key		50000cce
	value		50000ccd
OBJ 5000153f (sz=32, trace=300000, class=java.util.Hashtable$Entry@500000df)
	key		50000cca
	value		50000cc9
OBJ 50001540 (sz=32, trace=300000, class=java.util.Hashtable$Entry@500000df)
	key		50000cc6
	value		50001495
OBJ 50001541 (sz=32, trace=300000, class=java.util.Hashtable$Entry@500000df)
	key		50000cbe
	value		50001575
OBJ 50001542 (sz=32, trace=300000, class=java.util.Hashtable$Entry@500000df)
	key		50000cb9
	value		50000cb8
OBJ 50001543 (sz=32, trace=300000, class=java.util.Hashtable$Entry@500000df)
	key		50000cb5
	value		50000cb4
	next		50001574
OBJ 50001544 (sz=32, trace=300000, class=java.util.Hashtable$Entry@500000df)
	key		50000cac
	value		50000cab
	next		50001572
OBJ 50001545 (sz=32, trace=300000, class=java.util.Hashtable$Entry@500000df)
	key		50000c9e
	value		50000c9d
OBJ 50001546 (sz=32, trace=300000, class=java.util.Hashtable$Entry@500000df)
	key		50000c9a
	value		50000c99
	next		50001571
OBJ 50001547 (sz=32, trace=300000, class=java.util.Hashtable$Entry@500000df)
	key		50000c8d
	value		50000c8c
	next		50001570
OBJ 50001548 (sz=32, trace=300000, class=java.util.Hashtable$Entry@500000df)
	key		50000c88
	value		50000c87
OBJ 50001549 (sz=32, trace=300000, class=java.util.Hashtable$Entry@500000df)
	key		50000c84
	value		50000c83
OBJ 5000154a (sz=32, trace=300000, class=java.util.Hashtable$Entry@500000df)
	key		50000c80
	value		50000c7f
OBJ 5000154b (sz=32, trace=300000, class=java.util.Hashtable$Entry@500000df)
	key		50000c7c
	value		50000c7b
OBJ 5000154c (sz=32, trace=300000, class=java.util.Hashtable$Entry@500000df)
	key		50000c78
	value		50000c77
OBJ 5000154d (sz=32, trace=300000, class=java.util.Hashtable$Entry@500000df)
	key		50000c70
	value		50000c6f
	next		5000156f
OBJ 5000154e (sz=32, trace=300000, class=java.util.Hashtable$Entry@500000df)
	key		50000c6b
	value		50000c6a
OBJ 5000154f (sz=32, trace=300000, class=java.util.Hashtable$Entry@500000df)
	key		50000c67
	value		50000c66
OBJ 50001550 (sz=32, trace=300000, class=java.util.Hashtable$Entry@500000df)
	key		50000c63
	value		50000c62
OBJ 50001551 (sz=32, trace=300000, class=java.util.Hashtable$Entry@500000df)
	key		50000c5f
	value		50000c5e
OBJ 50001552 (sz=32, trace=300000, class=java.util.Hashtable$Entry@500000df)
	key		50000c5b
	value		50000c5a
OBJ 50001553 (sz=32, trace=300000, class=java.util.Hashtable$Entry@500000df)
	key		50000c54
	value		50000c53
	next		5000156e
OBJ 50001554 (sz=32, trace=300000, class=java.util.Hashtable$Entry@500000df)
	key		50000c4b
	value		50000c4a
	next		5000156d
OBJ 50001555 (sz=32, trace=300000, class=java.util.Hashtable$Entry@500000df)
	key		50000c46
	value		50000c45
OBJ 50001556 (sz=32, trace=300000, class=java.util.Hashtable$Entry@500000df)
	key		5000156a
	value		50001569
OBJ 50001557 (sz=32, trace=300000, class=java.util.Hashtable$Entry@500000df)
	key		50000c3e
	value		50000c3d
	next		50001568
OBJ 50001558 (sz=32, trace=300000, class=java.util.Hashtable$Entry@500000df)
	key		50000c30
	value		50000c2f
	next		50001565
OBJ 50001559 (sz=32, trace=300000, class=java.util.Hashtable$Entry@500000df)
	key		50000c22
	value		50000c21
	next		50001564
OBJ 5000155a (sz=32, trace=300000, class=java.util.Hashtable$Entry@500000df)
	key		50000c1d
	value		50000c1c
OBJ 5000155b (sz=32, trace=300000, class=java.util.Hashtable$Entry@500000df)
	key		50000c15
	value		50000c14
	next		50001563
OBJ 5000155c (sz=32, trace=300000, class=java.util.Hashtable$Entry@500000df)
	key		50000c0c
	value		50000c0b
	next		50001562
OBJ 5000155d (sz=32, trace=300000, class=java.util.Hashtable$Entry@500000df)
	key		5000155f
	value		5000155e
OBJ 5000155e (sz=24, trace=300000, class=java.lang.String@50000168)
	value		50001561
OBJ 5000155f (sz=24, trace=300000, class=java.lang.String@50000168)
	value		50001560
ARR 50001560 (sz=34, trace=300000, nelems=17, elem type=char[])
ARR 50001561 (sz=62, trace=300000, nelems=31, elem type=char[])
OBJ 50001562 (sz=32, trace=300000, class=java.util.Hashtable$Entry@500000df)
	key		50000c10
	value		50000c0f
OBJ 50001563 (sz=32, trace=300000, class=java.util.Hashtable$Entry@500000df)
	key		50000c19
	value		50000c18
OBJ 50001564 (sz=32, trace=300000, class=java.util.Hashtable$Entry@500000df)
	key		50000c26
	value		50000c25
OBJ 50001565 (sz=32, trace=300000, class=java.util.Hashtable$Entry@500000df)
	key		50000c2b
	value		50000c2a
	next		50001566
OBJ 50001566 (sz=32, trace=300000, class=java.util.Hashtable$Entry@500000df)
	key		50000c35
	value		50000c34
	next		50001567
OBJ 50001567 (sz=32, trace=300000, class=java.util.Hashtable$Entry@500000df)
	key		50000c39
	value		50000c38
OBJ 50001568 (sz=32, trace=300000, class=java.util.Hashtable$Entry@500000df)
	key		50000c42
	value		50000c41
OBJ 50001569 (sz=24, trace=300000, class=java.lang.String@50000168)
	value		5000156c
OBJ 5000156a (sz=24, trace=300000, class=java.lang.String@50000168)
	value		5000156b
ARR 5000156b (sz=40, trace=300000, nelems=20, elem type=char[])
ARR 5000156c (sz=24, trace=300000, nelems=12, elem type=char[])
OBJ 5000156d (sz=32, trace=300000, class=java.util.Hashtable$Entry@500000df)
	key		50000c4f
	value		50000c4e
OBJ 5000156e (sz=32, trace=300000, class=java.util.Hashtable$Entry@500000df)
	key		50000c57
	value		50000a65
OBJ 5000156f (sz=32, trace=300000, class=java.util.Hashtable$Entry@500000df)
	key		50000c74
	value		50000c73
OBJ 50001570 (sz=32, trace=300000, class=java.util.Hashtable$Entry@500000df)
	key		50000c91
	value		50000c90
OBJ 50001571 (sz=32, trace=300000, class=java.util.Hashtable$Entry@500000df)
	key		50000c96
	value		50000c95
OBJ 50001572 (sz=32, trace=300000, class=java.util.Hashtable$Entry@500000df)
	key		50000ca8
	value		50000ca7
	next		50001573
OBJ 50001573 (sz=32, trace=300000, class=java.util.Hashtable$Entry@500000df)
	key		50000ca3
	value		50000ca2
OBJ 50001574 (sz=32, trace=300000, class=java.util.Hashtable$Entry@500000df)
	key		50000cb1
	value		50000cb0
OBJ 50001575 (sz=24, trace=300000, class=java.lang.String@50000168)
	value		50001576
ARR 50001576 (sz=20, trace=300000, nelems=10, elem type=char[])
OBJ 50001577 (sz=32, trace=300000, class=java.util.Hashtable$Entry@500000df)
	key		50000cd3
	value		50000cd2
OBJ 50001578 (sz=32, trace=300000, class=java.util.Hashtable$Entry@500000df)
	key		50000ce4
	value		50000ce3
OBJ 50001579 (sz=16, trace=300000, class=java.util.Hashtable$EntrySet@500000d9)
	this$0		50000a66
OBJ 5000157a (sz=24, trace=300000, class=java.lang.String@50000168)
	value		5000157b
ARR 5000157b (sz=8, trace=300000, nelems=4, elem type=char[])
OBJ 5000157c (sz=24, trace=300000, class=java.lang.String@50000168)
	value		50001589
OBJ 5000157d (sz=24, trace=300000, class=java.lang.String@50000168)
	value		50001587
OBJ 5000157e (sz=16, trace=300000, class=java.lang.Terminator$1@50000064)
OBJ 5000157f (sz=24, trace=300000, class=sun.misc.NativeSignalHandler@50000062)
OBJ 50001580 (sz=24, trace=300000, class=sun.misc.NativeSignalHandler@50000062)
OBJ 50001581 (sz=48, trace=300000, class=java.util.Hashtable@50000142)
	table		5000158a
OBJ 50001582 (sz=48, trace=300000, class=java.util.Hashtable@50000142)
	table		50001583
ARR 50001583 (sz=32, trace=300000, nelems=4, elem type=java.util.Hashtable$Entry[]@500000dd)
	[2]		50001584
	[3]		50001585
OBJ 50001584 (sz=32, trace=300000, class=java.util.Hashtable$Entry@500000df)
	key		50001588
	value		5000157e
OBJ 50001585 (sz=32, trace=300000, class=java.util.Hashtable$Entry@500000df)
	key		50001586
	value		5000157e
OBJ 50001586 (sz=24, trace=300000, class=sun.misc.Signal@50000063)
	name		5000157d
ARR 50001587 (sz=8, trace=300000, nelems=4, elem type=char[])
OBJ 50001588 (sz=24, trace=300000, class=sun.misc.Signal@50000063)
	name		5000157c
ARR 50001589 (sz=6, trace=300000, nelems=3, elem type=char[])
ARR 5000158a (sz=32, trace=300000, nelems=4, elem type=java.util.Hashtable$Entry[]@500000dd)
	[2]		5000158b
	[3]		5000158c
OBJ 5000158b (sz=32, trace=300000, class=java.util.Hashtable$Entry@500000df)
	key		50000b5e
	value		50001588
OBJ 5000158c (sz=32, trace=300000, class=java.util.Hashtable$Entry@500000df)
	key		50000b6b
	value		50001586
ARR 5000158d (sz=6, trace=300000, nelems=3, elem type=char[])
ARR 5000158e (sz=38, trace=300000, nelems=19, elem type=char[])
ARR 5000158f (sz=38, trace=300000, nelems=19, elem type=char[])
ARR 50001590 (sz=12, trace=300000, nelems=6, elem type=char[])
ARR 50001591 (sz=4, trace=300000, nelems=2, elem type=char[])
ARR 50001592 (sz=8, trace=300000, nelems=4, elem type=char[])
ARR 50001593 (sz=4, trace=300000, nelems=2, elem type=char[])
ARR 50001594 (sz=10, trace=300000, nelems=5, elem type=char[])
ARR 50001595 (sz=14, trace=300000, nelems=7, elem type=char[])
ARR 50001596 (sz=4, trace=300000, nelems=2, elem type=char[])
ARR 50001597 (sz=24, trace=300000, nelems=12, elem type=char[])
ARR 50001598 (sz=32, trace=300000, nelems=1, elem type=java.lang.ThreadGroup[]@500000fe)
	[0]		50000a46
ARR 50001599 (sz=32, trace=300000, nelems=4, elem type=java.lang.Thread[]@500000e6)
	[0]		5000096d
	[1]		50000969
	[2]		50000968
	[3]		50000967
OBJ 5000159a (sz=16, trace=300000, class=java.lang.Object@5000016c)
OBJ 5000159b (sz=40, trace=300000, class=java.security.AccessControlContext@50000159)
ARR 5000159c (sz=30, trace=300000, nelems=15, elem type=char[])
OBJ 5000159d (sz=16, trace=300000, class=java.lang.Object@5000016c)
OBJ 5000159e (sz=40, trace=300000, class=java.security.AccessControlContext@50000159)
ARR 5000159f (sz=34, trace=300000, nelems=17, elem type=char[])
OBJ 500015a0 (sz=16, trace=300000, class=java.lang.Object@5000016c)
OBJ 500015a1 (sz=40, trace=300000, class=java.security.AccessControlContext@50000159)
ARR 500015a2 (sz=18, trace=300000, nelems=9, elem type=char[])
OBJ 500015a3 (sz=24, trace=300000, class=java.lang.String@50000168)
	value		500015af
OBJ 500015a4 (sz=16, trace=300000, class=java.lang.Object@5000016c)
OBJ 500015a5 (sz=40, trace=300000, class=java.lang.ref.Finalizer@50000149)
	referent	500015a7
	queue		5000096a
	next		500015a6
	prev		5000046d
OBJ 500015a6 (sz=40, trace=300000, class=java.lang.ref.Finalizer@50000149)
	referent	500014d2
	queue		5000096a
	next		500015ac
	prev		500015a5
OBJ 500015a7 (sz=32, trace=300000, class=java.io.FileInputStream@500000c8)
	fd		500015aa
	path		500015a9
	closeLock	500015a8
OBJ 500015a8 (sz=16, trace=300000, class=java.lang.Object@5000016c)
OBJ 500015a9 (sz=24, trace=300000, class=java.lang.String@50000168)
	value		500015ab
OBJ 500015aa (sz=40, trace=300000, class=java.io.FileDescriptor@500000c7)
	parent		500015a7
ARR 500015ab (sz=104, trace=300000, nelems=52, elem type=char[])
OBJ 500015ac (sz=40, trace=300000, class=java.lang.ref.Finalizer@50000149)
	referent	50000a72
	queue		5000096a
	next		500015ad
	prev		500015a6
OBJ 500015ad (sz=40, trace=300000, class=java.lang.ref.Finalizer@50000149)
	referent	50000a70
	queue		5000096a
	next		500015ae
	prev		500015ac
OBJ 500015ae (sz=40, trace=300000, class=java.lang.ref.Finalizer@50000149)
	referent	50000a6b
	queue		5000096a
	prev		500015ad
ARR 500015af (sz=18, trace=300000, nelems=9, elem type=char[])
OBJ 500015b0 (sz=16, trace=300000, class=java.lang.Object@5000016c)
OBJ 500015b1 (sz=40, trace=300000, class=java.security.AccessControlContext@50000159)
ARR 500015b2 (sz=34, trace=300000, nelems=17, elem type=char[])
ARR 500015b3 (sz=32, trace=300000, nelems=1, elem type=java.lang.Thread[]@500000e6)
	[0]		5000096f
OBJ 500015b4 (sz=24, trace=300000, class=java.lang.String@50000168)
	value		500015b5
ARR 500015b5 (sz=8, trace=300000, nelems=4, elem type=char[])
OBJ 500015b6 (sz=16, trace=300000, class=java.lang.Object@5000016c)
OBJ 500015b7 (sz=40, trace=300000, class=java.security.AccessControlContext@50000159)
ARR 500015b8 (sz=8, trace=300000, nelems=4, elem type=char[])
OBJ 500015b9 (sz=24, trace=300000, class=java.lang.String@50000168)
	value		500015ba
ARR 500015ba (sz=18, trace=300000, nelems=9, elem type=char[])
OBJ 500015bb (sz=32, trace=300000, class=java.lang.OutOfMemoryError@50000151)
OBJ 500015bc (sz=32, trace=300000, class=java.lang.OutOfMemoryError@50000151)
OBJ 500015bd (sz=32, trace=300000, class=java.lang.OutOfMemoryError@50000151)
OBJ 500015be (sz=32, trace=300000, class=java.lang.OutOfMemoryError@50000151)
OBJ 500015bf (sz=24, trace=300000, class=java.lang.String@50000168)
	value		500015c0
ARR 500015c0 (sz=52, trace=300000, nelems=26, elem type=char[])
OBJ 500015c1 (sz=24, trace=300000, class=java.lang.String@50000168)
	value		500015c2
ARR 500015c2 (sz=74, trace=300000, nelems=37, elem type=char[])
OBJ 500015c3 (sz=24, trace=300000, class=java.lang.String@50000168)
	value		500015c4
ARR 500015c4 (sz=44, trace=300000, nelems=22, elem type=char[])
OBJ 500015c5 (sz=24, trace=300000, class=java.lang.String@50000168)
	value		500015c6
ARR 500015c6 (sz=18, trace=300000, nelems=9, elem type=char[])
OBJ 500015c7 (sz=24, trace=300000, class=java.lang.String@50000168)
	value		500015c8
ARR 500015c8 (sz=30, trace=300000, nelems=15, elem type=char[])
ARR 500015c9 (sz=22, trace=300000, nelems=11, elem type=char[])
OBJ 500015ca (sz=24, trace=300000, class=java.lang.String@50000168)
	value		500015e1
OBJ 500015cb (sz=24, trace=300000, class=java.lang.String@50000168)
	value		500015cc
ARR 500015cc (sz=30, trace=300000, nelems=15, elem type=char[])
ARR 500015cd (sz=16, trace=300000, nelems=0, elem type=java.lang.Class[]@5000010c)
OBJ 500015ce (sz=24, trace=300000, class=java.lang.String@50000168)
	value		500015cf
ARR 500015cf (sz=12, trace=300000, nelems=6, elem type=char[])
ARR 500015d0 (sz=24, trace=300000, nelems=2, elem type=java.lang.Class[]@5000010c)
	[0]		5000016c
	[1]		5000016c
OBJ 500015d1 (sz=24, trace=300000, class=java.lang.String@50000168)
	value		500015e0
OBJ 500015d2 (sz=24, trace=300000, class=java.lang.String@50000168)
	value		500015df
OBJ 500015d3 (sz=24, trace=300000, class=java.lang.String@50000168)
	value		500015d4
ARR 500015d4 (sz=8, trace=300000, nelems=4, elem type=char[])
OBJ 500015d5 (sz=24, trace=300000, class=java.lang.String@50000168)
	value		500015de
OBJ 500015d6 (sz=24, trace=300000, class=java.lang.String@50000168)
	value		500015dd
OBJ 500015d7 (sz=24, trace=300000, class=java.lang.String@50000168)
	value		500015dc
OBJ 500015d8 (sz=24, trace=300000, class=java.lang.String@50000168)
	value		500015db
OBJ 500015d9 (sz=24, trace=300000, class=java.lang.String@50000168)
	value		500015da
ARR 500015da (sz=100, trace=300000, nelems=50, elem type=char[])
ARR 500015db (sz=94, trace=300000, nelems=47, elem type=char[])
ARR 500015dc (sz=92, trace=300000, nelems=46, elem type=char[])
ARR 500015dd (sz=82, trace=300000, nelems=41, elem type=char[])
ARR 500015de (sz=94, trace=300000, nelems=47, elem type=char[])
ARR 500015df (sz=10, trace=300000, nelems=5, elem type=char[])
ARR 500015e0 (sz=12, trace=300000, nelems=6, elem type=char[])
ARR 500015e1 (sz=8, trace=300000, nelems=4, elem type=char[])
OBJ 500015e2 (sz=24, trace=300000, class=java.lang.String@50000168)
	value		500015e7
OBJ 500015e3 (sz=24, trace=300000, class=java.lang.String@50000168)
	value		500015e6
OBJ 500015e4 (sz=24, trace=300000, class=java.lang.String@50000168)
	value		500015e5
ARR 500015e5 (sz=24, trace=300000, nelems=12, elem type=char[])
ARR 500015e6 (sz=26, trace=300000, nelems=13, elem type=char[])
ARR 500015e7 (sz=14, trace=300000, nelems=7, elem type=char[])
OBJ 500015e8 (sz=24, trace=300000, class=java.lang.String@50000168)
	value		500015f1
OBJ 500015e9 (sz=24, trace=300000, class=java.lang.String@50000168)
	value		500015f0
OBJ 500015ea (sz=24, trace=300000, class=java.lang.String@50000168)
	value		500015ef
OBJ 500015eb (sz=24, trace=300000, class=java.lang.String@50000168)
	value		500015ee
OBJ 500015ec (sz=24, trace=300000, class=java.lang.String@50000168)
	value		500015ed
ARR 500015ed (sz=46, trace=300000, nelems=23, elem type=char[])
ARR 500015ee (sz=20, trace=300000, nelems=10, elem type=char[])
ARR 500015ef (sz=6, trace=300000, nelems=3, elem type=char[])
ARR 500015f0 (sz=18, trace=300000, nelems=9, elem type=char[])
ARR 500015f1 (sz=70, trace=300000, nelems=35, elem type=char[])
OBJ 500015f2 (sz=24, trace=300000, class=java.lang.String@50000168)
	value		500015fb
OBJ 500015f3 (sz=24, trace=300000, class=java.lang.String@50000168)
	value		50001679
OBJ 500015f4 (sz=24, trace=300000, class=java.lang.String@50000168)
	value		50001678
OBJ 500015f5 (sz=24, trace=300000, class=java.lang.String@50000168)
	value		50001601
OBJ 500015f6 (sz=24, trace=300000, class=java.lang.String@50000168)
	value		50001600
OBJ 500015f7 (sz=24, trace=300000, class=java.lang.String@50000168)
	value		500015ff
OBJ 500015f8 (sz=24, trace=300000, class=java.lang.String@50000168)
	value		500015fe
OBJ 500015f9 (sz=24, trace=300000, class=java.lang.String@50000168)
	value		500015fd
OBJ 500015fa (sz=24, trace=300000, class=java.lang.String@50000168)
	value		500015fc
ARR 500015fb (sz=16, trace=300000, nelems=8, elem type=char[])
ARR 500015fc (sz=20, trace=300000, nelems=10, elem type=char[])
ARR 500015fd (sz=8, trace=300000, nelems=4, elem type=char[])
ARR 500015fe (sz=24, trace=300000, nelems=12, elem type=char[])
ARR 500015ff (sz=36, trace=300000, nelems=18, elem type=char[])
ARR 50001600 (sz=32, trace=300000, nelems=16, elem type=char[])
ARR 50001601 (sz=32, trace=300000, nelems=16, elem type=char[])
OBJ 50001602 (sz=56, trace=300000, class=java.util.ResourceBundle$CacheKey@5000084a)
	name		50000abd
	locale		50000db8
	loaderRef	5000088f
	format		50001604
OBJ 50001603 (sz=56, trace=300000, class=java.util.ResourceBundle$CacheKey@5000084a)
	name		50000abd
	locale		50000da8
	loaderRef	50000878
	format		50001604
OBJ 50001604 (sz=24, trace=300000, class=java.lang.String@50000168)
	value		50001605
ARR 50001605 (sz=20, trace=300000, nelems=10, elem type=char[])
OBJ 50001606 (sz=56, trace=300000, class=java.util.ResourceBundle$CacheKey@5000084a)
	name		50000abd
	locale		50000da7
	loaderRef	500008ec
	format		50001604
OBJ 50001607 (sz=24, trace=300000, class=java.lang.String@50000168)
	value		5000160a
OBJ 50001608 (sz=24, trace=300000, class=java.lang.String@50000168)
	value		50001609
ARR 50001609 (sz=36, trace=300000, nelems=18, elem type=char[])
ARR 5000160a (sz=64, trace=300000, nelems=32, elem type=char[])
OBJ 5000160b (sz=24, trace=300000, class=java.lang.String@50000168)
	value		5000160d
OBJ 5000160c (sz=24, trace=300000, class=java.lang.String@50000168)
	value		50001614
ARR 5000160d (sz=30, trace=300000, nelems=15, elem type=char[])
OBJ 5000160e (sz=24, trace=300000, class=java.lang.String@50000168)
	value		50001613
OBJ 5000160f (sz=24, trace=300000, class=java.lang.String@50000168)
	value		50001612
OBJ 50001610 (sz=24, trace=300000, class=java.lang.String@50000168)
	value		50001611
ARR 50001611 (sz=4, trace=300000, nelems=2, elem type=char[])
ARR 50001612 (sz=4, trace=300000, nelems=2, elem type=char[])
ARR 50001613 (sz=4, trace=300000, nelems=2, elem type=char[])
ARR 50001614 (sz=20, trace=300000, nelems=10, elem type=char[])
OBJ 50001615 (sz=24, trace=300000, class=java.lang.String@50000168)
	value		50001618
OBJ 50001616 (sz=24, trace=300000, class=java.lang.String@50000168)
	value		50001617
ARR 50001617 (sz=48, trace=300000, nelems=24, elem type=char[])
ARR 50001618 (sz=306, trace=300000, nelems=153, elem type=char[])
OBJ 50001619 (sz=24, trace=300000, class=java.lang.String@50000168)
	value		5000161c
OBJ 5000161a (sz=24, trace=300000, class=java.lang.String@50000168)
	value		5000161b
ARR 5000161b (sz=48, trace=300000, nelems=24, elem type=char[])
ARR 5000161c (sz=84, trace=300000, nelems=42, elem type=char[])
OBJ 5000161d (sz=24, trace=300000, class=java.lang.String@50000168)
	value		50001620
OBJ 5000161e (sz=24, trace=300000, class=java.lang.String@50000168)
	value		5000161f
ARR 5000161f (sz=48, trace=300000, nelems=24, elem type=char[])
ARR 50001620 (sz=354, trace=300000, nelems=177, elem type=char[])
OBJ 50001621 (sz=24, trace=300000, class=java.lang.String@50000168)
	value		50001624
OBJ 50001622 (sz=24, trace=300000, class=java.lang.String@50000168)
	value		50001623
ARR 50001623 (sz=48, trace=300000, nelems=24, elem type=char[])
ARR 50001624 (sz=416, trace=300000, nelems=208, elem type=char[])
OBJ 50001625 (sz=24, trace=300000, class=java.lang.String@50000168)
	value		50001628
OBJ 50001626 (sz=24, trace=300000, class=java.lang.String@50000168)
	value		50001627
ARR 50001627 (sz=48, trace=300000, nelems=24, elem type=char[])
ARR 50001628 (sz=206, trace=300000, nelems=103, elem type=char[])
OBJ 50001629 (sz=24, trace=300000, class=java.lang.String@50000168)
	value		5000162c
OBJ 5000162a (sz=24, trace=300000, class=java.lang.String@50000168)
	value		5000162b
ARR 5000162b (sz=54, trace=300000, nelems=27, elem type=char[])
ARR 5000162c (sz=144, trace=300000, nelems=72, elem type=char[])
OBJ 5000162d (sz=24, trace=300000, class=java.lang.String@50000168)
	value		50001630
OBJ 5000162e (sz=24, trace=300000, class=java.lang.String@50000168)
	value		5000162f
ARR 5000162f (sz=48, trace=300000, nelems=24, elem type=char[])
ARR 50001630 (sz=418, trace=300000, nelems=209, elem type=char[])
OBJ 50001631 (sz=24, trace=300000, class=java.lang.String@50000168)
	value		50001634
OBJ 50001632 (sz=24, trace=300000, class=java.lang.String@50000168)
	value		50001633
ARR 50001633 (sz=54, trace=300000, nelems=27, elem type=char[])
ARR 50001634 (sz=302, trace=300000, nelems=151, elem type=char[])
OBJ 50001635 (sz=24, trace=300000, class=java.lang.String@50000168)
	value		50001638
OBJ 50001636 (sz=24, trace=300000, class=java.lang.String@50000168)
	value		50001637
ARR 50001637 (sz=52, trace=300000, nelems=26, elem type=char[])
ARR 50001638 (sz=110, trace=300000, nelems=55, elem type=char[])
OBJ 50001639 (sz=24, trace=300000, class=java.lang.String@50000168)
	value		5000163c
OBJ 5000163a (sz=24, trace=300000, class=java.lang.String@50000168)
	value		5000163b
ARR 5000163b (sz=54, trace=300000, nelems=27, elem type=char[])
ARR 5000163c (sz=140, trace=300000, nelems=70, elem type=char[])
OBJ 5000163d (sz=24, trace=300000, class=java.lang.String@50000168)
	value		50001640
OBJ 5000163e (sz=24, trace=300000, class=java.lang.String@50000168)
	value		5000163f
ARR 5000163f (sz=56, trace=300000, nelems=28, elem type=char[])
ARR 50001640 (sz=772, trace=300000, nelems=386, elem type=char[])
OBJ 50001641 (sz=24, trace=300000, class=java.lang.String@50000168)
	value		50001644
OBJ 50001642 (sz=24, trace=300000, class=java.lang.String@50000168)
	value		50001643
ARR 50001643 (sz=54, trace=300000, nelems=27, elem type=char[])
ARR 50001644 (sz=114, trace=300000, nelems=57, elem type=char[])
OBJ 50001645 (sz=24, trace=300000, class=java.lang.String@50000168)
	value		50001648
OBJ 50001646 (sz=24, trace=300000, class=java.lang.String@50000168)
	value		50001647
ARR 50001647 (sz=42, trace=300000, nelems=21, elem type=char[])
ARR 50001648 (sz=5258, trace=300000, nelems=2629, elem type=char[])
OBJ 50001649 (sz=24, trace=300000, class=java.lang.String@50000168)
	value		5000164c
OBJ 5000164a (sz=24, trace=300000, class=java.lang.String@50000168)
	value		5000164b
ARR 5000164b (sz=48, trace=300000, nelems=24, elem type=char[])
ARR 5000164c (sz=46, trace=300000, nelems=23, elem type=char[])
OBJ 5000164d (sz=24, trace=300000, class=java.lang.String@50000168)
	value		50001650
OBJ 5000164e (sz=24, trace=300000, class=java.lang.String@50000168)
	value		5000164f
ARR 5000164f (sz=50, trace=300000, nelems=25, elem type=char[])
ARR 50001650 (sz=162, trace=300000, nelems=81, elem type=char[])
OBJ 50001651 (sz=24, trace=300000, class=java.lang.String@50000168)
	value		50001654
OBJ 50001652 (sz=24, trace=300000, class=java.lang.String@50000168)
	value		50001653
ARR 50001653 (sz=48, trace=300000, nelems=24, elem type=char[])
ARR 50001654 (sz=4364, trace=300000, nelems=2182, elem type=char[])
OBJ 50001655 (sz=24, trace=300000, class=java.lang.String@50000168)
	value		50001658
OBJ 50001656 (sz=24, trace=300000, class=java.lang.String@50000168)
	value		50001657
ARR 50001657 (sz=48, trace=300000, nelems=24, elem type=char[])
ARR 50001658 (sz=184, trace=300000, nelems=92, elem type=char[])
OBJ 50001659 (sz=24, trace=300000, class=java.lang.String@50000168)
	value		5000165b
ARR 5000165a (sz=48, trace=300000, nelems=24, elem type=char[])
ARR 5000165b (sz=132, trace=300000, nelems=66, elem type=char[])
OBJ 5000165c (sz=24, trace=300000, class=java.lang.String@50000168)
	value		5000165f
OBJ 5000165d (sz=24, trace=300000, class=java.lang.String@50000168)
	value		5000165e
ARR 5000165e (sz=48, trace=300000, nelems=24, elem type=char[])
ARR 5000165f (sz=76, trace=300000, nelems=38, elem type=char[])
OBJ 50001660 (sz=24, trace=300000, class=java.lang.String@50000168)
	value		50001669
OBJ 50001661 (sz=24, trace=300000, class=java.lang.String@50000168)
	value		5000166f
OBJ 50001662 (sz=24, trace=300000, class=java.lang.String@50000168)
	value		5000166b
OBJ 50001663 (sz=24, trace=300000, class=java.lang.String@50000168)
	value		50001670
OBJ 50001664 (sz=24, trace=300000, class=java.lang.String@50000168)
	value		5000166d
OBJ 50001665 (sz=24, trace=300000, class=java.lang.String@50000168)
	value		50001671
OBJ 50001666 (sz=24, trace=300000, class=java.lang.String@50000168)
	value		5000166c
OBJ 50001667 (sz=24, trace=300000, class=java.lang.String@50000168)
	value		5000166e
OBJ 50001668 (sz=24, trace=300000, class=java.lang.String@50000168)
	value		5000166a
ARR 50001669 (sz=12, trace=300000, nelems=6, elem type=char[])
ARR 5000166a (sz=8, trace=300000, nelems=4, elem type=char[])
ARR 5000166b (sz=8, trace=300000, nelems=4, elem type=char[])
ARR 5000166c (sz=12, trace=300000, nelems=6, elem type=char[])
ARR 5000166d (sz=14, trace=300000, nelems=7, elem type=char[])
ARR 5000166e (sz=14, trace=300000, nelems=7, elem type=char[])
ARR 5000166f (sz=16, trace=300000, nelems=8, elem type=char[])
ARR 50001670 (sz=8, trace=300000, nelems=4, elem type=char[])
ARR 50001671 (sz=12, trace=300000, nelems=6, elem type=char[])
OBJ 50001672 (sz=24, trace=300000, class=java.lang.String@50000168)
	value		50001673
ARR 50001673 (sz=44, trace=300000, nelems=22, elem type=char[])
OBJ 50001674 (sz=24, trace=300000, class=java.lang.String@50000168)
	value		50001676
OBJ 50001675 (sz=24, trace=300000, class=java.lang.String@50000168)
	value		50001677
ARR 50001676 (sz=40, trace=300000, nelems=20, elem type=char[])
ARR 50001677 (sz=14, trace=300000, nelems=7, elem type=char[])
ARR 50001678 (sz=14, trace=300000, nelems=7, elem type=char[])
ARR 50001679 (sz=8, trace=300000, nelems=4, elem type=char[])
OBJ 5000167a (sz=16, trace=300000, class=java.lang.Object@5000016c)
ARR 5000167b (sz=46, trace=300000, nelems=23, elem type=char[])
CLS 5000016c (name=java.lang.Object, trace=300000)
	constant pool entry 77	50000100
	constant pool entry 50	5000016c
CLS 50000001 (name=java.lang.SystemClassLoaderAction, trace=300000)
	super		5000016c
	constant pool entry 36	50000001
	constant pool entry 35	50000161
	constant pool entry 33	5000016c
	constant pool entry 1	500014fc
CLS 50000002 (name=sun.misc.Launcher$AppClassLoader$1, trace=300000)
	super		5000016c
	constant pool entry 30	50000002
	constant pool entry 29	50000003
	constant pool entry 28	50000057
	constant pool entry 25	5000016c
CLS 50000162 (name=java.lang.ClassLoader, trace=300000)
	super		5000016c
	static nocerts	50000aa3
	static scl	50000972
	static loadedLibraryNames	50000aa2
	static systemNativeLibraries	50000aa1
	static nativeLibraryContext	50000aa0
	static usr_paths	50000a9f
	static sys_paths	50000a9e
	constant pool entry 840	50000100
	constant pool entry 356	500000bb
	constant pool entry 355	500000e1
	constant pool entry 354	50000005
	constant pool entry 351	50000057
	constant pool entry 350	500006b0
	constant pool entry 349	5000002e
	constant pool entry 348	500000ec
	constant pool entry 347	500000eb
	constant pool entry 344	50000142
	constant pool entry 343	50000006
	constant pool entry 342	500000ba
	constant pool entry 341	500000d0
	constant pool entry 340	500000d8
	constant pool entry 338	500000f4
	constant pool entry 337	5000015a
	constant pool entry 335	5000000a
	constant pool entry 334	500000f8
	constant pool entry 326	50000001
	constant pool entry 325	50000161
	constant pool entry 323	50000168
	constant pool entry 319	5000016c
	constant pool entry 314	50000157
	constant pool entry 312	50000050
	constant pool entry 311	5000006c
	constant pool entry 310	5000006b
	constant pool entry 309	500006aa
	constant pool entry 306	50000164
	constant pool entry 301	50000077
	constant pool entry 300	50000440
	constant pool entry 19	50000162
	constant pool entry 18	50000a9d
	constant pool entry 15	50000a9c
	constant pool entry 1	50000a60
CLS 50000054 (name=java.security.SecureClassLoader, trace=300000)
	super		50000162
	constant pool entry 60	50000051
	constant pool entry 59	500000ba
	constant pool entry 58	50000054
	constant pool entry 54	50000161
	constant pool entry 49	50000162
	constant pool entry 4	500014b6
CLS 50000053 (name=java.net.URLClassLoader, trace=300000)
	super		50000054
	constant pool entry 242	50000005
	constant pool entry 241	500000c4
	constant pool entry 234	500000a3
	constant pool entry 230	50000054
	constant pool entry 229	500003ec
	constant pool entry 225	500000f8
	constant pool entry 220	50000048
	constant pool entry 216	500006ae
	constant pool entry 215	500008cf
	constant pool entry 214	500001dd
	constant pool entry 213	50000053
	constant pool entry 208	50000161
	constant pool entry 199	50000157
	constant pool entry 198	50000162
CLS 50000003 (name=sun.misc.Launcher$AppClassLoader, trace=300000)
	super		50000053
	constant pool entry 87	50000002
	constant pool entry 86	50000003
	constant pool entry 82	500000f8
	constant pool entry 80	50000053
	constant pool entry 77	50000161
	constant pool entry 76	50000168
	constant pool entry 72	50000162
	constant pool entry 71	50000164
	constant pool entry 3	50000057
	constant pool entry 2	500014b5
CLS 50000011 (name=java.net.URLStreamHandler, trace=300000)
	super		5000016c
	constant pool entry 112	50000011
	constant pool entry 111	50000013
	constant pool entry 108	5000011e
	constant pool entry 107	5000011f
	constant pool entry 106	50000168
	constant pool entry 104	5000016c
	constant pool entry 10	50000f3e
	constant pool entry 8	50000f3d
	constant pool entry 7	50000f3c
	constant pool entry 6	50000f3b
	constant pool entry 5	50000f3a
	constant pool entry 3	50000f39
	constant pool entry 1	50000a60
CLS 50000004 (name=sun.net.www.protocol.jar.Handler, trace=300000)
	super		50000011
	static separator	50000f73
	constant pool entry 81	50000011
CLS 50000005 (name=sun.misc.URLClassPath, trace=300000)
	super		5000016c
	static USER_AGENT_JAVA_VERSION	50001496
	static JAVA_VERSION	50001495
	constant pool entry 190	50000078
	constant pool entry 188	500001e1
	constant pool entry 187	500001e9
	constant pool entry 184	500001e7
	constant pool entry 183	500006a8
	constant pool entry 182	500006ac
	constant pool entry 181	50000005
	constant pool entry 179	500000eb
	constant pool entry 175	500000ba
	constant pool entry 173	500000c1
	constant pool entry 172	500003ec
	constant pool entry 170	500000f8
	constant pool entry 169	50000056
	constant pool entry 167	50000013
	constant pool entry 163	50000161
	constant pool entry 161	50000168
	constant pool entry 158	5000016c
	constant pool entry 155	50000742
	constant pool entry 9	50001494
	constant pool entry 8	50001493
	constant pool entry 6	50001492
	constant pool entry 5	50000f71
CLS 500000ee (name=java.util.AbstractCollection, trace=300000)
	super		5000016c
	constant pool entry 66	5000016c
CLS 500000da (name=java.util.AbstractSet, trace=300000)
	super		500000ee
	constant pool entry 34	500000ee
CLS 50000006 (name=java.util.HashSet, trace=300000)
	super		500000da
	static PRESENT	50000f20
	constant pool entry 114	50000006
	constant pool entry 112	500000ba
	constant pool entry 110	500000da
	constant pool entry 108	5000016c
CLS 50000007 (name=java.security.Principal[], trace=300000)
	super		5000016c
CLS 50000008 (name=java.security.Principal, trace=300000)
CLS 50000009 (name=java.security.ProtectionDomain$Key, trace=300000)
	super		5000016c
	constant pool entry 12	50000009
	constant pool entry 10	5000016c
CLS 5000000a (name=java.security.CodeSource, trace=300000)
	super		5000016c
	constant pool entry 153	5000000a
	constant pool entry 146	5000016c
CLS 5000000b (name=java.security.ProtectionDomain$3, trace=300000)
	super		5000016c
	constant pool entry 13	5000016c
CLS 5000000c (name=sun.misc.JavaSecurityProtectionDomainAccess, trace=300000)
CLS 5000000d (name=java.security.ProtectionDomain$1, trace=300000)
	super		5000016c
	constant pool entry 20	5000016c
CLS 5000000e (name=sun.misc.JavaSecurityAccess, trace=300000)
CLS 5000000f (name=java.net.URL[], trace=300000)
	super		5000016c
CLS 50000010 (name=sun.net.www.protocol.file.Handler, trace=300000)
	super		50000011
	constant pool entry 61	50000011
	constant pool entry 56	50000168
	constant pool entry 54	50000077
CLS 50000012 (name=java.net.Parts, trace=300000)
	super		5000016c
	constant pool entry 25	50000012
	constant pool entry 24	50000168
	constant pool entry 23	5000016c
CLS 50000013 (name=java.net.URL, trace=300000)
	super		5000016c
	static protocolPathProp	50000f42
	static handlers	50000f47
	static streamHandlerLock	50000f46
	constant pool entry 223	50000078
	constant pool entry 221	50000047
	constant pool entry 220	50000142
	constant pool entry 219	500000f8
	constant pool entry 217	50000011
	constant pool entry 215	50000013
	constant pool entry 210	50000012
	constant pool entry 205	50000161
	constant pool entry 204	5000011e
	constant pool entry 203	50000168
	constant pool entry 201	5000016c
	constant pool entry 195	50000164
	constant pool entry 17	50000f45
	constant pool entry 16	50000f44
	constant pool entry 14	50000f43
	constant pool entry 11	50000f42
	constant pool entry 4	50000f41
	constant pool entry 3	50000f40
	constant pool entry 2	50000f3f
	constant pool entry 1	50000a60
CLS 50000014 (name=java.util.BitSet, trace=300000)
	super		5000016c
	static serialPersistentFields	50001485
	constant pool entry 391	50000100
	constant pool entry 196	5000016c
	constant pool entry 187	50000164
	constant pool entry 184	50000105
	constant pool entry 11	50000014
	constant pool entry 10	5000016d
	constant pool entry 4	50001484
CLS 50000015 (name=sun.net.www.ParseUtil, trace=300000)
	super		5000016c
	static encodedInPath	50001482
	static hexDigits	50001481
	constant pool entry 505	50000100
	constant pool entry 242	50000203
	constant pool entry 241	50000014
	constant pool entry 240	50000080
	constant pool entry 239	50000037
	constant pool entry 237	5000003b
	constant pool entry 235	50000039
	constant pool entry 234	5000007f
	constant pool entry 233	50000013
	constant pool entry 228	5000011e
	constant pool entry 226	50000168
	constant pool entry 225	5000016c
	constant pool entry 223	500000dc
	constant pool entry 222	50000113
	constant pool entry 220	50000164
	constant pool entry 219	50000119
	constant pool entry 217	50000077
	constant pool entry 26	50000015
	constant pool entry 25	50000f36
	constant pool entry 22	50001463
	constant pool entry 19	50001480
	constant pool entry 18	5000147f
	constant pool entry 17	5000147e
	constant pool entry 16	5000147d
	constant pool entry 7	50000f41
	constant pool entry 6	5000147c
	constant pool entry 5	5000147b
	constant pool entry 4	5000147a
	constant pool entry 3	50001479
	constant pool entry 2	50000a60
CLS 50000016 (name=java.io.FileInputStream$1, trace=300000)
	super		5000016c
	constant pool entry 19	5000016c
	constant pool entry 17	50000016
	constant pool entry 16	500000c8
CLS 500000b9 (name=java.util.HashMap$Node, trace=300000)
	super		5000016c
	constant pool entry 44	500000b9
	constant pool entry 41	5000016c
CLS 50000067 (name=java.util.LinkedHashMap$Entry, trace=300000)
	super		500000b9
	constant pool entry 14	500000b9
CLS 50000017 (name=java.util.HashMap$TreeNode, trace=300000)
	super		50000067
CLS 50000019 (name=java.lang.CharacterData, trace=300000)
	super		5000016c
	constant pool entry 50	5000016c
	constant pool entry 47	50000018
CLS 50000018 (name=java.lang.CharacterDataLatin1, trace=300000)
	super		50000019
	static sharpsMap	50000f02
	static instance	50000a50
	static A	50000a4f
	static A_DATA	50000f00
	static B	50000f01
	constant pool entry 94	50000100
	constant pool entry 67	50000168
	constant pool entry 66	50000164
	constant pool entry 65	50000019
	constant pool entry 8	50000018
	constant pool entry 7	50000f00
	constant pool entry 6	50000eff
CLS 5000001a (name=sun.util.locale.LocaleUtils, trace=300000)
	super		5000016c
	constant pool entry 47	5000001a
	constant pool entry 43	50000168
CLS 5000001b (name=java.util.Locale$LocaleKey, trace=300000)
	super		5000016c
	constant pool entry 26	5000001f
	constant pool entry 25	5000001b
	constant pool entry 22	5000016c
CLS 5000014e (name=java.lang.ref.Reference, trace=300000)
	super		5000016c
	static lock	5000096e
	constant pool entry 56	500000e5
	constant pool entry 55	500000e8
	constant pool entry 54	500000e9
	constant pool entry 52	5000014e
	constant pool entry 51	50000145
	constant pool entry 50	50000147
	constant pool entry 49	5000016c
	constant pool entry 1	50000a96
CLS 5000014d (name=java.lang.ref.SoftReference, trace=300000)
	super		5000014e
	constant pool entry 17	5000014d
	constant pool entry 16	5000014e
CLS 5000001c (name=sun.util.locale.LocaleObjectCache$CacheEntry, trace=300000)
	super		5000014d
	constant pool entry 16	5000001c
	constant pool entry 14	5000014d
CLS 5000001d (name=sun.util.locale.BaseLocale$Key, trace=300000)
	super		5000016c
	constant pool entry 63	5000001a
	constant pool entry 62	5000001d
	constant pool entry 60	5000014d
	constant pool entry 59	50000168
	constant pool entry 58	5000016c
	constant pool entry 57	50000164
	constant pool entry 2	5000001f
	constant pool entry 1	50000a60
CLS 50000031 (name=sun.util.locale.LocaleObjectCache, trace=300000)
	super		5000016c
	constant pool entry 36	5000001c
	constant pool entry 35	50000031
	constant pool entry 34	5000002f
	constant pool entry 33	5000002e
	constant pool entry 32	500000e5
	constant pool entry 31	5000016c
CLS 5000001e (name=sun.util.locale.BaseLocale$Cache, trace=300000)
	super		50000031
	constant pool entry 40	50000031
	constant pool entry 38	5000001e
	constant pool entry 34	50000164
	constant pool entry 1	5000001f
CLS 5000001f (name=sun.util.locale.BaseLocale, trace=300000)
	super		5000016c
	static SEP	50000dd8
	static CACHE	50000dd7
	constant pool entry 83	5000001a
	constant pool entry 82	5000001d
	constant pool entry 81	5000001e
	constant pool entry 79	5000001f
	constant pool entry 77	50000168
	constant pool entry 76	5000016c
	constant pool entry 12	50000dd6
	constant pool entry 4	50000dd5
	constant pool entry 3	50000dd4
	constant pool entry 1	50000a60
CLS 50000023 (name=java.util.concurrent.ConcurrentHashMap$CollectionView, trace=300000)
	super		5000016c
CLS 50000020 (name=java.util.concurrent.ConcurrentHashMap$EntrySetView, trace=300000)
	super		50000023
CLS 50000021 (name=java.util.concurrent.ConcurrentHashMap$ValuesView, trace=300000)
	super		50000023
CLS 50000022 (name=java.util.concurrent.ConcurrentHashMap$KeySetView, trace=300000)
	super		50000023
CLS 50000024 (name=java.util.concurrent.ConcurrentHashMap$CounterCell[], trace=300000)
	super		5000016c
CLS 50000025 (name=java.util.concurrent.ConcurrentHashMap$CounterCell, trace=300000)
	super		5000016c
CLS 50000026 (name=java.util.concurrent.ConcurrentHashMap$Node[], trace=300000)
	super		5000016c
CLS 50000027 (name=java.util.concurrent.ConcurrentHashMap$Node, trace=300000)
	super		5000016c
	constant pool entry 48	50000027
	constant pool entry 42	5000016c
CLS 50000028 (name=java.util.concurrent.ConcurrentHashMap$Segment[], trace=300000)
	super		5000016c
CLS 50000029 (name=java.util.concurrent.locks.ReentrantLock[], trace=300000)
	super		5000016c
CLS 5000002a (name=java.util.concurrent.locks.Lock[], trace=300000)
	super		5000016c
CLS 5000002c (name=java.util.concurrent.locks.ReentrantLock, trace=300000)
	super		5000016c
CLS 5000002b (name=java.util.concurrent.ConcurrentHashMap$Segment, trace=300000)
	super		5000002c
CLS 5000002d (name=java.util.concurrent.locks.Lock, trace=300000)
CLS 500000d5 (name=java.util.AbstractMap, trace=300000)
	super		5000016c
	constant pool entry 62	5000016c
CLS 5000002e (name=java.util.concurrent.ConcurrentHashMap, trace=300000)
	super		500000d5
	static serialPersistentFields	50000ac7
	static U	50000a79
	constant pool entry 1010	50000100
	constant pool entry 434	5000011d
	constant pool entry 410	50000027
	constant pool entry 369	500000d5
	constant pool entry 363	500000cd
	constant pool entry 362	5000016c
	constant pool entry 359	50000113
	constant pool entry 353	50000164
	constant pool entry 350	50000105
	constant pool entry 343	50000ac6
	constant pool entry 342	50000ac5
	constant pool entry 341	50000ac4
	constant pool entry 339	50000ac3
	constant pool entry 338	50000ac2
	constant pool entry 14	50000025
	constant pool entry 13	5000002e
	constant pool entry 10	50000028
	constant pool entry 9	50000026
	constant pool entry 8	50000ac1
	constant pool entry 7	50000ac0
	constant pool entry 6	50000abf
CLS 5000002f (name=java.util.concurrent.ConcurrentMap, trace=300000)
CLS 50000030 (name=java.util.Locale$Cache, trace=300000)
	super		50000031
	constant pool entry 19	50000031
	constant pool entry 18	5000001b
	constant pool entry 17	50000030
	constant pool entry 15	50000032
CLS 50000032 (name=java.util.Locale, trace=300000)
	super		5000016c
	static LOCALECACHE	50000dba
	static ENGLISH	50000db9
	static FRENCH	50000db8
	static GERMAN	50000db7
	static ITALIAN	50000db6
	static JAPANESE	50000db5
	static KOREAN	50000db4
	static CHINESE	50000db3
	static SIMPLIFIED_CHINESE	50000dae
	static TRADITIONAL_CHINESE	50000dad
	static FRANCE	50000da7
	static GERMANY	50000db2
	static ITALY	50000db1
	static JAPAN	50000db0
	static KOREA	50000daf
	static CHINA	50000dae
	static PRC	50000dae
	static TAIWAN	50000dad
	static UK	50000dac
	static US	50000dab
	static CANADA	50000daa
	static CANADA_FRENCH	50000da9
	static ROOT	50000da8
	static defaultLocale	50000da7
	static defaultFormatLocale	50000da7
	static serialPersistentFields	50000da6
	constant pool entry 889	50000100
	constant pool entry 443	5000001a
	constant pool entry 437	5000001f
	constant pool entry 436	50000078
	constant pool entry 431	5000001b
	constant pool entry 428	50000924
	constant pool entry 427	50000030
	constant pool entry 425	50000929
	constant pool entry 417	500000f8
	constant pool entry 412	5000016c
	constant pool entry 409	50000113
	constant pool entry 404	50000164
	constant pool entry 400	50000105
	constant pool entry 391	50000da5
	constant pool entry 390	50000da4
	constant pool entry 389	50000da3
	constant pool entry 388	50000da2
	constant pool entry 58	50000032
	constant pool entry 57	50000168
	constant pool entry 56	50000da1
	constant pool entry 52	50000da0
	constant pool entry 51	50000d9f
	constant pool entry 50	50000d9e
	constant pool entry 49	50000d9d
	constant pool entry 48	50000d9c
	constant pool entry 47	50000d9b
	constant pool entry 46	50000d9a
	constant pool entry 45	50000d99
	constant pool entry 44	50000d98
	constant pool entry 43	50000d97
	constant pool entry 40	50000d96
	constant pool entry 38	50000d95
	constant pool entry 34	50000d94
	constant pool entry 33	50000d93
	constant pool entry 32	50000d92
	constant pool entry 31	50000d91
	constant pool entry 30	50000d90
	constant pool entry 29	50000d8f
	constant pool entry 24	50000d8e
	constant pool entry 18	50000d8d
	constant pool entry 15	50000d8c
	constant pool entry 13	50000d8b
	constant pool entry 11	50000d8a
	constant pool entry 6	50000d89
	constant pool entry 1	50000a60
CLS 50000033 (name=java.lang.reflect.Array, trace=300000)
	super		5000016c
	constant pool entry 37	50000033
CLS 50000036 (name=java.nio.charset.CoderResult$Cache, trace=300000)
	super		5000016c
	constant pool entry 33	50000036
	constant pool entry 29	5000016c
CLS 50000034 (name=java.nio.charset.CoderResult$2, trace=300000)
	super		50000036
	constant pool entry 14	50000036
CLS 50000035 (name=java.nio.charset.CoderResult$1, trace=300000)
	super		50000036
	constant pool entry 12	50000036
CLS 50000037 (name=java.nio.charset.CoderResult, trace=300000)
	super		5000016c
	static names	50001041
	static UNDERFLOW	50001040
	static OVERFLOW	5000103f
	static malformedCache	5000103e
	static unmappableCache	5000103d
	constant pool entry 137	50000100
	constant pool entry 82	50000034
	constant pool entry 81	50000035
	constant pool entry 75	50000168
	constant pool entry 74	5000016c
	constant pool entry 73	50000164
	constant pool entry 7	50000037
	constant pool entry 4	5000103c
	constant pool entry 3	5000103b
	constant pool entry 2	5000103a
	constant pool entry 1	50001039
CLS 5000011b (name=java.nio.Buffer, trace=300000)
	super		5000016c
	constant pool entry 64	5000011b
	constant pool entry 62	5000016c
CLS 50000039 (name=java.nio.CharBuffer, trace=300000)
	super		5000011b
	constant pool entry 114	50000038
	constant pool entry 112	50000039
	constant pool entry 109	5000011b
CLS 50000038 (name=java.nio.HeapCharBuffer, trace=300000)
	super		50000039
	constant pool entry 136	50000100
	constant pool entry 66	50000038
	constant pool entry 65	50000039
	constant pool entry 59	50000168
CLS 5000003b (name=java.nio.charset.CharsetDecoder, trace=300000)
	super		5000016c
	static stateNames	5000104c
	constant pool entry 273	50000100
	constant pool entry 140	50000080
	constant pool entry 139	50000037
	constant pool entry 137	5000009a
	constant pool entry 134	5000007f
	constant pool entry 129	50000168
	constant pool entry 128	5000016c
	constant pool entry 125	50000164
	constant pool entry 16	5000003b
	constant pool entry 15	5000104b
	constant pool entry 12	5000104a
	constant pool entry 7	50001049
	constant pool entry 4	50001048
	constant pool entry 3	50001047
	constant pool entry 2	50001046
CLS 5000003a (name=sun.nio.cs.SingleByte$Decoder, trace=300000)
	super		5000003b
	constant pool entry 56	5000003a
	constant pool entry 55	5000008d
	constant pool entry 53	50000037
	constant pool entry 52	5000003b
	constant pool entry 51	50000039
	constant pool entry 50	5000007f
	constant pool entry 48	50000168
CLS 5000003c (name=sun.nio.cs.ArrayDecoder, trace=300000)
CLS 5000009a (name=java.nio.charset.Charset, trace=300000)
	super		5000016c
	static bugLevel	50000a60
	static standardProvider	50001055
	static cache1	50000471
	static cache2	5000021e
	static gate	50001054
	static defaultCharset	50001053
	constant pool entry 316	50000100
	constant pool entry 157	50000078
	constant pool entry 155	50000097
	constant pool entry 154	500000e1
	constant pool entry 148	500000f8
	constant pool entry 147	50000099
	constant pool entry 134	50000092
	constant pool entry 133	50000168
	constant pool entry 132	5000016c
	constant pool entry 9	5000009a
	constant pool entry 7	50001052
	constant pool entry 6	50001051
	constant pool entry 2	50001046
	constant pool entry 1	50000a60
CLS 5000003d (name=sun.nio.cs.MS1252, trace=300000)
	super		5000009a
	static b2cTable	50001469
	static b2c	5000146c
	static c2b	5000146b
	static c2bIndex	5000146a
	constant pool entry 83	50000100
	constant pool entry 51	50000097
	constant pool entry 49	5000003a
	constant pool entry 48	5000008d
	constant pool entry 47	5000003d
	constant pool entry 45	5000009a
	constant pool entry 44	50000168
	constant pool entry 4	50001469
	constant pool entry 3	500010f8
CLS 50000042 (name=java.io.Reader, trace=300000)
	super		5000016c
	constant pool entry 57	5000016c
	constant pool entry 53	50000042
CLS 5000003e (name=sun.nio.cs.StreamDecoder, trace=300000)
	super		50000042
	constant pool entry 136	50000080
	constant pool entry 135	50000037
	constant pool entry 134	5000003b
	constant pool entry 133	5000009a
	constant pool entry 130	50000039
	constant pool entry 129	5000007f
	constant pool entry 122	50000164
	constant pool entry 119	50000042
	constant pool entry 118	500000c9
	constant pool entry 5	5000003e
CLS 50000040 (name=java.io.InputStreamReader, trace=300000)
	super		50000042
	constant pool entry 45	5000003e
	constant pool entry 38	50000042
	constant pool entry 37	50000040
CLS 5000003f (name=java.io.FileReader, trace=300000)
	super		50000040
	constant pool entry 12	50000040
	constant pool entry 9	500000c8
CLS 50000041 (name=java.io.BufferedReader, trace=300000)
	super		50000042
	constant pool entry 176	50000100
	constant pool entry 93	5000011f
	constant pool entry 92	50000168
	constant pool entry 87	50000042
	constant pool entry 84	50000041
	constant pool entry 4	50000a4d
CLS 50000043 (name=java.lang.Readable, trace=300000)
CLS 50000044 (name=sun.misc.MetaIndex, trace=300000)
	super		5000016c
	static jarMap	50000f7d
	constant pool entry 149	50000100
	constant pool entry 78	50000144
	constant pool entry 77	500000f0
	constant pool entry 76	500000ba
	constant pool entry 75	500000c1
	constant pool entry 73	50000168
	constant pool entry 72	5000016c
	constant pool entry 70	50000164
	constant pool entry 67	5000003f
	constant pool entry 66	50000077
	constant pool entry 65	50000041
	constant pool entry 64	500000bc
	constant pool entry 4	50000044
	constant pool entry 3	50000f7c
	constant pool entry 2	50000f7b
	constant pool entry 1	50000f7a
CLS 50000045 (name=sun.misc.Launcher$ExtClassLoader$1, trace=300000)
	super		5000016c
	constant pool entry 30	50000044
	constant pool entry 29	50000045
	constant pool entry 28	50000052
	constant pool entry 25	5000016c
CLS 50000046 (name=java.io.File[], trace=300000)
	super		5000016c
CLS 50000047 (name=java.util.StringTokenizer, trace=300000)
	super		5000016c
	constant pool entry 63	50000047
	constant pool entry 60	50000168
	constant pool entry 59	5000016c
	constant pool entry 57	50000119
CLS 50000048 (name=java.net.URLClassLoader$7, trace=300000)
	super		5000016c
	constant pool entry 12	5000016c
CLS 50000049 (name=sun.misc.JavaNetAccess, trace=300000)
CLS 5000004a (name=java.util.WeakHashMap$KeySet, trace=300000)
	super		500000da
	constant pool entry 28	5000004a
	constant pool entry 24	500000da
CLS 5000004b (name=java.util.Collections$SetFromMap, trace=300000)
	super		500000da
	constant pool entry 72	50000144
	constant pool entry 71	5000004b
	constant pool entry 69	500000da
	constant pool entry 65	5000011a
CLS 5000004c (name=java.util.WeakHashMap$Entry[], trace=300000)
	super		5000016c
CLS 5000004d (name=java.lang.ref.WeakReference[], trace=300000)
	super		5000016c
CLS 5000004e (name=java.lang.ref.Reference[], trace=300000)
	super		5000016c
CLS 5000014c (name=java.lang.ref.WeakReference, trace=300000)
	super		5000014e
	constant pool entry 7	5000014e
CLS 5000004f (name=java.util.WeakHashMap$Entry, trace=300000)
	super		5000014c
	constant pool entry 48	5000004f
	constant pool entry 43	5000014c
CLS 50000050 (name=java.lang.ClassLoader$ParallelLoaders, trace=300000)
	super		5000016c
	static loaderTypes	500014fe
	constant pool entry 31	500000a3
	constant pool entry 30	500000db
	constant pool entry 29	500000d8
	constant pool entry 26	50000050
	constant pool entry 25	50000164
	constant pool entry 1	50000162
CLS 50000051 (name=sun.security.util.Debug, trace=300000)
	super		5000016c
	static hexDigits	50000f19
	constant pool entry 188	50000051
	constant pool entry 187	50000078
	constant pool entry 183	500000f8
	constant pool entry 178	50000168
	constant pool entry 43	50000f18
	constant pool entry 42	50000f17
	constant pool entry 18	50000f16
CLS 50000052 (name=sun.misc.Launcher$ExtClassLoader, trace=300000)
	super		50000053
	constant pool entry 189	50000100
	constant pool entry 94	50000045
	constant pool entry 93	50000052
	constant pool entry 92	50000057
	constant pool entry 91	500000ec
	constant pool entry 90	50000047
	constant pool entry 86	500000f8
	constant pool entry 84	50000053
	constant pool entry 83	50000013
	constant pool entry 82	50000161
	constant pool entry 81	50000168
	constant pool entry 80	50000162
	constant pool entry 78	50000077
	constant pool entry 2	50000f7c
	constant pool entry 1	500014b0
CLS 50000055 (name=sun.misc.Launcher$Factory, trace=300000)
	super		5000016c
	static PREFIX	50000f43
	constant pool entry 48	50000055
	constant pool entry 44	50000011
	constant pool entry 43	5000011e
	constant pool entry 40	5000016c
	constant pool entry 38	50000164
	constant pool entry 4	50000f43
	constant pool entry 2	50000f40
	constant pool entry 1	50000f3f
CLS 50000056 (name=java.net.URLStreamHandlerFactory, trace=300000)
CLS 50000057 (name=sun.misc.Launcher, trace=300000)
	super		5000016c
	static factory	500014b4
	static launcher	500014b3
	static bootClassPath	50000ccd
	constant pool entry 216	50000100
	constant pool entry 119	50000015
	constant pool entry 118	50000055
	constant pool entry 117	50000052
	constant pool entry 116	50000442
	constant pool entry 115	50000003
	constant pool entry 113	50000057
	constant pool entry 112	50000013
	constant pool entry 110	50000147
	constant pool entry 109	50000161
	constant pool entry 107	50000168
	constant pool entry 105	5000016c
	constant pool entry 96	50000077
	constant pool entry 8	500014b2
	constant pool entry 7	500014b1
CLS 50000058 (name=java.lang.Compiler$1, trace=300000)
	super		5000016c
	constant pool entry 55	50000161
	constant pool entry 54	5000011e
	constant pool entry 52	5000016c
	constant pool entry 51	50000058
	constant pool entry 8	500015e4
	constant pool entry 7	500015e3
	constant pool entry 4	500015e2
CLS 50000059 (name=java.lang.Compiler, trace=300000)
	super		5000016c
	constant pool entry 25	500000f8
	constant pool entry 23	50000058
	constant pool entry 22	50000059
CLS 50000160 (name=java.lang.Throwable, trace=300000)
	super		5000016c
	static UNASSIGNED_STACK	500014a3
	static SUPPRESSED_SENTINEL	500014a2
	static NULL_CAUSE_MESSAGE	500014a1
	static SELF_SUPPRESSION_MESSAGE	500014a0
	static CAUSE_CAPTION	5000149f
	static SUPPRESSED_CAPTION	5000149e
	static EMPTY_THROWABLE_ARRAY	5000149d
	constant pool entry 325	50000100
	constant pool entry 171	500000d8
	constant pool entry 170	500000c1
	constant pool entry 160	5000011c
	constant pool entry 159	5000016c
	constant pool entry 154	50000164
	constant pool entry 18	50000160
CLS 5000015d (name=java.lang.Exception, trace=300000)
	super		50000160
	constant pool entry 14	50000160
CLS 5000015c (name=java.lang.RuntimeException, trace=300000)
	super		5000015d
CLS 5000005a (name=java.lang.IllegalArgumentException, trace=300000)
	super		5000015c
CLS 5000005b (name=java.lang.System$2, trace=300000)
	super		5000016c
	constant pool entry 44	5000016c
CLS 5000005c (name=sun.misc.JavaLangAccess, trace=300000)
CLS 5000005d (name=sun.io.Win32ErrorMode, trace=300000)
	super		5000016c
	constant pool entry 44	500000e1
	constant pool entry 43	5000005d
	constant pool entry 42	50000161
	constant pool entry 1	50000cff
CLS 5000005e (name=sun.misc.OSEnvironment, trace=300000)
	super		5000016c
	constant pool entry 9	5000005d
CLS 5000005f (name=java.lang.Integer[], trace=300000)
	super		5000016c
CLS 50000060 (name=java.lang.Number[], trace=300000)
	super		5000016c
CLS 50000061 (name=java.lang.Integer$IntegerCache, trace=300000)
	super		5000016c
	static cache	50000adb
	constant pool entry 70	50000100
	constant pool entry 46	500000e1
	constant pool entry 41	50000061
	constant pool entry 40	50000164
	constant pool entry 3	50000113
	constant pool entry 2	50000ada
CLS 50000062 (name=sun.misc.NativeSignalHandler, trace=300000)
	super		5000016c
	constant pool entry 19	50000062
	constant pool entry 18	5000016c
CLS 50000063 (name=sun.misc.Signal, trace=300000)
	super		5000016c
	static handlers	50001582
	static signals	50001581
	constant pool entry 84	50000065
	constant pool entry 82	50000063
	constant pool entry 81	50000062
	constant pool entry 80	50000142
	constant pool entry 74	5000016c
	constant pool entry 73	50000113
CLS 50000064 (name=java.lang.Terminator$1, trace=300000)
	super		5000016c
	constant pool entry 18	5000016c
CLS 50000065 (name=sun.misc.SignalHandler, trace=300000)
	static SIG_DFL	50001580
	static SIG_IGN	5000157f
	constant pool entry 14	50000065
	constant pool entry 13	50000062
CLS 50000066 (name=java.lang.Terminator, trace=300000)
	super		5000016c
	static handler	5000157e
	constant pool entry 26	50000063
	constant pool entry 25	50000064
	constant pool entry 24	50000066
	constant pool entry 2	5000157d
	constant pool entry 1	5000157c
CLS 50000068 (name=java.io.ExpiringCache$Entry, trace=300000)
	super		5000016c
	constant pool entry 21	5000016c
	constant pool entry 20	50000068
CLS 50000069 (name=java.io.File$PathStatus[], trace=300000)
	super		5000016c
CLS 5000006a (name=java.lang.Enum[], trace=300000)
	super		5000016c
CLS 5000006b (name=java.lang.ClassLoader$3, trace=300000)
	super		5000016c
	constant pool entry 25	5000016c
	constant pool entry 24	5000006b
	constant pool entry 22	5000011a
	constant pool entry 21	50000077
CLS 5000006c (name=java.lang.ClassLoader$NativeLibrary, trace=300000)
	super		5000016c
	constant pool entry 56	500000eb
	constant pool entry 53	5000016c
	constant pool entry 52	5000006c
	constant pool entry 51	50000162
CLS 5000006d (name=java.nio.file.Path, trace=300000)
CLS 5000006e (name=java.nio.file.Watchable, trace=300000)
CLS 50000070 (name=java.lang.Enum, trace=300000)
	super		5000016c
	constant pool entry 70	5000016c
	constant pool entry 5	50000070
CLS 5000006f (name=java.io.File$PathStatus, trace=300000)
	super		50000070
	static INVALID	50000ef1
	static CHECKED	50000ef0
	static $VALUES	50000eef
	constant pool entry 45	50000100
	constant pool entry 23	50000070
	constant pool entry 3	5000006f
	constant pool entry 2	50000eee
	constant pool entry 1	50000eed
CLS 500000ba (name=java.util.HashMap, trace=300000)
	super		500000d5
	constant pool entry 466	50000100
	constant pool entry 226	50000144
	constant pool entry 221	50000017
	constant pool entry 220	500000b9
	constant pool entry 211	500000ba
	constant pool entry 208	500000d5
	constant pool entry 204	5000016c
	constant pool entry 199	50000117
	constant pool entry 189	500000b8
CLS 50000072 (name=java.util.LinkedHashMap, trace=300000)
	super		500000ba
	constant pool entry 97	50000435
	constant pool entry 95	50000067
	constant pool entry 94	50000072
	constant pool entry 92	500000b9
	constant pool entry 91	500000ba
CLS 50000071 (name=java.io.ExpiringCache$1, trace=300000)
	super		50000072
	constant pool entry 24	50000072
	constant pool entry 22	50000071
	constant pool entry 21	50000073
CLS 50000073 (name=java.io.ExpiringCache, trace=300000)
	super		5000016c
	constant pool entry 62	50000144
	constant pool entry 60	50000161
	constant pool entry 58	5000016c
	constant pool entry 57	50000068
	constant pool entry 56	50000071
	constant pool entry 55	50000073
CLS 50000075 (name=java.io.FileSystem, trace=300000)
	super		5000016c
	constant pool entry 75	50000161
	constant pool entry 73	5000016c
	constant pool entry 71	50000075
	constant pool entry 2	50000ee5
	constant pool entry 1	50000ee4
CLS 50000074 (name=java.io.WinNTFileSystem, trace=300000)
	super		50000075
	static driveDirCache	50000d88
	constant pool entry 310	50000100
	constant pool entry 153	50000078
	constant pool entry 152	50000032
	constant pool entry 151	500000f8
	constant pool entry 150	50000161
	constant pool entry 149	5000011e
	constant pool entry 148	5000011f
	constant pool entry 147	50000168
	constant pool entry 143	50000074
	constant pool entry 141	50000075
	constant pool entry 140	50000077
	constant pool entry 139	50000073
	constant pool entry 9	50000d87
	constant pool entry 8	50000d86
	constant pool entry 7	50000d85
CLS 50000076 (name=java.io.DefaultFileSystem, trace=300000)
	super		5000016c
	constant pool entry 9	50000074
CLS 50000077 (name=java.io.File, trace=300000)
	super		5000016c
	static fs	50000d05
	static separator	50000d04
	static pathSeparator	50000d03
	static UNSAFE	50000a79
	constant pool entry 277	5000011d
	constant pool entry 266	50000161
	constant pool entry 265	5000011e
	constant pool entry 264	50000168
	constant pool entry 259	5000016c
	constant pool entry 253	50000164
	constant pool entry 245	50000075
	constant pool entry 242	5000006f
	constant pool entry 240	50000076
	constant pool entry 20	50000077
	constant pool entry 19	50000d02
	constant pool entry 18	50000d01
	constant pool entry 1	50000a60
CLS 50000078 (name=sun.security.action.GetPropertyAction, trace=300000)
	super		5000016c
	constant pool entry 25	50000078
	constant pool entry 23	50000161
	constant pool entry 21	5000016c
CLS 50000086 (name=java.io.Writer, trace=300000)
	super		5000016c
	constant pool entry 50	50000168
	constant pool entry 49	5000016c
	constant pool entry 45	50000086
CLS 50000079 (name=java.io.BufferedWriter, trace=300000)
	super		50000086
	constant pool entry 117	50000100
	constant pool entry 64	50000078
	constant pool entry 63	500000f8
	constant pool entry 60	50000168
	constant pool entry 56	50000086
	constant pool entry 54	50000079
	constant pool entry 3	50000a61
CLS 5000007a (name=java.nio.Bits$1, trace=300000)
	super		5000016c
	constant pool entry 18	5000016c
CLS 5000007b (name=sun.misc.JavaNioAccess, trace=300000)
CLS 5000007c (name=java.nio.ByteOrder, trace=300000)
	super		5000016c
	static BIG_ENDIAN	5000145e
	static LITTLE_ENDIAN	5000145d
	constant pool entry 21	5000007c
	constant pool entry 19	5000016c
	constant pool entry 2	5000145c
	constant pool entry 1	5000145b
CLS 5000007d (name=java.nio.Bits, trace=300000)
	super		5000016c
	static unsafe	50000a79
	static byteOrder	5000145d
	constant pool entry 256	500000e1
	constant pool entry 255	5000011d
	constant pool entry 254	500000c4
	constant pool entry 252	5000007c
	constant pool entry 250	5000007a
	constant pool entry 236	50000164
	constant pool entry 8	5000007d
CLS 5000007f (name=java.nio.ByteBuffer, trace=300000)
	super		5000011b
	constant pool entry 138	5000007e
	constant pool entry 136	5000007c
	constant pool entry 135	5000007f
	constant pool entry 132	5000011b
	constant pool entry 131	5000007d
CLS 5000007e (name=java.nio.HeapByteBuffer, trace=300000)
	super		5000007f
	constant pool entry 257	50000100
	constant pool entry 120	5000007e
	constant pool entry 104	5000007f
	constant pool entry 100	50000161
CLS 50000080 (name=java.nio.charset.CodingErrorAction, trace=300000)
	super		5000016c
	static IGNORE	50001035
	static REPLACE	50001034
	static REPORT	50001033
	constant pool entry 19	50000080
	constant pool entry 18	5000016c
	constant pool entry 3	50001032
	constant pool entry 2	50001031
	constant pool entry 1	50001030
CLS 50000082 (name=java.nio.charset.CharsetEncoder, trace=300000)
	super		5000016c
	static stateNames	50001459
	constant pool entry 355	50000100
	constant pool entry 164	50000090
	constant pool entry 163	50000080
	constant pool entry 162	50000037
	constant pool entry 159	5000009a
	constant pool entry 150	50000168
	constant pool entry 149	5000016c
	constant pool entry 146	50000164
	constant pool entry 16	50000082
	constant pool entry 13	5000104a
	constant pool entry 7	50001049
	constant pool entry 4	50001048
	constant pool entry 3	50001047
	constant pool entry 2	50001046
CLS 50000081 (name=sun.nio.cs.SingleByte$Encoder, trace=300000)
	super		50000082
	constant pool entry 75	50000081
	constant pool entry 74	5000008d
	constant pool entry 72	50000037
	constant pool entry 71	50000082
	constant pool entry 70	50000039
	constant pool entry 69	5000007f
CLS 50000083 (name=sun.nio.cs.ArrayEncoder, trace=300000)
CLS 50000084 (name=sun.nio.cs.StreamEncoder, trace=300000)
	super		50000086
	constant pool entry 119	50000080
	constant pool entry 118	50000037
	constant pool entry 117	50000082
	constant pool entry 116	5000009a
	constant pool entry 114	50000039
	constant pool entry 113	5000007f
	constant pool entry 108	50000164
	constant pool entry 106	50000086
	constant pool entry 104	500000b6
	constant pool entry 2	50000084
CLS 50000085 (name=java.io.OutputStreamWriter, trace=300000)
	super		50000086
	constant pool entry 45	50000084
	constant pool entry 39	50000086
	constant pool entry 37	50000085
CLS 50000139 (name=sun.reflect.MagicAccessorImpl, trace=300000)
	super		5000016c
	constant pool entry 6	5000016c
CLS 50000135 (name=sun.reflect.ConstructorAccessorImpl, trace=300000)
	super		50000139
	constant pool entry 18	50000139
CLS 50000087 (name=sun.reflect.DelegatingConstructorAccessorImpl, trace=300000)
	super		50000135
	constant pool entry 18	50000087
	constant pool entry 17	50000135
CLS 50000088 (name=sun.reflect.NativeConstructorAccessorImpl, trace=300000)
	super		50000135
	constant pool entry 42	500000ea
	constant pool entry 41	50000088
	constant pool entry 38	50000135
CLS 50000089 (name=sun.reflect.ReflectionFactory$1, trace=300000)
	super		5000016c
	constant pool entry 49	50000089
	constant pool entry 48	500000ea
	constant pool entry 46	50000161
	constant pool entry 43	5000016c
	constant pool entry 3	50000a93
	constant pool entry 2	50000a92
CLS 5000008a (name=java.lang.Class$1, trace=300000)
	super		5000016c
	constant pool entry 23	5000013a
	constant pool entry 22	5000016c
	constant pool entry 21	5000008a
CLS 5000008b (name=java.lang.reflect.Constructor[], trace=300000)
	super		5000016c
CLS 5000008c (name=java.lang.reflect.Executable[], trace=300000)
	super		5000016c
CLS 5000008d (name=sun.nio.cs.SingleByte, trace=300000)
	super		5000016c
	constant pool entry 23	5000008d
	constant pool entry 22	5000011b
CLS 5000008e (name=sun.nio.cs.IBM850, trace=300000)
	super		5000009a
	static b2cTable	500013a7
	static b2c	500013aa
	static c2b	500013a9
	static c2bIndex	500013a8
	constant pool entry 73	50000100
	constant pool entry 45	50000097
	constant pool entry 44	50000081
	constant pool entry 42	5000008d
	constant pool entry 41	5000008e
	constant pool entry 39	5000009a
	constant pool entry 38	50000168
	constant pool entry 3	500013a7
	constant pool entry 2	500010ba
CLS 5000008f (name=sun.nio.cs.HistoricallyNamedCharset, trace=300000)
CLS 50000090 (name=java.util.Arrays, trace=300000)
	super		5000016c
	constant pool entry 798	50000100
	constant pool entry 298	5000083b
	constant pool entry 292	50000033
	constant pool entry 288	50000161
	constant pool entry 285	5000016c
	constant pool entry 284	500000dc
	constant pool entry 279	50000164
	constant pool entry 19	50000090
	constant pool entry 16	50000111
	constant pool entry 2	50000a4e
CLS 50000118 (name=java.lang.Number, trace=300000)
	super		5000016c
	constant pool entry 26	5000016c
CLS 50000091 (name=java.util.concurrent.atomic.AtomicInteger, trace=300000)
	super		50000118
	static unsafe	50000a79
	constant pool entry 75	5000011d
	constant pool entry 72	50000118
	constant pool entry 68	50000164
	constant pool entry 2	50000091
	constant pool entry 1	50000ac6
CLS 50000092 (name=java.lang.ThreadLocal, trace=300000)
	super		5000016c
	static nextHashCode	50001471
	constant pool entry 58	50000091
	constant pool entry 56	500001ce
	constant pool entry 55	500001cc
	constant pool entry 52	50000092
	constant pool entry 51	50000147
	constant pool entry 50	5000016c
CLS 50000096 (name=sun.util.PreHashedMap, trace=300000)
	super		500000d5
	constant pool entry 91	50000100
	constant pool entry 47	50000096
	constant pool entry 44	500000d5
	constant pool entry 42	50000168
	constant pool entry 41	5000016c
	constant pool entry 40	50000111
CLS 50000093 (name=sun.nio.cs.StandardCharsets$Cache, trace=300000)
	super		50000096
	constant pool entry 115	50000100
	constant pool entry 105	50000096
	constant pool entry 104	50000093
	constant pool entry 101	5000016c
	constant pool entry 39	50001091
	constant pool entry 38	5000107f
	constant pool entry 37	50001087
	constant pool entry 36	500010c5
	constant pool entry 35	500010bd
	constant pool entry 34	500010e8
	constant pool entry 33	500010ec
	constant pool entry 32	500010f5
	constant pool entry 31	500010f8
	constant pool entry 30	50001103
	constant pool entry 29	50001106
	constant pool entry 28	500010d5
	constant pool entry 27	50001073
	constant pool entry 26	500010fb
	constant pool entry 25	5000110f
	constant pool entry 24	50001112
	constant pool entry 23	500010e4
	constant pool entry 22	500010ef
	constant pool entry 21	500010aa
	constant pool entry 20	50001077
	constant pool entry 19	5000107b
	constant pool entry 18	500010c1
	constant pool entry 17	500010c8
	constant pool entry 16	500010ce
	constant pool entry 15	500010d2
	constant pool entry 14	500010db
	constant pool entry 13	5000109f
	constant pool entry 12	500010a7
	constant pool entry 11	500010de
	constant pool entry 10	5000110c
	constant pool entry 9	5000111a
	constant pool entry 8	5000108e
	constant pool entry 7	50001099
	constant pool entry 6	500010b0
	constant pool entry 5	500010b9
	constant pool entry 4	500010b3
	constant pool entry 3	5000109c
	constant pool entry 2	5000108b
	constant pool entry 1	50001083
CLS 50000094 (name=sun.nio.cs.StandardCharsets$Classes, trace=300000)
	super		50000096
	constant pool entry 193	50000100
	constant pool entry 183	50000096
	constant pool entry 182	50000094
	constant pool entry 179	5000016c
	constant pool entry 78	50001091
	constant pool entry 77	5000107f
	constant pool entry 76	50001087
	constant pool entry 75	500010c5
	constant pool entry 74	500010bd
	constant pool entry 73	500010e8
	constant pool entry 72	500010ec
	constant pool entry 71	500010f5
	constant pool entry 70	500010f8
	constant pool entry 69	50001103
	constant pool entry 68	50001106
	constant pool entry 67	500010d5
	constant pool entry 66	50001073
	constant pool entry 65	500010fb
	constant pool entry 64	5000110f
	constant pool entry 63	50001112
	constant pool entry 62	500010e4
	constant pool entry 61	500010ef
	constant pool entry 60	500010aa
	constant pool entry 59	50001077
	constant pool entry 58	5000107b
	constant pool entry 57	500010c1
	constant pool entry 56	500010c8
	constant pool entry 55	500010ce
	constant pool entry 54	500010d2
	constant pool entry 53	500010db
	constant pool entry 52	5000109f
	constant pool entry 51	500010a7
	constant pool entry 50	500010de
	constant pool entry 49	5000110c
	constant pool entry 48	5000111a
	constant pool entry 47	5000108e
	constant pool entry 46	50001099
	constant pool entry 45	500010b0
	constant pool entry 44	500010b9
	constant pool entry 43	500010b3
	constant pool entry 42	5000109c
	constant pool entry 41	5000108b
	constant pool entry 40	50001083
	constant pool entry 39	500010d6
	constant pool entry 38	50001092
	constant pool entry 37	50001074
	constant pool entry 36	50001080
	constant pool entry 35	500010fc
	constant pool entry 34	50001110
	constant pool entry 33	50001088
	constant pool entry 32	50001113
	constant pool entry 31	500010e5
	constant pool entry 30	500010f0
	constant pool entry 29	500010ab
	constant pool entry 28	500010e9
	constant pool entry 27	500010ed
	constant pool entry 26	500010f6
	constant pool entry 25	500010f9
	constant pool entry 24	50001104
	constant pool entry 23	50001107
	constant pool entry 22	50001078
	constant pool entry 21	5000107c
	constant pool entry 20	500010c2
	constant pool entry 19	500010c9
	constant pool entry 18	500010cf
	constant pool entry 17	500010d3
	constant pool entry 16	500010dc
	constant pool entry 15	500010a0
	constant pool entry 14	500010a8
	constant pool entry 13	500010df
	constant pool entry 12	500010c6
	constant pool entry 11	5000110d
	constant pool entry 10	5000111b
	constant pool entry 9	5000108c
	constant pool entry 8	5000108f
	constant pool entry 7	5000109a
	constant pool entry 6	500010b1
	constant pool entry 5	500010ba
	constant pool entry 4	500010b4
	constant pool entry 3	500010be
	constant pool entry 2	5000109d
	constant pool entry 1	50001084
CLS 50000095 (name=sun.nio.cs.StandardCharsets$Aliases, trace=300000)
	super		50000096
	constant pool entry 519	50000100
	constant pool entry 509	50000096
	constant pool entry 508	50000095
	constant pool entry 505	5000016c
	constant pool entry 241	50001091
	constant pool entry 240	50001275
	constant pool entry 239	5000107f
	constant pool entry 238	5000131a
	constant pool entry 237	50001087
	constant pool entry 236	50001350
	constant pool entry 235	50001213
	constant pool entry 234	500010c5
	constant pool entry 233	500010bd
	constant pool entry 232	50001200
	constant pool entry 231	500010e8
	constant pool entry 230	500010ec
	constant pool entry 229	500010f5
	constant pool entry 228	500010f8
	constant pool entry 227	50001103
	constant pool entry 226	50001106
	constant pool entry 225	5000133e
	constant pool entry 224	500011e8
	constant pool entry 223	50001248
	constant pool entry 222	5000124c
	constant pool entry 221	500011e0
	constant pool entry 220	50001291
	constant pool entry 219	5000133c
	constant pool entry 218	500011e6
	constant pool entry 217	500011fa
	constant pool entry 216	5000126d
	constant pool entry 215	50001281
	constant pool entry 214	500010d5
	constant pool entry 213	500011e2
	constant pool entry 212	50001073
	constant pool entry 211	50001299
	constant pool entry 210	500010fb
	constant pool entry 209	5000110f
	constant pool entry 208	50001112
	constant pool entry 207	500010e4
	constant pool entry 206	500010ef
	constant pool entry 205	500010aa
	constant pool entry 204	50001240
	constant pool entry 203	50001310
	constant pool entry 202	50001378
	constant pool entry 201	50001285
	constant pool entry 200	50001316
	constant pool entry 199	50001352
	constant pool entry 198	50001230
	constant pool entry 197	5000120f
	constant pool entry 196	5000126b
	constant pool entry 195	5000129d
	constant pool entry 194	500012a1
	constant pool entry 193	500012a3
	constant pool entry 192	500012a5
	constant pool entry 191	500012a7
	constant pool entry 190	500012a9
	constant pool entry 189	500012d4
	constant pool entry 188	500012d9
	constant pool entry 187	500012dd
	constant pool entry 186	500012e6
	constant pool entry 185	500012ea
	constant pool entry 184	5000134a
	constant pool entry 183	5000134c
	constant pool entry 182	50001077
	constant pool entry 181	5000107b
	constant pool entry 180	500012c9
	constant pool entry 179	500012cb
	constant pool entry 178	500012c5
	constant pool entry 177	50001204
	constant pool entry 176	50001374
	constant pool entry 175	50001208
	constant pool entry 174	50001232
	constant pool entry 173	5000120b
	constant pool entry 172	50001271
	constant pool entry 171	5000120d
	constant pool entry 170	50001318
	constant pool entry 169	50001211
	constant pool entry 168	50001356
	constant pool entry 167	500012fa
	constant pool entry 166	500012fc
	constant pool entry 165	50001216
	constant pool entry 164	500011ee
	constant pool entry 163	500011f8
	constant pool entry 162	50001304
	constant pool entry 161	50001306
	constant pool entry 160	50001308
	constant pool entry 159	5000130a
	constant pool entry 158	5000130c
	constant pool entry 157	50001314
	constant pool entry 156	5000124a
	constant pool entry 155	5000124f
	constant pool entry 154	5000130e
	constant pool entry 153	5000121e
	constant pool entry 152	50001220
	constant pool entry 151	50001222
	constant pool entry 150	50001224
	constant pool entry 149	50001228
	constant pool entry 148	50001234
	constant pool entry 147	50001236
	constant pool entry 146	5000122a
	constant pool entry 145	50001376
	constant pool entry 144	50001329
	constant pool entry 143	5000127d
	constant pool entry 142	5000127f
	constant pool entry 141	50001295
	constant pool entry 140	5000129f
	constant pool entry 139	500012ad
	constant pool entry 138	500012af
	constant pool entry 137	500010c1
	constant pool entry 136	500010c8
	constant pool entry 135	500010ce
	constant pool entry 134	500010d2
	constant pool entry 133	500010db
	constant pool entry 132	5000109f
	constant pool entry 131	500010a7
	constant pool entry 130	500010de
	constant pool entry 129	5000123a
	constant pool entry 128	500012e4
	constant pool entry 127	500012ee
	constant pool entry 126	500012fe
	constant pool entry 125	50001300
	constant pool entry 124	50001302
	constant pool entry 123	50001277
	constant pool entry 122	5000110c
	constant pool entry 121	5000111a
	constant pool entry 120	5000108e
	constant pool entry 119	50001099
	constant pool entry 118	500010b0
	constant pool entry 117	500010b9
	constant pool entry 116	500012b9
	constant pool entry 115	500012bf
	constant pool entry 114	500010b3
	constant pool entry 113	50001293
	constant pool entry 112	5000109c
	constant pool entry 111	50001218
	constant pool entry 110	5000108b
	constant pool entry 109	500012c1
	constant pool entry 108	500012c3
	constant pool entry 107	500012ec
	constant pool entry 106	500012f0
	constant pool entry 105	500012f3
	constant pool entry 104	50001273
	constant pool entry 103	50001279
	constant pool entry 102	5000127b
	constant pool entry 101	50001289
	constant pool entry 100	5000128b
	constant pool entry 99	5000128d
	constant pool entry 98	5000128f
	constant pool entry 97	500012b3
	constant pool entry 96	500012b5
	constant pool entry 95	50001246
	constant pool entry 94	50001287
	constant pool entry 93	50001238
	constant pool entry 92	500012f5
	constant pool entry 91	5000122e
	constant pool entry 90	50001269
	constant pool entry 89	5000134e
	constant pool entry 88	5000126f
	constant pool entry 87	500012e0
	constant pool entry 86	50001202
	constant pool entry 85	50001206
	constant pool entry 84	50001337
	constant pool entry 83	5000121a
	constant pool entry 82	500011e4
	constant pool entry 81	50001226
	constant pool entry 80	50001267
	constant pool entry 79	50001365
	constant pool entry 78	5000137a
	constant pool entry 77	5000137c
	constant pool entry 76	5000137e
	constant pool entry 75	50001380
	constant pool entry 74	50001382
	constant pool entry 73	50001384
	constant pool entry 72	50001251
	constant pool entry 71	50001256
	constant pool entry 70	50001265
	constant pool entry 69	500011fc
	constant pool entry 68	50001320
	constant pool entry 67	50001340
	constant pool entry 66	50001342
	constant pool entry 65	50001344
	constant pool entry 64	50001346
	constant pool entry 63	50001348
	constant pool entry 62	500012b1
	constant pool entry 61	500012bb
	constant pool entry 60	500012bd
	constant pool entry 59	500012cd
	constant pool entry 58	500012d2
	constant pool entry 57	500012d7
	constant pool entry 56	500012db
	constant pool entry 55	500012e2
	constant pool entry 54	50001332
	constant pool entry 53	50001335
	constant pool entry 52	50001297
	constant pool entry 51	500012cf
	constant pool entry 50	500011ea
	constant pool entry 49	500011ec
	constant pool entry 48	500011f0
	constant pool entry 47	500011f2
	constant pool entry 46	500011f4
	constant pool entry 45	500011f6
	constant pool entry 44	50001283
	constant pool entry 43	5000123c
	constant pool entry 42	50001258
	constant pool entry 41	5000125b
	constant pool entry 40	5000125d
	constant pool entry 39	5000125f
	constant pool entry 38	50001261
	constant pool entry 37	50001263
	constant pool entry 36	50001244
	constant pool entry 35	50001253
	constant pool entry 34	50001083
	constant pool entry 33	5000121c
	constant pool entry 32	5000122c
	constant pool entry 31	500011fe
	constant pool entry 30	5000129b
	constant pool entry 29	500012b7
	constant pool entry 28	50001339
	constant pool entry 27	5000136a
	constant pool entry 26	5000136c
	constant pool entry 25	5000136e
	constant pool entry 24	50001370
	constant pool entry 23	50001372
	constant pool entry 22	50001358
	constant pool entry 21	5000135a
	constant pool entry 20	5000135e
	constant pool entry 19	50001361
	constant pool entry 18	50001363
	constant pool entry 17	5000123e
	constant pool entry 16	50001242
	constant pool entry 15	50001367
	constant pool entry 14	50001312
	constant pool entry 13	5000131c
	constant pool entry 12	5000131e
	constant pool entry 11	50001322
	constant pool entry 10	50001327
	constant pool entry 9	5000132c
	constant pool entry 8	5000132e
	constant pool entry 7	50001330
	constant pool entry 6	50001354
	constant pool entry 5	5000135c
	constant pool entry 4	500012c7
	constant pool entry 3	50001324
	constant pool entry 2	500012f7
	constant pool entry 1	500012ab
CLS 50000099 (name=java.nio.charset.spi.CharsetProvider, trace=300000)
	super		5000016c
	constant pool entry 21	50000161
	constant pool entry 18	5000016c
CLS 50000098 (name=sun.nio.cs.FastCharsetProvider, trace=300000)
	super		50000099
	constant pool entry 135	50000100
	constant pool entry 71	50000098
	constant pool entry 70	50000144
	constant pool entry 69	50000099
	constant pool entry 68	5000009a
	constant pool entry 66	5000011e
	constant pool entry 65	50000168
	constant pool entry 63	5000016c
	constant pool entry 59	50000164
	constant pool entry 2	500010ab
	constant pool entry 1	50000f3f
CLS 50000097 (name=sun.nio.cs.StandardCharsets, trace=300000)
	super		50000098
	static aliases_US_ASCII	50001414
	static aliases_UTF_8	50001413
	static aliases_CESU_8	50001412
	static aliases_UTF_16	50001411
	static aliases_UTF_16BE	50001410
	static aliases_UTF_16LE	5000140f
	static aliases_UTF_16LE_BOM	5000140e
	static aliases_UTF_32	5000140d
	static aliases_UTF_32LE	5000140c
	static aliases_UTF_32BE	5000140b
	static aliases_UTF_32LE_BOM	5000140a
	static aliases_UTF_32BE_BOM	50001409
	static aliases_ISO_8859_1	50001408
	static aliases_ISO_8859_2	50001407
	static aliases_ISO_8859_4	50001406
	static aliases_ISO_8859_5	50001405
	static aliases_ISO_8859_7	50001404
	static aliases_ISO_8859_9	50001403
	static aliases_ISO_8859_13	50001402
	static aliases_ISO_8859_15	50001401
	static aliases_KOI8_R	50001400
	static aliases_KOI8_U	500013ff
	static aliases_MS1250	500013fe
	static aliases_MS1251	500013fd
	static aliases_MS1252	500013fc
	static aliases_MS1253	500013fb
	static aliases_MS1254	500013fa
	static aliases_MS1257	500013f9
	static aliases_IBM437	500013f8
	static aliases_IBM737	500013f7
	static aliases_IBM775	500013f6
	static aliases_IBM850	500013a6
	static aliases_IBM852	500013f5
	static aliases_IBM855	500013f4
	static aliases_IBM857	500013f3
	static aliases_IBM858	500013f2
	static aliases_IBM862	500013f1
	static aliases_IBM866	500013f0
	static aliases_IBM874	500013ef
	constant pool entry 574	50000100
	constant pool entry 483	50000094
	constant pool entry 482	50000093
	constant pool entry 481	50000095
	constant pool entry 479	50000097
	constant pool entry 478	50000098
	constant pool entry 477	50000168
	constant pool entry 476	50001277
	constant pool entry 475	50001273
	constant pool entry 474	50001312
	constant pool entry 209	50001200
	constant pool entry 208	50001281
	constant pool entry 207	50001240
	constant pool entry 206	50001352
	constant pool entry 205	50001230
	constant pool entry 204	5000120f
	constant pool entry 203	50001056
	constant pool entry 202	500012a1
	constant pool entry 201	500012a3
	constant pool entry 200	500012a5
	constant pool entry 199	500012a7
	constant pool entry 198	500012d9
	constant pool entry 197	500012dd
	constant pool entry 196	500012e6
	constant pool entry 195	500012ea
	constant pool entry 194	5000134a
	constant pool entry 193	5000134c
	constant pool entry 192	500012c9
	constant pool entry 191	500012fc
	constant pool entry 190	500011f8
	constant pool entry 189	50001304
	constant pool entry 188	50001306
	constant pool entry 187	50001308
	constant pool entry 186	5000130a
	constant pool entry 185	5000130c
	constant pool entry 184	5000124f
	constant pool entry 183	50001220
	constant pool entry 182	50001224
	constant pool entry 181	50001329
	constant pool entry 180	5000127d
	constant pool entry 179	5000127f
	constant pool entry 178	50001295
	constant pool entry 177	5000129f
	constant pool entry 176	500012ad
	constant pool entry 175	500012af
	constant pool entry 174	500012ee
	constant pool entry 173	500012fe
	constant pool entry 172	50001300
	constant pool entry 171	50001302
	constant pool entry 170	5000110c
	constant pool entry 169	5000111a
	constant pool entry 168	5000108e
	constant pool entry 167	50001099
	constant pool entry 166	500010b0
	constant pool entry 165	500010b9
	constant pool entry 164	500012bf
	constant pool entry 163	500010b3
	constant pool entry 162	50001293
	constant pool entry 161	5000109c
	constant pool entry 160	500012c3
	constant pool entry 159	500012ec
	constant pool entry 158	500012f0
	constant pool entry 157	500012f3
	constant pool entry 156	50001279
	constant pool entry 155	5000127b
	constant pool entry 154	50001289
	constant pool entry 153	5000128b
	constant pool entry 152	5000128d
	constant pool entry 151	5000128f
	constant pool entry 150	500012b5
	constant pool entry 149	50001246
	constant pool entry 148	50001287
	constant pool entry 147	50001238
	constant pool entry 146	500012f5
	constant pool entry 145	5000122e
	constant pool entry 144	5000126f
	constant pool entry 143	500012e0
	constant pool entry 142	50001202
	constant pool entry 141	50001337
	constant pool entry 140	5000121a
	constant pool entry 139	500011e4
	constant pool entry 138	50001226
	constant pool entry 137	500013ee
	constant pool entry 136	500013ed
	constant pool entry 135	500013ec
	constant pool entry 134	500013eb
	constant pool entry 133	500013ea
	constant pool entry 132	500013e9
	constant pool entry 131	500013e8
	constant pool entry 130	500013e7
	constant pool entry 129	500013e6
	constant pool entry 128	500013e5
	constant pool entry 127	500013e4
	constant pool entry 126	500013e3
	constant pool entry 125	500013e2
	constant pool entry 124	500013e1
	constant pool entry 123	50001340
	constant pool entry 122	50001342
	constant pool entry 121	50001344
	constant pool entry 120	50001346
	constant pool entry 119	50001348
	constant pool entry 118	500012b1
	constant pool entry 117	500012bb
	constant pool entry 116	500012bd
	constant pool entry 115	500012cd
	constant pool entry 114	500012d2
	constant pool entry 113	500012d7
	constant pool entry 112	500012db
	constant pool entry 111	500012e2
	constant pool entry 110	50001332
	constant pool entry 109	50001335
	constant pool entry 108	50001297
	constant pool entry 107	500012cf
	constant pool entry 106	500011ea
	constant pool entry 105	500011ec
	constant pool entry 104	500011f0
	constant pool entry 103	500011f2
	constant pool entry 102	500011f4
	constant pool entry 101	500011f6
	constant pool entry 100	50001283
	constant pool entry 99	5000123c
	constant pool entry 98	50001258
	constant pool entry 97	5000125b
	constant pool entry 96	5000125d
	constant pool entry 95	5000125f
	constant pool entry 94	50001261
	constant pool entry 93	50001263
	constant pool entry 92	50001244
	constant pool entry 91	5000121c
	constant pool entry 90	5000122c
	constant pool entry 89	50001339
	constant pool entry 88	500013e0
	constant pool entry 87	500013df
	constant pool entry 86	500013de
	constant pool entry 85	500013dd
	constant pool entry 84	500013dc
	constant pool entry 83	500013db
	constant pool entry 82	500013da
	constant pool entry 81	500013d9
	constant pool entry 80	50001092
	constant pool entry 79	50001074
	constant pool entry 78	50001080
	constant pool entry 77	500010fc
	constant pool entry 76	50001110
	constant pool entry 75	50001113
	constant pool entry 74	500010e5
	constant pool entry 73	500010f0
	constant pool entry 72	500013d8
	constant pool entry 71	500013d7
	constant pool entry 70	500013d6
	constant pool entry 69	500013d5
	constant pool entry 68	500013d4
	constant pool entry 67	500013d3
	constant pool entry 66	500013d2
	constant pool entry 65	500013d1
	constant pool entry 64	500010df
	constant pool entry 63	500013d0
	constant pool entry 62	500013cf
	constant pool entry 61	500013ce
	constant pool entry 60	500013cd
	constant pool entry 59	500013cc
	constant pool entry 58	500013cb
	constant pool entry 57	500013ca
	constant pool entry 56	500013c9
	constant pool entry 55	500013c8
	constant pool entry 54	500013c7
	constant pool entry 53	500013c6
	constant pool entry 52	500013c5
	constant pool entry 51	500013c4
	constant pool entry 50	500013c3
	constant pool entry 49	500013c2
	constant pool entry 48	500013c1
	constant pool entry 47	500013c0
	constant pool entry 46	500013bf
	constant pool entry 45	500013be
	constant pool entry 44	500013bd
	constant pool entry 43	500013bc
	constant pool entry 42	500013bb
	constant pool entry 41	500013ba
	constant pool entry 40	500013b9
	constant pool entry 39	500013b8
	constant pool entry 38	500013b7
	constant pool entry 37	500013b6
	constant pool entry 36	500013b5
	constant pool entry 35	500013b4
	constant pool entry 34	500013b3
	constant pool entry 33	500013b2
	constant pool entry 32	500013b1
	constant pool entry 31	500013b0
	constant pool entry 30	500013af
	constant pool entry 29	500013ae
	constant pool entry 28	500013ad
	constant pool entry 27	500013ac
	constant pool entry 26	5000136a
	constant pool entry 25	5000136c
	constant pool entry 24	5000136e
	constant pool entry 23	50001370
	constant pool entry 22	50001372
	constant pool entry 21	50001358
	constant pool entry 20	5000135a
	constant pool entry 19	5000135e
	constant pool entry 18	50001361
	constant pool entry 17	50001363
	constant pool entry 16	5000123e
	constant pool entry 15	50001242
	constant pool entry 14	50001367
	constant pool entry 13	5000131c
	constant pool entry 12	5000131e
	constant pool entry 11	50001322
	constant pool entry 10	50001327
	constant pool entry 9	5000132c
	constant pool entry 8	5000132e
	constant pool entry 7	50001330
	constant pool entry 6	50001354
	constant pool entry 5	5000135c
	constant pool entry 4	500012c7
	constant pool entry 3	50001324
	constant pool entry 2	500012f7
	constant pool entry 1	500012ab
CLS 500000b6 (name=java.io.OutputStream, trace=300000)
	super		5000016c
	constant pool entry 25	5000016c
CLS 5000009d (name=java.io.FilterOutputStream, trace=300000)
	super		500000b6
	constant pool entry 22	500000b6
	constant pool entry 20	5000009d
CLS 5000009b (name=java.io.BufferedOutputStream, trace=300000)
	super		5000009d
	constant pool entry 57	50000100
	constant pool entry 31	50000161
	constant pool entry 29	500000b6
	constant pool entry 27	5000009d
	constant pool entry 26	5000009b
CLS 5000009c (name=java.io.PrintStream, trace=300000)
	super		5000009d
	constant pool entry 113	5000009a
	constant pool entry 110	50000168
	constant pool entry 103	5000009c
	constant pool entry 102	50000085
	constant pool entry 101	500000b6
	constant pool entry 98	5000009d
	constant pool entry 94	50000079
	constant pool entry 3	50000a54
	constant pool entry 1	50001528
CLS 5000009e (name=sun.reflect.misc.ReflectUtil, trace=300000)
	super		5000016c
	static PROXY_PACKAGE	5000151a
	constant pool entry 115	500000bb
	constant pool entry 113	500000a1
CLS 5000009f (name=java.lang.reflect.ReflectAccess, trace=300000)
	super		5000016c
	constant pool entry 40	5000013b
	constant pool entry 39	5000013e
	constant pool entry 37	5000013a
	constant pool entry 36	5000016c
CLS 500000a0 (name=sun.reflect.LangReflectAccess, trace=300000)
CLS 500000a1 (name=java.lang.reflect.Modifier, trace=300000)
	super		5000016c
	constant pool entry 127	500000f5
	constant pool entry 126	500000ea
	constant pool entry 125	500000f8
	constant pool entry 124	5000009f
CLS 500000a3 (name=java.util.WeakHashMap, trace=300000)
	super		500000d5
	static NULL_KEY	500014af
	constant pool entry 318	50000100
	constant pool entry 144	5000004a
	constant pool entry 138	5000004f
	constant pool entry 136	500000a3
	constant pool entry 127	500000d5
	constant pool entry 126	500000e5
	constant pool entry 123	5000016c
	constant pool entry 120	50000117
	constant pool entry 119	5000004c
CLS 500000a2 (name=java.lang.ClassValue$ClassValueMap, trace=300000)
	super		500000a3
CLS 500000a4 (name=sun.reflect.annotation.AnnotationType, trace=300000)
	super		5000016c
CLS 500000a5 (name=java.lang.Class$AnnotationData, trace=300000)
	super		5000016c
CLS 500000a8 (name=sun.reflect.generics.repository.AbstractRepository, trace=300000)
	super		5000016c
CLS 500000a7 (name=sun.reflect.generics.repository.GenericDeclRepository, trace=300000)
	super		500000a8
CLS 500000a6 (name=sun.reflect.generics.repository.ClassRepository, trace=300000)
	super		500000a7
CLS 500000a9 (name=java.lang.reflect.Field[], trace=300000)
	super		5000016c
CLS 500000aa (name=java.lang.reflect.Member[], trace=300000)
	super		5000016c
CLS 500000ab (name=java.lang.reflect.AccessibleObject[], trace=300000)
	super		5000016c
CLS 500000ac (name=java.lang.Class$Atomic, trace=300000)
	super		5000016c
	static unsafe	50000a79
	constant pool entry 52	5000011d
	constant pool entry 46	500000ac
	constant pool entry 6	50000164
	constant pool entry 5	5000150d
	constant pool entry 4	5000150c
	constant pool entry 3	5000150b
CLS 500000ad (name=java.lang.Class$ReflectionData, trace=300000)
	super		5000016c
	constant pool entry 27	5000016c
	constant pool entry 26	500000ad
CLS 500000ae (name=java.lang.Class$3, trace=300000)
	super		5000016c
	constant pool entry 34	50000161
	constant pool entry 32	5000016c
	constant pool entry 31	500000ae
	constant pool entry 30	50000164
	constant pool entry 1	50001511
CLS 500000af (name=java.util.concurrent.atomic.AtomicReferenceFieldUpdater$AtomicReferenceFieldUpdaterImpl$1, trace=300000)
	super		5000016c
	constant pool entry 31	500000af
	constant pool entry 27	5000016c
	constant pool entry 24	50000164
CLS 500000b0 (name=java.security.PrivilegedExceptionAction, trace=300000)
CLS 500000b2 (name=java.util.concurrent.atomic.AtomicReferenceFieldUpdater, trace=300000)
	super		5000016c
	constant pool entry 37	500000bb
	constant pool entry 34	500000b1
	constant pool entry 32	5000016c
CLS 500000b1 (name=java.util.concurrent.atomic.AtomicReferenceFieldUpdater$AtomicReferenceFieldUpdaterImpl, trace=300000)
	super		500000b2
	static unsafe	50000a79
	constant pool entry 108	5000009e
	constant pool entry 107	5000011d
	constant pool entry 106	500000af
	constant pool entry 105	500000b1
	constant pool entry 104	500000b2
	constant pool entry 102	500000f8
	constant pool entry 101	500000a1
	constant pool entry 100	5000013e
	constant pool entry 91	50000164
	constant pool entry 6	5000016c
CLS 500000c9 (name=java.io.InputStream, trace=300000)
	super		5000016c
	constant pool entry 45	5000016c
CLS 500000b4 (name=java.io.FilterInputStream, trace=300000)
	super		500000c9
	constant pool entry 24	500000c9
	constant pool entry 22	500000b4
CLS 500000b3 (name=java.io.BufferedInputStream, trace=300000)
	super		500000b4
	static bufUpdater	50001519
	constant pool entry 130	50000100
	constant pool entry 69	500000b2
	constant pool entry 62	500000b4
	constant pool entry 9	500000b3
	constant pool entry 8	50000170
	constant pool entry 7	50001518
CLS 500000b5 (name=java.io.FileOutputStream, trace=300000)
	super		500000b6
	constant pool entry 73	50000161
	constant pool entry 70	5000016c
	constant pool entry 68	500000b6
	constant pool entry 65	500000b5
	constant pool entry 63	500000c7
CLS 500000b7 (name=java.io.Flushable, trace=300000)
CLS 500000b8 (name=java.util.HashMap$Node[], trace=300000)
	super		5000016c
CLS 500000bb (name=sun.reflect.Reflection, trace=300000)
	super		5000016c
	static fieldFilterMap	50000a7f
	static methodFilterMap	50000a7e
	constant pool entry 229	50000100
	constant pool entry 112	50000144
	constant pool entry 111	500000ba
	constant pool entry 110	500000a1
	constant pool entry 105	50000168
	constant pool entry 99	50000164
	constant pool entry 98	50000965
	constant pool entry 96	500000a9
	constant pool entry 12	500000bb
	constant pool entry 10	50000161
	constant pool entry 9	50000a7d
	constant pool entry 8	50000a7c
	constant pool entry 7	50000a7b
CLS 500000bc (name=java.lang.String[], trace=300000)
	super		5000016c
CLS 500000bd (name=java.lang.CharSequence[], trace=300000)
	super		5000016c
CLS 500000c0 (name=java.util.Collections$UnmodifiableCollection, trace=300000)
	super		5000016c
	constant pool entry 50	500000c0
	constant pool entry 48	500000f1
	constant pool entry 46	5000016c
CLS 500000bf (name=java.util.Collections$UnmodifiableList, trace=300000)
	super		500000c0
	constant pool entry 49	500000f0
	constant pool entry 46	500000bf
	constant pool entry 45	500000c0
CLS 500000be (name=java.util.Collections$UnmodifiableRandomAccessList, trace=300000)
	super		500000bf
	constant pool entry 20	500000bf
CLS 500000ed (name=java.util.AbstractList, trace=300000)
	super		500000ee
	constant pool entry 72	500000ed
	constant pool entry 71	500000ee
CLS 500000c1 (name=java.util.ArrayList, trace=300000)
	super		500000ed
	static EMPTY_ELEMENTDATA	50000f6e
	static DEFAULTCAPACITY_EMPTY_ELEMENTDATA	50000f6d
	constant pool entry 340	50000100
	constant pool entry 175	500000f1
	constant pool entry 173	50000090
	constant pool entry 167	500000c1
	constant pool entry 166	500000ed
	constant pool entry 161	5000016c
	constant pool entry 160	500000dc
	constant pool entry 11	50000111
CLS 5000015f (name=java.lang.Error, trace=300000)
	super		50000160
	constant pool entry 14	50000160
CLS 50000156 (name=java.lang.LinkageError, trace=300000)
	super		5000015f
	constant pool entry 12	5000015f
CLS 500000c3 (name=java.lang.IncompatibleClassChangeError, trace=300000)
	super		50000156
	constant pool entry 13	50000156
CLS 500000c2 (name=java.lang.NoSuchMethodError, trace=300000)
	super		500000c3
	constant pool entry 12	500000c3
CLS 500000c4 (name=sun.misc.SharedSecrets, trace=300000)
	super		5000016c
	static unsafe	50000a79
	static javaLangAccess	5000096c
	static javaNetAccess	50000a78
	static javaNioAccess	50000a77
	static javaIOFileDescriptorAccess	50000a76
	static javaSecurityProtectionDomainAccess	50000a75
	static javaSecurityAccess	50000a74
	static javaUtilZipFileAccess	500001ef
	constant pool entry 62	5000011d
	constant pool entry 61	500000c4
	constant pool entry 8	500001ec
CLS 500000c5 (name=java.io.FileDescriptor$1, trace=300000)
	super		5000016c
	constant pool entry 20	5000016c
CLS 500000c6 (name=sun.misc.JavaIOFileDescriptorAccess, trace=300000)
CLS 500000c7 (name=java.io.FileDescriptor, trace=300000)
	super		5000016c
	static in	50000a6d
	static out	50000a6f
	static err	50000a6e
	constant pool entry 66	500000c4
	constant pool entry 61	5000016c
	constant pool entry 58	500000c5
	constant pool entry 57	500000c7
	constant pool entry 56	500000ca
CLS 500000c8 (name=java.io.FileInputStream, trace=300000)
	super		500000c9
	constant pool entry 71	50000161
	constant pool entry 68	5000016c
	constant pool entry 66	500000c9
	constant pool entry 63	50000016
	constant pool entry 62	500000c8
	constant pool entry 61	500000c7
	constant pool entry 60	50000077
CLS 500000ca (name=java.io.Closeable, trace=300000)
CLS 500000cb (name=java.lang.AutoCloseable, trace=300000)
CLS 500000cc (name=sun.misc.Version, trace=300000)
	super		5000016c
	static launcher_name	5000157a
	static java_version	50001495
	static java_runtime_name	5000155e
	static java_profile_name	50000a60
	static java_runtime_version	50001569
	constant pool entry 143	500000cc
	constant pool entry 142	50000161
	constant pool entry 17	50001492
	constant pool entry 16	5000156a
	constant pool entry 15	5000155f
	constant pool entry 11	5000155e
	constant pool entry 9	50001569
	constant pool entry 8	50001495
CLS 500000cd (name=java.lang.Runtime, trace=300000)
	super		5000016c
	static currentRuntime	50000970
	constant pool entry 105	50000161
	constant pool entry 103	50000168
	constant pool entry 102	5000095d
	constant pool entry 98	500000cd
	constant pool entry 96	5000016c
	constant pool entry 94	50000162
	constant pool entry 91	50000077
CLS 500000ce (name=java.util.Hashtable$Enumerator, trace=300000)
	super		5000016c
	constant pool entry 59	500000ce
	constant pool entry 58	500000df
	constant pool entry 57	50000142
	constant pool entry 52	5000016c
CLS 500000cf (name=java.util.Iterator, trace=300000)
CLS 500000d0 (name=java.util.Enumeration, trace=300000)
CLS 500000d1 (name=java.util.Objects, trace=300000)
	super		5000016c
CLS 500000d3 (name=java.util.Collections$SynchronizedCollection, trace=300000)
	super		5000016c
	constant pool entry 65	500000d1
	constant pool entry 64	500000d3
	constant pool entry 62	500000f1
	constant pool entry 60	5000016c
CLS 500000d2 (name=java.util.Collections$SynchronizedSet, trace=300000)
	super		500000d3
	constant pool entry 29	500000d3
CLS 500000d4 (name=java.util.Collections$EmptyMap, trace=300000)
	super		500000d5
	constant pool entry 58	500000d4
	constant pool entry 55	500000d5
CLS 500000d6 (name=java.util.Collections$EmptyList, trace=300000)
	super		500000ed
	constant pool entry 67	500000d6
	constant pool entry 63	500000ed
CLS 500000d7 (name=java.util.Collections$EmptySet, trace=300000)
	super		500000da
	constant pool entry 46	500000d7
	constant pool entry 42	500000da
CLS 500000d8 (name=java.util.Collections, trace=300000)
	super		5000016c
	static EMPTY_SET	50000cfa
	static EMPTY_LIST	50000cf9
	static EMPTY_MAP	50000cf8
	constant pool entry 266	500000ef
	constant pool entry 256	500000be
	constant pool entry 247	500000d2
	constant pool entry 237	5000004b
	constant pool entry 234	500000d7
	constant pool entry 233	500000d4
	constant pool entry 231	500000d6
	constant pool entry 213	500000d8
CLS 500000d9 (name=java.util.Hashtable$EntrySet, trace=300000)
	super		500000da
	constant pool entry 47	500000d9
	constant pool entry 44	50000142
	constant pool entry 43	500000da
CLS 500000db (name=java.util.Set, trace=300000)
CLS 500000dc (name=java.lang.Math, trace=300000)
	super		5000016c
	constant pool entry 166	50000117
	constant pool entry 165	50000116
	constant pool entry 164	50000164
	constant pool entry 14	500000dc
CLS 500000dd (name=java.util.Hashtable$Entry[], trace=300000)
	super		5000016c
CLS 500000de (name=java.util.Map$Entry[], trace=300000)
	super		5000016c
CLS 500000df (name=java.util.Hashtable$Entry, trace=300000)
	super		5000016c
	constant pool entry 46	500000df
	constant pool entry 43	5000016c
CLS 500000e0 (name=java.util.Map$Entry, trace=300000)
CLS 500000e1 (name=sun.misc.VM, trace=300000)
	super		5000016c
	static lock	50000be3
	static savedProps	50000be2
	constant pool entry 144	500000e1
	constant pool entry 143	5000005e
	constant pool entry 142	50000141
	constant pool entry 137	50000168
	constant pool entry 136	500000cd
	constant pool entry 135	5000016c
	constant pool entry 10	50000a56
	constant pool entry 9	50000be1
	constant pool entry 8	50000be0
	constant pool entry 7	50000bdf
	constant pool entry 6	50000bde
	constant pool entry 5	50000bdd
	constant pool entry 4	50000ada
	constant pool entry 1	50000bdc
CLS 50000147 (name=java.lang.Thread, trace=300000)
	super		5000016c
	static EMPTY_STACK_TRACE	50000a5b
	static SUBCLASS_IMPLEMENTATION_PERMISSION	50000a5a
	constant pool entry 544	50000100
	constant pool entry 263	500000f8
	constant pool entry 255	50000145
	constant pool entry 248	50000161
	constant pool entry 246	50000168
	constant pool entry 245	5000011c
	constant pool entry 243	500000f9
	constant pool entry 241	5000016c
	constant pool entry 15	50000147
	constant pool entry 9	50000a59
CLS 500000e2 (name=java.lang.ref.Finalizer$FinalizerThread, trace=300000)
	super		50000147
	constant pool entry 33	500000e1
	constant pool entry 32	500000c4
	constant pool entry 30	500000e5
	constant pool entry 29	500000e2
	constant pool entry 28	50000149
	constant pool entry 27	50000147
	constant pool entry 1	500015a3
CLS 500000e3 (name=java.lang.ref.ReferenceQueue$Lock, trace=300000)
	super		5000016c
	constant pool entry 12	500000e3
	constant pool entry 9	5000016c
CLS 500000e5 (name=java.lang.ref.ReferenceQueue, trace=300000)
	super		5000016c
	static NULL	50000a98
	static ENQUEUED	50000a97
	constant pool entry 58	500000e4
	constant pool entry 57	500000e3
	constant pool entry 52	5000016c
	constant pool entry 49	50000164
	constant pool entry 2	500000e5
CLS 500000e4 (name=java.lang.ref.ReferenceQueue$Null, trace=300000)
	super		500000e5
	constant pool entry 13	500000e4
	constant pool entry 11	500000e5
CLS 500000e6 (name=java.lang.Thread[], trace=300000)
	super		5000016c
CLS 500000e7 (name=java.lang.Runnable[], trace=300000)
	super		5000016c
CLS 500000e8 (name=java.lang.ref.Reference$ReferenceHandler, trace=300000)
	super		50000147
	constant pool entry 32	5000014e
	constant pool entry 30	50000147
	constant pool entry 28	5000016c
CLS 500000e9 (name=java.lang.ref.Reference$Lock, trace=300000)
	super		5000016c
	constant pool entry 12	500000e9
	constant pool entry 9	5000016c
CLS 500000ea (name=sun.reflect.ReflectionFactory, trace=300000)
	super		5000016c
	static reflectionFactoryAccessPerm	50000a8d
	static soleInstance	50000a89
	static langReflectAccess	50000a8c
	constant pool entry 112	50000089
	constant pool entry 111	500000ea
	constant pool entry 110	500000bb
	constant pool entry 108	50000088
	constant pool entry 106	500000a0
	constant pool entry 103	50000087
	constant pool entry 101	500000f8
	constant pool entry 100	500000a1
	constant pool entry 98	5000013a
	constant pool entry 97	50000161
	constant pool entry 95	500000f9
	constant pool entry 94	5000016c
	constant pool entry 4	50000135
	constant pool entry 3	50000164
	constant pool entry 2	50000a8b
CLS 500000ec (name=java.util.Vector, trace=300000)
	super		500000ed
	constant pool entry 351	50000100
	constant pool entry 171	500000ec
	constant pool entry 162	50000090
	constant pool entry 161	500000ed
	constant pool entry 159	50000161
	constant pool entry 156	5000016c
CLS 500000eb (name=java.util.Stack, trace=300000)
	super		500000ec
	constant pool entry 33	500000ec
	constant pool entry 32	500000eb
CLS 500000ef (name=java.util.RandomAccess, trace=300000)
CLS 500000f0 (name=java.util.List, trace=300000)
CLS 500000f1 (name=java.util.Collection, trace=300000)
CLS 500000f2 (name=java.lang.Iterable, trace=300000)
CLS 500000f3 (name=java.security.cert.Certificate[], trace=300000)
	super		5000016c
CLS 500000f4 (name=java.security.cert.Certificate, trace=300000)
	super		5000016c
CLS 500000f5 (name=sun.reflect.ReflectionFactory$GetReflectionFactoryAction, trace=300000)
	super		5000016c
	constant pool entry 16	500000f5
	constant pool entry 15	500000ea
	constant pool entry 13	5000016c
CLS 500000f6 (name=java.security.PrivilegedAction, trace=300000)
CLS 500000fb (name=java.security.Permission, trace=300000)
	super		5000016c
	constant pool entry 55	500000fb
	constant pool entry 48	5000016c
CLS 500000fa (name=java.security.BasicPermission, trace=300000)
	super		500000fb
	constant pool entry 72	500000fb
	constant pool entry 70	500000fa
	constant pool entry 69	50000168
	constant pool entry 2	50000a5d
CLS 500000f7 (name=java.lang.reflect.ReflectPermission, trace=300000)
	super		500000fa
	constant pool entry 13	500000fa
CLS 500000f8 (name=java.security.AccessController, trace=300000)
	super		5000016c
	constant pool entry 77	500000f8
	constant pool entry 75	50000159
CLS 500000f9 (name=java.lang.RuntimePermission, trace=300000)
	super		500000fa
	constant pool entry 13	500000fa
CLS 500000fc (name=java.security.Guard, trace=300000)
CLS 500000fd (name=java.lang.StackTraceElement[], trace=300000)
	super		5000016c
CLS 500000fe (name=java.lang.ThreadGroup[], trace=300000)
	super		5000016c
CLS 500000ff (name=java.lang.Thread$UncaughtExceptionHandler[], trace=300000)
	super		5000016c
CLS 50000100 (name=com.sun.demo.jvmti.hprof.Tracker, trace=300000)
	super		5000016c
	constant pool entry 32	50000147
	constant pool entry 29	50000100
	constant pool entry 3	50000a4c
CLS 50000101 (name=java.lang.String$CaseInsensitiveComparator, trace=300000)
	super		5000016c
	constant pool entry 40	50000101
	constant pool entry 38	50000168
	constant pool entry 37	5000016c
	constant pool entry 36	500000dc
CLS 50000102 (name=java.util.Comparator, trace=300000)
CLS 50000103 (name=java.io.ObjectStreamField[], trace=300000)
	super		5000016c
CLS 50000104 (name=java.lang.Comparable[], trace=300000)
	super		5000016c
CLS 50000105 (name=java.io.ObjectStreamField, trace=300000)
	super		5000016c
	constant pool entry 90	5000011e
	constant pool entry 89	50000168
	constant pool entry 88	50000114
	constant pool entry 86	50000112
	constant pool entry 84	50000113
	constant pool entry 82	50000117
	constant pool entry 81	50000116
	constant pool entry 79	50000164
	constant pool entry 78	50000119
	constant pool entry 77	50000115
	constant pool entry 76	5000011a
	constant pool entry 75	50000105
	constant pool entry 2	5000016c
CLS 50000106 (name=java.lang.OutOfMemoryError[], trace=300000)
	super		5000016c
CLS 50000107 (name=java.lang.VirtualMachineError[], trace=300000)
	super		5000016c
CLS 50000108 (name=java.lang.Error[], trace=300000)
	super		5000016c
CLS 50000109 (name=java.lang.Throwable[], trace=300000)
	super		5000016c
CLS 5000010a (name=java.lang.ArithmeticException, trace=300000)
	super		5000015c
CLS 5000010b (name=java.lang.NullPointerException, trace=300000)
	super		5000015c
CLS 5000010c (name=java.lang.Class[], trace=300000)
	super		5000016c
CLS 5000010d (name=java.io.Serializable[], trace=300000)
	super		5000016c
CLS 5000010e (name=java.lang.reflect.GenericDeclaration[], trace=300000)
	super		5000016c
CLS 5000010f (name=java.lang.reflect.AnnotatedElement[], trace=300000)
	super		5000016c
CLS 50000110 (name=java.lang.reflect.Type[], trace=300000)
	super		5000016c
CLS 50000111 (name=java.lang.Object[], trace=300000)
	super		5000016c
CLS 50000112 (name=java.lang.Long, trace=300000)
	super		50000118
	static TYPE	50000a31
	constant pool entry 200	50000112
	constant pool entry 196	50000164
	constant pool entry 17	50000ad3
CLS 50000113 (name=java.lang.Integer, trace=300000)
	super		50000118
	static TYPE	50000a32
	static digits	50000ad9
	static DigitTens	50000ad8
	static DigitOnes	50000ad7
	static sizeTable	50000ad6
	constant pool entry 307	50000100
	constant pool entry 192	50000161
	constant pool entry 190	50000168
	constant pool entry 186	50000118
	constant pool entry 182	50000061
	constant pool entry 181	50000113
	constant pool entry 178	50000164
	constant pool entry 177	50000119
	constant pool entry 29	50000ad5
CLS 50000114 (name=java.lang.Short, trace=300000)
	super		50000118
	static TYPE	50000a33
	constant pool entry 93	50000114
	constant pool entry 88	50000164
	constant pool entry 7	50000ad1
CLS 50000115 (name=java.lang.Byte, trace=300000)
	super		50000118
	static TYPE	50000a34
	constant pool entry 86	50000164
	constant pool entry 84	50000115
	constant pool entry 5	50000f07
CLS 50000116 (name=java.lang.Double, trace=300000)
	super		50000118
	static TYPE	50000a35
	constant pool entry 140	50000116
	constant pool entry 138	50000164
	constant pool entry 10	50000ace
CLS 50000117 (name=java.lang.Float, trace=300000)
	super		50000118
	static TYPE	50000a36
	constant pool entry 108	50000117
	constant pool entry 105	50000164
	constant pool entry 8	50000a88
CLS 50000119 (name=java.lang.Character, trace=300000)
	super		5000016c
	static TYPE	50000a37
	constant pool entry 273	50000164
	constant pool entry 271	50000019
	constant pool entry 11	50000119
	constant pool entry 10	50000efe
CLS 5000011a (name=java.lang.Boolean, trace=300000)
	super		5000016c
	static TRUE	50000cfd
	static FALSE	50000cfc
	static TYPE	50000a38
	constant pool entry 70	50000161
	constant pool entry 67	5000016c
	constant pool entry 63	50000164
	constant pool entry 62	5000011a
	constant pool entry 1	50000cfb
CLS 5000011c (name=java.lang.StackTraceElement, trace=300000)
	super		5000016c
CLS 5000011d (name=sun.misc.Unsafe, trace=300000)
	super		5000016c
	static theUnsafe	50000a79
	constant pool entry 387	50000100
	constant pool entry 190	500000bb
	constant pool entry 189	500000e1
	constant pool entry 186	50000168
	constant pool entry 184	5000016c
	constant pool entry 181	50000164
	constant pool entry 12	5000011d
	constant pool entry 11	50000174
	constant pool entry 10	5000016f
	constant pool entry 9	50000111
	constant pool entry 8	5000016d
	constant pool entry 7	5000016e
	constant pool entry 6	50000172
	constant pool entry 5	50000171
	constant pool entry 4	50000173
	constant pool entry 3	50000170
	constant pool entry 2	50000a7a
CLS 50000120 (name=java.lang.AbstractStringBuilder, trace=300000)
	super		5000016c
	constant pool entry 310	50000100
	constant pool entry 145	50000090
	constant pool entry 144	50000161
	constant pool entry 140	50000168
	constant pool entry 138	5000016c
	constant pool entry 130	50000120
CLS 5000011e (name=java.lang.StringBuilder, trace=300000)
	super		50000120
	constant pool entry 79	5000011e
	constant pool entry 78	50000168
	constant pool entry 75	50000120
CLS 5000011f (name=java.lang.StringBuffer, trace=300000)
	super		50000120
	static serialPersistentFields	50000ed9
	constant pool entry 370	50000100
	constant pool entry 110	50000090
	constant pool entry 108	5000011f
	constant pool entry 107	50000168
	constant pool entry 106	50000113
	constant pool entry 103	5000011a
	constant pool entry 102	50000120
	constant pool entry 100	50000105
	constant pool entry 4	50000173
	constant pool entry 3	50000ac6
	constant pool entry 2	50000ed8
	constant pool entry 1	50000ed7
CLS 50000121 (name=java.lang.Appendable, trace=300000)
CLS 50000125 (name=java.lang.invoke.CallSite, trace=300000)
	super		5000016c
CLS 50000122 (name=java.lang.invoke.VolatileCallSite, trace=300000)
	super		50000125
CLS 50000123 (name=java.lang.invoke.MutableCallSite, trace=300000)
	super		50000125
CLS 50000124 (name=java.lang.invoke.ConstantCallSite, trace=300000)
	super		50000125
CLS 50000126 (name=java.lang.BootstrapMethodError, trace=300000)
	super		50000156
CLS 50000127 (name=java.lang.invoke.MethodType, trace=300000)
	super		5000016c
	static internTable	50000187
	static NO_PTYPES	5000018b
	static objectOnlyTypes	5000018d
	static serialPersistentFields	5000018e
	constant pool entry 534	50000100
	constant pool entry 236	5000011d
	constant pool entry 232	500000d1
	constant pool entry 228	50000195
	constant pool entry 227	50000186
	constant pool entry 226	5000018f
	constant pool entry 224	5000019e
	constant pool entry 222	50000161
	constant pool entry 219	50000112
	constant pool entry 213	50000116
	constant pool entry 211	50000164
	constant pool entry 208	50000105
	constant pool entry 15	50000127
	constant pool entry 13	5000016c
	constant pool entry 10	500015d2
	constant pool entry 9	500015d1
CLS 50000128 (name=java.lang.invoke.LambdaForm, trace=300000)
	super		5000016c
CLS 50000129 (name=java.lang.invoke.MethodHandleNatives, trace=300000)
	super		5000016c
	constant pool entry 212	5000017f
	constant pool entry 189	50000164
	constant pool entry 28	50000129
CLS 5000012a (name=java.lang.invoke.MemberName, trace=300000)
	super		5000016c
	static CONSTRUCTOR_NAME	500015ce
	constant pool entry 642	50000100
	constant pool entry 318	5000013b
	constant pool entry 309	50000129
	constant pool entry 290	50000164
	constant pool entry 45	5000012a
	constant pool entry 43	5000016c
CLS 5000012c (name=java.lang.invoke.MethodHandle, trace=300000)
	super		5000016c
	static NF_reinvokerTarget	500001b3
	constant pool entry 490	50000100
	constant pool entry 223	5000011d
	constant pool entry 214	5000018f
	constant pool entry 213	5000017f
	constant pool entry 210	50000184
	constant pool entry 205	50000160
	constant pool entry 198	500001af
	constant pool entry 196	50000164
	constant pool entry 20	5000012c
	constant pool entry 18	500015cb
	constant pool entry 14	500015ca
CLS 5000012b (name=java.lang.invoke.DirectMethodHandle, trace=300000)
	super		5000012c
CLS 5000012d (name=sun.reflect.CallerSensitive, trace=300000)
CLS 5000012e (name=java.lang.annotation.Annotation, trace=300000)
CLS 50000131 (name=sun.reflect.FieldAccessorImpl, trace=300000)
	super		50000139
CLS 50000130 (name=sun.reflect.UnsafeFieldAccessorImpl, trace=300000)
	super		50000131
CLS 5000012f (name=sun.reflect.UnsafeStaticFieldAccessorImpl, trace=300000)
	super		50000130
CLS 50000132 (name=sun.reflect.FieldAccessor, trace=300000)
CLS 50000133 (name=sun.reflect.ConstantPool, trace=300000)
	super		5000016c
CLS 50000134 (name=sun.reflect.DelegatingClassLoader, trace=300000)
	super		50000162
CLS 50000136 (name=sun.reflect.ConstructorAccessor, trace=300000)
CLS 50000137 (name=sun.reflect.MethodAccessorImpl, trace=300000)
	super		50000139
CLS 50000138 (name=sun.reflect.MethodAccessor, trace=300000)
CLS 50000140 (name=java.lang.reflect.AccessibleObject, trace=300000)
	super		5000016c
	static ACCESS_PERMISSION	50000a90
	static reflectionFactory	50000a89
	constant pool entry 77	500000f5
	constant pool entry 76	500000ea
	constant pool entry 74	500000f8
	constant pool entry 73	500000f7
	constant pool entry 71	5000013a
	constant pool entry 69	50000140
	constant pool entry 68	50000161
	constant pool entry 65	5000016c
	constant pool entry 4	50000164
	constant pool entry 3	50000a8f
CLS 5000013c (name=java.lang.reflect.Executable, trace=300000)
	super		50000140
	constant pool entry 160	50000140
CLS 5000013a (name=java.lang.reflect.Constructor, trace=300000)
	super		5000013c
	constant pool entry 143	500000ea
	constant pool entry 141	50000136
	constant pool entry 135	5000013c
	constant pool entry 134	5000013a
	constant pool entry 127	50000164
	constant pool entry 125	5000010c
CLS 5000013b (name=java.lang.reflect.Method, trace=300000)
	super		5000013c
	constant pool entry 138	5000013b
	constant pool entry 136	5000013c
	constant pool entry 127	5000010c
CLS 5000013d (name=java.lang.reflect.Parameter, trace=300000)
	super		5000016c
CLS 5000013e (name=java.lang.reflect.Field, trace=300000)
	super		50000140
	constant pool entry 134	5000013e
	constant pool entry 133	50000140
CLS 5000013f (name=java.lang.reflect.Member, trace=300000)
CLS 50000143 (name=java.util.Dictionary, trace=300000)
	super		5000016c
	constant pool entry 18	5000016c
CLS 50000142 (name=java.util.Hashtable, trace=300000)
	super		50000143
	constant pool entry 395	50000100
	constant pool entry 195	500000db
	constant pool entry 193	500000e0
	constant pool entry 192	50000144
	constant pool entry 191	500000cf
	constant pool entry 188	500000ce
	constant pool entry 187	500000d9
	constant pool entry 186	500000df
	constant pool entry 184	50000142
	constant pool entry 183	50000143
	constant pool entry 181	500000d8
	constant pool entry 177	5000016c
	constant pool entry 175	500000dc
	constant pool entry 172	50000117
CLS 50000141 (name=java.util.Properties, trace=300000)
	super		50000142
	static hexDigit	50000cf7
	constant pool entry 261	50000100
	constant pool entry 126	50000141
	constant pool entry 123	50000142
	constant pool entry 117	50000168
CLS 50000144 (name=java.util.Map, trace=300000)
CLS 50000145 (name=java.lang.ThreadGroup, trace=300000)
	super		5000016c
	constant pool entry 266	50000100
	constant pool entry 120	50000145
	constant pool entry 117	50000147
	constant pool entry 116	50000161
	constant pool entry 113	5000016c
	constant pool entry 7	50000a5f
CLS 50000146 (name=java.lang.Thread$UncaughtExceptionHandler, trace=300000)
CLS 50000148 (name=java.lang.Runnable, trace=300000)
CLS 5000014b (name=java.lang.ref.FinalReference, trace=300000)
	super		5000014e
	constant pool entry 7	5000014e
CLS 50000149 (name=java.lang.ref.Finalizer, trace=300000)
	super		5000014b
	static queue	5000096a
	static unfinalized	5000046d
	static lock	500015a4
	constant pool entry 69	500000e5
	constant pool entry 68	500000e2
	constant pool entry 64	50000149
	constant pool entry 63	5000014b
	constant pool entry 61	50000145
	constant pool entry 60	50000147
	constant pool entry 59	5000016c
CLS 5000014a (name=java.lang.ref.PhantomReference, trace=300000)
	super		5000014e
CLS 5000014f (name=java.lang.IllegalMonitorStateException, trace=300000)
	super		5000015c
CLS 50000152 (name=java.lang.VirtualMachineError, trace=300000)
	super		5000015f
CLS 50000150 (name=java.lang.StackOverflowError, trace=300000)
	super		50000152
CLS 50000151 (name=java.lang.OutOfMemoryError, trace=300000)
	super		50000152
CLS 50000153 (name=java.lang.ArrayStoreException, trace=300000)
	super		5000015c
CLS 50000154 (name=java.lang.ClassCastException, trace=300000)
	super		5000015c
CLS 50000155 (name=java.lang.NoClassDefFoundError, trace=300000)
	super		50000156
CLS 50000158 (name=java.lang.ReflectiveOperationException, trace=300000)
	super		5000015d
	constant pool entry 13	5000015d
CLS 50000157 (name=java.lang.ClassNotFoundException, trace=300000)
	super		50000158
	constant pool entry 18	50000158
CLS 50000159 (name=java.security.AccessControlContext, trace=300000)
	super		5000016c
	constant pool entry 135	500000f8
	constant pool entry 132	50000159
	constant pool entry 126	5000016c
CLS 5000015a (name=java.security.ProtectionDomain, trace=300000)
	super		5000016c
	constant pool entry 265	50000100
	constant pool entry 133	50000051
	constant pool entry 132	500000c4
	constant pool entry 128	50000009
	constant pool entry 127	5000000b
	constant pool entry 125	5000000d
	constant pool entry 124	5000015a
	constant pool entry 123	50000008
	constant pool entry 110	5000016c
	constant pool entry 10	50000f15
CLS 5000015b (name=java.lang.SecurityManager, trace=300000)
	super		5000016c
CLS 5000015e (name=java.lang.ThreadDeath, trace=300000)
	super		5000015f
CLS 50000161 (name=java.lang.System, trace=300000)
	super		5000016c
	static in	50000a69
	static out	50000a68
	static err	50000a67
	static props	50000a66
	static lineSeparator	50000a65
	constant pool entry 183	500000bb
	constant pool entry 182	500000cc
	constant pool entry 181	500000e1
	constant pool entry 180	500000c4
	constant pool entry 177	50000141
	constant pool entry 173	50000145
	constant pool entry 172	50000147
	constant pool entry 171	50000066
	constant pool entry 170	5000005b
	constant pool entry 167	50000168
	constant pool entry 164	500000cd
	constant pool entry 156	5000009c
	constant pool entry 154	500000b5
	constant pool entry 153	500000c8
	constant pool entry 152	500000c7
	constant pool entry 151	5000009b
	constant pool entry 150	500000b3
	constant pool entry 14	50000161
	constant pool entry 13	50000a64
	constant pool entry 11	50000a63
	constant pool entry 10	50000a62
	constant pool entry 7	50000a61
	constant pool entry 1	50000a60
CLS 50000163 (name=java.lang.Cloneable, trace=300000)
CLS 50000164 (name=java.lang.Class, trace=300000)
	super		5000016c
	static serialPersistentFields	50000a8a
	static reflectionFactory	50000a89
	constant pool entry 1183	50000100
	constant pool entry 503	500000f5
	constant pool entry 502	500000ea
	constant pool entry 501	500000bb
	constant pool entry 485	500000f8
	constant pool entry 480	5000013b
	constant pool entry 476	5000013e
	constant pool entry 475	5000013a
	constant pool entry 472	5000014d
	constant pool entry 468	50000161
	constant pool entry 466	50000168
	constant pool entry 448	50000162
	constant pool entry 446	500000ad
	constant pool entry 443	500000ac
	constant pool entry 440	500000ae
	constant pool entry 438	5000008a
	constant pool entry 436	50000105
	constant pool entry 20	50000164
CLS 50000165 (name=java.lang.reflect.Type, trace=300000)
CLS 50000166 (name=java.lang.reflect.GenericDeclaration, trace=300000)
CLS 50000167 (name=java.lang.reflect.AnnotatedElement, trace=300000)
CLS 50000168 (name=java.lang.String, trace=300000)
	super		5000016c
	static serialPersistentFields	50000a58
	static CASE_INSENSITIVE_ORDER	50000a57
	constant pool entry 536	50000100
	constant pool entry 251	50000032
	constant pool entry 247	50000102
	constant pool entry 246	50000090
	constant pool entry 242	50000161
	constant pool entry 240	500001c9
	constant pool entry 237	50000101
	constant pool entry 235	50000168
	constant pool entry 234	5000016c
	constant pool entry 232	500000dc
	constant pool entry 222	50000119
	constant pool entry 221	50000169
	constant pool entry 217	50000105
	constant pool entry 13	50000a56
	constant pool entry 12	50000a49
	constant pool entry 11	50000a3b
	constant pool entry 10	50000a4b
	constant pool entry 9	50000a55
	constant pool entry 8	50000a54
	constant pool entry 7	50000a53
	constant pool entry 6	50000a4a
	constant pool entry 5	50000a52
CLS 50000169 (name=java.lang.CharSequence, trace=300000)
CLS 5000016a (name=java.lang.Comparable, trace=300000)
CLS 5000016b (name=java.io.Serializable, trace=300000)
CLS 5000016d (name=long[], trace=300000)
	super		5000016c
CLS 5000016e (name=int[], trace=300000)
	super		5000016c
CLS 5000016f (name=short[], trace=300000)
	super		5000016c
CLS 50000170 (name=byte[], trace=300000)
	super		5000016c
CLS 50000171 (name=double[], trace=300000)
	super		5000016c
CLS 50000172 (name=float[], trace=300000)
	super		5000016c
CLS 50000173 (name=char[], trace=300000)
	super		5000016c
CLS 50000174 (name=boolean[], trace=300000)
	super		5000016c
CLS 5000017f (name=java.lang.invoke.MethodHandleImpl, trace=300004)
	super		5000016c
	static FAKE_METHOD_HANDLE_INVOKE	50000181
	constant pool entry 551	50000100
	constant pool entry 227	50000182
	constant pool entry 212	50000164
	constant pool entry 20	5000017f
	constant pool entry 19	5000012c
	constant pool entry 16	5000016c
CLS 50000180 (name=java.lang.invoke.MethodHandle[], trace=300005)
	super		5000016c
CLS 50000182 (name=java.lang.invoke.MemberName$Factory, trace=300006)
	super		5000016c
	static INSTANCE	50000183
	constant pool entry 95	50000182
	constant pool entry 92	5000016c
	constant pool entry 88	50000164
	constant pool entry 10	5000012a
CLS 50000184 (name=java.lang.invoke.LambdaForm$NamedFunction, trace=300008)
	super		5000016c
	static INVOKER_METHOD_TYPE	5000019d
	constant pool entry 372	50000100
	constant pool entry 155	50000127
	constant pool entry 153	5000012a
	constant pool entry 143	50000164
	constant pool entry 12	5000012c
	constant pool entry 11	50000184
	constant pool entry 10	50000128
	constant pool entry 9	5000016c
	constant pool entry 8	50000111
CLS 50000186 (name=java.lang.invoke.MethodType$ConcurrentWeakInternSet, trace=300010)
	super		5000016c
	constant pool entry 35	5000002f
	constant pool entry 34	5000002e
	constant pool entry 33	500000e5
	constant pool entry 31	5000019b
	constant pool entry 30	50000186
	constant pool entry 28	5000016c
CLS 5000018c (name=java.lang.invoke.MethodType[], trace=300016)
	super		5000016c
CLS 5000018f (name=java.lang.invoke.MethodHandleStatics, trace=300018)
	super		5000016c
	static UNSAFE	50000a79
	constant pool entry 167	50000100
	constant pool entry 80	5000011d
	constant pool entry 79	500000f8
	constant pool entry 77	50000191
	constant pool entry 76	5000018f
	constant pool entry 71	5000016c
	constant pool entry 66	5000011a
CLS 50000191 (name=java.lang.invoke.MethodHandleStatics$1, trace=300020)
	super		5000016c
	constant pool entry 35	50000191
	constant pool entry 33	5000016c
	constant pool entry 32	50000113
	constant pool entry 31	5000011a
	constant pool entry 5	500015d9
	constant pool entry 4	500015d8
	constant pool entry 3	500015d7
	constant pool entry 2	500015d6
	constant pool entry 1	500015d5
CLS 50000195 (name=java.lang.invoke.MethodTypeForm, trace=300024)
	super		5000016c
	constant pool entry 312	50000100
	constant pool entry 177	50000127
	constant pool entry 171	50000128
	constant pool entry 163	50000164
	constant pool entry 161	5000010c
	constant pool entry 11	50000195
	constant pool entry 9	5000019e
	constant pool entry 8	5000016c
CLS 50000196 (name=java.lang.invoke.Invokers, trace=300024)
	super		5000016c
CLS 5000019b (name=java.lang.invoke.MethodType$ConcurrentWeakInternSet$WeakEntry, trace=300028)
	super		5000014c
	constant pool entry 24	5000014c
	constant pool entry 23	5000019b
	constant pool entry 20	5000016c
CLS 5000019e (name=java.lang.Void, trace=300031)
	super		5000016c
	static TYPE	50000a39
	constant pool entry 17	5000019e
	constant pool entry 15	50000164
	constant pool entry 1	500015d3
CLS 500001a5 (name=java.lang.invoke.LambdaForm[], trace=300037)
	super		5000016c
CLS 500001af (name=java.lang.IllegalAccessException, trace=300043)
	super		50000158
CLS 500001b8 (name=sun.misc.PostVMInitHook, trace=300000)
	super		5000016c
	constant pool entry 44	500001b8
	constant pool entry 43	50000161
	constant pool entry 42	5000011e
	constant pool entry 39	50000077
	constant pool entry 7	500015ec
	constant pool entry 5	500015eb
	constant pool entry 4	500015ea
	constant pool entry 3	500015e9
	constant pool entry 2	500015e8
CLS 500001c2 (name=sun.launcher.LauncherHelper, trace=300000)
	super		50000070
	static INSTANCE	500001c3
	static MAIN_CLASS	500015fa
	static outBuf	500001c6
	static INDENT	500015f9
	static VM_SETTINGS	500015f8
	static PROP_SETTINGS	500015f7
	static LOCALE_SETTINGS	500015f6
	static diagprop	50000bdd
	static defaultBundleName	50000abd
	static ostream	50000a67
	static scloader	50000972
	static encprop	500015f5
	static encoding	50000c66
	static $VALUES	500001c5
	constant pool entry 695	50000100
	constant pool entry 400	500000e1
	constant pool entry 397	50000426
	constant pool entry 390	50000427
	constant pool entry 380	5000091a
	constant pool entry 376	5000009a
	constant pool entry 370	50000161
	constant pool entry 369	5000011e
	constant pool entry 368	50000168
	constant pool entry 366	5000016c
	constant pool entry 364	50000155
	constant pool entry 360	50000070
	constant pool entry 359	50000157
	constant pool entry 358	50000162
	constant pool entry 355	5000009c
	constant pool entry 70	500001c2
	constant pool entry 67	500015f5
	constant pool entry 66	50000bdd
	constant pool entry 61	500015f4
	constant pool entry 42	50000971
	constant pool entry 31	500015f3
	constant pool entry 26	500015f2
	constant pool entry 1	50000a60
CLS 500001c4 (name=sun.launcher.LauncherHelper[], trace=300055)
	super		5000016c
CLS 500001c9 (name=java.lang.StringCoding, trace=300059)
	super		5000016c
	static decoder	500001ca
	static encoder	500001cb
	constant pool entry 127	5000009a
	constant pool entry 123	5000014d
	constant pool entry 122	50000092
	constant pool entry 119	500001d2
	constant pool entry 117	500001c9
CLS 500001cc (name=java.lang.ThreadLocal$ThreadLocalMap, trace=300062)
	super		5000016c
	constant pool entry 121	50000100
	constant pool entry 54	500001ce
	constant pool entry 53	500001cc
	constant pool entry 51	50000092
	constant pool entry 50	5000016c
CLS 500001ce (name=java.lang.ThreadLocal$ThreadLocalMap$Entry, trace=300064)
	super		5000014c
	constant pool entry 15	5000014c
	constant pool entry 14	500001ce
CLS 500001cf (name=java.lang.ThreadLocal$ThreadLocalMap$Entry[], trace=300065)
	super		5000016c
CLS 500001d2 (name=java.lang.StringCoding$StringDecoder, trace=300067)
	super		5000016c
	constant pool entry 143	50000100
	constant pool entry 71	5000003c
	constant pool entry 70	50000080
	constant pool entry 68	5000003b
	constant pool entry 67	5000009a
	constant pool entry 63	500001d2
	constant pool entry 61	500001c9
	constant pool entry 59	5000016c
	constant pool entry 57	50000164
CLS 500001dd (name=java.net.URLClassLoader$1, trace=300076)
	super		5000016c
	constant pool entry 44	50000005
	constant pool entry 41	500001dd
	constant pool entry 40	50000053
	constant pool entry 39	50000168
	constant pool entry 38	5000016c
	constant pool entry 36	50000157
	constant pool entry 1	50000f7b
CLS 500001e1 (name=sun.net.util.URLUtil, trace=300080)
	super		5000016c
	constant pool entry 57	50000013
	constant pool entry 56	5000011e
	constant pool entry 55	50000168
	constant pool entry 3	50001499
CLS 500001e7 (name=sun.misc.URLClassPath$3, trace=300085)
	super		5000016c
	constant pool entry 47	500001ea
	constant pool entry 46	500003f7
	constant pool entry 45	500001e7
	constant pool entry 44	50000005
	constant pool entry 42	50000013
	constant pool entry 41	50000168
	constant pool entry 40	5000016c
	constant pool entry 2	50000f36
	constant pool entry 1	50000f41
CLS 500001e9 (name=sun.misc.URLClassPath$Loader, trace=300087)
	super		5000016c
	constant pool entry 64	500001e9
	constant pool entry 54	5000016c
CLS 500001ea (name=sun.misc.URLClassPath$JarLoader, trace=300087)
	super		500001e9
	static zipAccess	500001ef
	constant pool entry 209	50000015
	constant pool entry 207	500001e9
	constant pool entry 204	5000072b
	constant pool entry 203	500001ea
	constant pool entry 201	500000c4
	constant pool entry 199	50000044
	constant pool entry 194	5000072d
	constant pool entry 180	500003ec
	constant pool entry 179	500000f8
	constant pool entry 175	50000013
	constant pool entry 171	5000011e
	constant pool entry 170	50000168
	constant pool entry 168	50000742
	constant pool entry 167	50000743
	constant pool entry 166	50000077
	constant pool entry 8	50000f71
	constant pool entry 7	50000f36
	constant pool entry 2	50000f73
	constant pool entry 1	50000a60
CLS 500001eb (name=java.util.zip.ZipConstants, trace=300088)
CLS 500001ec (name=java.util.zip.ZipFile, trace=300088)
	super		5000016c
	constant pool entry 259	500000e1
	constant pool entry 258	500000c4
	constant pool entry 252	500001ee
	constant pool entry 251	500001ec
	constant pool entry 8	50000be1
CLS 500001ed (name=sun.misc.JavaUtilZipFileAccess, trace=300089)
CLS 500001ee (name=java.util.zip.ZipFile$1, trace=300089)
	super		5000016c
	constant pool entry 12	5000016c
CLS 50000203 (name=sun.nio.cs.ThreadLocalCoders, trace=300108)
	super		5000016c
	static decoderCache	50000206
	static encoderCache	50000209
	constant pool entry 31	50000204
	constant pool entry 30	50000208
	constant pool entry 29	50000205
	constant pool entry 28	50000203
	constant pool entry 26	5000003b
CLS 50000204 (name=sun.nio.cs.ThreadLocalCoders$Cache, trace=300109)
	super		5000016c
	constant pool entry 53	50000100
	constant pool entry 28	50000204
	constant pool entry 26	50000092
	constant pool entry 25	5000016c
	constant pool entry 24	50000111
CLS 50000205 (name=sun.nio.cs.ThreadLocalCoders$1, trace=300109)
	super		50000204
	constant pool entry 38	50000204
	constant pool entry 37	50000205
	constant pool entry 36	5000003b
	constant pool entry 35	5000009a
	constant pool entry 34	50000168
	constant pool entry 33	50000164
	constant pool entry 1	50000203
CLS 50000208 (name=sun.nio.cs.ThreadLocalCoders$2, trace=300112)
	super		50000204
	constant pool entry 38	50000204
	constant pool entry 37	50000208
	constant pool entry 33	50000164
	constant pool entry 1	50000203
CLS 50000214 (name=sun.nio.cs.Unicode, trace=300123)
	super		5000009a
	constant pool entry 109	5000009a
CLS 50000215 (name=sun.nio.cs.UTF_8, trace=300123)
	super		50000214
	constant pool entry 33	50000214
	constant pool entry 31	5000021f
	constant pool entry 29	50000215
	constant pool entry 28	50000097
	constant pool entry 27	5000011b
	constant pool entry 1	50001463
CLS 5000021f (name=sun.nio.cs.UTF_8$Decoder, trace=300132)
	super		5000003b
	constant pool entry 96	5000021f
	constant pool entry 92	50000037
	constant pool entry 91	5000003b
	constant pool entry 90	50000039
	constant pool entry 89	5000007f
	constant pool entry 86	500000dc
	constant pool entry 85	50000164
	constant pool entry 3	50000215
CLS 500003ec (name=java.security.PrivilegedActionException, trace=300153)
	super		5000015d
	constant pool entry 34	500003ec
	constant pool entry 29	5000015d
CLS 500003f7 (name=sun.misc.URLClassPath$FileLoader, trace=300156)
	super		500001e9
	constant pool entry 63	50000015
	constant pool entry 62	500001e9
	constant pool entry 60	500003f7
	constant pool entry 59	50000005
	constant pool entry 57	50000013
	constant pool entry 56	50000168
	constant pool entry 52	50000077
	constant pool entry 3	50000f36
	constant pool entry 2	5000149b
	constant pool entry 1	50000f3f
CLS 50000426 (name=sun.launcher.LauncherHelper$ResourceBundleHolder, trace=300189)
	super		5000016c
	static RB	5000088e
	constant pool entry 18	50000426
	constant pool entry 16	50000427
	constant pool entry 1	50000abd
CLS 50000427 (name=java.util.ResourceBundle, trace=300190)
	super		5000016c
	static NONEXISTENT_BUNDLE	50000429
	static cacheList	5000042a
	static referenceQueue	5000042b
	constant pool entry 214	500000bb
	constant pool entry 213	5000002f
	constant pool entry 212	5000002e
	constant pool entry 210	5000042e
	constant pool entry 208	50000828
	constant pool entry 205	50000839
	constant pool entry 203	5000084a
	constant pool entry 202	50000879
	constant pool entry 201	50000428
	constant pool entry 199	50000032
	constant pool entry 198	500000f0
	constant pool entry 197	500000cf
	constant pool entry 193	500000e5
	constant pool entry 188	50000168
	constant pool entry 187	5000016c
	constant pool entry 180	50000164
	constant pool entry 11	5000042d
	constant pool entry 10	50000427
CLS 50000428 (name=java.util.ResourceBundle$1, trace=300191)
	super		50000427
	constant pool entry 16	50000427
CLS 5000042d (name=java.util.spi.ResourceBundleControlProvider, trace=300196)
CLS 5000042e (name=java.util.ServiceLoader, trace=300197)
	super		5000016c
	static PREFIX	50001608
	constant pool entry 133	50000431
	constant pool entry 132	50000433
	constant pool entry 131	5000042e
	constant pool entry 129	500000d1
	constant pool entry 127	50000072
	constant pool entry 120	50000161
	constant pool entry 117	5000016c
	constant pool entry 115	50000162
	constant pool entry 114	50000164
	constant pool entry 7	50001607
CLS 50000431 (name=java.util.ServiceLoader$LazyIterator, trace=300200)
	super		5000016c
	constant pool entry 99	50000431
	constant pool entry 97	5000042e
	constant pool entry 93	500000d0
	constant pool entry 88	5000011e
	constant pool entry 86	5000016c
	constant pool entry 83	50000162
	constant pool entry 82	50000164
	constant pool entry 5	50001608
CLS 50000433 (name=java.util.ServiceLoader$1, trace=300202)
	super		5000016c
	constant pool entry 41	500000db
	constant pool entry 40	50000431
	constant pool entry 39	50000433
	constant pool entry 38	5000042e
	constant pool entry 35	50000072
	constant pool entry 34	500000cf
	constant pool entry 32	5000016c
CLS 50000435 (name=java.util.LinkedHashMap$LinkedEntrySet, trace=300204)
	super		500000da
	constant pool entry 54	50000435
	constant pool entry 53	50000438
	constant pool entry 47	500000da
CLS 50000437 (name=java.util.LinkedHashMap$LinkedHashIterator, trace=300206)
	super		5000016c
	constant pool entry 41	50000437
	constant pool entry 39	50000072
	constant pool entry 35	5000016c
CLS 50000438 (name=java.util.LinkedHashMap$LinkedEntryIterator, trace=300206)
	super		50000437
	constant pool entry 21	50000437
	constant pool entry 20	50000438
CLS 50000440 (name=java.util.Enumeration[], trace=300212)
	super		5000016c
CLS 50000442 (name=sun.misc.Launcher$BootClassPathHolder, trace=300213)
	super		5000016c
	static bcp	5000069b
	constant pool entry 27	50000005
	constant pool entry 26	50000443
	constant pool entry 25	50000442
	constant pool entry 24	50000057
	constant pool entry 23	500000f8
	constant pool entry 20	5000000f
CLS 50000443 (name=sun.misc.Launcher$BootClassPathHolder$1, trace=300214)
	super		5000016c
	constant pool entry 39	50000044
	constant pool entry 38	50000443
	constant pool entry 36	50000057
	constant pool entry 35	500000db
	constant pool entry 34	50000006
	constant pool entry 32	5000016c
	constant pool entry 31	50000077
CLS 500006a8 (name=sun.misc.URLClassPath$2, trace=300302)
	super		5000016c
	constant pool entry 35	500001e9
	constant pool entry 34	500006a8
	constant pool entry 33	50000005
	constant pool entry 30	5000016c
CLS 500006aa (name=java.lang.ClassLoader$2, trace=300304)
	super		5000016c
	constant pool entry 22	500000d0
	constant pool entry 21	5000016c
	constant pool entry 20	500006aa
CLS 500006ac (name=sun.misc.URLClassPath$1, trace=300306)
	super		5000016c
	constant pool entry 35	500001e9
	constant pool entry 34	500006ac
	constant pool entry 33	50000005
	constant pool entry 30	5000016c
CLS 500006ae (name=java.net.URLClassLoader$3, trace=300308)
	super		5000016c
	constant pool entry 35	500000f8
	constant pool entry 34	50000826
	constant pool entry 33	500006ae
	constant pool entry 32	50000053
	constant pool entry 30	5000016c
CLS 500006b0 (name=sun.misc.CompoundEnumeration, trace=300310)
	super		5000016c
	constant pool entry 23	500006b0
	constant pool entry 21	500000d0
	constant pool entry 20	5000016c
CLS 5000072b (name=sun.misc.URLClassPath$JarLoader$1, trace=300313)
	super		5000016c
	constant pool entry 71	5000072b
	constant pool entry 70	500001ea
	constant pool entry 69	50000005
	constant pool entry 60	5000016c
CLS 5000072d (name=sun.misc.FileURLMapper, trace=300315)
	super		5000016c
	constant pool entry 43	50000015
	constant pool entry 42	5000072d
	constant pool entry 41	50000013
	constant pool entry 39	50000168
	constant pool entry 38	5000016c
	constant pool entry 37	50000077
	constant pool entry 1	50000a60
CLS 50000742 (name=java.io.IOException, trace=300325)
	super		5000015d
	constant pool entry 14	5000015d
CLS 50000743 (name=java.io.FileNotFoundException, trace=300325)
	super		50000742
	constant pool entry 26	50000742
CLS 50000826 (name=java.net.URLClassLoader$3$1, trace=300328)
	super		5000016c
	constant pool entry 27	500000d0
	constant pool entry 25	50000826
	constant pool entry 24	500006ae
	constant pool entry 22	5000016c
CLS 50000828 (name=java.util.ResourceBundle$RBClassLoader, trace=300330)
	super		50000162
	static INSTANCE	5000082b
	static loader	50000972
	constant pool entry 36	50000829
	constant pool entry 35	50000828
	constant pool entry 32	500000f8
	constant pool entry 30	50000162
CLS 50000829 (name=java.util.ResourceBundle$RBClassLoader$1, trace=300331)
	super		5000016c
	constant pool entry 20	50000829
	constant pool entry 19	50000828
	constant pool entry 15	5000016c
CLS 50000839 (name=java.util.ResourceBundle$Control, trace=300345)
	super		5000016c
	static FORMAT_DEFAULT	5000083d
	static FORMAT_CLASS	50000840
	static FORMAT_PROPERTIES	50000843
	static INSTANCE	50000844
	static CANDIDATES_CACHE	50000846
	constant pool entry 315	50000100
	constant pool entry 162	50000845
	constant pool entry 161	500008cd
	constant pool entry 160	50000839
	constant pool entry 157	50000032
	constant pool entry 155	500000d8
	constant pool entry 154	500000f1
	constant pool entry 153	50000090
	constant pool entry 152	500000c1
	constant pool entry 150	500000f8
	constant pool entry 145	5000011e
	constant pool entry 144	50000168
	constant pool entry 143	5000016c
	constant pool entry 137	50000157
	constant pool entry 136	50000162
	constant pool entry 134	50000164
	constant pool entry 8	50000427
	constant pool entry 6	5000160c
	constant pool entry 5	5000160b
	constant pool entry 4	50001604
	constant pool entry 3	50001499
	constant pool entry 1	50000a60
CLS 5000083b (name=java.util.Arrays$ArrayList, trace=300347)
	super		500000ed
	constant pool entry 58	500000d1
	constant pool entry 57	5000083b
	constant pool entry 55	500000ed
	constant pool entry 51	50000111
CLS 50000845 (name=java.util.ResourceBundle$Control$CandidateListCache, trace=300353)
	super		50000031
	constant pool entry 85	50000031
	constant pool entry 84	5000001f
	constant pool entry 83	50000845
	constant pool entry 79	50000032
	constant pool entry 78	500000f0
	constant pool entry 77	50000852
	constant pool entry 75	50000168
	constant pool entry 14	50000da1
	constant pool entry 13	50001610
	constant pool entry 12	5000160f
	constant pool entry 11	5000160e
	constant pool entry 1	50000a60
CLS 5000084a (name=java.util.ResourceBundle$CacheKey, trace=300358)
	super		5000016c
	constant pool entry 92	5000084d
	constant pool entry 91	5000084a
	constant pool entry 90	50000427
	constant pool entry 89	50000032
	constant pool entry 87	50000168
	constant pool entry 85	5000016c
	constant pool entry 79	50000162
CLS 5000084c (name=java.util.ResourceBundle$CacheKeyReference, trace=300360)
CLS 5000084d (name=java.util.ResourceBundle$LoaderReference, trace=300360)
	super		5000014c
	constant pool entry 16	5000084d
	constant pool entry 12	5000014c
CLS 5000084f (name=java.util.Queue, trace=300362)
CLS 50000850 (name=java.util.Deque, trace=300362)
CLS 50000851 (name=java.util.AbstractSequentialList, trace=300362)
	super		500000ed
	constant pool entry 36	500000ed
CLS 50000852 (name=java.util.LinkedList, trace=300362)
	super		50000851
	constant pool entry 301	50000100
	constant pool entry 150	5000085a
	constant pool entry 145	50000852
	constant pool entry 142	50000851
	constant pool entry 139	5000016c
CLS 5000085a (name=java.util.LinkedList$Node, trace=300370)
	super		5000016c
	constant pool entry 17	5000085a
	constant pool entry 15	5000016c
CLS 5000086e (name=java.util.ListResourceBundle, trace=300380)
	super		50000427
	constant pool entry 38	50000427
	constant pool entry 37	50000144
	constant pool entry 36	5000086e
	constant pool entry 35	500000ba
	constant pool entry 33	50000168
CLS 5000086f (name=sun.launcher.resources.launcher, trace=300380)
	super		5000086e
	constant pool entry 87	5000086e
CLS 50000879 (name=java.util.ResourceBundle$BundleReference, trace=300384)
	super		5000014d
	constant pool entry 14	50000879
	constant pool entry 12	5000014d
CLS 50000886 (name=sun.launcher.resources.launcher_fr, trace=300380)
	super		5000086e
	constant pool entry 93	50000100
	constant pool entry 87	5000086e
	constant pool entry 86	5000016c
	constant pool entry 85	50000111
	constant pool entry 38	50001636
	constant pool entry 37	5000164e
	constant pool entry 36	5000162e
	constant pool entry 35	50001652
	constant pool entry 34	5000162a
	constant pool entry 33	50001632
	constant pool entry 32	5000161a
	constant pool entry 31	5000165d
	constant pool entry 30	50001656
	constant pool entry 29	5000164a
	constant pool entry 28	5000163a
	constant pool entry 27	50001642
	constant pool entry 26	50001626
	constant pool entry 25	50001622
	constant pool entry 24	5000161e
	constant pool entry 23	50001616
	constant pool entry 22	50000971
	constant pool entry 21	50001646
	constant pool entry 20	5000163e
	constant pool entry 19	5000165c
	constant pool entry 18	50001649
	constant pool entry 17	50001619
	constant pool entry 16	5000162d
	constant pool entry 15	50001655
	constant pool entry 14	50001631
	constant pool entry 13	50001615
	constant pool entry 12	50001621
	constant pool entry 11	5000161d
	constant pool entry 10	50001659
	constant pool entry 9	50001625
	constant pool entry 8	50001635
	constant pool entry 7	5000164d
	constant pool entry 6	50001629
	constant pool entry 5	50001651
	constant pool entry 4	50001645
	constant pool entry 3	50001639
	constant pool entry 2	50001641
	constant pool entry 1	5000163d
CLS 500008cd (name=java.util.ResourceBundle$Control$1, trace=300404)
	super		5000016c
	constant pool entry 46	500008cd
	constant pool entry 40	5000016c
	constant pool entry 38	50000162
CLS 500008cf (name=java.net.URLClassLoader$2, trace=300406)
	super		5000016c
	constant pool entry 23	50000005
	constant pool entry 21	500008cf
	constant pool entry 20	50000053
	constant pool entry 19	5000016c
CLS 500008ef (name=java.lang.Object[][], trace=300418)
	super		5000016c
CLS 50000919 (name=java.text.Format, trace=300440)
	super		5000016c
	constant pool entry 58	50000919
	constant pool entry 57	50000946
	constant pool entry 53	5000011f
	constant pool entry 52	5000016c
CLS 5000091a (name=java.text.MessageFormat, trace=300440)
	super		50000919
	static TYPE_KEYWORDS	5000091b
	static NUMBER_MODIFIER_KEYWORDS	5000091c
	static DATE_TIME_MODIFIER_KEYWORDS	5000091d
	static DATE_TIME_MODIFIERS	5000091e
	constant pool entry 508	50000100
	constant pool entry 280	50000924
	constant pool entry 279	50000032
	constant pool entry 277	50000949
	constant pool entry 270	5000094d
	constant pool entry 269	5000091a
	constant pool entry 267	50000919
	constant pool entry 266	50000946
	constant pool entry 257	5000011e
	constant pool entry 256	5000011f
	constant pool entry 255	50000168
	constant pool entry 252	50000118
	constant pool entry 250	50000113
	constant pool entry 239	50000111
	constant pool entry 31	50001668
	constant pool entry 30	50000ad1
	constant pool entry 29	50001667
	constant pool entry 28	50001666
	constant pool entry 25	50001665
	constant pool entry 24	50000ad3
	constant pool entry 23	50001664
	constant pool entry 22	50001663
	constant pool entry 20	50001662
	constant pool entry 19	50001661
	constant pool entry 18	50001660
	constant pool entry 2	50000a60
CLS 50000920 (name=java.text.Format[], trace=300446)
	super		5000016c
CLS 50000924 (name=java.util.Locale$Category, trace=300449)
	super		50000070
	static DISPLAY	50000925
	static FORMAT	50000926
	static $VALUES	50000928
	constant pool entry 77	50000100
	constant pool entry 43	50000070
	constant pool entry 42	50000927
	constant pool entry 11	50000924
	constant pool entry 10	50000ec6
	constant pool entry 9	50000ec5
	constant pool entry 8	50000ec4
	constant pool entry 7	50000ec3
	constant pool entry 6	50000ec2
	constant pool entry 5	50000ec1
	constant pool entry 4	50000ec0
	constant pool entry 3	50000ebf
	constant pool entry 2	50000ebe
	constant pool entry 1	50000ebd
CLS 50000927 (name=java.util.Locale$Category[], trace=300452)
	super		5000016c
CLS 50000929 (name=java.util.Locale$1, trace=300453)
	super		5000016c
	static $SwitchMap$java$util$Locale$Category	5000092a
	constant pool entry 38	50000100
	constant pool entry 23	50000924
	constant pool entry 22	50000929
CLS 50000935 (name=java.lang.StringBuilder[], trace=300459)
	super		5000016c
CLS 50000946 (name=java.text.FieldPosition, trace=300471)
	super		5000016c
	constant pool entry 53	50000946
	constant pool entry 51	5000016c
CLS 50000949 (name=java.util.Date, trace=300473)
	super		5000016c
CLS 5000094b (name=java.text.AttributedCharacterIterator$Attribute, trace=300474)
	super		5000016c
	static instanceMap	5000094e
	static LANGUAGE	5000094f
	static READING	50000952
	static INPUT_METHOD_SEGMENT	50000954
	constant pool entry 70	50000144
	constant pool entry 69	500000ba
	constant pool entry 65	5000016c
	constant pool entry 8	5000094b
	constant pool entry 5	50001675
	constant pool entry 4	50000d98
	constant pool entry 3	50001674
CLS 5000094c (name=java.text.Format$Field, trace=300474)
	super		5000094b
	constant pool entry 17	5000094b
CLS 5000094d (name=java.text.MessageFormat$Field, trace=300474)
	super		5000094c
	static ARGUMENT	50000956
	constant pool entry 33	5000094c
	constant pool entry 3	5000094d
	constant pool entry 1	50001672
CLS 5000095d (name=java.lang.Shutdown, trace=300485)
	super		5000016c
	static hooks	5000095e
	static lock	50000960
	static haltLock	50000961
	constant pool entry 112	50000100
	constant pool entry 64	5000095f
	constant pool entry 62	50000148
	constant pool entry 4	5000095d
CLS 5000095f (name=java.lang.Shutdown$Lock, trace=300487)
	super		5000016c
	constant pool entry 12	5000095f
	constant pool entry 9	5000016c
CLS 50000962 (name=java.lang.AbstractStringBuilder[], trace=300000)
	super		5000016c
CLS 50000963 (name=java.lang.Appendable[], trace=300000)
	super		5000016c
CLS 50000964 (name=java.lang.Cloneable[], trace=300000)
	super		5000016c
CLS 50000965 (name=java.lang.reflect.Method[], trace=300000)
	super		5000016c
